INFO  [alembic.runtime.migration] Context impl PostgresqlImpl.
INFO  [alembic.runtime.migration] Will assume transactional DDL.
INFO  [alembic.runtime.migration] Running upgrade b8905846aa73 -> 64384652098e, add case status and events
Traceback (most recent call last):
  File "C:\Users\ARYAN\AppData\Local\Programs\Python\Python312\Lib\site-packages\sqlalchemy\engine\base.py", line 1967, in _exec_single_context
    self.dialect.do_execute(
  File "C:\Users\ARYAN\AppData\Local\Programs\Python\Python312\Lib\site-packages\sqlalchemy\engine\default.py", line 951, in do_execute
    cursor.execute(statement, parameters)
psycopg2.errors.DuplicateTable: relation "case_events" already exists


The above exception was the direct cause of the following exception:

Traceback (most recent call last):
  File "<frozen runpy>", line 198, in _run_module_as_main
  File "<frozen runpy>", line 88, in _run_code
  File "C:\Users\ARYAN\AppData\Local\Programs\Python\Python312\Scripts\alembic.exe\__main__.py", line 6, in <module>
  File "C:\Users\ARYAN\AppData\Local\Programs\Python\Python312\Lib\site-packages\alembic\config.py", line 1047, in main
    CommandLine(prog=prog).main(argv=argv)
  File "C:\Users\ARYAN\AppData\Local\Programs\Python\Python312\Lib\site-packages\alembic\config.py", line 1037, in main
    self.run_cmd(cfg, options)
  File "C:\Users\ARYAN\AppData\Local\Programs\Python\Python312\Lib\site-packages\alembic\config.py", line 971, in run_cmd
    fn(
  File "C:\Users\ARYAN\AppData\Local\Programs\Python\Python312\Lib\site-packages\alembic\command.py", line 483, in upgrade
    script.run_env()
  File "C:\Users\ARYAN\AppData\Local\Programs\Python\Python312\Lib\site-packages\alembic\script\base.py", line 545, in run_env
    util.load_python_file(self.dir, "env.py")
  File "C:\Users\ARYAN\AppData\Local\Programs\Python\Python312\Lib\site-packages\alembic\util\pyfiles.py", line 116, in load_python_file
    module = load_module_py(module_id, path)
             ^^^^^^^^^^^^^^^^^^^^^^^^^^^^^^^
  File "C:\Users\ARYAN\AppData\Local\Programs\Python\Python312\Lib\site-packages\alembic\util\pyfiles.py", line 136, in load_module_py
    spec.loader.exec_module(module)  # type: ignore
    ^^^^^^^^^^^^^^^^^^^^^^^^^^^^^^^
  File "<frozen importlib._bootstrap_external>", line 999, in exec_module
  File "<frozen importlib._bootstrap>", line 488, in _call_with_frames_removed
  File "C:\Users\ARYAN\OneDrive\Desktop(1)\team tech\backend\alembic\env.py", line 62, in <module>
    run_migrations_online()
  File "C:\Users\ARYAN\OneDrive\Desktop(1)\team tech\backend\alembic\env.py", line 56, in run_migrations_online
    context.run_migrations()
  File "<string>", line 8, in run_migrations
  File "C:\Users\ARYAN\AppData\Local\Programs\Python\Python312\Lib\site-packages\alembic\runtime\environment.py", line 969, in run_migrations
    self.get_context().run_migrations(**kw)
  File "C:\Users\ARYAN\AppData\Local\Programs\Python\Python312\Lib\site-packages\alembic\runtime\migration.py", line 626, in run_migrations
    step.migration_fn(**kw)
  File "C:\Users\ARYAN\OneDrive\Desktop(1)\team tech\backend\alembic\versions\64384652098e_add_case_status_and_events.py", line 24, in upgrade
    op.create_table('case_events',
  File "<string>", line 8, in create_table
  File "<string>", line 3, in create_table
  File "C:\Users\ARYAN\AppData\Local\Programs\Python\Python312\Lib\site-packages\alembic\operations\ops.py", line 1331, in create_table
    return operations.invoke(op)
           ^^^^^^^^^^^^^^^^^^^^^
  File "C:\Users\ARYAN\AppData\Local\Programs\Python\Python312\Lib\site-packages\alembic\operations\base.py", line 452, in invoke
    return fn(self, operation)
           ^^^^^^^^^^^^^^^^^^^
  File "C:\Users\ARYAN\AppData\Local\Programs\Python\Python312\Lib\site-packages\alembic\operations\toimpl.py", line 140, in create_table
    operations.impl.create_table(table, **kw)
  File "C:\Users\ARYAN\AppData\Local\Programs\Python\Python312\Lib\site-packages\alembic\ddl\impl.py", line 442, in create_table
    self._exec(schema.CreateTable(table, **kw))
  File "C:\Users\ARYAN\AppData\Local\Programs\Python\Python312\Lib\site-packages\alembic\ddl\impl.py", line 256, in _exec
    return conn.execute(construct, params)
           ^^^^^^^^^^^^^^^^^^^^^^^^^^^^^^^
  File "C:\Users\ARYAN\AppData\Local\Programs\Python\Python312\Lib\site-packages\sqlalchemy\engine\base.py", line 1419, in execute
    return meth(
           ^^^^^
  File "C:\Users\ARYAN\AppData\Local\Programs\Python\Python312\Lib\site-packages\sqlalchemy\sql\ddl.py", line 187, in _execute_on_connection
    return connection._execute_ddl(
           ^^^^^^^^^^^^^^^^^^^^^^^^
  File "C:\Users\ARYAN\AppData\Local\Programs\Python\Python312\Lib\site-packages\sqlalchemy\engine\base.py", line 1530, in _execute_ddl
    ret = self._execute_context(
          ^^^^^^^^^^^^^^^^^^^^^^
  File "C:\Users\ARYAN\AppData\Local\Programs\Python\Python312\Lib\site-packages\sqlalchemy\engine\base.py", line 1846, in _execute_context
    return self._exec_single_context(
           ^^^^^^^^^^^^^^^^^^^^^^^^^^
  File "C:\Users\ARYAN\AppData\Local\Programs\Python\Python312\Lib\site-packages\sqlalchemy\engine\base.py", line 1986, in _exec_single_context
    self._handle_dbapi_exception(
  File "C:\Users\ARYAN\AppData\Local\Programs\Python\Python312\Lib\site-packages\sqlalchemy\engine\base.py", line 2355, in _handle_dbapi_exception
    raise sqlalchemy_exception.with_traceback(exc_info[2]) from e
  File "C:\Users\ARYAN\AppData\Local\Programs\Python\Python312\Lib\site-packages\sqlalchemy\engine\base.py", line 1967, in _exec_single_context
    self.dialect.do_execute(
  File "C:\Users\ARYAN\AppData\Local\Programs\Python\Python312\Lib\site-packages\sqlalchemy\engine\default.py", line 951, in do_execute
    cursor.execute(statement, parameters)
sqlalchemy.exc.ProgrammingError: (psycopg2.errors.DuplicateTable) relation "case_events" already exists

[SQL: 
CREATE TABLE case_events (
	id SERIAL NOT NULL, 
	case_id INTEGER NOT NULL, 
	status VARCHAR NOT NULL, 
	actor_id INTEGER, 
	actor_role VARCHAR, 
	note VARCHAR, 
	timestamp TIMESTAMP WITH TIME ZONE DEFAULT now() NOT NULL, 
	PRIMARY KEY (id), 
	FOREIGN KEY(actor_id) REFERENCES users (id), 
	FOREIGN KEY(case_id) REFERENCES cases (id)
)

]
(Background on this error at: https://sqlalche.me/e/20/f405)
