============================= test session starts =============================
platform win32 -- Python 3.12.10, pytest-9.0.1, pluggy-1.6.0
rootdir: C:\Users\ARYAN\OneDrive\Desktop(1)\team tech\backend
plugins: anyio-4.11.0
collected 83 items

tests\test_auth.py ...........F                                          [ 14%]
tests\test_cases.py FFFFFFFFFFFFFFFFFFF                                  [ 37%]
tests\test_dispatch.py F....FFFF..FFFF                                   [ 55%]
tests\test_ml_scorer.py .....................................            [100%]

================================== FAILURES ===================================
_____________ TestProtectedEndpoints.test_admin_stats_with_admin ______________

self = <sqlalchemy.engine.base.Connection object at 0x000002866609A180>
dialect = <sqlalchemy.dialects.postgresql.psycopg2.PGDialect_psycopg2 object at 0x000002866602F740>
context = <sqlalchemy.dialects.postgresql.psycopg2.PGExecutionContext_psycopg2 object at 0x00000286666225A0>
statement = <sqlalchemy.dialects.postgresql.base.PGCompiler object at 0x00000286666221E0>
parameters = [{'created_at_1': datetime.datetime(2026, 3, 30, 11, 47, 40, 758120, tzinfo=datetime.timezone.utc), 'param_1': 15}]

    def _exec_single_context(
        self,
        dialect: Dialect,
        context: ExecutionContext,
        statement: Union[str, Compiled],
        parameters: Optional[_AnyMultiExecuteParams],
    ) -> CursorResult[Any]:
        """continue the _execute_context() method for a single DBAPI
        cursor.execute() or cursor.executemany() call.
    
        """
        if dialect.bind_typing is BindTyping.SETINPUTSIZES:
            generic_setinputsizes = context._prepare_set_input_sizes()
    
            if generic_setinputsizes:
                try:
                    dialect.do_set_input_sizes(
                        context.cursor, generic_setinputsizes, context
                    )
                except BaseException as e:
                    self._handle_dbapi_exception(
                        e, str(statement), parameters, None, context
                    )
    
        cursor, str_statement, parameters = (
            context.cursor,
            context.statement,
            context.parameters,
        )
    
        effective_parameters: Optional[_AnyExecuteParams]
    
        if not context.executemany:
            effective_parameters = parameters[0]
        else:
            effective_parameters = parameters
    
        if self._has_events or self.engine._has_events:
            for fn in self.dispatch.before_cursor_execute:
                str_statement, effective_parameters = fn(
                    self,
                    cursor,
                    str_statement,
                    effective_parameters,
                    context,
                    context.executemany,
                )
    
        if self._echo:
            self._log_info(str_statement)
    
            stats = context._get_cache_stats()
    
            if not self.engine.hide_parameters:
                self._log_info(
                    "[%s] %r",
                    stats,
                    sql_util._repr_params(
                        effective_parameters,
                        batches=10,
                        ismulti=context.executemany,
                    ),
                )
            else:
                self._log_info(
                    "[%s] [SQL parameters hidden due to hide_parameters=True]",
                    stats,
                )
    
        evt_handled: bool = False
        try:
            if context.execute_style is ExecuteStyle.EXECUTEMANY:
                effective_parameters = cast(
                    "_CoreMultiExecuteParams", effective_parameters
                )
                if self.dialect._has_events:
                    for fn in self.dialect.dispatch.do_executemany:
                        if fn(
                            cursor,
                            str_statement,
                            effective_parameters,
                            context,
                        ):
                            evt_handled = True
                            break
                if not evt_handled:
                    self.dialect.do_executemany(
                        cursor,
                        str_statement,
                        effective_parameters,
                        context,
                    )
            elif not effective_parameters and context.no_parameters:
                if self.dialect._has_events:
                    for fn in self.dialect.dispatch.do_execute_no_params:
                        if fn(cursor, str_statement, context):
                            evt_handled = True
                            break
                if not evt_handled:
                    self.dialect.do_execute_no_params(
                        cursor, str_statement, context
                    )
            else:
                effective_parameters = cast(
                    "_CoreSingleExecuteParams", effective_parameters
                )
                if self.dialect._has_events:
                    for fn in self.dialect.dispatch.do_execute:
                        if fn(
                            cursor,
                            str_statement,
                            effective_parameters,
                            context,
                        ):
                            evt_handled = True
                            break
                if not evt_handled:
>                   self.dialect.do_execute(
                        cursor, str_statement, effective_parameters, context
                    )

..\..\..\..\AppData\Local\Programs\Python\Python312\Lib\site-packages\sqlalchemy\engine\base.py:1967: 
_ _ _ _ _ _ _ _ _ _ _ _ _ _ _ _ _ _ _ _ _ _ _ _ _ _ _ _ _ _ _ _ _ _ _ _ _ _ _ _

self = <sqlalchemy.dialects.postgresql.psycopg2.PGDialect_psycopg2 object at 0x000002866602F740>
cursor = <cursor object at 0x000002866760BA00; closed: -1>
statement = 'SELECT cases.id AS cases_id, cases.user_id AS cases_user_id, cases.condition AS cases_condition, cases.custom_conditi...tal_id = hospitals.id \nWHERE cases.created_at >= %(created_at_1)s ORDER BY cases.created_at DESC \n LIMIT %(param_1)s'
parameters = {'created_at_1': datetime.datetime(2026, 3, 30, 11, 47, 40, 758120, tzinfo=datetime.timezone.utc), 'param_1': 15}
context = <sqlalchemy.dialects.postgresql.psycopg2.PGExecutionContext_psycopg2 object at 0x00000286666225A0>

    def do_execute(self, cursor, statement, parameters, context=None):
>       cursor.execute(statement, parameters)
E       psycopg2.errors.UndefinedColumn: column cases.status does not exist
E       LINE 1: ...AS cases_eta_minutes, cases.notes AS cases_notes, cases.stat...
E                                                                    ^

..\..\..\..\AppData\Local\Programs\Python\Python312\Lib\site-packages\sqlalchemy\engine\default.py:951: UndefinedColumn

The above exception was the direct cause of the following exception:

self = <tests.test_auth.TestProtectedEndpoints object at 0x0000028666098710>
client = <starlette.testclient.TestClient object at 0x00000286660989B0>
admin_headers = {'Authorization': 'Bearer eyJhbGciOiJIUzI1NiIsInR5cCI6IkpXVCJ9.eyJzdWIiOiJ0ZXN0X2FkbWluX2E5ZTM0ZjVlQHRlc3QuY29tIiwicm9sZSI6ImFkbWluIiwiaG9zcGl0YWxfaWQiOm51bGwsImV4cCI6MTc3NDk2MTI2MH0.IgfV80AVo-7jcMCgpKdvNY3NzX0WKnEbHSRdKqYxurE'}

    def test_admin_stats_with_admin(self, client, admin_headers):
        """Admin user should access admin stats."""
>       res = client.get("/api/cases/admin/stats", headers=admin_headers)
              ^^^^^^^^^^^^^^^^^^^^^^^^^^^^^^^^^^^^^^^^^^^^^^^^^^^^^^^^^^^

tests\test_auth.py:161: 
_ _ _ _ _ _ _ _ _ _ _ _ _ _ _ _ _ _ _ _ _ _ _ _ _ _ _ _ _ _ _ _ _ _ _ _ _ _ _ _
..\..\..\..\AppData\Local\Programs\Python\Python312\Lib\site-packages\starlette\testclient.py:473: in get
    return super().get(
..\..\..\..\AppData\Local\Programs\Python\Python312\Lib\site-packages\httpx\_client.py:1053: in get
    return self.request(
..\..\..\..\AppData\Local\Programs\Python\Python312\Lib\site-packages\starlette\testclient.py:445: in request
    return super().request(
..\..\..\..\AppData\Local\Programs\Python\Python312\Lib\site-packages\httpx\_client.py:825: in request
    return self.send(request, auth=auth, follow_redirects=follow_redirects)
           ^^^^^^^^^^^^^^^^^^^^^^^^^^^^^^^^^^^^^^^^^^^^^^^^^^^^^^^^^^^^^^^^
..\..\..\..\AppData\Local\Programs\Python\Python312\Lib\site-packages\httpx\_client.py:914: in send
    response = self._send_handling_auth(
..\..\..\..\AppData\Local\Programs\Python\Python312\Lib\site-packages\httpx\_client.py:942: in _send_handling_auth
    response = self._send_handling_redirects(
..\..\..\..\AppData\Local\Programs\Python\Python312\Lib\site-packages\httpx\_client.py:979: in _send_handling_redirects
    response = self._send_single_request(request)
               ^^^^^^^^^^^^^^^^^^^^^^^^^^^^^^^^^^
..\..\..\..\AppData\Local\Programs\Python\Python312\Lib\site-packages\httpx\_client.py:1014: in _send_single_request
    response = transport.handle_request(request)
               ^^^^^^^^^^^^^^^^^^^^^^^^^^^^^^^^^
..\..\..\..\AppData\Local\Programs\Python\Python312\Lib\site-packages\starlette\testclient.py:348: in handle_request
    raise exc
..\..\..\..\AppData\Local\Programs\Python\Python312\Lib\site-packages\starlette\testclient.py:345: in handle_request
    portal.call(self.app, scope, receive, send)
..\..\..\..\AppData\Local\Programs\Python\Python312\Lib\site-packages\anyio\from_thread.py:321: in call
    return cast(T_Retval, self.start_task_soon(func, *args).result())
                          ^^^^^^^^^^^^^^^^^^^^^^^^^^^^^^^^^^^^^^^^^^
..\..\..\..\AppData\Local\Programs\Python\Python312\Lib\concurrent\futures\_base.py:456: in result
    return self.__get_result()
           ^^^^^^^^^^^^^^^^^^^
..\..\..\..\AppData\Local\Programs\Python\Python312\Lib\concurrent\futures\_base.py:401: in __get_result
    raise self._exception
..\..\..\..\AppData\Local\Programs\Python\Python312\Lib\site-packages\anyio\from_thread.py:252: in _call_func
    retval = await retval_or_awaitable
             ^^^^^^^^^^^^^^^^^^^^^^^^^
..\..\..\..\AppData\Local\Programs\Python\Python312\Lib\site-packages\fastapi\applications.py:1134: in __call__
    await super().__call__(scope, receive, send)
..\..\..\..\AppData\Local\Programs\Python\Python312\Lib\site-packages\starlette\applications.py:107: in __call__
    await self.middleware_stack(scope, receive, send)
..\..\..\..\AppData\Local\Programs\Python\Python312\Lib\site-packages\starlette\middleware\errors.py:186: in __call__
    raise exc
..\..\..\..\AppData\Local\Programs\Python\Python312\Lib\site-packages\starlette\middleware\errors.py:164: in __call__
    await self.app(scope, receive, _send)
..\..\..\..\AppData\Local\Programs\Python\Python312\Lib\site-packages\starlette\middleware\cors.py:85: in __call__
    await self.app(scope, receive, send)
..\..\..\..\AppData\Local\Programs\Python\Python312\Lib\site-packages\starlette\middleware\exceptions.py:63: in __call__
    await wrap_app_handling_exceptions(self.app, conn)(scope, receive, send)
..\..\..\..\AppData\Local\Programs\Python\Python312\Lib\site-packages\starlette\_exception_handler.py:53: in wrapped_app
    raise exc
..\..\..\..\AppData\Local\Programs\Python\Python312\Lib\site-packages\starlette\_exception_handler.py:42: in wrapped_app
    await app(scope, receive, sender)
..\..\..\..\AppData\Local\Programs\Python\Python312\Lib\site-packages\fastapi\middleware\asyncexitstack.py:18: in __call__
    await self.app(scope, receive, send)
..\..\..\..\AppData\Local\Programs\Python\Python312\Lib\site-packages\starlette\routing.py:716: in __call__
    await self.middleware_stack(scope, receive, send)
..\..\..\..\AppData\Local\Programs\Python\Python312\Lib\site-packages\starlette\routing.py:736: in app
    await route.handle(scope, receive, send)
..\..\..\..\AppData\Local\Programs\Python\Python312\Lib\site-packages\starlette\routing.py:290: in handle
    await self.app(scope, receive, send)
..\..\..\..\AppData\Local\Programs\Python\Python312\Lib\site-packages\fastapi\routing.py:125: in app
    await wrap_app_handling_exceptions(app, request)(scope, receive, send)
..\..\..\..\AppData\Local\Programs\Python\Python312\Lib\site-packages\starlette\_exception_handler.py:53: in wrapped_app
    raise exc
..\..\..\..\AppData\Local\Programs\Python\Python312\Lib\site-packages\starlette\_exception_handler.py:42: in wrapped_app
    await app(scope, receive, sender)
..\..\..\..\AppData\Local\Programs\Python\Python312\Lib\site-packages\fastapi\routing.py:111: in app
    response = await f(request)
               ^^^^^^^^^^^^^^^^
..\..\..\..\AppData\Local\Programs\Python\Python312\Lib\site-packages\fastapi\routing.py:391: in app
    raw_response = await run_endpoint_function(
..\..\..\..\AppData\Local\Programs\Python\Python312\Lib\site-packages\fastapi\routing.py:292: in run_endpoint_function
    return await run_in_threadpool(dependant.call, **values)
           ^^^^^^^^^^^^^^^^^^^^^^^^^^^^^^^^^^^^^^^^^^^^^^^^^
..\..\..\..\AppData\Local\Programs\Python\Python312\Lib\site-packages\starlette\concurrency.py:32: in run_in_threadpool
    return await anyio.to_thread.run_sync(func)
           ^^^^^^^^^^^^^^^^^^^^^^^^^^^^^^^^^^^^
..\..\..\..\AppData\Local\Programs\Python\Python312\Lib\site-packages\anyio\to_thread.py:56: in run_sync
    return await get_async_backend().run_sync_in_worker_thread(
..\..\..\..\AppData\Local\Programs\Python\Python312\Lib\site-packages\anyio\_backends\_asyncio.py:2485: in run_sync_in_worker_thread
    return await future
           ^^^^^^^^^^^^
..\..\..\..\AppData\Local\Programs\Python\Python312\Lib\site-packages\anyio\_backends\_asyncio.py:976: in run
    result = context.run(func, *args)
             ^^^^^^^^^^^^^^^^^^^^^^^^
app\api\endpoints\cases.py:72: in admin_stats
    .all()
     ^^^^^
..\..\..\..\AppData\Local\Programs\Python\Python312\Lib\site-packages\sqlalchemy\orm\query.py:2704: in all
    return self._iter().all()  # type: ignore
           ^^^^^^^^^^^^
..\..\..\..\AppData\Local\Programs\Python\Python312\Lib\site-packages\sqlalchemy\orm\query.py:2857: in _iter
    result: Union[ScalarResult[_T], Result[_T]] = self.session.execute(
..\..\..\..\AppData\Local\Programs\Python\Python312\Lib\site-packages\sqlalchemy\orm\session.py:2351: in execute
    return self._execute_internal(
..\..\..\..\AppData\Local\Programs\Python\Python312\Lib\site-packages\sqlalchemy\orm\session.py:2249: in _execute_internal
    result: Result[Any] = compile_state_cls.orm_execute_statement(
..\..\..\..\AppData\Local\Programs\Python\Python312\Lib\site-packages\sqlalchemy\orm\context.py:306: in orm_execute_statement
    result = conn.execute(
..\..\..\..\AppData\Local\Programs\Python\Python312\Lib\site-packages\sqlalchemy\engine\base.py:1419: in execute
    return meth(
..\..\..\..\AppData\Local\Programs\Python\Python312\Lib\site-packages\sqlalchemy\sql\elements.py:526: in _execute_on_connection
    return connection._execute_clauseelement(
..\..\..\..\AppData\Local\Programs\Python\Python312\Lib\site-packages\sqlalchemy\engine\base.py:1641: in _execute_clauseelement
    ret = self._execute_context(
..\..\..\..\AppData\Local\Programs\Python\Python312\Lib\site-packages\sqlalchemy\engine\base.py:1846: in _execute_context
    return self._exec_single_context(
..\..\..\..\AppData\Local\Programs\Python\Python312\Lib\site-packages\sqlalchemy\engine\base.py:1986: in _exec_single_context
    self._handle_dbapi_exception(
..\..\..\..\AppData\Local\Programs\Python\Python312\Lib\site-packages\sqlalchemy\engine\base.py:2355: in _handle_dbapi_exception
    raise sqlalchemy_exception.with_traceback(exc_info[2]) from e
..\..\..\..\AppData\Local\Programs\Python\Python312\Lib\site-packages\sqlalchemy\engine\base.py:1967: in _exec_single_context
    self.dialect.do_execute(
_ _ _ _ _ _ _ _ _ _ _ _ _ _ _ _ _ _ _ _ _ _ _ _ _ _ _ _ _ _ _ _ _ _ _ _ _ _ _ _

self = <sqlalchemy.dialects.postgresql.psycopg2.PGDialect_psycopg2 object at 0x000002866602F740>
cursor = <cursor object at 0x000002866760BA00; closed: -1>
statement = 'SELECT cases.id AS cases_id, cases.user_id AS cases_user_id, cases.condition AS cases_condition, cases.custom_conditi...tal_id = hospitals.id \nWHERE cases.created_at >= %(created_at_1)s ORDER BY cases.created_at DESC \n LIMIT %(param_1)s'
parameters = {'created_at_1': datetime.datetime(2026, 3, 30, 11, 47, 40, 758120, tzinfo=datetime.timezone.utc), 'param_1': 15}
context = <sqlalchemy.dialects.postgresql.psycopg2.PGExecutionContext_psycopg2 object at 0x00000286666225A0>

    def do_execute(self, cursor, statement, parameters, context=None):
>       cursor.execute(statement, parameters)
E       sqlalchemy.exc.ProgrammingError: (psycopg2.errors.UndefinedColumn) column cases.status does not exist
E       LINE 1: ...AS cases_eta_minutes, cases.notes AS cases_notes, cases.stat...
E                                                                    ^
E       
E       [SQL: SELECT cases.id AS cases_id, cases.user_id AS cases_user_id, cases.condition AS cases_condition, cases.custom_condition AS cases_custom_condition, cases.equipment_needed AS cases_equipment_needed, cases.ambulance_lat AS cases_ambulance_lat, cases.ambulance_lng AS cases_ambulance_lng, cases.assigned_hospital_id AS cases_assigned_hospital_id, cases.final_score AS cases_final_score, cases.distance_km AS cases_distance_km, cases.eta_minutes AS cases_eta_minutes, cases.notes AS cases_notes, cases.status AS cases_status, cases.created_at AS cases_created_at, hospitals.id AS hospitals_id, hospitals.name AS hospitals_name, hospitals.address AS hospitals_address, hospitals.lat AS hospitals_lat, hospitals.lng AS hospitals_lng, hospitals.specialists AS hospitals_specialists 
E       FROM cases JOIN hospitals ON cases.assigned_hospital_id = hospitals.id 
E       WHERE cases.created_at >= %(created_at_1)s ORDER BY cases.created_at DESC 
E        LIMIT %(param_1)s]
E       [parameters: {'created_at_1': datetime.datetime(2026, 3, 30, 11, 47, 40, 758120, tzinfo=datetime.timezone.utc), 'param_1': 15}]
E       (Background on this error at: https://sqlalche.me/e/20/f405)

..\..\..\..\AppData\Local\Programs\Python\Python312\Lib\site-packages\sqlalchemy\engine\default.py:951: ProgrammingError
_______ TestCaseTimelineEndpoint.test_timeline_empty_before_any_updates _______

self = <sqlalchemy.engine.base.Connection object at 0x00000286665CF050>
dialect = <sqlalchemy.dialects.postgresql.psycopg2.PGDialect_psycopg2 object at 0x000002866602F740>
context = <sqlalchemy.dialects.postgresql.psycopg2.PGExecutionContext_psycopg2 object at 0x00000286688DB170>
statement = <sqlalchemy.dialects.postgresql.base.PGCompiler object at 0x00000286688DB2F0>
parameters = [{'ambulance_lat': 29.86, 'ambulance_lng': 77.89, 'assigned_hospital_id': 28, 'condition': 'cardiac_arrest', ...}]

    def _exec_single_context(
        self,
        dialect: Dialect,
        context: ExecutionContext,
        statement: Union[str, Compiled],
        parameters: Optional[_AnyMultiExecuteParams],
    ) -> CursorResult[Any]:
        """continue the _execute_context() method for a single DBAPI
        cursor.execute() or cursor.executemany() call.
    
        """
        if dialect.bind_typing is BindTyping.SETINPUTSIZES:
            generic_setinputsizes = context._prepare_set_input_sizes()
    
            if generic_setinputsizes:
                try:
                    dialect.do_set_input_sizes(
                        context.cursor, generic_setinputsizes, context
                    )
                except BaseException as e:
                    self._handle_dbapi_exception(
                        e, str(statement), parameters, None, context
                    )
    
        cursor, str_statement, parameters = (
            context.cursor,
            context.statement,
            context.parameters,
        )
    
        effective_parameters: Optional[_AnyExecuteParams]
    
        if not context.executemany:
            effective_parameters = parameters[0]
        else:
            effective_parameters = parameters
    
        if self._has_events or self.engine._has_events:
            for fn in self.dispatch.before_cursor_execute:
                str_statement, effective_parameters = fn(
                    self,
                    cursor,
                    str_statement,
                    effective_parameters,
                    context,
                    context.executemany,
                )
    
        if self._echo:
            self._log_info(str_statement)
    
            stats = context._get_cache_stats()
    
            if not self.engine.hide_parameters:
                self._log_info(
                    "[%s] %r",
                    stats,
                    sql_util._repr_params(
                        effective_parameters,
                        batches=10,
                        ismulti=context.executemany,
                    ),
                )
            else:
                self._log_info(
                    "[%s] [SQL parameters hidden due to hide_parameters=True]",
                    stats,
                )
    
        evt_handled: bool = False
        try:
            if context.execute_style is ExecuteStyle.EXECUTEMANY:
                effective_parameters = cast(
                    "_CoreMultiExecuteParams", effective_parameters
                )
                if self.dialect._has_events:
                    for fn in self.dialect.dispatch.do_executemany:
                        if fn(
                            cursor,
                            str_statement,
                            effective_parameters,
                            context,
                        ):
                            evt_handled = True
                            break
                if not evt_handled:
                    self.dialect.do_executemany(
                        cursor,
                        str_statement,
                        effective_parameters,
                        context,
                    )
            elif not effective_parameters and context.no_parameters:
                if self.dialect._has_events:
                    for fn in self.dialect.dispatch.do_execute_no_params:
                        if fn(cursor, str_statement, context):
                            evt_handled = True
                            break
                if not evt_handled:
                    self.dialect.do_execute_no_params(
                        cursor, str_statement, context
                    )
            else:
                effective_parameters = cast(
                    "_CoreSingleExecuteParams", effective_parameters
                )
                if self.dialect._has_events:
                    for fn in self.dialect.dispatch.do_execute:
                        if fn(
                            cursor,
                            str_statement,
                            effective_parameters,
                            context,
                        ):
                            evt_handled = True
                            break
                if not evt_handled:
>                   self.dialect.do_execute(
                        cursor, str_statement, effective_parameters, context
                    )

..\..\..\..\AppData\Local\Programs\Python\Python312\Lib\site-packages\sqlalchemy\engine\base.py:1967: 
_ _ _ _ _ _ _ _ _ _ _ _ _ _ _ _ _ _ _ _ _ _ _ _ _ _ _ _ _ _ _ _ _ _ _ _ _ _ _ _

self = <sqlalchemy.dialects.postgresql.psycopg2.PGDialect_psycopg2 object at 0x000002866602F740>
cursor = <cursor object at 0x00000286676282E0; closed: -1>
statement = 'INSERT INTO cases (user_id, condition, custom_condition, equipment_needed, ambulance_lat, ambulance_lng, assigned_hos...l_id)s, %(final_score)s, %(distance_km)s, %(eta_minutes)s, %(notes)s, %(status)s) RETURNING cases.id, cases.created_at'
parameters = {'ambulance_lat': 29.86, 'ambulance_lng': 77.89, 'assigned_hospital_id': 28, 'condition': 'cardiac_arrest', ...}
context = <sqlalchemy.dialects.postgresql.psycopg2.PGExecutionContext_psycopg2 object at 0x00000286688DB170>

    def do_execute(self, cursor, statement, parameters, context=None):
>       cursor.execute(statement, parameters)
E       psycopg2.errors.UndefinedColumn: column "status" of relation "cases" does not exist
E       LINE 1: ...id, final_score, distance_km, eta_minutes, notes, status) VA...
E                                                                    ^

..\..\..\..\AppData\Local\Programs\Python\Python312\Lib\site-packages\sqlalchemy\engine\default.py:951: UndefinedColumn

The above exception was the direct cause of the following exception:

self = <tests.test_cases.TestCaseTimelineEndpoint object at 0x0000028666099C40>
client = <starlette.testclient.TestClient object at 0x00000286665577A0>
auth_headers = {'Authorization': 'Bearer eyJhbGciOiJIUzI1NiIsInR5cCI6IkpXVCJ9.eyJzdWIiOiJ0ZXN0X2FtYl9kOGYxOGE1M0B0ZXN0LmNvbSIsInJvbGUiOiJhbWJ1bGFuY2UiLCJob3NwaXRhbF9pZCI6bnVsbCwiZXhwIjoxNzc0OTYxMjYyfQ.C1Hk2CjwSTR1-rjMgyw6VJejjvum4Ze-bhw8NDNA95I'}

    def test_timeline_empty_before_any_updates(self, client, auth_headers):
>       case_id = dispatch_case(client, auth_headers)
                  ^^^^^^^^^^^^^^^^^^^^^^^^^^^^^^^^^^^

tests\test_cases.py:24: 
_ _ _ _ _ _ _ _ _ _ _ _ _ _ _ _ _ _ _ _ _ _ _ _ _ _ _ _ _ _ _ _ _ _ _ _ _ _ _ _
tests\test_cases.py:10: in dispatch_case
    res = client.post("/api/dispatch/", json={
..\..\..\..\AppData\Local\Programs\Python\Python312\Lib\site-packages\starlette\testclient.py:546: in post
    return super().post(
..\..\..\..\AppData\Local\Programs\Python\Python312\Lib\site-packages\httpx\_client.py:1144: in post
    return self.request(
..\..\..\..\AppData\Local\Programs\Python\Python312\Lib\site-packages\starlette\testclient.py:445: in request
    return super().request(
..\..\..\..\AppData\Local\Programs\Python\Python312\Lib\site-packages\httpx\_client.py:825: in request
    return self.send(request, auth=auth, follow_redirects=follow_redirects)
           ^^^^^^^^^^^^^^^^^^^^^^^^^^^^^^^^^^^^^^^^^^^^^^^^^^^^^^^^^^^^^^^^
..\..\..\..\AppData\Local\Programs\Python\Python312\Lib\site-packages\httpx\_client.py:914: in send
    response = self._send_handling_auth(
..\..\..\..\AppData\Local\Programs\Python\Python312\Lib\site-packages\httpx\_client.py:942: in _send_handling_auth
    response = self._send_handling_redirects(
..\..\..\..\AppData\Local\Programs\Python\Python312\Lib\site-packages\httpx\_client.py:979: in _send_handling_redirects
    response = self._send_single_request(request)
               ^^^^^^^^^^^^^^^^^^^^^^^^^^^^^^^^^^
..\..\..\..\AppData\Local\Programs\Python\Python312\Lib\site-packages\httpx\_client.py:1014: in _send_single_request
    response = transport.handle_request(request)
               ^^^^^^^^^^^^^^^^^^^^^^^^^^^^^^^^^
..\..\..\..\AppData\Local\Programs\Python\Python312\Lib\site-packages\starlette\testclient.py:348: in handle_request
    raise exc
..\..\..\..\AppData\Local\Programs\Python\Python312\Lib\site-packages\starlette\testclient.py:345: in handle_request
    portal.call(self.app, scope, receive, send)
..\..\..\..\AppData\Local\Programs\Python\Python312\Lib\site-packages\anyio\from_thread.py:321: in call
    return cast(T_Retval, self.start_task_soon(func, *args).result())
                          ^^^^^^^^^^^^^^^^^^^^^^^^^^^^^^^^^^^^^^^^^^
..\..\..\..\AppData\Local\Programs\Python\Python312\Lib\concurrent\futures\_base.py:456: in result
    return self.__get_result()
           ^^^^^^^^^^^^^^^^^^^
..\..\..\..\AppData\Local\Programs\Python\Python312\Lib\concurrent\futures\_base.py:401: in __get_result
    raise self._exception
..\..\..\..\AppData\Local\Programs\Python\Python312\Lib\site-packages\anyio\from_thread.py:252: in _call_func
    retval = await retval_or_awaitable
             ^^^^^^^^^^^^^^^^^^^^^^^^^
..\..\..\..\AppData\Local\Programs\Python\Python312\Lib\site-packages\fastapi\applications.py:1134: in __call__
    await super().__call__(scope, receive, send)
..\..\..\..\AppData\Local\Programs\Python\Python312\Lib\site-packages\starlette\applications.py:107: in __call__
    await self.middleware_stack(scope, receive, send)
..\..\..\..\AppData\Local\Programs\Python\Python312\Lib\site-packages\starlette\middleware\errors.py:186: in __call__
    raise exc
..\..\..\..\AppData\Local\Programs\Python\Python312\Lib\site-packages\starlette\middleware\errors.py:164: in __call__
    await self.app(scope, receive, _send)
..\..\..\..\AppData\Local\Programs\Python\Python312\Lib\site-packages\starlette\middleware\cors.py:85: in __call__
    await self.app(scope, receive, send)
..\..\..\..\AppData\Local\Programs\Python\Python312\Lib\site-packages\starlette\middleware\exceptions.py:63: in __call__
    await wrap_app_handling_exceptions(self.app, conn)(scope, receive, send)
..\..\..\..\AppData\Local\Programs\Python\Python312\Lib\site-packages\starlette\_exception_handler.py:53: in wrapped_app
    raise exc
..\..\..\..\AppData\Local\Programs\Python\Python312\Lib\site-packages\starlette\_exception_handler.py:42: in wrapped_app
    await app(scope, receive, sender)
..\..\..\..\AppData\Local\Programs\Python\Python312\Lib\site-packages\fastapi\middleware\asyncexitstack.py:18: in __call__
    await self.app(scope, receive, send)
..\..\..\..\AppData\Local\Programs\Python\Python312\Lib\site-packages\starlette\routing.py:716: in __call__
    await self.middleware_stack(scope, receive, send)
..\..\..\..\AppData\Local\Programs\Python\Python312\Lib\site-packages\starlette\routing.py:736: in app
    await route.handle(scope, receive, send)
..\..\..\..\AppData\Local\Programs\Python\Python312\Lib\site-packages\starlette\routing.py:290: in handle
    await self.app(scope, receive, send)
..\..\..\..\AppData\Local\Programs\Python\Python312\Lib\site-packages\fastapi\routing.py:125: in app
    await wrap_app_handling_exceptions(app, request)(scope, receive, send)
..\..\..\..\AppData\Local\Programs\Python\Python312\Lib\site-packages\starlette\_exception_handler.py:53: in wrapped_app
    raise exc
..\..\..\..\AppData\Local\Programs\Python\Python312\Lib\site-packages\starlette\_exception_handler.py:42: in wrapped_app
    await app(scope, receive, sender)
..\..\..\..\AppData\Local\Programs\Python\Python312\Lib\site-packages\fastapi\routing.py:111: in app
    response = await f(request)
               ^^^^^^^^^^^^^^^^
..\..\..\..\AppData\Local\Programs\Python\Python312\Lib\site-packages\fastapi\routing.py:391: in app
    raw_response = await run_endpoint_function(
..\..\..\..\AppData\Local\Programs\Python\Python312\Lib\site-packages\fastapi\routing.py:292: in run_endpoint_function
    return await run_in_threadpool(dependant.call, **values)
           ^^^^^^^^^^^^^^^^^^^^^^^^^^^^^^^^^^^^^^^^^^^^^^^^^
..\..\..\..\AppData\Local\Programs\Python\Python312\Lib\site-packages\starlette\concurrency.py:32: in run_in_threadpool
    return await anyio.to_thread.run_sync(func)
           ^^^^^^^^^^^^^^^^^^^^^^^^^^^^^^^^^^^^
..\..\..\..\AppData\Local\Programs\Python\Python312\Lib\site-packages\anyio\to_thread.py:56: in run_sync
    return await get_async_backend().run_sync_in_worker_thread(
..\..\..\..\AppData\Local\Programs\Python\Python312\Lib\site-packages\anyio\_backends\_asyncio.py:2485: in run_sync_in_worker_thread
    return await future
           ^^^^^^^^^^^^
..\..\..\..\AppData\Local\Programs\Python\Python312\Lib\site-packages\anyio\_backends\_asyncio.py:976: in run
    result = context.run(func, *args)
             ^^^^^^^^^^^^^^^^^^^^^^^^
app\api\endpoints\dispatch.py:101: in dispatch_ambulance
    db.commit()
..\..\..\..\AppData\Local\Programs\Python\Python312\Lib\site-packages\sqlalchemy\orm\session.py:2030: in commit
    trans.commit(_to_root=True)
<string>:2: in commit
    ???
..\..\..\..\AppData\Local\Programs\Python\Python312\Lib\site-packages\sqlalchemy\orm\state_changes.py:137: in _go
    ret_value = fn(self, *arg, **kw)
                ^^^^^^^^^^^^^^^^^^^^
..\..\..\..\AppData\Local\Programs\Python\Python312\Lib\site-packages\sqlalchemy\orm\session.py:1311: in commit
    self._prepare_impl()
<string>:2: in _prepare_impl
    ???
..\..\..\..\AppData\Local\Programs\Python\Python312\Lib\site-packages\sqlalchemy\orm\state_changes.py:137: in _go
    ret_value = fn(self, *arg, **kw)
                ^^^^^^^^^^^^^^^^^^^^
..\..\..\..\AppData\Local\Programs\Python\Python312\Lib\site-packages\sqlalchemy\orm\session.py:1286: in _prepare_impl
    self.session.flush()
..\..\..\..\AppData\Local\Programs\Python\Python312\Lib\site-packages\sqlalchemy\orm\session.py:4331: in flush
    self._flush(objects)
..\..\..\..\AppData\Local\Programs\Python\Python312\Lib\site-packages\sqlalchemy\orm\session.py:4466: in _flush
    with util.safe_reraise():
         ^^^^^^^^^^^^^^^^^^^
..\..\..\..\AppData\Local\Programs\Python\Python312\Lib\site-packages\sqlalchemy\util\langhelpers.py:224: in __exit__
    raise exc_value.with_traceback(exc_tb)
..\..\..\..\AppData\Local\Programs\Python\Python312\Lib\site-packages\sqlalchemy\orm\session.py:4427: in _flush
    flush_context.execute()
..\..\..\..\AppData\Local\Programs\Python\Python312\Lib\site-packages\sqlalchemy\orm\unitofwork.py:466: in execute
    rec.execute(self)
..\..\..\..\AppData\Local\Programs\Python\Python312\Lib\site-packages\sqlalchemy\orm\unitofwork.py:642: in execute
    util.preloaded.orm_persistence.save_obj(
..\..\..\..\AppData\Local\Programs\Python\Python312\Lib\site-packages\sqlalchemy\orm\persistence.py:93: in save_obj
    _emit_insert_statements(
..\..\..\..\AppData\Local\Programs\Python\Python312\Lib\site-packages\sqlalchemy\orm\persistence.py:1233: in _emit_insert_statements
    result = connection.execute(
..\..\..\..\AppData\Local\Programs\Python\Python312\Lib\site-packages\sqlalchemy\engine\base.py:1419: in execute
    return meth(
..\..\..\..\AppData\Local\Programs\Python\Python312\Lib\site-packages\sqlalchemy\sql\elements.py:526: in _execute_on_connection
    return connection._execute_clauseelement(
..\..\..\..\AppData\Local\Programs\Python\Python312\Lib\site-packages\sqlalchemy\engine\base.py:1641: in _execute_clauseelement
    ret = self._execute_context(
..\..\..\..\AppData\Local\Programs\Python\Python312\Lib\site-packages\sqlalchemy\engine\base.py:1846: in _execute_context
    return self._exec_single_context(
..\..\..\..\AppData\Local\Programs\Python\Python312\Lib\site-packages\sqlalchemy\engine\base.py:1986: in _exec_single_context
    self._handle_dbapi_exception(
..\..\..\..\AppData\Local\Programs\Python\Python312\Lib\site-packages\sqlalchemy\engine\base.py:2355: in _handle_dbapi_exception
    raise sqlalchemy_exception.with_traceback(exc_info[2]) from e
..\..\..\..\AppData\Local\Programs\Python\Python312\Lib\site-packages\sqlalchemy\engine\base.py:1967: in _exec_single_context
    self.dialect.do_execute(
_ _ _ _ _ _ _ _ _ _ _ _ _ _ _ _ _ _ _ _ _ _ _ _ _ _ _ _ _ _ _ _ _ _ _ _ _ _ _ _

self = <sqlalchemy.dialects.postgresql.psycopg2.PGDialect_psycopg2 object at 0x000002866602F740>
cursor = <cursor object at 0x00000286676282E0; closed: -1>
statement = 'INSERT INTO cases (user_id, condition, custom_condition, equipment_needed, ambulance_lat, ambulance_lng, assigned_hos...l_id)s, %(final_score)s, %(distance_km)s, %(eta_minutes)s, %(notes)s, %(status)s) RETURNING cases.id, cases.created_at'
parameters = {'ambulance_lat': 29.86, 'ambulance_lng': 77.89, 'assigned_hospital_id': 28, 'condition': 'cardiac_arrest', ...}
context = <sqlalchemy.dialects.postgresql.psycopg2.PGExecutionContext_psycopg2 object at 0x00000286688DB170>

    def do_execute(self, cursor, statement, parameters, context=None):
>       cursor.execute(statement, parameters)
E       sqlalchemy.exc.ProgrammingError: (psycopg2.errors.UndefinedColumn) column "status" of relation "cases" does not exist
E       LINE 1: ...id, final_score, distance_km, eta_minutes, notes, status) VA...
E                                                                    ^
E       
E       [SQL: INSERT INTO cases (user_id, condition, custom_condition, equipment_needed, ambulance_lat, ambulance_lng, assigned_hospital_id, final_score, distance_km, eta_minutes, notes, status) VALUES (%(user_id)s, %(condition)s, %(custom_condition)s, %(equipment_needed)s::VARCHAR[], %(ambulance_lat)s, %(ambulance_lng)s, %(assigned_hospital_id)s, %(final_score)s, %(distance_km)s, %(eta_minutes)s, %(notes)s, %(status)s) RETURNING cases.id, cases.created_at]
E       [parameters: {'user_id': 233, 'condition': 'cardiac_arrest', 'custom_condition': None, 'equipment_needed': ['ecg'], 'ambulance_lat': 29.86, 'ambulance_lng': 77.89, 'assigned_hospital_id': 28, 'final_score': 0.4958, 'distance_km': 1.37, 'eta_minutes': 2, 'notes': None, 'status': 'dispatched'}]
E       (Background on this error at: https://sqlalche.me/e/20/f405)

..\..\..\..\AppData\Local\Programs\Python\Python312\Lib\site-packages\sqlalchemy\engine\default.py:951: ProgrammingError
_______ TestCaseTimelineEndpoint.test_timeline_returns_events_in_order ________

self = <sqlalchemy.engine.base.Connection object at 0x000002866660CDA0>
dialect = <sqlalchemy.dialects.postgresql.psycopg2.PGDialect_psycopg2 object at 0x000002866602F740>
context = <sqlalchemy.dialects.postgresql.psycopg2.PGExecutionContext_psycopg2 object at 0x00000286677E7FB0>
statement = <sqlalchemy.dialects.postgresql.base.PGCompiler object at 0x00000286688DB2F0>
parameters = [{'ambulance_lat': 29.86, 'ambulance_lng': 77.89, 'assigned_hospital_id': 28, 'condition': 'cardiac_arrest', ...}]

    def _exec_single_context(
        self,
        dialect: Dialect,
        context: ExecutionContext,
        statement: Union[str, Compiled],
        parameters: Optional[_AnyMultiExecuteParams],
    ) -> CursorResult[Any]:
        """continue the _execute_context() method for a single DBAPI
        cursor.execute() or cursor.executemany() call.
    
        """
        if dialect.bind_typing is BindTyping.SETINPUTSIZES:
            generic_setinputsizes = context._prepare_set_input_sizes()
    
            if generic_setinputsizes:
                try:
                    dialect.do_set_input_sizes(
                        context.cursor, generic_setinputsizes, context
                    )
                except BaseException as e:
                    self._handle_dbapi_exception(
                        e, str(statement), parameters, None, context
                    )
    
        cursor, str_statement, parameters = (
            context.cursor,
            context.statement,
            context.parameters,
        )
    
        effective_parameters: Optional[_AnyExecuteParams]
    
        if not context.executemany:
            effective_parameters = parameters[0]
        else:
            effective_parameters = parameters
    
        if self._has_events or self.engine._has_events:
            for fn in self.dispatch.before_cursor_execute:
                str_statement, effective_parameters = fn(
                    self,
                    cursor,
                    str_statement,
                    effective_parameters,
                    context,
                    context.executemany,
                )
    
        if self._echo:
            self._log_info(str_statement)
    
            stats = context._get_cache_stats()
    
            if not self.engine.hide_parameters:
                self._log_info(
                    "[%s] %r",
                    stats,
                    sql_util._repr_params(
                        effective_parameters,
                        batches=10,
                        ismulti=context.executemany,
                    ),
                )
            else:
                self._log_info(
                    "[%s] [SQL parameters hidden due to hide_parameters=True]",
                    stats,
                )
    
        evt_handled: bool = False
        try:
            if context.execute_style is ExecuteStyle.EXECUTEMANY:
                effective_parameters = cast(
                    "_CoreMultiExecuteParams", effective_parameters
                )
                if self.dialect._has_events:
                    for fn in self.dialect.dispatch.do_executemany:
                        if fn(
                            cursor,
                            str_statement,
                            effective_parameters,
                            context,
                        ):
                            evt_handled = True
                            break
                if not evt_handled:
                    self.dialect.do_executemany(
                        cursor,
                        str_statement,
                        effective_parameters,
                        context,
                    )
            elif not effective_parameters and context.no_parameters:
                if self.dialect._has_events:
                    for fn in self.dialect.dispatch.do_execute_no_params:
                        if fn(cursor, str_statement, context):
                            evt_handled = True
                            break
                if not evt_handled:
                    self.dialect.do_execute_no_params(
                        cursor, str_statement, context
                    )
            else:
                effective_parameters = cast(
                    "_CoreSingleExecuteParams", effective_parameters
                )
                if self.dialect._has_events:
                    for fn in self.dialect.dispatch.do_execute:
                        if fn(
                            cursor,
                            str_statement,
                            effective_parameters,
                            context,
                        ):
                            evt_handled = True
                            break
                if not evt_handled:
>                   self.dialect.do_execute(
                        cursor, str_statement, effective_parameters, context
                    )

..\..\..\..\AppData\Local\Programs\Python\Python312\Lib\site-packages\sqlalchemy\engine\base.py:1967: 
_ _ _ _ _ _ _ _ _ _ _ _ _ _ _ _ _ _ _ _ _ _ _ _ _ _ _ _ _ _ _ _ _ _ _ _ _ _ _ _

self = <sqlalchemy.dialects.postgresql.psycopg2.PGDialect_psycopg2 object at 0x000002866602F740>
cursor = <cursor object at 0x00000286688D6180; closed: -1>
statement = 'INSERT INTO cases (user_id, condition, custom_condition, equipment_needed, ambulance_lat, ambulance_lng, assigned_hos...l_id)s, %(final_score)s, %(distance_km)s, %(eta_minutes)s, %(notes)s, %(status)s) RETURNING cases.id, cases.created_at'
parameters = {'ambulance_lat': 29.86, 'ambulance_lng': 77.89, 'assigned_hospital_id': 28, 'condition': 'cardiac_arrest', ...}
context = <sqlalchemy.dialects.postgresql.psycopg2.PGExecutionContext_psycopg2 object at 0x00000286677E7FB0>

    def do_execute(self, cursor, statement, parameters, context=None):
>       cursor.execute(statement, parameters)
E       psycopg2.errors.UndefinedColumn: column "status" of relation "cases" does not exist
E       LINE 1: ...id, final_score, distance_km, eta_minutes, notes, status) VA...
E                                                                    ^

..\..\..\..\AppData\Local\Programs\Python\Python312\Lib\site-packages\sqlalchemy\engine\default.py:951: UndefinedColumn

The above exception was the direct cause of the following exception:

self = <tests.test_cases.TestCaseTimelineEndpoint object at 0x0000028666099F70>
client = <starlette.testclient.TestClient object at 0x000002866660D2E0>
auth_headers = {'Authorization': 'Bearer eyJhbGciOiJIUzI1NiIsInR5cCI6IkpXVCJ9.eyJzdWIiOiJ0ZXN0X2FtYl80MDMxYzQ5YUB0ZXN0LmNvbSIsInJvbGUiOiJhbWJ1bGFuY2UiLCJob3NwaXRhbF9pZCI6bnVsbCwiZXhwIjoxNzc0OTYxMjY1fQ.FxwkIUf4jFS8w6Vp9unmp-u1Wo3zyCA84aW2LbsQALs'}

    def test_timeline_returns_events_in_order(self, client, auth_headers):
>       case_id = dispatch_case(client, auth_headers)
                  ^^^^^^^^^^^^^^^^^^^^^^^^^^^^^^^^^^^

tests\test_cases.py:32: 
_ _ _ _ _ _ _ _ _ _ _ _ _ _ _ _ _ _ _ _ _ _ _ _ _ _ _ _ _ _ _ _ _ _ _ _ _ _ _ _
tests\test_cases.py:10: in dispatch_case
    res = client.post("/api/dispatch/", json={
..\..\..\..\AppData\Local\Programs\Python\Python312\Lib\site-packages\starlette\testclient.py:546: in post
    return super().post(
..\..\..\..\AppData\Local\Programs\Python\Python312\Lib\site-packages\httpx\_client.py:1144: in post
    return self.request(
..\..\..\..\AppData\Local\Programs\Python\Python312\Lib\site-packages\starlette\testclient.py:445: in request
    return super().request(
..\..\..\..\AppData\Local\Programs\Python\Python312\Lib\site-packages\httpx\_client.py:825: in request
    return self.send(request, auth=auth, follow_redirects=follow_redirects)
           ^^^^^^^^^^^^^^^^^^^^^^^^^^^^^^^^^^^^^^^^^^^^^^^^^^^^^^^^^^^^^^^^
..\..\..\..\AppData\Local\Programs\Python\Python312\Lib\site-packages\httpx\_client.py:914: in send
    response = self._send_handling_auth(
..\..\..\..\AppData\Local\Programs\Python\Python312\Lib\site-packages\httpx\_client.py:942: in _send_handling_auth
    response = self._send_handling_redirects(
..\..\..\..\AppData\Local\Programs\Python\Python312\Lib\site-packages\httpx\_client.py:979: in _send_handling_redirects
    response = self._send_single_request(request)
               ^^^^^^^^^^^^^^^^^^^^^^^^^^^^^^^^^^
..\..\..\..\AppData\Local\Programs\Python\Python312\Lib\site-packages\httpx\_client.py:1014: in _send_single_request
    response = transport.handle_request(request)
               ^^^^^^^^^^^^^^^^^^^^^^^^^^^^^^^^^
..\..\..\..\AppData\Local\Programs\Python\Python312\Lib\site-packages\starlette\testclient.py:348: in handle_request
    raise exc
..\..\..\..\AppData\Local\Programs\Python\Python312\Lib\site-packages\starlette\testclient.py:345: in handle_request
    portal.call(self.app, scope, receive, send)
..\..\..\..\AppData\Local\Programs\Python\Python312\Lib\site-packages\anyio\from_thread.py:321: in call
    return cast(T_Retval, self.start_task_soon(func, *args).result())
                          ^^^^^^^^^^^^^^^^^^^^^^^^^^^^^^^^^^^^^^^^^^
..\..\..\..\AppData\Local\Programs\Python\Python312\Lib\concurrent\futures\_base.py:456: in result
    return self.__get_result()
           ^^^^^^^^^^^^^^^^^^^
..\..\..\..\AppData\Local\Programs\Python\Python312\Lib\concurrent\futures\_base.py:401: in __get_result
    raise self._exception
..\..\..\..\AppData\Local\Programs\Python\Python312\Lib\site-packages\anyio\from_thread.py:252: in _call_func
    retval = await retval_or_awaitable
             ^^^^^^^^^^^^^^^^^^^^^^^^^
..\..\..\..\AppData\Local\Programs\Python\Python312\Lib\site-packages\fastapi\applications.py:1134: in __call__
    await super().__call__(scope, receive, send)
..\..\..\..\AppData\Local\Programs\Python\Python312\Lib\site-packages\starlette\applications.py:107: in __call__
    await self.middleware_stack(scope, receive, send)
..\..\..\..\AppData\Local\Programs\Python\Python312\Lib\site-packages\starlette\middleware\errors.py:186: in __call__
    raise exc
..\..\..\..\AppData\Local\Programs\Python\Python312\Lib\site-packages\starlette\middleware\errors.py:164: in __call__
    await self.app(scope, receive, _send)
..\..\..\..\AppData\Local\Programs\Python\Python312\Lib\site-packages\starlette\middleware\cors.py:85: in __call__
    await self.app(scope, receive, send)
..\..\..\..\AppData\Local\Programs\Python\Python312\Lib\site-packages\starlette\middleware\exceptions.py:63: in __call__
    await wrap_app_handling_exceptions(self.app, conn)(scope, receive, send)
..\..\..\..\AppData\Local\Programs\Python\Python312\Lib\site-packages\starlette\_exception_handler.py:53: in wrapped_app
    raise exc
..\..\..\..\AppData\Local\Programs\Python\Python312\Lib\site-packages\starlette\_exception_handler.py:42: in wrapped_app
    await app(scope, receive, sender)
..\..\..\..\AppData\Local\Programs\Python\Python312\Lib\site-packages\fastapi\middleware\asyncexitstack.py:18: in __call__
    await self.app(scope, receive, send)
..\..\..\..\AppData\Local\Programs\Python\Python312\Lib\site-packages\starlette\routing.py:716: in __call__
    await self.middleware_stack(scope, receive, send)
..\..\..\..\AppData\Local\Programs\Python\Python312\Lib\site-packages\starlette\routing.py:736: in app
    await route.handle(scope, receive, send)
..\..\..\..\AppData\Local\Programs\Python\Python312\Lib\site-packages\starlette\routing.py:290: in handle
    await self.app(scope, receive, send)
..\..\..\..\AppData\Local\Programs\Python\Python312\Lib\site-packages\fastapi\routing.py:125: in app
    await wrap_app_handling_exceptions(app, request)(scope, receive, send)
..\..\..\..\AppData\Local\Programs\Python\Python312\Lib\site-packages\starlette\_exception_handler.py:53: in wrapped_app
    raise exc
..\..\..\..\AppData\Local\Programs\Python\Python312\Lib\site-packages\starlette\_exception_handler.py:42: in wrapped_app
    await app(scope, receive, sender)
..\..\..\..\AppData\Local\Programs\Python\Python312\Lib\site-packages\fastapi\routing.py:111: in app
    response = await f(request)
               ^^^^^^^^^^^^^^^^
..\..\..\..\AppData\Local\Programs\Python\Python312\Lib\site-packages\fastapi\routing.py:391: in app
    raw_response = await run_endpoint_function(
..\..\..\..\AppData\Local\Programs\Python\Python312\Lib\site-packages\fastapi\routing.py:292: in run_endpoint_function
    return await run_in_threadpool(dependant.call, **values)
           ^^^^^^^^^^^^^^^^^^^^^^^^^^^^^^^^^^^^^^^^^^^^^^^^^
..\..\..\..\AppData\Local\Programs\Python\Python312\Lib\site-packages\starlette\concurrency.py:32: in run_in_threadpool
    return await anyio.to_thread.run_sync(func)
           ^^^^^^^^^^^^^^^^^^^^^^^^^^^^^^^^^^^^
..\..\..\..\AppData\Local\Programs\Python\Python312\Lib\site-packages\anyio\to_thread.py:56: in run_sync
    return await get_async_backend().run_sync_in_worker_thread(
..\..\..\..\AppData\Local\Programs\Python\Python312\Lib\site-packages\anyio\_backends\_asyncio.py:2485: in run_sync_in_worker_thread
    return await future
           ^^^^^^^^^^^^
..\..\..\..\AppData\Local\Programs\Python\Python312\Lib\site-packages\anyio\_backends\_asyncio.py:976: in run
    result = context.run(func, *args)
             ^^^^^^^^^^^^^^^^^^^^^^^^
app\api\endpoints\dispatch.py:101: in dispatch_ambulance
    db.commit()
..\..\..\..\AppData\Local\Programs\Python\Python312\Lib\site-packages\sqlalchemy\orm\session.py:2030: in commit
    trans.commit(_to_root=True)
<string>:2: in commit
    ???
..\..\..\..\AppData\Local\Programs\Python\Python312\Lib\site-packages\sqlalchemy\orm\state_changes.py:137: in _go
    ret_value = fn(self, *arg, **kw)
                ^^^^^^^^^^^^^^^^^^^^
..\..\..\..\AppData\Local\Programs\Python\Python312\Lib\site-packages\sqlalchemy\orm\session.py:1311: in commit
    self._prepare_impl()
<string>:2: in _prepare_impl
    ???
..\..\..\..\AppData\Local\Programs\Python\Python312\Lib\site-packages\sqlalchemy\orm\state_changes.py:137: in _go
    ret_value = fn(self, *arg, **kw)
                ^^^^^^^^^^^^^^^^^^^^
..\..\..\..\AppData\Local\Programs\Python\Python312\Lib\site-packages\sqlalchemy\orm\session.py:1286: in _prepare_impl
    self.session.flush()
..\..\..\..\AppData\Local\Programs\Python\Python312\Lib\site-packages\sqlalchemy\orm\session.py:4331: in flush
    self._flush(objects)
..\..\..\..\AppData\Local\Programs\Python\Python312\Lib\site-packages\sqlalchemy\orm\session.py:4466: in _flush
    with util.safe_reraise():
         ^^^^^^^^^^^^^^^^^^^
..\..\..\..\AppData\Local\Programs\Python\Python312\Lib\site-packages\sqlalchemy\util\langhelpers.py:224: in __exit__
    raise exc_value.with_traceback(exc_tb)
..\..\..\..\AppData\Local\Programs\Python\Python312\Lib\site-packages\sqlalchemy\orm\session.py:4427: in _flush
    flush_context.execute()
..\..\..\..\AppData\Local\Programs\Python\Python312\Lib\site-packages\sqlalchemy\orm\unitofwork.py:466: in execute
    rec.execute(self)
..\..\..\..\AppData\Local\Programs\Python\Python312\Lib\site-packages\sqlalchemy\orm\unitofwork.py:642: in execute
    util.preloaded.orm_persistence.save_obj(
..\..\..\..\AppData\Local\Programs\Python\Python312\Lib\site-packages\sqlalchemy\orm\persistence.py:93: in save_obj
    _emit_insert_statements(
..\..\..\..\AppData\Local\Programs\Python\Python312\Lib\site-packages\sqlalchemy\orm\persistence.py:1233: in _emit_insert_statements
    result = connection.execute(
..\..\..\..\AppData\Local\Programs\Python\Python312\Lib\site-packages\sqlalchemy\engine\base.py:1419: in execute
    return meth(
..\..\..\..\AppData\Local\Programs\Python\Python312\Lib\site-packages\sqlalchemy\sql\elements.py:526: in _execute_on_connection
    return connection._execute_clauseelement(
..\..\..\..\AppData\Local\Programs\Python\Python312\Lib\site-packages\sqlalchemy\engine\base.py:1641: in _execute_clauseelement
    ret = self._execute_context(
..\..\..\..\AppData\Local\Programs\Python\Python312\Lib\site-packages\sqlalchemy\engine\base.py:1846: in _execute_context
    return self._exec_single_context(
..\..\..\..\AppData\Local\Programs\Python\Python312\Lib\site-packages\sqlalchemy\engine\base.py:1986: in _exec_single_context
    self._handle_dbapi_exception(
..\..\..\..\AppData\Local\Programs\Python\Python312\Lib\site-packages\sqlalchemy\engine\base.py:2355: in _handle_dbapi_exception
    raise sqlalchemy_exception.with_traceback(exc_info[2]) from e
..\..\..\..\AppData\Local\Programs\Python\Python312\Lib\site-packages\sqlalchemy\engine\base.py:1967: in _exec_single_context
    self.dialect.do_execute(
_ _ _ _ _ _ _ _ _ _ _ _ _ _ _ _ _ _ _ _ _ _ _ _ _ _ _ _ _ _ _ _ _ _ _ _ _ _ _ _

self = <sqlalchemy.dialects.postgresql.psycopg2.PGDialect_psycopg2 object at 0x000002866602F740>
cursor = <cursor object at 0x00000286688D6180; closed: -1>
statement = 'INSERT INTO cases (user_id, condition, custom_condition, equipment_needed, ambulance_lat, ambulance_lng, assigned_hos...l_id)s, %(final_score)s, %(distance_km)s, %(eta_minutes)s, %(notes)s, %(status)s) RETURNING cases.id, cases.created_at'
parameters = {'ambulance_lat': 29.86, 'ambulance_lng': 77.89, 'assigned_hospital_id': 28, 'condition': 'cardiac_arrest', ...}
context = <sqlalchemy.dialects.postgresql.psycopg2.PGExecutionContext_psycopg2 object at 0x00000286677E7FB0>

    def do_execute(self, cursor, statement, parameters, context=None):
>       cursor.execute(statement, parameters)
E       sqlalchemy.exc.ProgrammingError: (psycopg2.errors.UndefinedColumn) column "status" of relation "cases" does not exist
E       LINE 1: ...id, final_score, distance_km, eta_minutes, notes, status) VA...
E                                                                    ^
E       
E       [SQL: INSERT INTO cases (user_id, condition, custom_condition, equipment_needed, ambulance_lat, ambulance_lng, assigned_hospital_id, final_score, distance_km, eta_minutes, notes, status) VALUES (%(user_id)s, %(condition)s, %(custom_condition)s, %(equipment_needed)s::VARCHAR[], %(ambulance_lat)s, %(ambulance_lng)s, %(assigned_hospital_id)s, %(final_score)s, %(distance_km)s, %(eta_minutes)s, %(notes)s, %(status)s) RETURNING cases.id, cases.created_at]
E       [parameters: {'user_id': 234, 'condition': 'cardiac_arrest', 'custom_condition': None, 'equipment_needed': ['ecg'], 'ambulance_lat': 29.86, 'ambulance_lng': 77.89, 'assigned_hospital_id': 28, 'final_score': 0.4958, 'distance_km': 1.37, 'eta_minutes': 2, 'notes': None, 'status': 'dispatched'}]
E       (Background on this error at: https://sqlalche.me/e/20/f405)

..\..\..\..\AppData\Local\Programs\Python\Python312\Lib\site-packages\sqlalchemy\engine\default.py:951: ProgrammingError
______ TestCaseTimelineEndpoint.test_timeline_unauthorized_user_blocked _______

self = <sqlalchemy.engine.base.Connection object at 0x00000286677E5700>
dialect = <sqlalchemy.dialects.postgresql.psycopg2.PGDialect_psycopg2 object at 0x000002866602F740>
context = <sqlalchemy.dialects.postgresql.psycopg2.PGExecutionContext_psycopg2 object at 0x00000286677A3BF0>
statement = <sqlalchemy.dialects.postgresql.base.PGCompiler object at 0x00000286688DB2F0>
parameters = [{'ambulance_lat': 29.86, 'ambulance_lng': 77.89, 'assigned_hospital_id': 28, 'condition': 'cardiac_arrest', ...}]

    def _exec_single_context(
        self,
        dialect: Dialect,
        context: ExecutionContext,
        statement: Union[str, Compiled],
        parameters: Optional[_AnyMultiExecuteParams],
    ) -> CursorResult[Any]:
        """continue the _execute_context() method for a single DBAPI
        cursor.execute() or cursor.executemany() call.
    
        """
        if dialect.bind_typing is BindTyping.SETINPUTSIZES:
            generic_setinputsizes = context._prepare_set_input_sizes()
    
            if generic_setinputsizes:
                try:
                    dialect.do_set_input_sizes(
                        context.cursor, generic_setinputsizes, context
                    )
                except BaseException as e:
                    self._handle_dbapi_exception(
                        e, str(statement), parameters, None, context
                    )
    
        cursor, str_statement, parameters = (
            context.cursor,
            context.statement,
            context.parameters,
        )
    
        effective_parameters: Optional[_AnyExecuteParams]
    
        if not context.executemany:
            effective_parameters = parameters[0]
        else:
            effective_parameters = parameters
    
        if self._has_events or self.engine._has_events:
            for fn in self.dispatch.before_cursor_execute:
                str_statement, effective_parameters = fn(
                    self,
                    cursor,
                    str_statement,
                    effective_parameters,
                    context,
                    context.executemany,
                )
    
        if self._echo:
            self._log_info(str_statement)
    
            stats = context._get_cache_stats()
    
            if not self.engine.hide_parameters:
                self._log_info(
                    "[%s] %r",
                    stats,
                    sql_util._repr_params(
                        effective_parameters,
                        batches=10,
                        ismulti=context.executemany,
                    ),
                )
            else:
                self._log_info(
                    "[%s] [SQL parameters hidden due to hide_parameters=True]",
                    stats,
                )
    
        evt_handled: bool = False
        try:
            if context.execute_style is ExecuteStyle.EXECUTEMANY:
                effective_parameters = cast(
                    "_CoreMultiExecuteParams", effective_parameters
                )
                if self.dialect._has_events:
                    for fn in self.dialect.dispatch.do_executemany:
                        if fn(
                            cursor,
                            str_statement,
                            effective_parameters,
                            context,
                        ):
                            evt_handled = True
                            break
                if not evt_handled:
                    self.dialect.do_executemany(
                        cursor,
                        str_statement,
                        effective_parameters,
                        context,
                    )
            elif not effective_parameters and context.no_parameters:
                if self.dialect._has_events:
                    for fn in self.dialect.dispatch.do_execute_no_params:
                        if fn(cursor, str_statement, context):
                            evt_handled = True
                            break
                if not evt_handled:
                    self.dialect.do_execute_no_params(
                        cursor, str_statement, context
                    )
            else:
                effective_parameters = cast(
                    "_CoreSingleExecuteParams", effective_parameters
                )
                if self.dialect._has_events:
                    for fn in self.dialect.dispatch.do_execute:
                        if fn(
                            cursor,
                            str_statement,
                            effective_parameters,
                            context,
                        ):
                            evt_handled = True
                            break
                if not evt_handled:
>                   self.dialect.do_execute(
                        cursor, str_statement, effective_parameters, context
                    )

..\..\..\..\AppData\Local\Programs\Python\Python312\Lib\site-packages\sqlalchemy\engine\base.py:1967: 
_ _ _ _ _ _ _ _ _ _ _ _ _ _ _ _ _ _ _ _ _ _ _ _ _ _ _ _ _ _ _ _ _ _ _ _ _ _ _ _

self = <sqlalchemy.dialects.postgresql.psycopg2.PGDialect_psycopg2 object at 0x000002866602F740>
cursor = <cursor object at 0x00000286688A75A0; closed: -1>
statement = 'INSERT INTO cases (user_id, condition, custom_condition, equipment_needed, ambulance_lat, ambulance_lng, assigned_hos...l_id)s, %(final_score)s, %(distance_km)s, %(eta_minutes)s, %(notes)s, %(status)s) RETURNING cases.id, cases.created_at'
parameters = {'ambulance_lat': 29.86, 'ambulance_lng': 77.89, 'assigned_hospital_id': 28, 'condition': 'cardiac_arrest', ...}
context = <sqlalchemy.dialects.postgresql.psycopg2.PGExecutionContext_psycopg2 object at 0x00000286677A3BF0>

    def do_execute(self, cursor, statement, parameters, context=None):
>       cursor.execute(statement, parameters)
E       psycopg2.errors.UndefinedColumn: column "status" of relation "cases" does not exist
E       LINE 1: ...id, final_score, distance_km, eta_minutes, notes, status) VA...
E                                                                    ^

..\..\..\..\AppData\Local\Programs\Python\Python312\Lib\site-packages\sqlalchemy\engine\default.py:951: UndefinedColumn

The above exception was the direct cause of the following exception:

self = <tests.test_cases.TestCaseTimelineEndpoint object at 0x000002866609A2D0>
client = <starlette.testclient.TestClient object at 0x00000286677E7350>
auth_headers = {'Authorization': 'Bearer eyJhbGciOiJIUzI1NiIsInR5cCI6IkpXVCJ9.eyJzdWIiOiJ0ZXN0X2FtYl9mNDNmOThjOEB0ZXN0LmNvbSIsInJvbGUiOiJhbWJ1bGFuY2UiLCJob3NwaXRhbF9pZCI6bnVsbCwiZXhwIjoxNzc0OTYxMjY3fQ.xR7-mgY7Safn88nj9H8PBiahJClnIa1pK1nvtqGlgE8'}
hospital_headers = {'Authorization': 'Bearer eyJhbGciOiJIUzI1NiIsInR5cCI6IkpXVCJ9.eyJzdWIiOiJ0ZXN0X2hvc3BfMGVlMzY0MDFAdGVzdC5jb20iLCJyb2xlIjoiaG9zcGl0YWwiLCJob3NwaXRhbF9pZCI6bnVsbCwiZXhwIjoxNzc0OTYxMjY3fQ.Hj1-kTozGyRkx6E_PS4L1fRlUShkeJX0ERdAqv6dZ0k'}

    def test_timeline_unauthorized_user_blocked(self, client, auth_headers, hospital_headers):
>       case_id = dispatch_case(client, auth_headers)
                  ^^^^^^^^^^^^^^^^^^^^^^^^^^^^^^^^^^^

tests\test_cases.py:45: 
_ _ _ _ _ _ _ _ _ _ _ _ _ _ _ _ _ _ _ _ _ _ _ _ _ _ _ _ _ _ _ _ _ _ _ _ _ _ _ _
tests\test_cases.py:10: in dispatch_case
    res = client.post("/api/dispatch/", json={
..\..\..\..\AppData\Local\Programs\Python\Python312\Lib\site-packages\starlette\testclient.py:546: in post
    return super().post(
..\..\..\..\AppData\Local\Programs\Python\Python312\Lib\site-packages\httpx\_client.py:1144: in post
    return self.request(
..\..\..\..\AppData\Local\Programs\Python\Python312\Lib\site-packages\starlette\testclient.py:445: in request
    return super().request(
..\..\..\..\AppData\Local\Programs\Python\Python312\Lib\site-packages\httpx\_client.py:825: in request
    return self.send(request, auth=auth, follow_redirects=follow_redirects)
           ^^^^^^^^^^^^^^^^^^^^^^^^^^^^^^^^^^^^^^^^^^^^^^^^^^^^^^^^^^^^^^^^
..\..\..\..\AppData\Local\Programs\Python\Python312\Lib\site-packages\httpx\_client.py:914: in send
    response = self._send_handling_auth(
..\..\..\..\AppData\Local\Programs\Python\Python312\Lib\site-packages\httpx\_client.py:942: in _send_handling_auth
    response = self._send_handling_redirects(
..\..\..\..\AppData\Local\Programs\Python\Python312\Lib\site-packages\httpx\_client.py:979: in _send_handling_redirects
    response = self._send_single_request(request)
               ^^^^^^^^^^^^^^^^^^^^^^^^^^^^^^^^^^
..\..\..\..\AppData\Local\Programs\Python\Python312\Lib\site-packages\httpx\_client.py:1014: in _send_single_request
    response = transport.handle_request(request)
               ^^^^^^^^^^^^^^^^^^^^^^^^^^^^^^^^^
..\..\..\..\AppData\Local\Programs\Python\Python312\Lib\site-packages\starlette\testclient.py:348: in handle_request
    raise exc
..\..\..\..\AppData\Local\Programs\Python\Python312\Lib\site-packages\starlette\testclient.py:345: in handle_request
    portal.call(self.app, scope, receive, send)
..\..\..\..\AppData\Local\Programs\Python\Python312\Lib\site-packages\anyio\from_thread.py:321: in call
    return cast(T_Retval, self.start_task_soon(func, *args).result())
                          ^^^^^^^^^^^^^^^^^^^^^^^^^^^^^^^^^^^^^^^^^^
..\..\..\..\AppData\Local\Programs\Python\Python312\Lib\concurrent\futures\_base.py:456: in result
    return self.__get_result()
           ^^^^^^^^^^^^^^^^^^^
..\..\..\..\AppData\Local\Programs\Python\Python312\Lib\concurrent\futures\_base.py:401: in __get_result
    raise self._exception
..\..\..\..\AppData\Local\Programs\Python\Python312\Lib\site-packages\anyio\from_thread.py:252: in _call_func
    retval = await retval_or_awaitable
             ^^^^^^^^^^^^^^^^^^^^^^^^^
..\..\..\..\AppData\Local\Programs\Python\Python312\Lib\site-packages\fastapi\applications.py:1134: in __call__
    await super().__call__(scope, receive, send)
..\..\..\..\AppData\Local\Programs\Python\Python312\Lib\site-packages\starlette\applications.py:107: in __call__
    await self.middleware_stack(scope, receive, send)
..\..\..\..\AppData\Local\Programs\Python\Python312\Lib\site-packages\starlette\middleware\errors.py:186: in __call__
    raise exc
..\..\..\..\AppData\Local\Programs\Python\Python312\Lib\site-packages\starlette\middleware\errors.py:164: in __call__
    await self.app(scope, receive, _send)
..\..\..\..\AppData\Local\Programs\Python\Python312\Lib\site-packages\starlette\middleware\cors.py:85: in __call__
    await self.app(scope, receive, send)
..\..\..\..\AppData\Local\Programs\Python\Python312\Lib\site-packages\starlette\middleware\exceptions.py:63: in __call__
    await wrap_app_handling_exceptions(self.app, conn)(scope, receive, send)
..\..\..\..\AppData\Local\Programs\Python\Python312\Lib\site-packages\starlette\_exception_handler.py:53: in wrapped_app
    raise exc
..\..\..\..\AppData\Local\Programs\Python\Python312\Lib\site-packages\starlette\_exception_handler.py:42: in wrapped_app
    await app(scope, receive, sender)
..\..\..\..\AppData\Local\Programs\Python\Python312\Lib\site-packages\fastapi\middleware\asyncexitstack.py:18: in __call__
    await self.app(scope, receive, send)
..\..\..\..\AppData\Local\Programs\Python\Python312\Lib\site-packages\starlette\routing.py:716: in __call__
    await self.middleware_stack(scope, receive, send)
..\..\..\..\AppData\Local\Programs\Python\Python312\Lib\site-packages\starlette\routing.py:736: in app
    await route.handle(scope, receive, send)
..\..\..\..\AppData\Local\Programs\Python\Python312\Lib\site-packages\starlette\routing.py:290: in handle
    await self.app(scope, receive, send)
..\..\..\..\AppData\Local\Programs\Python\Python312\Lib\site-packages\fastapi\routing.py:125: in app
    await wrap_app_handling_exceptions(app, request)(scope, receive, send)
..\..\..\..\AppData\Local\Programs\Python\Python312\Lib\site-packages\starlette\_exception_handler.py:53: in wrapped_app
    raise exc
..\..\..\..\AppData\Local\Programs\Python\Python312\Lib\site-packages\starlette\_exception_handler.py:42: in wrapped_app
    await app(scope, receive, sender)
..\..\..\..\AppData\Local\Programs\Python\Python312\Lib\site-packages\fastapi\routing.py:111: in app
    response = await f(request)
               ^^^^^^^^^^^^^^^^
..\..\..\..\AppData\Local\Programs\Python\Python312\Lib\site-packages\fastapi\routing.py:391: in app
    raw_response = await run_endpoint_function(
..\..\..\..\AppData\Local\Programs\Python\Python312\Lib\site-packages\fastapi\routing.py:292: in run_endpoint_function
    return await run_in_threadpool(dependant.call, **values)
           ^^^^^^^^^^^^^^^^^^^^^^^^^^^^^^^^^^^^^^^^^^^^^^^^^
..\..\..\..\AppData\Local\Programs\Python\Python312\Lib\site-packages\starlette\concurrency.py:32: in run_in_threadpool
    return await anyio.to_thread.run_sync(func)
           ^^^^^^^^^^^^^^^^^^^^^^^^^^^^^^^^^^^^
..\..\..\..\AppData\Local\Programs\Python\Python312\Lib\site-packages\anyio\to_thread.py:56: in run_sync
    return await get_async_backend().run_sync_in_worker_thread(
..\..\..\..\AppData\Local\Programs\Python\Python312\Lib\site-packages\anyio\_backends\_asyncio.py:2485: in run_sync_in_worker_thread
    return await future
           ^^^^^^^^^^^^
..\..\..\..\AppData\Local\Programs\Python\Python312\Lib\site-packages\anyio\_backends\_asyncio.py:976: in run
    result = context.run(func, *args)
             ^^^^^^^^^^^^^^^^^^^^^^^^
app\api\endpoints\dispatch.py:101: in dispatch_ambulance
    db.commit()
..\..\..\..\AppData\Local\Programs\Python\Python312\Lib\site-packages\sqlalchemy\orm\session.py:2030: in commit
    trans.commit(_to_root=True)
<string>:2: in commit
    ???
..\..\..\..\AppData\Local\Programs\Python\Python312\Lib\site-packages\sqlalchemy\orm\state_changes.py:137: in _go
    ret_value = fn(self, *arg, **kw)
                ^^^^^^^^^^^^^^^^^^^^
..\..\..\..\AppData\Local\Programs\Python\Python312\Lib\site-packages\sqlalchemy\orm\session.py:1311: in commit
    self._prepare_impl()
<string>:2: in _prepare_impl
    ???
..\..\..\..\AppData\Local\Programs\Python\Python312\Lib\site-packages\sqlalchemy\orm\state_changes.py:137: in _go
    ret_value = fn(self, *arg, **kw)
                ^^^^^^^^^^^^^^^^^^^^
..\..\..\..\AppData\Local\Programs\Python\Python312\Lib\site-packages\sqlalchemy\orm\session.py:1286: in _prepare_impl
    self.session.flush()
..\..\..\..\AppData\Local\Programs\Python\Python312\Lib\site-packages\sqlalchemy\orm\session.py:4331: in flush
    self._flush(objects)
..\..\..\..\AppData\Local\Programs\Python\Python312\Lib\site-packages\sqlalchemy\orm\session.py:4466: in _flush
    with util.safe_reraise():
         ^^^^^^^^^^^^^^^^^^^
..\..\..\..\AppData\Local\Programs\Python\Python312\Lib\site-packages\sqlalchemy\util\langhelpers.py:224: in __exit__
    raise exc_value.with_traceback(exc_tb)
..\..\..\..\AppData\Local\Programs\Python\Python312\Lib\site-packages\sqlalchemy\orm\session.py:4427: in _flush
    flush_context.execute()
..\..\..\..\AppData\Local\Programs\Python\Python312\Lib\site-packages\sqlalchemy\orm\unitofwork.py:466: in execute
    rec.execute(self)
..\..\..\..\AppData\Local\Programs\Python\Python312\Lib\site-packages\sqlalchemy\orm\unitofwork.py:642: in execute
    util.preloaded.orm_persistence.save_obj(
..\..\..\..\AppData\Local\Programs\Python\Python312\Lib\site-packages\sqlalchemy\orm\persistence.py:93: in save_obj
    _emit_insert_statements(
..\..\..\..\AppData\Local\Programs\Python\Python312\Lib\site-packages\sqlalchemy\orm\persistence.py:1233: in _emit_insert_statements
    result = connection.execute(
..\..\..\..\AppData\Local\Programs\Python\Python312\Lib\site-packages\sqlalchemy\engine\base.py:1419: in execute
    return meth(
..\..\..\..\AppData\Local\Programs\Python\Python312\Lib\site-packages\sqlalchemy\sql\elements.py:526: in _execute_on_connection
    return connection._execute_clauseelement(
..\..\..\..\AppData\Local\Programs\Python\Python312\Lib\site-packages\sqlalchemy\engine\base.py:1641: in _execute_clauseelement
    ret = self._execute_context(
..\..\..\..\AppData\Local\Programs\Python\Python312\Lib\site-packages\sqlalchemy\engine\base.py:1846: in _execute_context
    return self._exec_single_context(
..\..\..\..\AppData\Local\Programs\Python\Python312\Lib\site-packages\sqlalchemy\engine\base.py:1986: in _exec_single_context
    self._handle_dbapi_exception(
..\..\..\..\AppData\Local\Programs\Python\Python312\Lib\site-packages\sqlalchemy\engine\base.py:2355: in _handle_dbapi_exception
    raise sqlalchemy_exception.with_traceback(exc_info[2]) from e
..\..\..\..\AppData\Local\Programs\Python\Python312\Lib\site-packages\sqlalchemy\engine\base.py:1967: in _exec_single_context
    self.dialect.do_execute(
_ _ _ _ _ _ _ _ _ _ _ _ _ _ _ _ _ _ _ _ _ _ _ _ _ _ _ _ _ _ _ _ _ _ _ _ _ _ _ _

self = <sqlalchemy.dialects.postgresql.psycopg2.PGDialect_psycopg2 object at 0x000002866602F740>
cursor = <cursor object at 0x00000286688A75A0; closed: -1>
statement = 'INSERT INTO cases (user_id, condition, custom_condition, equipment_needed, ambulance_lat, ambulance_lng, assigned_hos...l_id)s, %(final_score)s, %(distance_km)s, %(eta_minutes)s, %(notes)s, %(status)s) RETURNING cases.id, cases.created_at'
parameters = {'ambulance_lat': 29.86, 'ambulance_lng': 77.89, 'assigned_hospital_id': 28, 'condition': 'cardiac_arrest', ...}
context = <sqlalchemy.dialects.postgresql.psycopg2.PGExecutionContext_psycopg2 object at 0x00000286677A3BF0>

    def do_execute(self, cursor, statement, parameters, context=None):
>       cursor.execute(statement, parameters)
E       sqlalchemy.exc.ProgrammingError: (psycopg2.errors.UndefinedColumn) column "status" of relation "cases" does not exist
E       LINE 1: ...id, final_score, distance_km, eta_minutes, notes, status) VA...
E                                                                    ^
E       
E       [SQL: INSERT INTO cases (user_id, condition, custom_condition, equipment_needed, ambulance_lat, ambulance_lng, assigned_hospital_id, final_score, distance_km, eta_minutes, notes, status) VALUES (%(user_id)s, %(condition)s, %(custom_condition)s, %(equipment_needed)s::VARCHAR[], %(ambulance_lat)s, %(ambulance_lng)s, %(assigned_hospital_id)s, %(final_score)s, %(distance_km)s, %(eta_minutes)s, %(notes)s, %(status)s) RETURNING cases.id, cases.created_at]
E       [parameters: {'user_id': 235, 'condition': 'cardiac_arrest', 'custom_condition': None, 'equipment_needed': ['ecg'], 'ambulance_lat': 29.86, 'ambulance_lng': 77.89, 'assigned_hospital_id': 28, 'final_score': 0.4958, 'distance_km': 1.37, 'eta_minutes': 2, 'notes': None, 'status': 'dispatched'}]
E       (Background on this error at: https://sqlalche.me/e/20/f405)

..\..\..\..\AppData\Local\Programs\Python\Python312\Lib\site-packages\sqlalchemy\engine\default.py:951: ProgrammingError
_____ TestCaseStatusUpdateEndpoint.test_valid_linear_transition_succeeds ______

self = <sqlalchemy.engine.base.Connection object at 0x00000286677C4980>
dialect = <sqlalchemy.dialects.postgresql.psycopg2.PGDialect_psycopg2 object at 0x000002866602F740>
context = <sqlalchemy.dialects.postgresql.psycopg2.PGExecutionContext_psycopg2 object at 0x00000286677C4AD0>
statement = <sqlalchemy.dialects.postgresql.base.PGCompiler object at 0x00000286688DB2F0>
parameters = [{'ambulance_lat': 29.86, 'ambulance_lng': 77.89, 'assigned_hospital_id': 28, 'condition': 'cardiac_arrest', ...}]

    def _exec_single_context(
        self,
        dialect: Dialect,
        context: ExecutionContext,
        statement: Union[str, Compiled],
        parameters: Optional[_AnyMultiExecuteParams],
    ) -> CursorResult[Any]:
        """continue the _execute_context() method for a single DBAPI
        cursor.execute() or cursor.executemany() call.
    
        """
        if dialect.bind_typing is BindTyping.SETINPUTSIZES:
            generic_setinputsizes = context._prepare_set_input_sizes()
    
            if generic_setinputsizes:
                try:
                    dialect.do_set_input_sizes(
                        context.cursor, generic_setinputsizes, context
                    )
                except BaseException as e:
                    self._handle_dbapi_exception(
                        e, str(statement), parameters, None, context
                    )
    
        cursor, str_statement, parameters = (
            context.cursor,
            context.statement,
            context.parameters,
        )
    
        effective_parameters: Optional[_AnyExecuteParams]
    
        if not context.executemany:
            effective_parameters = parameters[0]
        else:
            effective_parameters = parameters
    
        if self._has_events or self.engine._has_events:
            for fn in self.dispatch.before_cursor_execute:
                str_statement, effective_parameters = fn(
                    self,
                    cursor,
                    str_statement,
                    effective_parameters,
                    context,
                    context.executemany,
                )
    
        if self._echo:
            self._log_info(str_statement)
    
            stats = context._get_cache_stats()
    
            if not self.engine.hide_parameters:
                self._log_info(
                    "[%s] %r",
                    stats,
                    sql_util._repr_params(
                        effective_parameters,
                        batches=10,
                        ismulti=context.executemany,
                    ),
                )
            else:
                self._log_info(
                    "[%s] [SQL parameters hidden due to hide_parameters=True]",
                    stats,
                )
    
        evt_handled: bool = False
        try:
            if context.execute_style is ExecuteStyle.EXECUTEMANY:
                effective_parameters = cast(
                    "_CoreMultiExecuteParams", effective_parameters
                )
                if self.dialect._has_events:
                    for fn in self.dialect.dispatch.do_executemany:
                        if fn(
                            cursor,
                            str_statement,
                            effective_parameters,
                            context,
                        ):
                            evt_handled = True
                            break
                if not evt_handled:
                    self.dialect.do_executemany(
                        cursor,
                        str_statement,
                        effective_parameters,
                        context,
                    )
            elif not effective_parameters and context.no_parameters:
                if self.dialect._has_events:
                    for fn in self.dialect.dispatch.do_execute_no_params:
                        if fn(cursor, str_statement, context):
                            evt_handled = True
                            break
                if not evt_handled:
                    self.dialect.do_execute_no_params(
                        cursor, str_statement, context
                    )
            else:
                effective_parameters = cast(
                    "_CoreSingleExecuteParams", effective_parameters
                )
                if self.dialect._has_events:
                    for fn in self.dialect.dispatch.do_execute:
                        if fn(
                            cursor,
                            str_statement,
                            effective_parameters,
                            context,
                        ):
                            evt_handled = True
                            break
                if not evt_handled:
>                   self.dialect.do_execute(
                        cursor, str_statement, effective_parameters, context
                    )

..\..\..\..\AppData\Local\Programs\Python\Python312\Lib\site-packages\sqlalchemy\engine\base.py:1967: 
_ _ _ _ _ _ _ _ _ _ _ _ _ _ _ _ _ _ _ _ _ _ _ _ _ _ _ _ _ _ _ _ _ _ _ _ _ _ _ _

self = <sqlalchemy.dialects.postgresql.psycopg2.PGDialect_psycopg2 object at 0x000002866602F740>
cursor = <cursor object at 0x00000286688A7D80; closed: -1>
statement = 'INSERT INTO cases (user_id, condition, custom_condition, equipment_needed, ambulance_lat, ambulance_lng, assigned_hos...l_id)s, %(final_score)s, %(distance_km)s, %(eta_minutes)s, %(notes)s, %(status)s) RETURNING cases.id, cases.created_at'
parameters = {'ambulance_lat': 29.86, 'ambulance_lng': 77.89, 'assigned_hospital_id': 28, 'condition': 'cardiac_arrest', ...}
context = <sqlalchemy.dialects.postgresql.psycopg2.PGExecutionContext_psycopg2 object at 0x00000286677C4AD0>

    def do_execute(self, cursor, statement, parameters, context=None):
>       cursor.execute(statement, parameters)
E       psycopg2.errors.UndefinedColumn: column "status" of relation "cases" does not exist
E       LINE 1: ...id, final_score, distance_km, eta_minutes, notes, status) VA...
E                                                                    ^

..\..\..\..\AppData\Local\Programs\Python\Python312\Lib\site-packages\sqlalchemy\engine\default.py:951: UndefinedColumn

The above exception was the direct cause of the following exception:

self = <tests.test_cases.TestCaseStatusUpdateEndpoint object at 0x000002866609A660>
client = <starlette.testclient.TestClient object at 0x00000286677C6930>
auth_headers = {'Authorization': 'Bearer eyJhbGciOiJIUzI1NiIsInR5cCI6IkpXVCJ9.eyJzdWIiOiJ0ZXN0X2FtYl83NTJkOTEyOEB0ZXN0LmNvbSIsInJvbGUiOiJhbWJ1bGFuY2UiLCJob3NwaXRhbF9pZCI6bnVsbCwiZXhwIjoxNzc0OTYxMjcwfQ.wcdQPsXNPsbULlYNdP94ytkeVLOIvGzG0F4OW0lERF0'}

    def test_valid_linear_transition_succeeds(self, client, auth_headers):
>       case_id = dispatch_case(client, auth_headers)
                  ^^^^^^^^^^^^^^^^^^^^^^^^^^^^^^^^^^^

tests\test_cases.py:57: 
_ _ _ _ _ _ _ _ _ _ _ _ _ _ _ _ _ _ _ _ _ _ _ _ _ _ _ _ _ _ _ _ _ _ _ _ _ _ _ _
tests\test_cases.py:10: in dispatch_case
    res = client.post("/api/dispatch/", json={
..\..\..\..\AppData\Local\Programs\Python\Python312\Lib\site-packages\starlette\testclient.py:546: in post
    return super().post(
..\..\..\..\AppData\Local\Programs\Python\Python312\Lib\site-packages\httpx\_client.py:1144: in post
    return self.request(
..\..\..\..\AppData\Local\Programs\Python\Python312\Lib\site-packages\starlette\testclient.py:445: in request
    return super().request(
..\..\..\..\AppData\Local\Programs\Python\Python312\Lib\site-packages\httpx\_client.py:825: in request
    return self.send(request, auth=auth, follow_redirects=follow_redirects)
           ^^^^^^^^^^^^^^^^^^^^^^^^^^^^^^^^^^^^^^^^^^^^^^^^^^^^^^^^^^^^^^^^
..\..\..\..\AppData\Local\Programs\Python\Python312\Lib\site-packages\httpx\_client.py:914: in send
    response = self._send_handling_auth(
..\..\..\..\AppData\Local\Programs\Python\Python312\Lib\site-packages\httpx\_client.py:942: in _send_handling_auth
    response = self._send_handling_redirects(
..\..\..\..\AppData\Local\Programs\Python\Python312\Lib\site-packages\httpx\_client.py:979: in _send_handling_redirects
    response = self._send_single_request(request)
               ^^^^^^^^^^^^^^^^^^^^^^^^^^^^^^^^^^
..\..\..\..\AppData\Local\Programs\Python\Python312\Lib\site-packages\httpx\_client.py:1014: in _send_single_request
    response = transport.handle_request(request)
               ^^^^^^^^^^^^^^^^^^^^^^^^^^^^^^^^^
..\..\..\..\AppData\Local\Programs\Python\Python312\Lib\site-packages\starlette\testclient.py:348: in handle_request
    raise exc
..\..\..\..\AppData\Local\Programs\Python\Python312\Lib\site-packages\starlette\testclient.py:345: in handle_request
    portal.call(self.app, scope, receive, send)
..\..\..\..\AppData\Local\Programs\Python\Python312\Lib\site-packages\anyio\from_thread.py:321: in call
    return cast(T_Retval, self.start_task_soon(func, *args).result())
                          ^^^^^^^^^^^^^^^^^^^^^^^^^^^^^^^^^^^^^^^^^^
..\..\..\..\AppData\Local\Programs\Python\Python312\Lib\concurrent\futures\_base.py:456: in result
    return self.__get_result()
           ^^^^^^^^^^^^^^^^^^^
..\..\..\..\AppData\Local\Programs\Python\Python312\Lib\concurrent\futures\_base.py:401: in __get_result
    raise self._exception
..\..\..\..\AppData\Local\Programs\Python\Python312\Lib\site-packages\anyio\from_thread.py:252: in _call_func
    retval = await retval_or_awaitable
             ^^^^^^^^^^^^^^^^^^^^^^^^^
..\..\..\..\AppData\Local\Programs\Python\Python312\Lib\site-packages\fastapi\applications.py:1134: in __call__
    await super().__call__(scope, receive, send)
..\..\..\..\AppData\Local\Programs\Python\Python312\Lib\site-packages\starlette\applications.py:107: in __call__
    await self.middleware_stack(scope, receive, send)
..\..\..\..\AppData\Local\Programs\Python\Python312\Lib\site-packages\starlette\middleware\errors.py:186: in __call__
    raise exc
..\..\..\..\AppData\Local\Programs\Python\Python312\Lib\site-packages\starlette\middleware\errors.py:164: in __call__
    await self.app(scope, receive, _send)
..\..\..\..\AppData\Local\Programs\Python\Python312\Lib\site-packages\starlette\middleware\cors.py:85: in __call__
    await self.app(scope, receive, send)
..\..\..\..\AppData\Local\Programs\Python\Python312\Lib\site-packages\starlette\middleware\exceptions.py:63: in __call__
    await wrap_app_handling_exceptions(self.app, conn)(scope, receive, send)
..\..\..\..\AppData\Local\Programs\Python\Python312\Lib\site-packages\starlette\_exception_handler.py:53: in wrapped_app
    raise exc
..\..\..\..\AppData\Local\Programs\Python\Python312\Lib\site-packages\starlette\_exception_handler.py:42: in wrapped_app
    await app(scope, receive, sender)
..\..\..\..\AppData\Local\Programs\Python\Python312\Lib\site-packages\fastapi\middleware\asyncexitstack.py:18: in __call__
    await self.app(scope, receive, send)
..\..\..\..\AppData\Local\Programs\Python\Python312\Lib\site-packages\starlette\routing.py:716: in __call__
    await self.middleware_stack(scope, receive, send)
..\..\..\..\AppData\Local\Programs\Python\Python312\Lib\site-packages\starlette\routing.py:736: in app
    await route.handle(scope, receive, send)
..\..\..\..\AppData\Local\Programs\Python\Python312\Lib\site-packages\starlette\routing.py:290: in handle
    await self.app(scope, receive, send)
..\..\..\..\AppData\Local\Programs\Python\Python312\Lib\site-packages\fastapi\routing.py:125: in app
    await wrap_app_handling_exceptions(app, request)(scope, receive, send)
..\..\..\..\AppData\Local\Programs\Python\Python312\Lib\site-packages\starlette\_exception_handler.py:53: in wrapped_app
    raise exc
..\..\..\..\AppData\Local\Programs\Python\Python312\Lib\site-packages\starlette\_exception_handler.py:42: in wrapped_app
    await app(scope, receive, sender)
..\..\..\..\AppData\Local\Programs\Python\Python312\Lib\site-packages\fastapi\routing.py:111: in app
    response = await f(request)
               ^^^^^^^^^^^^^^^^
..\..\..\..\AppData\Local\Programs\Python\Python312\Lib\site-packages\fastapi\routing.py:391: in app
    raw_response = await run_endpoint_function(
..\..\..\..\AppData\Local\Programs\Python\Python312\Lib\site-packages\fastapi\routing.py:292: in run_endpoint_function
    return await run_in_threadpool(dependant.call, **values)
           ^^^^^^^^^^^^^^^^^^^^^^^^^^^^^^^^^^^^^^^^^^^^^^^^^
..\..\..\..\AppData\Local\Programs\Python\Python312\Lib\site-packages\starlette\concurrency.py:32: in run_in_threadpool
    return await anyio.to_thread.run_sync(func)
           ^^^^^^^^^^^^^^^^^^^^^^^^^^^^^^^^^^^^
..\..\..\..\AppData\Local\Programs\Python\Python312\Lib\site-packages\anyio\to_thread.py:56: in run_sync
    return await get_async_backend().run_sync_in_worker_thread(
..\..\..\..\AppData\Local\Programs\Python\Python312\Lib\site-packages\anyio\_backends\_asyncio.py:2485: in run_sync_in_worker_thread
    return await future
           ^^^^^^^^^^^^
..\..\..\..\AppData\Local\Programs\Python\Python312\Lib\site-packages\anyio\_backends\_asyncio.py:976: in run
    result = context.run(func, *args)
             ^^^^^^^^^^^^^^^^^^^^^^^^
app\api\endpoints\dispatch.py:101: in dispatch_ambulance
    db.commit()
..\..\..\..\AppData\Local\Programs\Python\Python312\Lib\site-packages\sqlalchemy\orm\session.py:2030: in commit
    trans.commit(_to_root=True)
<string>:2: in commit
    ???
..\..\..\..\AppData\Local\Programs\Python\Python312\Lib\site-packages\sqlalchemy\orm\state_changes.py:137: in _go
    ret_value = fn(self, *arg, **kw)
                ^^^^^^^^^^^^^^^^^^^^
..\..\..\..\AppData\Local\Programs\Python\Python312\Lib\site-packages\sqlalchemy\orm\session.py:1311: in commit
    self._prepare_impl()
<string>:2: in _prepare_impl
    ???
..\..\..\..\AppData\Local\Programs\Python\Python312\Lib\site-packages\sqlalchemy\orm\state_changes.py:137: in _go
    ret_value = fn(self, *arg, **kw)
                ^^^^^^^^^^^^^^^^^^^^
..\..\..\..\AppData\Local\Programs\Python\Python312\Lib\site-packages\sqlalchemy\orm\session.py:1286: in _prepare_impl
    self.session.flush()
..\..\..\..\AppData\Local\Programs\Python\Python312\Lib\site-packages\sqlalchemy\orm\session.py:4331: in flush
    self._flush(objects)
..\..\..\..\AppData\Local\Programs\Python\Python312\Lib\site-packages\sqlalchemy\orm\session.py:4466: in _flush
    with util.safe_reraise():
         ^^^^^^^^^^^^^^^^^^^
..\..\..\..\AppData\Local\Programs\Python\Python312\Lib\site-packages\sqlalchemy\util\langhelpers.py:224: in __exit__
    raise exc_value.with_traceback(exc_tb)
..\..\..\..\AppData\Local\Programs\Python\Python312\Lib\site-packages\sqlalchemy\orm\session.py:4427: in _flush
    flush_context.execute()
..\..\..\..\AppData\Local\Programs\Python\Python312\Lib\site-packages\sqlalchemy\orm\unitofwork.py:466: in execute
    rec.execute(self)
..\..\..\..\AppData\Local\Programs\Python\Python312\Lib\site-packages\sqlalchemy\orm\unitofwork.py:642: in execute
    util.preloaded.orm_persistence.save_obj(
..\..\..\..\AppData\Local\Programs\Python\Python312\Lib\site-packages\sqlalchemy\orm\persistence.py:93: in save_obj
    _emit_insert_statements(
..\..\..\..\AppData\Local\Programs\Python\Python312\Lib\site-packages\sqlalchemy\orm\persistence.py:1233: in _emit_insert_statements
    result = connection.execute(
..\..\..\..\AppData\Local\Programs\Python\Python312\Lib\site-packages\sqlalchemy\engine\base.py:1419: in execute
    return meth(
..\..\..\..\AppData\Local\Programs\Python\Python312\Lib\site-packages\sqlalchemy\sql\elements.py:526: in _execute_on_connection
    return connection._execute_clauseelement(
..\..\..\..\AppData\Local\Programs\Python\Python312\Lib\site-packages\sqlalchemy\engine\base.py:1641: in _execute_clauseelement
    ret = self._execute_context(
..\..\..\..\AppData\Local\Programs\Python\Python312\Lib\site-packages\sqlalchemy\engine\base.py:1846: in _execute_context
    return self._exec_single_context(
..\..\..\..\AppData\Local\Programs\Python\Python312\Lib\site-packages\sqlalchemy\engine\base.py:1986: in _exec_single_context
    self._handle_dbapi_exception(
..\..\..\..\AppData\Local\Programs\Python\Python312\Lib\site-packages\sqlalchemy\engine\base.py:2355: in _handle_dbapi_exception
    raise sqlalchemy_exception.with_traceback(exc_info[2]) from e
..\..\..\..\AppData\Local\Programs\Python\Python312\Lib\site-packages\sqlalchemy\engine\base.py:1967: in _exec_single_context
    self.dialect.do_execute(
_ _ _ _ _ _ _ _ _ _ _ _ _ _ _ _ _ _ _ _ _ _ _ _ _ _ _ _ _ _ _ _ _ _ _ _ _ _ _ _

self = <sqlalchemy.dialects.postgresql.psycopg2.PGDialect_psycopg2 object at 0x000002866602F740>
cursor = <cursor object at 0x00000286688A7D80; closed: -1>
statement = 'INSERT INTO cases (user_id, condition, custom_condition, equipment_needed, ambulance_lat, ambulance_lng, assigned_hos...l_id)s, %(final_score)s, %(distance_km)s, %(eta_minutes)s, %(notes)s, %(status)s) RETURNING cases.id, cases.created_at'
parameters = {'ambulance_lat': 29.86, 'ambulance_lng': 77.89, 'assigned_hospital_id': 28, 'condition': 'cardiac_arrest', ...}
context = <sqlalchemy.dialects.postgresql.psycopg2.PGExecutionContext_psycopg2 object at 0x00000286677C4AD0>

    def do_execute(self, cursor, statement, parameters, context=None):
>       cursor.execute(statement, parameters)
E       sqlalchemy.exc.ProgrammingError: (psycopg2.errors.UndefinedColumn) column "status" of relation "cases" does not exist
E       LINE 1: ...id, final_score, distance_km, eta_minutes, notes, status) VA...
E                                                                    ^
E       
E       [SQL: INSERT INTO cases (user_id, condition, custom_condition, equipment_needed, ambulance_lat, ambulance_lng, assigned_hospital_id, final_score, distance_km, eta_minutes, notes, status) VALUES (%(user_id)s, %(condition)s, %(custom_condition)s, %(equipment_needed)s::VARCHAR[], %(ambulance_lat)s, %(ambulance_lng)s, %(assigned_hospital_id)s, %(final_score)s, %(distance_km)s, %(eta_minutes)s, %(notes)s, %(status)s) RETURNING cases.id, cases.created_at]
E       [parameters: {'user_id': 237, 'condition': 'cardiac_arrest', 'custom_condition': None, 'equipment_needed': ['ecg'], 'ambulance_lat': 29.86, 'ambulance_lng': 77.89, 'assigned_hospital_id': 28, 'final_score': 0.4958, 'distance_km': 1.37, 'eta_minutes': 2, 'notes': None, 'status': 'dispatched'}]
E       (Background on this error at: https://sqlalche.me/e/20/f405)

..\..\..\..\AppData\Local\Programs\Python\Python312\Lib\site-packages\sqlalchemy\engine\default.py:951: ProgrammingError
_____ TestCaseStatusUpdateEndpoint.test_invalid_skip_transition_rejected ______

self = <sqlalchemy.engine.base.Connection object at 0x00000286677A18B0>
dialect = <sqlalchemy.dialects.postgresql.psycopg2.PGDialect_psycopg2 object at 0x000002866602F740>
context = <sqlalchemy.dialects.postgresql.psycopg2.PGExecutionContext_psycopg2 object at 0x00000286688CAB10>
statement = <sqlalchemy.dialects.postgresql.base.PGCompiler object at 0x00000286688DB2F0>
parameters = [{'ambulance_lat': 29.86, 'ambulance_lng': 77.89, 'assigned_hospital_id': 28, 'condition': 'cardiac_arrest', ...}]

    def _exec_single_context(
        self,
        dialect: Dialect,
        context: ExecutionContext,
        statement: Union[str, Compiled],
        parameters: Optional[_AnyMultiExecuteParams],
    ) -> CursorResult[Any]:
        """continue the _execute_context() method for a single DBAPI
        cursor.execute() or cursor.executemany() call.
    
        """
        if dialect.bind_typing is BindTyping.SETINPUTSIZES:
            generic_setinputsizes = context._prepare_set_input_sizes()
    
            if generic_setinputsizes:
                try:
                    dialect.do_set_input_sizes(
                        context.cursor, generic_setinputsizes, context
                    )
                except BaseException as e:
                    self._handle_dbapi_exception(
                        e, str(statement), parameters, None, context
                    )
    
        cursor, str_statement, parameters = (
            context.cursor,
            context.statement,
            context.parameters,
        )
    
        effective_parameters: Optional[_AnyExecuteParams]
    
        if not context.executemany:
            effective_parameters = parameters[0]
        else:
            effective_parameters = parameters
    
        if self._has_events or self.engine._has_events:
            for fn in self.dispatch.before_cursor_execute:
                str_statement, effective_parameters = fn(
                    self,
                    cursor,
                    str_statement,
                    effective_parameters,
                    context,
                    context.executemany,
                )
    
        if self._echo:
            self._log_info(str_statement)
    
            stats = context._get_cache_stats()
    
            if not self.engine.hide_parameters:
                self._log_info(
                    "[%s] %r",
                    stats,
                    sql_util._repr_params(
                        effective_parameters,
                        batches=10,
                        ismulti=context.executemany,
                    ),
                )
            else:
                self._log_info(
                    "[%s] [SQL parameters hidden due to hide_parameters=True]",
                    stats,
                )
    
        evt_handled: bool = False
        try:
            if context.execute_style is ExecuteStyle.EXECUTEMANY:
                effective_parameters = cast(
                    "_CoreMultiExecuteParams", effective_parameters
                )
                if self.dialect._has_events:
                    for fn in self.dialect.dispatch.do_executemany:
                        if fn(
                            cursor,
                            str_statement,
                            effective_parameters,
                            context,
                        ):
                            evt_handled = True
                            break
                if not evt_handled:
                    self.dialect.do_executemany(
                        cursor,
                        str_statement,
                        effective_parameters,
                        context,
                    )
            elif not effective_parameters and context.no_parameters:
                if self.dialect._has_events:
                    for fn in self.dialect.dispatch.do_execute_no_params:
                        if fn(cursor, str_statement, context):
                            evt_handled = True
                            break
                if not evt_handled:
                    self.dialect.do_execute_no_params(
                        cursor, str_statement, context
                    )
            else:
                effective_parameters = cast(
                    "_CoreSingleExecuteParams", effective_parameters
                )
                if self.dialect._has_events:
                    for fn in self.dialect.dispatch.do_execute:
                        if fn(
                            cursor,
                            str_statement,
                            effective_parameters,
                            context,
                        ):
                            evt_handled = True
                            break
                if not evt_handled:
>                   self.dialect.do_execute(
                        cursor, str_statement, effective_parameters, context
                    )

..\..\..\..\AppData\Local\Programs\Python\Python312\Lib\site-packages\sqlalchemy\engine\base.py:1967: 
_ _ _ _ _ _ _ _ _ _ _ _ _ _ _ _ _ _ _ _ _ _ _ _ _ _ _ _ _ _ _ _ _ _ _ _ _ _ _ _

self = <sqlalchemy.dialects.postgresql.psycopg2.PGDialect_psycopg2 object at 0x000002866602F740>
cursor = <cursor object at 0x0000028667C51EE0; closed: -1>
statement = 'INSERT INTO cases (user_id, condition, custom_condition, equipment_needed, ambulance_lat, ambulance_lng, assigned_hos...l_id)s, %(final_score)s, %(distance_km)s, %(eta_minutes)s, %(notes)s, %(status)s) RETURNING cases.id, cases.created_at'
parameters = {'ambulance_lat': 29.86, 'ambulance_lng': 77.89, 'assigned_hospital_id': 28, 'condition': 'cardiac_arrest', ...}
context = <sqlalchemy.dialects.postgresql.psycopg2.PGExecutionContext_psycopg2 object at 0x00000286688CAB10>

    def do_execute(self, cursor, statement, parameters, context=None):
>       cursor.execute(statement, parameters)
E       psycopg2.errors.UndefinedColumn: column "status" of relation "cases" does not exist
E       LINE 1: ...id, final_score, distance_km, eta_minutes, notes, status) VA...
E                                                                    ^

..\..\..\..\AppData\Local\Programs\Python\Python312\Lib\site-packages\sqlalchemy\engine\default.py:951: UndefinedColumn

The above exception was the direct cause of the following exception:

self = <tests.test_cases.TestCaseStatusUpdateEndpoint object at 0x000002866609A990>
client = <starlette.testclient.TestClient object at 0x00000286677A2C90>
auth_headers = {'Authorization': 'Bearer eyJhbGciOiJIUzI1NiIsInR5cCI6IkpXVCJ9.eyJzdWIiOiJ0ZXN0X2FtYl80YzQ3ZWNkOEB0ZXN0LmNvbSIsInJvbGUiOiJhbWJ1bGFuY2UiLCJob3NwaXRhbF9pZCI6bnVsbCwiZXhwIjoxNzc0OTYxMjcyfQ.ClEpMmfneqdtnNgURSIzn2HBfDXnI9MfcfgcVAXpsmE'}

    def test_invalid_skip_transition_rejected(self, client, auth_headers):
>       case_id = dispatch_case(client, auth_headers)
                  ^^^^^^^^^^^^^^^^^^^^^^^^^^^^^^^^^^^

tests\test_cases.py:63: 
_ _ _ _ _ _ _ _ _ _ _ _ _ _ _ _ _ _ _ _ _ _ _ _ _ _ _ _ _ _ _ _ _ _ _ _ _ _ _ _
tests\test_cases.py:10: in dispatch_case
    res = client.post("/api/dispatch/", json={
..\..\..\..\AppData\Local\Programs\Python\Python312\Lib\site-packages\starlette\testclient.py:546: in post
    return super().post(
..\..\..\..\AppData\Local\Programs\Python\Python312\Lib\site-packages\httpx\_client.py:1144: in post
    return self.request(
..\..\..\..\AppData\Local\Programs\Python\Python312\Lib\site-packages\starlette\testclient.py:445: in request
    return super().request(
..\..\..\..\AppData\Local\Programs\Python\Python312\Lib\site-packages\httpx\_client.py:825: in request
    return self.send(request, auth=auth, follow_redirects=follow_redirects)
           ^^^^^^^^^^^^^^^^^^^^^^^^^^^^^^^^^^^^^^^^^^^^^^^^^^^^^^^^^^^^^^^^
..\..\..\..\AppData\Local\Programs\Python\Python312\Lib\site-packages\httpx\_client.py:914: in send
    response = self._send_handling_auth(
..\..\..\..\AppData\Local\Programs\Python\Python312\Lib\site-packages\httpx\_client.py:942: in _send_handling_auth
    response = self._send_handling_redirects(
..\..\..\..\AppData\Local\Programs\Python\Python312\Lib\site-packages\httpx\_client.py:979: in _send_handling_redirects
    response = self._send_single_request(request)
               ^^^^^^^^^^^^^^^^^^^^^^^^^^^^^^^^^^
..\..\..\..\AppData\Local\Programs\Python\Python312\Lib\site-packages\httpx\_client.py:1014: in _send_single_request
    response = transport.handle_request(request)
               ^^^^^^^^^^^^^^^^^^^^^^^^^^^^^^^^^
..\..\..\..\AppData\Local\Programs\Python\Python312\Lib\site-packages\starlette\testclient.py:348: in handle_request
    raise exc
..\..\..\..\AppData\Local\Programs\Python\Python312\Lib\site-packages\starlette\testclient.py:345: in handle_request
    portal.call(self.app, scope, receive, send)
..\..\..\..\AppData\Local\Programs\Python\Python312\Lib\site-packages\anyio\from_thread.py:321: in call
    return cast(T_Retval, self.start_task_soon(func, *args).result())
                          ^^^^^^^^^^^^^^^^^^^^^^^^^^^^^^^^^^^^^^^^^^
..\..\..\..\AppData\Local\Programs\Python\Python312\Lib\concurrent\futures\_base.py:456: in result
    return self.__get_result()
           ^^^^^^^^^^^^^^^^^^^
..\..\..\..\AppData\Local\Programs\Python\Python312\Lib\concurrent\futures\_base.py:401: in __get_result
    raise self._exception
..\..\..\..\AppData\Local\Programs\Python\Python312\Lib\site-packages\anyio\from_thread.py:252: in _call_func
    retval = await retval_or_awaitable
             ^^^^^^^^^^^^^^^^^^^^^^^^^
..\..\..\..\AppData\Local\Programs\Python\Python312\Lib\site-packages\fastapi\applications.py:1134: in __call__
    await super().__call__(scope, receive, send)
..\..\..\..\AppData\Local\Programs\Python\Python312\Lib\site-packages\starlette\applications.py:107: in __call__
    await self.middleware_stack(scope, receive, send)
..\..\..\..\AppData\Local\Programs\Python\Python312\Lib\site-packages\starlette\middleware\errors.py:186: in __call__
    raise exc
..\..\..\..\AppData\Local\Programs\Python\Python312\Lib\site-packages\starlette\middleware\errors.py:164: in __call__
    await self.app(scope, receive, _send)
..\..\..\..\AppData\Local\Programs\Python\Python312\Lib\site-packages\starlette\middleware\cors.py:85: in __call__
    await self.app(scope, receive, send)
..\..\..\..\AppData\Local\Programs\Python\Python312\Lib\site-packages\starlette\middleware\exceptions.py:63: in __call__
    await wrap_app_handling_exceptions(self.app, conn)(scope, receive, send)
..\..\..\..\AppData\Local\Programs\Python\Python312\Lib\site-packages\starlette\_exception_handler.py:53: in wrapped_app
    raise exc
..\..\..\..\AppData\Local\Programs\Python\Python312\Lib\site-packages\starlette\_exception_handler.py:42: in wrapped_app
    await app(scope, receive, sender)
..\..\..\..\AppData\Local\Programs\Python\Python312\Lib\site-packages\fastapi\middleware\asyncexitstack.py:18: in __call__
    await self.app(scope, receive, send)
..\..\..\..\AppData\Local\Programs\Python\Python312\Lib\site-packages\starlette\routing.py:716: in __call__
    await self.middleware_stack(scope, receive, send)
..\..\..\..\AppData\Local\Programs\Python\Python312\Lib\site-packages\starlette\routing.py:736: in app
    await route.handle(scope, receive, send)
..\..\..\..\AppData\Local\Programs\Python\Python312\Lib\site-packages\starlette\routing.py:290: in handle
    await self.app(scope, receive, send)
..\..\..\..\AppData\Local\Programs\Python\Python312\Lib\site-packages\fastapi\routing.py:125: in app
    await wrap_app_handling_exceptions(app, request)(scope, receive, send)
..\..\..\..\AppData\Local\Programs\Python\Python312\Lib\site-packages\starlette\_exception_handler.py:53: in wrapped_app
    raise exc
..\..\..\..\AppData\Local\Programs\Python\Python312\Lib\site-packages\starlette\_exception_handler.py:42: in wrapped_app
    await app(scope, receive, sender)
..\..\..\..\AppData\Local\Programs\Python\Python312\Lib\site-packages\fastapi\routing.py:111: in app
    response = await f(request)
               ^^^^^^^^^^^^^^^^
..\..\..\..\AppData\Local\Programs\Python\Python312\Lib\site-packages\fastapi\routing.py:391: in app
    raw_response = await run_endpoint_function(
..\..\..\..\AppData\Local\Programs\Python\Python312\Lib\site-packages\fastapi\routing.py:292: in run_endpoint_function
    return await run_in_threadpool(dependant.call, **values)
           ^^^^^^^^^^^^^^^^^^^^^^^^^^^^^^^^^^^^^^^^^^^^^^^^^
..\..\..\..\AppData\Local\Programs\Python\Python312\Lib\site-packages\starlette\concurrency.py:32: in run_in_threadpool
    return await anyio.to_thread.run_sync(func)
           ^^^^^^^^^^^^^^^^^^^^^^^^^^^^^^^^^^^^
..\..\..\..\AppData\Local\Programs\Python\Python312\Lib\site-packages\anyio\to_thread.py:56: in run_sync
    return await get_async_backend().run_sync_in_worker_thread(
..\..\..\..\AppData\Local\Programs\Python\Python312\Lib\site-packages\anyio\_backends\_asyncio.py:2485: in run_sync_in_worker_thread
    return await future
           ^^^^^^^^^^^^
..\..\..\..\AppData\Local\Programs\Python\Python312\Lib\site-packages\anyio\_backends\_asyncio.py:976: in run
    result = context.run(func, *args)
             ^^^^^^^^^^^^^^^^^^^^^^^^
app\api\endpoints\dispatch.py:101: in dispatch_ambulance
    db.commit()
..\..\..\..\AppData\Local\Programs\Python\Python312\Lib\site-packages\sqlalchemy\orm\session.py:2030: in commit
    trans.commit(_to_root=True)
<string>:2: in commit
    ???
..\..\..\..\AppData\Local\Programs\Python\Python312\Lib\site-packages\sqlalchemy\orm\state_changes.py:137: in _go
    ret_value = fn(self, *arg, **kw)
                ^^^^^^^^^^^^^^^^^^^^
..\..\..\..\AppData\Local\Programs\Python\Python312\Lib\site-packages\sqlalchemy\orm\session.py:1311: in commit
    self._prepare_impl()
<string>:2: in _prepare_impl
    ???
..\..\..\..\AppData\Local\Programs\Python\Python312\Lib\site-packages\sqlalchemy\orm\state_changes.py:137: in _go
    ret_value = fn(self, *arg, **kw)
                ^^^^^^^^^^^^^^^^^^^^
..\..\..\..\AppData\Local\Programs\Python\Python312\Lib\site-packages\sqlalchemy\orm\session.py:1286: in _prepare_impl
    self.session.flush()
..\..\..\..\AppData\Local\Programs\Python\Python312\Lib\site-packages\sqlalchemy\orm\session.py:4331: in flush
    self._flush(objects)
..\..\..\..\AppData\Local\Programs\Python\Python312\Lib\site-packages\sqlalchemy\orm\session.py:4466: in _flush
    with util.safe_reraise():
         ^^^^^^^^^^^^^^^^^^^
..\..\..\..\AppData\Local\Programs\Python\Python312\Lib\site-packages\sqlalchemy\util\langhelpers.py:224: in __exit__
    raise exc_value.with_traceback(exc_tb)
..\..\..\..\AppData\Local\Programs\Python\Python312\Lib\site-packages\sqlalchemy\orm\session.py:4427: in _flush
    flush_context.execute()
..\..\..\..\AppData\Local\Programs\Python\Python312\Lib\site-packages\sqlalchemy\orm\unitofwork.py:466: in execute
    rec.execute(self)
..\..\..\..\AppData\Local\Programs\Python\Python312\Lib\site-packages\sqlalchemy\orm\unitofwork.py:642: in execute
    util.preloaded.orm_persistence.save_obj(
..\..\..\..\AppData\Local\Programs\Python\Python312\Lib\site-packages\sqlalchemy\orm\persistence.py:93: in save_obj
    _emit_insert_statements(
..\..\..\..\AppData\Local\Programs\Python\Python312\Lib\site-packages\sqlalchemy\orm\persistence.py:1233: in _emit_insert_statements
    result = connection.execute(
..\..\..\..\AppData\Local\Programs\Python\Python312\Lib\site-packages\sqlalchemy\engine\base.py:1419: in execute
    return meth(
..\..\..\..\AppData\Local\Programs\Python\Python312\Lib\site-packages\sqlalchemy\sql\elements.py:526: in _execute_on_connection
    return connection._execute_clauseelement(
..\..\..\..\AppData\Local\Programs\Python\Python312\Lib\site-packages\sqlalchemy\engine\base.py:1641: in _execute_clauseelement
    ret = self._execute_context(
..\..\..\..\AppData\Local\Programs\Python\Python312\Lib\site-packages\sqlalchemy\engine\base.py:1846: in _execute_context
    return self._exec_single_context(
..\..\..\..\AppData\Local\Programs\Python\Python312\Lib\site-packages\sqlalchemy\engine\base.py:1986: in _exec_single_context
    self._handle_dbapi_exception(
..\..\..\..\AppData\Local\Programs\Python\Python312\Lib\site-packages\sqlalchemy\engine\base.py:2355: in _handle_dbapi_exception
    raise sqlalchemy_exception.with_traceback(exc_info[2]) from e
..\..\..\..\AppData\Local\Programs\Python\Python312\Lib\site-packages\sqlalchemy\engine\base.py:1967: in _exec_single_context
    self.dialect.do_execute(
_ _ _ _ _ _ _ _ _ _ _ _ _ _ _ _ _ _ _ _ _ _ _ _ _ _ _ _ _ _ _ _ _ _ _ _ _ _ _ _

self = <sqlalchemy.dialects.postgresql.psycopg2.PGDialect_psycopg2 object at 0x000002866602F740>
cursor = <cursor object at 0x0000028667C51EE0; closed: -1>
statement = 'INSERT INTO cases (user_id, condition, custom_condition, equipment_needed, ambulance_lat, ambulance_lng, assigned_hos...l_id)s, %(final_score)s, %(distance_km)s, %(eta_minutes)s, %(notes)s, %(status)s) RETURNING cases.id, cases.created_at'
parameters = {'ambulance_lat': 29.86, 'ambulance_lng': 77.89, 'assigned_hospital_id': 28, 'condition': 'cardiac_arrest', ...}
context = <sqlalchemy.dialects.postgresql.psycopg2.PGExecutionContext_psycopg2 object at 0x00000286688CAB10>

    def do_execute(self, cursor, statement, parameters, context=None):
>       cursor.execute(statement, parameters)
E       sqlalchemy.exc.ProgrammingError: (psycopg2.errors.UndefinedColumn) column "status" of relation "cases" does not exist
E       LINE 1: ...id, final_score, distance_km, eta_minutes, notes, status) VA...
E                                                                    ^
E       
E       [SQL: INSERT INTO cases (user_id, condition, custom_condition, equipment_needed, ambulance_lat, ambulance_lng, assigned_hospital_id, final_score, distance_km, eta_minutes, notes, status) VALUES (%(user_id)s, %(condition)s, %(custom_condition)s, %(equipment_needed)s::VARCHAR[], %(ambulance_lat)s, %(ambulance_lng)s, %(assigned_hospital_id)s, %(final_score)s, %(distance_km)s, %(eta_minutes)s, %(notes)s, %(status)s) RETURNING cases.id, cases.created_at]
E       [parameters: {'user_id': 238, 'condition': 'cardiac_arrest', 'custom_condition': None, 'equipment_needed': ['ecg'], 'ambulance_lat': 29.86, 'ambulance_lng': 77.89, 'assigned_hospital_id': 28, 'final_score': 0.4958, 'distance_km': 1.37, 'eta_minutes': 2, 'notes': None, 'status': 'dispatched'}]
E       (Background on this error at: https://sqlalche.me/e/20/f405)

..\..\..\..\AppData\Local\Programs\Python\Python312\Lib\site-packages\sqlalchemy\engine\default.py:951: ProgrammingError
_______ TestCaseStatusUpdateEndpoint.test_backwards_transition_rejected _______

self = <sqlalchemy.engine.base.Connection object at 0x000002866771D850>
dialect = <sqlalchemy.dialects.postgresql.psycopg2.PGDialect_psycopg2 object at 0x000002866602F740>
context = <sqlalchemy.dialects.postgresql.psycopg2.PGExecutionContext_psycopg2 object at 0x00000286677EE870>
statement = <sqlalchemy.dialects.postgresql.base.PGCompiler object at 0x00000286688DB2F0>
parameters = [{'ambulance_lat': 29.86, 'ambulance_lng': 77.89, 'assigned_hospital_id': 28, 'condition': 'cardiac_arrest', ...}]

    def _exec_single_context(
        self,
        dialect: Dialect,
        context: ExecutionContext,
        statement: Union[str, Compiled],
        parameters: Optional[_AnyMultiExecuteParams],
    ) -> CursorResult[Any]:
        """continue the _execute_context() method for a single DBAPI
        cursor.execute() or cursor.executemany() call.
    
        """
        if dialect.bind_typing is BindTyping.SETINPUTSIZES:
            generic_setinputsizes = context._prepare_set_input_sizes()
    
            if generic_setinputsizes:
                try:
                    dialect.do_set_input_sizes(
                        context.cursor, generic_setinputsizes, context
                    )
                except BaseException as e:
                    self._handle_dbapi_exception(
                        e, str(statement), parameters, None, context
                    )
    
        cursor, str_statement, parameters = (
            context.cursor,
            context.statement,
            context.parameters,
        )
    
        effective_parameters: Optional[_AnyExecuteParams]
    
        if not context.executemany:
            effective_parameters = parameters[0]
        else:
            effective_parameters = parameters
    
        if self._has_events or self.engine._has_events:
            for fn in self.dispatch.before_cursor_execute:
                str_statement, effective_parameters = fn(
                    self,
                    cursor,
                    str_statement,
                    effective_parameters,
                    context,
                    context.executemany,
                )
    
        if self._echo:
            self._log_info(str_statement)
    
            stats = context._get_cache_stats()
    
            if not self.engine.hide_parameters:
                self._log_info(
                    "[%s] %r",
                    stats,
                    sql_util._repr_params(
                        effective_parameters,
                        batches=10,
                        ismulti=context.executemany,
                    ),
                )
            else:
                self._log_info(
                    "[%s] [SQL parameters hidden due to hide_parameters=True]",
                    stats,
                )
    
        evt_handled: bool = False
        try:
            if context.execute_style is ExecuteStyle.EXECUTEMANY:
                effective_parameters = cast(
                    "_CoreMultiExecuteParams", effective_parameters
                )
                if self.dialect._has_events:
                    for fn in self.dialect.dispatch.do_executemany:
                        if fn(
                            cursor,
                            str_statement,
                            effective_parameters,
                            context,
                        ):
                            evt_handled = True
                            break
                if not evt_handled:
                    self.dialect.do_executemany(
                        cursor,
                        str_statement,
                        effective_parameters,
                        context,
                    )
            elif not effective_parameters and context.no_parameters:
                if self.dialect._has_events:
                    for fn in self.dialect.dispatch.do_execute_no_params:
                        if fn(cursor, str_statement, context):
                            evt_handled = True
                            break
                if not evt_handled:
                    self.dialect.do_execute_no_params(
                        cursor, str_statement, context
                    )
            else:
                effective_parameters = cast(
                    "_CoreSingleExecuteParams", effective_parameters
                )
                if self.dialect._has_events:
                    for fn in self.dialect.dispatch.do_execute:
                        if fn(
                            cursor,
                            str_statement,
                            effective_parameters,
                            context,
                        ):
                            evt_handled = True
                            break
                if not evt_handled:
>                   self.dialect.do_execute(
                        cursor, str_statement, effective_parameters, context
                    )

..\..\..\..\AppData\Local\Programs\Python\Python312\Lib\site-packages\sqlalchemy\engine\base.py:1967: 
_ _ _ _ _ _ _ _ _ _ _ _ _ _ _ _ _ _ _ _ _ _ _ _ _ _ _ _ _ _ _ _ _ _ _ _ _ _ _ _

self = <sqlalchemy.dialects.postgresql.psycopg2.PGDialect_psycopg2 object at 0x000002866602F740>
cursor = <cursor object at 0x00000286676290E0; closed: -1>
statement = 'INSERT INTO cases (user_id, condition, custom_condition, equipment_needed, ambulance_lat, ambulance_lng, assigned_hos...l_id)s, %(final_score)s, %(distance_km)s, %(eta_minutes)s, %(notes)s, %(status)s) RETURNING cases.id, cases.created_at'
parameters = {'ambulance_lat': 29.86, 'ambulance_lng': 77.89, 'assigned_hospital_id': 28, 'condition': 'cardiac_arrest', ...}
context = <sqlalchemy.dialects.postgresql.psycopg2.PGExecutionContext_psycopg2 object at 0x00000286677EE870>

    def do_execute(self, cursor, statement, parameters, context=None):
>       cursor.execute(statement, parameters)
E       psycopg2.errors.UndefinedColumn: column "status" of relation "cases" does not exist
E       LINE 1: ...id, final_score, distance_km, eta_minutes, notes, status) VA...
E                                                                    ^

..\..\..\..\AppData\Local\Programs\Python\Python312\Lib\site-packages\sqlalchemy\engine\default.py:951: UndefinedColumn

The above exception was the direct cause of the following exception:

self = <tests.test_cases.TestCaseStatusUpdateEndpoint object at 0x000002866609ACC0>
client = <starlette.testclient.TestClient object at 0x000002866771E150>
auth_headers = {'Authorization': 'Bearer eyJhbGciOiJIUzI1NiIsInR5cCI6IkpXVCJ9.eyJzdWIiOiJ0ZXN0X2FtYl81ZDQ4Njc5OEB0ZXN0LmNvbSIsInJvbGUiOiJhbWJ1bGFuY2UiLCJob3NwaXRhbF9pZCI6bnVsbCwiZXhwIjoxNzc0OTYxMjc1fQ.UYtCUOLLH3w2C-A4U87Sby2O2mc-yZjojLXK1TzxbNc'}

    def test_backwards_transition_rejected(self, client, auth_headers):
>       case_id = dispatch_case(client, auth_headers)
                  ^^^^^^^^^^^^^^^^^^^^^^^^^^^^^^^^^^^

tests\test_cases.py:69: 
_ _ _ _ _ _ _ _ _ _ _ _ _ _ _ _ _ _ _ _ _ _ _ _ _ _ _ _ _ _ _ _ _ _ _ _ _ _ _ _
tests\test_cases.py:10: in dispatch_case
    res = client.post("/api/dispatch/", json={
..\..\..\..\AppData\Local\Programs\Python\Python312\Lib\site-packages\starlette\testclient.py:546: in post
    return super().post(
..\..\..\..\AppData\Local\Programs\Python\Python312\Lib\site-packages\httpx\_client.py:1144: in post
    return self.request(
..\..\..\..\AppData\Local\Programs\Python\Python312\Lib\site-packages\starlette\testclient.py:445: in request
    return super().request(
..\..\..\..\AppData\Local\Programs\Python\Python312\Lib\site-packages\httpx\_client.py:825: in request
    return self.send(request, auth=auth, follow_redirects=follow_redirects)
           ^^^^^^^^^^^^^^^^^^^^^^^^^^^^^^^^^^^^^^^^^^^^^^^^^^^^^^^^^^^^^^^^
..\..\..\..\AppData\Local\Programs\Python\Python312\Lib\site-packages\httpx\_client.py:914: in send
    response = self._send_handling_auth(
..\..\..\..\AppData\Local\Programs\Python\Python312\Lib\site-packages\httpx\_client.py:942: in _send_handling_auth
    response = self._send_handling_redirects(
..\..\..\..\AppData\Local\Programs\Python\Python312\Lib\site-packages\httpx\_client.py:979: in _send_handling_redirects
    response = self._send_single_request(request)
               ^^^^^^^^^^^^^^^^^^^^^^^^^^^^^^^^^^
..\..\..\..\AppData\Local\Programs\Python\Python312\Lib\site-packages\httpx\_client.py:1014: in _send_single_request
    response = transport.handle_request(request)
               ^^^^^^^^^^^^^^^^^^^^^^^^^^^^^^^^^
..\..\..\..\AppData\Local\Programs\Python\Python312\Lib\site-packages\starlette\testclient.py:348: in handle_request
    raise exc
..\..\..\..\AppData\Local\Programs\Python\Python312\Lib\site-packages\starlette\testclient.py:345: in handle_request
    portal.call(self.app, scope, receive, send)
..\..\..\..\AppData\Local\Programs\Python\Python312\Lib\site-packages\anyio\from_thread.py:321: in call
    return cast(T_Retval, self.start_task_soon(func, *args).result())
                          ^^^^^^^^^^^^^^^^^^^^^^^^^^^^^^^^^^^^^^^^^^
..\..\..\..\AppData\Local\Programs\Python\Python312\Lib\concurrent\futures\_base.py:456: in result
    return self.__get_result()
           ^^^^^^^^^^^^^^^^^^^
..\..\..\..\AppData\Local\Programs\Python\Python312\Lib\concurrent\futures\_base.py:401: in __get_result
    raise self._exception
..\..\..\..\AppData\Local\Programs\Python\Python312\Lib\site-packages\anyio\from_thread.py:252: in _call_func
    retval = await retval_or_awaitable
             ^^^^^^^^^^^^^^^^^^^^^^^^^
..\..\..\..\AppData\Local\Programs\Python\Python312\Lib\site-packages\fastapi\applications.py:1134: in __call__
    await super().__call__(scope, receive, send)
..\..\..\..\AppData\Local\Programs\Python\Python312\Lib\site-packages\starlette\applications.py:107: in __call__
    await self.middleware_stack(scope, receive, send)
..\..\..\..\AppData\Local\Programs\Python\Python312\Lib\site-packages\starlette\middleware\errors.py:186: in __call__
    raise exc
..\..\..\..\AppData\Local\Programs\Python\Python312\Lib\site-packages\starlette\middleware\errors.py:164: in __call__
    await self.app(scope, receive, _send)
..\..\..\..\AppData\Local\Programs\Python\Python312\Lib\site-packages\starlette\middleware\cors.py:85: in __call__
    await self.app(scope, receive, send)
..\..\..\..\AppData\Local\Programs\Python\Python312\Lib\site-packages\starlette\middleware\exceptions.py:63: in __call__
    await wrap_app_handling_exceptions(self.app, conn)(scope, receive, send)
..\..\..\..\AppData\Local\Programs\Python\Python312\Lib\site-packages\starlette\_exception_handler.py:53: in wrapped_app
    raise exc
..\..\..\..\AppData\Local\Programs\Python\Python312\Lib\site-packages\starlette\_exception_handler.py:42: in wrapped_app
    await app(scope, receive, sender)
..\..\..\..\AppData\Local\Programs\Python\Python312\Lib\site-packages\fastapi\middleware\asyncexitstack.py:18: in __call__
    await self.app(scope, receive, send)
..\..\..\..\AppData\Local\Programs\Python\Python312\Lib\site-packages\starlette\routing.py:716: in __call__
    await self.middleware_stack(scope, receive, send)
..\..\..\..\AppData\Local\Programs\Python\Python312\Lib\site-packages\starlette\routing.py:736: in app
    await route.handle(scope, receive, send)
..\..\..\..\AppData\Local\Programs\Python\Python312\Lib\site-packages\starlette\routing.py:290: in handle
    await self.app(scope, receive, send)
..\..\..\..\AppData\Local\Programs\Python\Python312\Lib\site-packages\fastapi\routing.py:125: in app
    await wrap_app_handling_exceptions(app, request)(scope, receive, send)
..\..\..\..\AppData\Local\Programs\Python\Python312\Lib\site-packages\starlette\_exception_handler.py:53: in wrapped_app
    raise exc
..\..\..\..\AppData\Local\Programs\Python\Python312\Lib\site-packages\starlette\_exception_handler.py:42: in wrapped_app
    await app(scope, receive, sender)
..\..\..\..\AppData\Local\Programs\Python\Python312\Lib\site-packages\fastapi\routing.py:111: in app
    response = await f(request)
               ^^^^^^^^^^^^^^^^
..\..\..\..\AppData\Local\Programs\Python\Python312\Lib\site-packages\fastapi\routing.py:391: in app
    raw_response = await run_endpoint_function(
..\..\..\..\AppData\Local\Programs\Python\Python312\Lib\site-packages\fastapi\routing.py:292: in run_endpoint_function
    return await run_in_threadpool(dependant.call, **values)
           ^^^^^^^^^^^^^^^^^^^^^^^^^^^^^^^^^^^^^^^^^^^^^^^^^
..\..\..\..\AppData\Local\Programs\Python\Python312\Lib\site-packages\starlette\concurrency.py:32: in run_in_threadpool
    return await anyio.to_thread.run_sync(func)
           ^^^^^^^^^^^^^^^^^^^^^^^^^^^^^^^^^^^^
..\..\..\..\AppData\Local\Programs\Python\Python312\Lib\site-packages\anyio\to_thread.py:56: in run_sync
    return await get_async_backend().run_sync_in_worker_thread(
..\..\..\..\AppData\Local\Programs\Python\Python312\Lib\site-packages\anyio\_backends\_asyncio.py:2485: in run_sync_in_worker_thread
    return await future
           ^^^^^^^^^^^^
..\..\..\..\AppData\Local\Programs\Python\Python312\Lib\site-packages\anyio\_backends\_asyncio.py:976: in run
    result = context.run(func, *args)
             ^^^^^^^^^^^^^^^^^^^^^^^^
app\api\endpoints\dispatch.py:101: in dispatch_ambulance
    db.commit()
..\..\..\..\AppData\Local\Programs\Python\Python312\Lib\site-packages\sqlalchemy\orm\session.py:2030: in commit
    trans.commit(_to_root=True)
<string>:2: in commit
    ???
..\..\..\..\AppData\Local\Programs\Python\Python312\Lib\site-packages\sqlalchemy\orm\state_changes.py:137: in _go
    ret_value = fn(self, *arg, **kw)
                ^^^^^^^^^^^^^^^^^^^^
..\..\..\..\AppData\Local\Programs\Python\Python312\Lib\site-packages\sqlalchemy\orm\session.py:1311: in commit
    self._prepare_impl()
<string>:2: in _prepare_impl
    ???
..\..\..\..\AppData\Local\Programs\Python\Python312\Lib\site-packages\sqlalchemy\orm\state_changes.py:137: in _go
    ret_value = fn(self, *arg, **kw)
                ^^^^^^^^^^^^^^^^^^^^
..\..\..\..\AppData\Local\Programs\Python\Python312\Lib\site-packages\sqlalchemy\orm\session.py:1286: in _prepare_impl
    self.session.flush()
..\..\..\..\AppData\Local\Programs\Python\Python312\Lib\site-packages\sqlalchemy\orm\session.py:4331: in flush
    self._flush(objects)
..\..\..\..\AppData\Local\Programs\Python\Python312\Lib\site-packages\sqlalchemy\orm\session.py:4466: in _flush
    with util.safe_reraise():
         ^^^^^^^^^^^^^^^^^^^
..\..\..\..\AppData\Local\Programs\Python\Python312\Lib\site-packages\sqlalchemy\util\langhelpers.py:224: in __exit__
    raise exc_value.with_traceback(exc_tb)
..\..\..\..\AppData\Local\Programs\Python\Python312\Lib\site-packages\sqlalchemy\orm\session.py:4427: in _flush
    flush_context.execute()
..\..\..\..\AppData\Local\Programs\Python\Python312\Lib\site-packages\sqlalchemy\orm\unitofwork.py:466: in execute
    rec.execute(self)
..\..\..\..\AppData\Local\Programs\Python\Python312\Lib\site-packages\sqlalchemy\orm\unitofwork.py:642: in execute
    util.preloaded.orm_persistence.save_obj(
..\..\..\..\AppData\Local\Programs\Python\Python312\Lib\site-packages\sqlalchemy\orm\persistence.py:93: in save_obj
    _emit_insert_statements(
..\..\..\..\AppData\Local\Programs\Python\Python312\Lib\site-packages\sqlalchemy\orm\persistence.py:1233: in _emit_insert_statements
    result = connection.execute(
..\..\..\..\AppData\Local\Programs\Python\Python312\Lib\site-packages\sqlalchemy\engine\base.py:1419: in execute
    return meth(
..\..\..\..\AppData\Local\Programs\Python\Python312\Lib\site-packages\sqlalchemy\sql\elements.py:526: in _execute_on_connection
    return connection._execute_clauseelement(
..\..\..\..\AppData\Local\Programs\Python\Python312\Lib\site-packages\sqlalchemy\engine\base.py:1641: in _execute_clauseelement
    ret = self._execute_context(
..\..\..\..\AppData\Local\Programs\Python\Python312\Lib\site-packages\sqlalchemy\engine\base.py:1846: in _execute_context
    return self._exec_single_context(
..\..\..\..\AppData\Local\Programs\Python\Python312\Lib\site-packages\sqlalchemy\engine\base.py:1986: in _exec_single_context
    self._handle_dbapi_exception(
..\..\..\..\AppData\Local\Programs\Python\Python312\Lib\site-packages\sqlalchemy\engine\base.py:2355: in _handle_dbapi_exception
    raise sqlalchemy_exception.with_traceback(exc_info[2]) from e
..\..\..\..\AppData\Local\Programs\Python\Python312\Lib\site-packages\sqlalchemy\engine\base.py:1967: in _exec_single_context
    self.dialect.do_execute(
_ _ _ _ _ _ _ _ _ _ _ _ _ _ _ _ _ _ _ _ _ _ _ _ _ _ _ _ _ _ _ _ _ _ _ _ _ _ _ _

self = <sqlalchemy.dialects.postgresql.psycopg2.PGDialect_psycopg2 object at 0x000002866602F740>
cursor = <cursor object at 0x00000286676290E0; closed: -1>
statement = 'INSERT INTO cases (user_id, condition, custom_condition, equipment_needed, ambulance_lat, ambulance_lng, assigned_hos...l_id)s, %(final_score)s, %(distance_km)s, %(eta_minutes)s, %(notes)s, %(status)s) RETURNING cases.id, cases.created_at'
parameters = {'ambulance_lat': 29.86, 'ambulance_lng': 77.89, 'assigned_hospital_id': 28, 'condition': 'cardiac_arrest', ...}
context = <sqlalchemy.dialects.postgresql.psycopg2.PGExecutionContext_psycopg2 object at 0x00000286677EE870>

    def do_execute(self, cursor, statement, parameters, context=None):
>       cursor.execute(statement, parameters)
E       sqlalchemy.exc.ProgrammingError: (psycopg2.errors.UndefinedColumn) column "status" of relation "cases" does not exist
E       LINE 1: ...id, final_score, distance_km, eta_minutes, notes, status) VA...
E                                                                    ^
E       
E       [SQL: INSERT INTO cases (user_id, condition, custom_condition, equipment_needed, ambulance_lat, ambulance_lng, assigned_hospital_id, final_score, distance_km, eta_minutes, notes, status) VALUES (%(user_id)s, %(condition)s, %(custom_condition)s, %(equipment_needed)s::VARCHAR[], %(ambulance_lat)s, %(ambulance_lng)s, %(assigned_hospital_id)s, %(final_score)s, %(distance_km)s, %(eta_minutes)s, %(notes)s, %(status)s) RETURNING cases.id, cases.created_at]
E       [parameters: {'user_id': 239, 'condition': 'cardiac_arrest', 'custom_condition': None, 'equipment_needed': ['ecg'], 'ambulance_lat': 29.86, 'ambulance_lng': 77.89, 'assigned_hospital_id': 28, 'final_score': 0.4958, 'distance_km': 1.37, 'eta_minutes': 2, 'notes': None, 'status': 'dispatched'}]
E       (Background on this error at: https://sqlalche.me/e/20/f405)

..\..\..\..\AppData\Local\Programs\Python\Python312\Lib\site-packages\sqlalchemy\engine\default.py:951: ProgrammingError
_ TestCaseStatusUpdateEndpoint.test_cancel_from_any_state_succeeds[status_seq0] _

self = <sqlalchemy.engine.base.Connection object at 0x0000028667948E30>
dialect = <sqlalchemy.dialects.postgresql.psycopg2.PGDialect_psycopg2 object at 0x000002866602F740>
context = <sqlalchemy.dialects.postgresql.psycopg2.PGExecutionContext_psycopg2 object at 0x00000286677A1850>
statement = <sqlalchemy.dialects.postgresql.base.PGCompiler object at 0x00000286688DB2F0>
parameters = [{'ambulance_lat': 29.86, 'ambulance_lng': 77.89, 'assigned_hospital_id': 28, 'condition': 'cardiac_arrest', ...}]

    def _exec_single_context(
        self,
        dialect: Dialect,
        context: ExecutionContext,
        statement: Union[str, Compiled],
        parameters: Optional[_AnyMultiExecuteParams],
    ) -> CursorResult[Any]:
        """continue the _execute_context() method for a single DBAPI
        cursor.execute() or cursor.executemany() call.
    
        """
        if dialect.bind_typing is BindTyping.SETINPUTSIZES:
            generic_setinputsizes = context._prepare_set_input_sizes()
    
            if generic_setinputsizes:
                try:
                    dialect.do_set_input_sizes(
                        context.cursor, generic_setinputsizes, context
                    )
                except BaseException as e:
                    self._handle_dbapi_exception(
                        e, str(statement), parameters, None, context
                    )
    
        cursor, str_statement, parameters = (
            context.cursor,
            context.statement,
            context.parameters,
        )
    
        effective_parameters: Optional[_AnyExecuteParams]
    
        if not context.executemany:
            effective_parameters = parameters[0]
        else:
            effective_parameters = parameters
    
        if self._has_events or self.engine._has_events:
            for fn in self.dispatch.before_cursor_execute:
                str_statement, effective_parameters = fn(
                    self,
                    cursor,
                    str_statement,
                    effective_parameters,
                    context,
                    context.executemany,
                )
    
        if self._echo:
            self._log_info(str_statement)
    
            stats = context._get_cache_stats()
    
            if not self.engine.hide_parameters:
                self._log_info(
                    "[%s] %r",
                    stats,
                    sql_util._repr_params(
                        effective_parameters,
                        batches=10,
                        ismulti=context.executemany,
                    ),
                )
            else:
                self._log_info(
                    "[%s] [SQL parameters hidden due to hide_parameters=True]",
                    stats,
                )
    
        evt_handled: bool = False
        try:
            if context.execute_style is ExecuteStyle.EXECUTEMANY:
                effective_parameters = cast(
                    "_CoreMultiExecuteParams", effective_parameters
                )
                if self.dialect._has_events:
                    for fn in self.dialect.dispatch.do_executemany:
                        if fn(
                            cursor,
                            str_statement,
                            effective_parameters,
                            context,
                        ):
                            evt_handled = True
                            break
                if not evt_handled:
                    self.dialect.do_executemany(
                        cursor,
                        str_statement,
                        effective_parameters,
                        context,
                    )
            elif not effective_parameters and context.no_parameters:
                if self.dialect._has_events:
                    for fn in self.dialect.dispatch.do_execute_no_params:
                        if fn(cursor, str_statement, context):
                            evt_handled = True
                            break
                if not evt_handled:
                    self.dialect.do_execute_no_params(
                        cursor, str_statement, context
                    )
            else:
                effective_parameters = cast(
                    "_CoreSingleExecuteParams", effective_parameters
                )
                if self.dialect._has_events:
                    for fn in self.dialect.dispatch.do_execute:
                        if fn(
                            cursor,
                            str_statement,
                            effective_parameters,
                            context,
                        ):
                            evt_handled = True
                            break
                if not evt_handled:
>                   self.dialect.do_execute(
                        cursor, str_statement, effective_parameters, context
                    )

..\..\..\..\AppData\Local\Programs\Python\Python312\Lib\site-packages\sqlalchemy\engine\base.py:1967: 
_ _ _ _ _ _ _ _ _ _ _ _ _ _ _ _ _ _ _ _ _ _ _ _ _ _ _ _ _ _ _ _ _ _ _ _ _ _ _ _

self = <sqlalchemy.dialects.postgresql.psycopg2.PGDialect_psycopg2 object at 0x000002866602F740>
cursor = <cursor object at 0x00000286688A4F20; closed: -1>
statement = 'INSERT INTO cases (user_id, condition, custom_condition, equipment_needed, ambulance_lat, ambulance_lng, assigned_hos...l_id)s, %(final_score)s, %(distance_km)s, %(eta_minutes)s, %(notes)s, %(status)s) RETURNING cases.id, cases.created_at'
parameters = {'ambulance_lat': 29.86, 'ambulance_lng': 77.89, 'assigned_hospital_id': 28, 'condition': 'cardiac_arrest', ...}
context = <sqlalchemy.dialects.postgresql.psycopg2.PGExecutionContext_psycopg2 object at 0x00000286677A1850>

    def do_execute(self, cursor, statement, parameters, context=None):
>       cursor.execute(statement, parameters)
E       psycopg2.errors.UndefinedColumn: column "status" of relation "cases" does not exist
E       LINE 1: ...id, final_score, distance_km, eta_minutes, notes, status) VA...
E                                                                    ^

..\..\..\..\AppData\Local\Programs\Python\Python312\Lib\site-packages\sqlalchemy\engine\default.py:951: UndefinedColumn

The above exception was the direct cause of the following exception:

self = <tests.test_cases.TestCaseStatusUpdateEndpoint object at 0x000002866609B140>
client = <starlette.testclient.TestClient object at 0x0000028667949880>
auth_headers = {'Authorization': 'Bearer eyJhbGciOiJIUzI1NiIsInR5cCI6IkpXVCJ9.eyJzdWIiOiJ0ZXN0X2FtYl80ZTZlMjM5OUB0ZXN0LmNvbSIsInJvbGUiOiJhbWJ1bGFuY2UiLCJob3NwaXRhbF9pZCI6bnVsbCwiZXhwIjoxNzc0OTYxMjc3fQ.XrP0KFWhklBFxnd99FgDSua76OhaqXOu55EERoDp5xQ'}
status_seq = []

    @pytest.mark.parametrize("status_seq", [
        [],
        ["en_route"],
        ["en_route", "on_scene"],
        ["en_route", "on_scene", "transporting"],
        ["en_route", "on_scene", "transporting", "arrived"]
    ])
    def test_cancel_from_any_state_succeeds(self, client, auth_headers, status_seq):
>       case_id = dispatch_case(client, auth_headers)
                  ^^^^^^^^^^^^^^^^^^^^^^^^^^^^^^^^^^^

tests\test_cases.py:82: 
_ _ _ _ _ _ _ _ _ _ _ _ _ _ _ _ _ _ _ _ _ _ _ _ _ _ _ _ _ _ _ _ _ _ _ _ _ _ _ _
tests\test_cases.py:10: in dispatch_case
    res = client.post("/api/dispatch/", json={
..\..\..\..\AppData\Local\Programs\Python\Python312\Lib\site-packages\starlette\testclient.py:546: in post
    return super().post(
..\..\..\..\AppData\Local\Programs\Python\Python312\Lib\site-packages\httpx\_client.py:1144: in post
    return self.request(
..\..\..\..\AppData\Local\Programs\Python\Python312\Lib\site-packages\starlette\testclient.py:445: in request
    return super().request(
..\..\..\..\AppData\Local\Programs\Python\Python312\Lib\site-packages\httpx\_client.py:825: in request
    return self.send(request, auth=auth, follow_redirects=follow_redirects)
           ^^^^^^^^^^^^^^^^^^^^^^^^^^^^^^^^^^^^^^^^^^^^^^^^^^^^^^^^^^^^^^^^
..\..\..\..\AppData\Local\Programs\Python\Python312\Lib\site-packages\httpx\_client.py:914: in send
    response = self._send_handling_auth(
..\..\..\..\AppData\Local\Programs\Python\Python312\Lib\site-packages\httpx\_client.py:942: in _send_handling_auth
    response = self._send_handling_redirects(
..\..\..\..\AppData\Local\Programs\Python\Python312\Lib\site-packages\httpx\_client.py:979: in _send_handling_redirects
    response = self._send_single_request(request)
               ^^^^^^^^^^^^^^^^^^^^^^^^^^^^^^^^^^
..\..\..\..\AppData\Local\Programs\Python\Python312\Lib\site-packages\httpx\_client.py:1014: in _send_single_request
    response = transport.handle_request(request)
               ^^^^^^^^^^^^^^^^^^^^^^^^^^^^^^^^^
..\..\..\..\AppData\Local\Programs\Python\Python312\Lib\site-packages\starlette\testclient.py:348: in handle_request
    raise exc
..\..\..\..\AppData\Local\Programs\Python\Python312\Lib\site-packages\starlette\testclient.py:345: in handle_request
    portal.call(self.app, scope, receive, send)
..\..\..\..\AppData\Local\Programs\Python\Python312\Lib\site-packages\anyio\from_thread.py:321: in call
    return cast(T_Retval, self.start_task_soon(func, *args).result())
                          ^^^^^^^^^^^^^^^^^^^^^^^^^^^^^^^^^^^^^^^^^^
..\..\..\..\AppData\Local\Programs\Python\Python312\Lib\concurrent\futures\_base.py:456: in result
    return self.__get_result()
           ^^^^^^^^^^^^^^^^^^^
..\..\..\..\AppData\Local\Programs\Python\Python312\Lib\concurrent\futures\_base.py:401: in __get_result
    raise self._exception
..\..\..\..\AppData\Local\Programs\Python\Python312\Lib\site-packages\anyio\from_thread.py:252: in _call_func
    retval = await retval_or_awaitable
             ^^^^^^^^^^^^^^^^^^^^^^^^^
..\..\..\..\AppData\Local\Programs\Python\Python312\Lib\site-packages\fastapi\applications.py:1134: in __call__
    await super().__call__(scope, receive, send)
..\..\..\..\AppData\Local\Programs\Python\Python312\Lib\site-packages\starlette\applications.py:107: in __call__
    await self.middleware_stack(scope, receive, send)
..\..\..\..\AppData\Local\Programs\Python\Python312\Lib\site-packages\starlette\middleware\errors.py:186: in __call__
    raise exc
..\..\..\..\AppData\Local\Programs\Python\Python312\Lib\site-packages\starlette\middleware\errors.py:164: in __call__
    await self.app(scope, receive, _send)
..\..\..\..\AppData\Local\Programs\Python\Python312\Lib\site-packages\starlette\middleware\cors.py:85: in __call__
    await self.app(scope, receive, send)
..\..\..\..\AppData\Local\Programs\Python\Python312\Lib\site-packages\starlette\middleware\exceptions.py:63: in __call__
    await wrap_app_handling_exceptions(self.app, conn)(scope, receive, send)
..\..\..\..\AppData\Local\Programs\Python\Python312\Lib\site-packages\starlette\_exception_handler.py:53: in wrapped_app
    raise exc
..\..\..\..\AppData\Local\Programs\Python\Python312\Lib\site-packages\starlette\_exception_handler.py:42: in wrapped_app
    await app(scope, receive, sender)
..\..\..\..\AppData\Local\Programs\Python\Python312\Lib\site-packages\fastapi\middleware\asyncexitstack.py:18: in __call__
    await self.app(scope, receive, send)
..\..\..\..\AppData\Local\Programs\Python\Python312\Lib\site-packages\starlette\routing.py:716: in __call__
    await self.middleware_stack(scope, receive, send)
..\..\..\..\AppData\Local\Programs\Python\Python312\Lib\site-packages\starlette\routing.py:736: in app
    await route.handle(scope, receive, send)
..\..\..\..\AppData\Local\Programs\Python\Python312\Lib\site-packages\starlette\routing.py:290: in handle
    await self.app(scope, receive, send)
..\..\..\..\AppData\Local\Programs\Python\Python312\Lib\site-packages\fastapi\routing.py:125: in app
    await wrap_app_handling_exceptions(app, request)(scope, receive, send)
..\..\..\..\AppData\Local\Programs\Python\Python312\Lib\site-packages\starlette\_exception_handler.py:53: in wrapped_app
    raise exc
..\..\..\..\AppData\Local\Programs\Python\Python312\Lib\site-packages\starlette\_exception_handler.py:42: in wrapped_app
    await app(scope, receive, sender)
..\..\..\..\AppData\Local\Programs\Python\Python312\Lib\site-packages\fastapi\routing.py:111: in app
    response = await f(request)
               ^^^^^^^^^^^^^^^^
..\..\..\..\AppData\Local\Programs\Python\Python312\Lib\site-packages\fastapi\routing.py:391: in app
    raw_response = await run_endpoint_function(
..\..\..\..\AppData\Local\Programs\Python\Python312\Lib\site-packages\fastapi\routing.py:292: in run_endpoint_function
    return await run_in_threadpool(dependant.call, **values)
           ^^^^^^^^^^^^^^^^^^^^^^^^^^^^^^^^^^^^^^^^^^^^^^^^^
..\..\..\..\AppData\Local\Programs\Python\Python312\Lib\site-packages\starlette\concurrency.py:32: in run_in_threadpool
    return await anyio.to_thread.run_sync(func)
           ^^^^^^^^^^^^^^^^^^^^^^^^^^^^^^^^^^^^
..\..\..\..\AppData\Local\Programs\Python\Python312\Lib\site-packages\anyio\to_thread.py:56: in run_sync
    return await get_async_backend().run_sync_in_worker_thread(
..\..\..\..\AppData\Local\Programs\Python\Python312\Lib\site-packages\anyio\_backends\_asyncio.py:2485: in run_sync_in_worker_thread
    return await future
           ^^^^^^^^^^^^
..\..\..\..\AppData\Local\Programs\Python\Python312\Lib\site-packages\anyio\_backends\_asyncio.py:976: in run
    result = context.run(func, *args)
             ^^^^^^^^^^^^^^^^^^^^^^^^
app\api\endpoints\dispatch.py:101: in dispatch_ambulance
    db.commit()
..\..\..\..\AppData\Local\Programs\Python\Python312\Lib\site-packages\sqlalchemy\orm\session.py:2030: in commit
    trans.commit(_to_root=True)
<string>:2: in commit
    ???
..\..\..\..\AppData\Local\Programs\Python\Python312\Lib\site-packages\sqlalchemy\orm\state_changes.py:137: in _go
    ret_value = fn(self, *arg, **kw)
                ^^^^^^^^^^^^^^^^^^^^
..\..\..\..\AppData\Local\Programs\Python\Python312\Lib\site-packages\sqlalchemy\orm\session.py:1311: in commit
    self._prepare_impl()
<string>:2: in _prepare_impl
    ???
..\..\..\..\AppData\Local\Programs\Python\Python312\Lib\site-packages\sqlalchemy\orm\state_changes.py:137: in _go
    ret_value = fn(self, *arg, **kw)
                ^^^^^^^^^^^^^^^^^^^^
..\..\..\..\AppData\Local\Programs\Python\Python312\Lib\site-packages\sqlalchemy\orm\session.py:1286: in _prepare_impl
    self.session.flush()
..\..\..\..\AppData\Local\Programs\Python\Python312\Lib\site-packages\sqlalchemy\orm\session.py:4331: in flush
    self._flush(objects)
..\..\..\..\AppData\Local\Programs\Python\Python312\Lib\site-packages\sqlalchemy\orm\session.py:4466: in _flush
    with util.safe_reraise():
         ^^^^^^^^^^^^^^^^^^^
..\..\..\..\AppData\Local\Programs\Python\Python312\Lib\site-packages\sqlalchemy\util\langhelpers.py:224: in __exit__
    raise exc_value.with_traceback(exc_tb)
..\..\..\..\AppData\Local\Programs\Python\Python312\Lib\site-packages\sqlalchemy\orm\session.py:4427: in _flush
    flush_context.execute()
..\..\..\..\AppData\Local\Programs\Python\Python312\Lib\site-packages\sqlalchemy\orm\unitofwork.py:466: in execute
    rec.execute(self)
..\..\..\..\AppData\Local\Programs\Python\Python312\Lib\site-packages\sqlalchemy\orm\unitofwork.py:642: in execute
    util.preloaded.orm_persistence.save_obj(
..\..\..\..\AppData\Local\Programs\Python\Python312\Lib\site-packages\sqlalchemy\orm\persistence.py:93: in save_obj
    _emit_insert_statements(
..\..\..\..\AppData\Local\Programs\Python\Python312\Lib\site-packages\sqlalchemy\orm\persistence.py:1233: in _emit_insert_statements
    result = connection.execute(
..\..\..\..\AppData\Local\Programs\Python\Python312\Lib\site-packages\sqlalchemy\engine\base.py:1419: in execute
    return meth(
..\..\..\..\AppData\Local\Programs\Python\Python312\Lib\site-packages\sqlalchemy\sql\elements.py:526: in _execute_on_connection
    return connection._execute_clauseelement(
..\..\..\..\AppData\Local\Programs\Python\Python312\Lib\site-packages\sqlalchemy\engine\base.py:1641: in _execute_clauseelement
    ret = self._execute_context(
..\..\..\..\AppData\Local\Programs\Python\Python312\Lib\site-packages\sqlalchemy\engine\base.py:1846: in _execute_context
    return self._exec_single_context(
..\..\..\..\AppData\Local\Programs\Python\Python312\Lib\site-packages\sqlalchemy\engine\base.py:1986: in _exec_single_context
    self._handle_dbapi_exception(
..\..\..\..\AppData\Local\Programs\Python\Python312\Lib\site-packages\sqlalchemy\engine\base.py:2355: in _handle_dbapi_exception
    raise sqlalchemy_exception.with_traceback(exc_info[2]) from e
..\..\..\..\AppData\Local\Programs\Python\Python312\Lib\site-packages\sqlalchemy\engine\base.py:1967: in _exec_single_context
    self.dialect.do_execute(
_ _ _ _ _ _ _ _ _ _ _ _ _ _ _ _ _ _ _ _ _ _ _ _ _ _ _ _ _ _ _ _ _ _ _ _ _ _ _ _

self = <sqlalchemy.dialects.postgresql.psycopg2.PGDialect_psycopg2 object at 0x000002866602F740>
cursor = <cursor object at 0x00000286688A4F20; closed: -1>
statement = 'INSERT INTO cases (user_id, condition, custom_condition, equipment_needed, ambulance_lat, ambulance_lng, assigned_hos...l_id)s, %(final_score)s, %(distance_km)s, %(eta_minutes)s, %(notes)s, %(status)s) RETURNING cases.id, cases.created_at'
parameters = {'ambulance_lat': 29.86, 'ambulance_lng': 77.89, 'assigned_hospital_id': 28, 'condition': 'cardiac_arrest', ...}
context = <sqlalchemy.dialects.postgresql.psycopg2.PGExecutionContext_psycopg2 object at 0x00000286677A1850>

    def do_execute(self, cursor, statement, parameters, context=None):
>       cursor.execute(statement, parameters)
E       sqlalchemy.exc.ProgrammingError: (psycopg2.errors.UndefinedColumn) column "status" of relation "cases" does not exist
E       LINE 1: ...id, final_score, distance_km, eta_minutes, notes, status) VA...
E                                                                    ^
E       
E       [SQL: INSERT INTO cases (user_id, condition, custom_condition, equipment_needed, ambulance_lat, ambulance_lng, assigned_hospital_id, final_score, distance_km, eta_minutes, notes, status) VALUES (%(user_id)s, %(condition)s, %(custom_condition)s, %(equipment_needed)s::VARCHAR[], %(ambulance_lat)s, %(ambulance_lng)s, %(assigned_hospital_id)s, %(final_score)s, %(distance_km)s, %(eta_minutes)s, %(notes)s, %(status)s) RETURNING cases.id, cases.created_at]
E       [parameters: {'user_id': 240, 'condition': 'cardiac_arrest', 'custom_condition': None, 'equipment_needed': ['ecg'], 'ambulance_lat': 29.86, 'ambulance_lng': 77.89, 'assigned_hospital_id': 28, 'final_score': 0.4958, 'distance_km': 1.37, 'eta_minutes': 2, 'notes': None, 'status': 'dispatched'}]
E       (Background on this error at: https://sqlalche.me/e/20/f405)

..\..\..\..\AppData\Local\Programs\Python\Python312\Lib\site-packages\sqlalchemy\engine\default.py:951: ProgrammingError
_ TestCaseStatusUpdateEndpoint.test_cancel_from_any_state_succeeds[status_seq1] _

self = <sqlalchemy.engine.base.Connection object at 0x00000286677B91F0>
dialect = <sqlalchemy.dialects.postgresql.psycopg2.PGDialect_psycopg2 object at 0x000002866602F740>
context = <sqlalchemy.dialects.postgresql.psycopg2.PGExecutionContext_psycopg2 object at 0x00000286677E17F0>
statement = <sqlalchemy.dialects.postgresql.base.PGCompiler object at 0x00000286688DB2F0>
parameters = [{'ambulance_lat': 29.86, 'ambulance_lng': 77.89, 'assigned_hospital_id': 28, 'condition': 'cardiac_arrest', ...}]

    def _exec_single_context(
        self,
        dialect: Dialect,
        context: ExecutionContext,
        statement: Union[str, Compiled],
        parameters: Optional[_AnyMultiExecuteParams],
    ) -> CursorResult[Any]:
        """continue the _execute_context() method for a single DBAPI
        cursor.execute() or cursor.executemany() call.
    
        """
        if dialect.bind_typing is BindTyping.SETINPUTSIZES:
            generic_setinputsizes = context._prepare_set_input_sizes()
    
            if generic_setinputsizes:
                try:
                    dialect.do_set_input_sizes(
                        context.cursor, generic_setinputsizes, context
                    )
                except BaseException as e:
                    self._handle_dbapi_exception(
                        e, str(statement), parameters, None, context
                    )
    
        cursor, str_statement, parameters = (
            context.cursor,
            context.statement,
            context.parameters,
        )
    
        effective_parameters: Optional[_AnyExecuteParams]
    
        if not context.executemany:
            effective_parameters = parameters[0]
        else:
            effective_parameters = parameters
    
        if self._has_events or self.engine._has_events:
            for fn in self.dispatch.before_cursor_execute:
                str_statement, effective_parameters = fn(
                    self,
                    cursor,
                    str_statement,
                    effective_parameters,
                    context,
                    context.executemany,
                )
    
        if self._echo:
            self._log_info(str_statement)
    
            stats = context._get_cache_stats()
    
            if not self.engine.hide_parameters:
                self._log_info(
                    "[%s] %r",
                    stats,
                    sql_util._repr_params(
                        effective_parameters,
                        batches=10,
                        ismulti=context.executemany,
                    ),
                )
            else:
                self._log_info(
                    "[%s] [SQL parameters hidden due to hide_parameters=True]",
                    stats,
                )
    
        evt_handled: bool = False
        try:
            if context.execute_style is ExecuteStyle.EXECUTEMANY:
                effective_parameters = cast(
                    "_CoreMultiExecuteParams", effective_parameters
                )
                if self.dialect._has_events:
                    for fn in self.dialect.dispatch.do_executemany:
                        if fn(
                            cursor,
                            str_statement,
                            effective_parameters,
                            context,
                        ):
                            evt_handled = True
                            break
                if not evt_handled:
                    self.dialect.do_executemany(
                        cursor,
                        str_statement,
                        effective_parameters,
                        context,
                    )
            elif not effective_parameters and context.no_parameters:
                if self.dialect._has_events:
                    for fn in self.dialect.dispatch.do_execute_no_params:
                        if fn(cursor, str_statement, context):
                            evt_handled = True
                            break
                if not evt_handled:
                    self.dialect.do_execute_no_params(
                        cursor, str_statement, context
                    )
            else:
                effective_parameters = cast(
                    "_CoreSingleExecuteParams", effective_parameters
                )
                if self.dialect._has_events:
                    for fn in self.dialect.dispatch.do_execute:
                        if fn(
                            cursor,
                            str_statement,
                            effective_parameters,
                            context,
                        ):
                            evt_handled = True
                            break
                if not evt_handled:
>                   self.dialect.do_execute(
                        cursor, str_statement, effective_parameters, context
                    )

..\..\..\..\AppData\Local\Programs\Python\Python312\Lib\site-packages\sqlalchemy\engine\base.py:1967: 
_ _ _ _ _ _ _ _ _ _ _ _ _ _ _ _ _ _ _ _ _ _ _ _ _ _ _ _ _ _ _ _ _ _ _ _ _ _ _ _

self = <sqlalchemy.dialects.postgresql.psycopg2.PGDialect_psycopg2 object at 0x000002866602F740>
cursor = <cursor object at 0x0000028668041FC0; closed: -1>
statement = 'INSERT INTO cases (user_id, condition, custom_condition, equipment_needed, ambulance_lat, ambulance_lng, assigned_hos...l_id)s, %(final_score)s, %(distance_km)s, %(eta_minutes)s, %(notes)s, %(status)s) RETURNING cases.id, cases.created_at'
parameters = {'ambulance_lat': 29.86, 'ambulance_lng': 77.89, 'assigned_hospital_id': 28, 'condition': 'cardiac_arrest', ...}
context = <sqlalchemy.dialects.postgresql.psycopg2.PGExecutionContext_psycopg2 object at 0x00000286677E17F0>

    def do_execute(self, cursor, statement, parameters, context=None):
>       cursor.execute(statement, parameters)
E       psycopg2.errors.UndefinedColumn: column "status" of relation "cases" does not exist
E       LINE 1: ...id, final_score, distance_km, eta_minutes, notes, status) VA...
E                                                                    ^

..\..\..\..\AppData\Local\Programs\Python\Python312\Lib\site-packages\sqlalchemy\engine\default.py:951: UndefinedColumn

The above exception was the direct cause of the following exception:

self = <tests.test_cases.TestCaseStatusUpdateEndpoint object at 0x000002866609B320>
client = <starlette.testclient.TestClient object at 0x00000286677BB0E0>
auth_headers = {'Authorization': 'Bearer eyJhbGciOiJIUzI1NiIsInR5cCI6IkpXVCJ9.eyJzdWIiOiJ0ZXN0X2FtYl9kZGU4NzE4OEB0ZXN0LmNvbSIsInJvbGUiOiJhbWJ1bGFuY2UiLCJob3NwaXRhbF9pZCI6bnVsbCwiZXhwIjoxNzc0OTYxMjgwfQ.OQ-At7yJPBufYdEDmhm1yTbfUklRXPWagUvg13vMKnQ'}
status_seq = ['en_route']

    @pytest.mark.parametrize("status_seq", [
        [],
        ["en_route"],
        ["en_route", "on_scene"],
        ["en_route", "on_scene", "transporting"],
        ["en_route", "on_scene", "transporting", "arrived"]
    ])
    def test_cancel_from_any_state_succeeds(self, client, auth_headers, status_seq):
>       case_id = dispatch_case(client, auth_headers)
                  ^^^^^^^^^^^^^^^^^^^^^^^^^^^^^^^^^^^

tests\test_cases.py:82: 
_ _ _ _ _ _ _ _ _ _ _ _ _ _ _ _ _ _ _ _ _ _ _ _ _ _ _ _ _ _ _ _ _ _ _ _ _ _ _ _
tests\test_cases.py:10: in dispatch_case
    res = client.post("/api/dispatch/", json={
..\..\..\..\AppData\Local\Programs\Python\Python312\Lib\site-packages\starlette\testclient.py:546: in post
    return super().post(
..\..\..\..\AppData\Local\Programs\Python\Python312\Lib\site-packages\httpx\_client.py:1144: in post
    return self.request(
..\..\..\..\AppData\Local\Programs\Python\Python312\Lib\site-packages\starlette\testclient.py:445: in request
    return super().request(
..\..\..\..\AppData\Local\Programs\Python\Python312\Lib\site-packages\httpx\_client.py:825: in request
    return self.send(request, auth=auth, follow_redirects=follow_redirects)
           ^^^^^^^^^^^^^^^^^^^^^^^^^^^^^^^^^^^^^^^^^^^^^^^^^^^^^^^^^^^^^^^^
..\..\..\..\AppData\Local\Programs\Python\Python312\Lib\site-packages\httpx\_client.py:914: in send
    response = self._send_handling_auth(
..\..\..\..\AppData\Local\Programs\Python\Python312\Lib\site-packages\httpx\_client.py:942: in _send_handling_auth
    response = self._send_handling_redirects(
..\..\..\..\AppData\Local\Programs\Python\Python312\Lib\site-packages\httpx\_client.py:979: in _send_handling_redirects
    response = self._send_single_request(request)
               ^^^^^^^^^^^^^^^^^^^^^^^^^^^^^^^^^^
..\..\..\..\AppData\Local\Programs\Python\Python312\Lib\site-packages\httpx\_client.py:1014: in _send_single_request
    response = transport.handle_request(request)
               ^^^^^^^^^^^^^^^^^^^^^^^^^^^^^^^^^
..\..\..\..\AppData\Local\Programs\Python\Python312\Lib\site-packages\starlette\testclient.py:348: in handle_request
    raise exc
..\..\..\..\AppData\Local\Programs\Python\Python312\Lib\site-packages\starlette\testclient.py:345: in handle_request
    portal.call(self.app, scope, receive, send)
..\..\..\..\AppData\Local\Programs\Python\Python312\Lib\site-packages\anyio\from_thread.py:321: in call
    return cast(T_Retval, self.start_task_soon(func, *args).result())
                          ^^^^^^^^^^^^^^^^^^^^^^^^^^^^^^^^^^^^^^^^^^
..\..\..\..\AppData\Local\Programs\Python\Python312\Lib\concurrent\futures\_base.py:456: in result
    return self.__get_result()
           ^^^^^^^^^^^^^^^^^^^
..\..\..\..\AppData\Local\Programs\Python\Python312\Lib\concurrent\futures\_base.py:401: in __get_result
    raise self._exception
..\..\..\..\AppData\Local\Programs\Python\Python312\Lib\site-packages\anyio\from_thread.py:252: in _call_func
    retval = await retval_or_awaitable
             ^^^^^^^^^^^^^^^^^^^^^^^^^
..\..\..\..\AppData\Local\Programs\Python\Python312\Lib\site-packages\fastapi\applications.py:1134: in __call__
    await super().__call__(scope, receive, send)
..\..\..\..\AppData\Local\Programs\Python\Python312\Lib\site-packages\starlette\applications.py:107: in __call__
    await self.middleware_stack(scope, receive, send)
..\..\..\..\AppData\Local\Programs\Python\Python312\Lib\site-packages\starlette\middleware\errors.py:186: in __call__
    raise exc
..\..\..\..\AppData\Local\Programs\Python\Python312\Lib\site-packages\starlette\middleware\errors.py:164: in __call__
    await self.app(scope, receive, _send)
..\..\..\..\AppData\Local\Programs\Python\Python312\Lib\site-packages\starlette\middleware\cors.py:85: in __call__
    await self.app(scope, receive, send)
..\..\..\..\AppData\Local\Programs\Python\Python312\Lib\site-packages\starlette\middleware\exceptions.py:63: in __call__
    await wrap_app_handling_exceptions(self.app, conn)(scope, receive, send)
..\..\..\..\AppData\Local\Programs\Python\Python312\Lib\site-packages\starlette\_exception_handler.py:53: in wrapped_app
    raise exc
..\..\..\..\AppData\Local\Programs\Python\Python312\Lib\site-packages\starlette\_exception_handler.py:42: in wrapped_app
    await app(scope, receive, sender)
..\..\..\..\AppData\Local\Programs\Python\Python312\Lib\site-packages\fastapi\middleware\asyncexitstack.py:18: in __call__
    await self.app(scope, receive, send)
..\..\..\..\AppData\Local\Programs\Python\Python312\Lib\site-packages\starlette\routing.py:716: in __call__
    await self.middleware_stack(scope, receive, send)
..\..\..\..\AppData\Local\Programs\Python\Python312\Lib\site-packages\starlette\routing.py:736: in app
    await route.handle(scope, receive, send)
..\..\..\..\AppData\Local\Programs\Python\Python312\Lib\site-packages\starlette\routing.py:290: in handle
    await self.app(scope, receive, send)
..\..\..\..\AppData\Local\Programs\Python\Python312\Lib\site-packages\fastapi\routing.py:125: in app
    await wrap_app_handling_exceptions(app, request)(scope, receive, send)
..\..\..\..\AppData\Local\Programs\Python\Python312\Lib\site-packages\starlette\_exception_handler.py:53: in wrapped_app
    raise exc
..\..\..\..\AppData\Local\Programs\Python\Python312\Lib\site-packages\starlette\_exception_handler.py:42: in wrapped_app
    await app(scope, receive, sender)
..\..\..\..\AppData\Local\Programs\Python\Python312\Lib\site-packages\fastapi\routing.py:111: in app
    response = await f(request)
               ^^^^^^^^^^^^^^^^
..\..\..\..\AppData\Local\Programs\Python\Python312\Lib\site-packages\fastapi\routing.py:391: in app
    raw_response = await run_endpoint_function(
..\..\..\..\AppData\Local\Programs\Python\Python312\Lib\site-packages\fastapi\routing.py:292: in run_endpoint_function
    return await run_in_threadpool(dependant.call, **values)
           ^^^^^^^^^^^^^^^^^^^^^^^^^^^^^^^^^^^^^^^^^^^^^^^^^
..\..\..\..\AppData\Local\Programs\Python\Python312\Lib\site-packages\starlette\concurrency.py:32: in run_in_threadpool
    return await anyio.to_thread.run_sync(func)
           ^^^^^^^^^^^^^^^^^^^^^^^^^^^^^^^^^^^^
..\..\..\..\AppData\Local\Programs\Python\Python312\Lib\site-packages\anyio\to_thread.py:56: in run_sync
    return await get_async_backend().run_sync_in_worker_thread(
..\..\..\..\AppData\Local\Programs\Python\Python312\Lib\site-packages\anyio\_backends\_asyncio.py:2485: in run_sync_in_worker_thread
    return await future
           ^^^^^^^^^^^^
..\..\..\..\AppData\Local\Programs\Python\Python312\Lib\site-packages\anyio\_backends\_asyncio.py:976: in run
    result = context.run(func, *args)
             ^^^^^^^^^^^^^^^^^^^^^^^^
app\api\endpoints\dispatch.py:101: in dispatch_ambulance
    db.commit()
..\..\..\..\AppData\Local\Programs\Python\Python312\Lib\site-packages\sqlalchemy\orm\session.py:2030: in commit
    trans.commit(_to_root=True)
<string>:2: in commit
    ???
..\..\..\..\AppData\Local\Programs\Python\Python312\Lib\site-packages\sqlalchemy\orm\state_changes.py:137: in _go
    ret_value = fn(self, *arg, **kw)
                ^^^^^^^^^^^^^^^^^^^^
..\..\..\..\AppData\Local\Programs\Python\Python312\Lib\site-packages\sqlalchemy\orm\session.py:1311: in commit
    self._prepare_impl()
<string>:2: in _prepare_impl
    ???
..\..\..\..\AppData\Local\Programs\Python\Python312\Lib\site-packages\sqlalchemy\orm\state_changes.py:137: in _go
    ret_value = fn(self, *arg, **kw)
                ^^^^^^^^^^^^^^^^^^^^
..\..\..\..\AppData\Local\Programs\Python\Python312\Lib\site-packages\sqlalchemy\orm\session.py:1286: in _prepare_impl
    self.session.flush()
..\..\..\..\AppData\Local\Programs\Python\Python312\Lib\site-packages\sqlalchemy\orm\session.py:4331: in flush
    self._flush(objects)
..\..\..\..\AppData\Local\Programs\Python\Python312\Lib\site-packages\sqlalchemy\orm\session.py:4466: in _flush
    with util.safe_reraise():
         ^^^^^^^^^^^^^^^^^^^
..\..\..\..\AppData\Local\Programs\Python\Python312\Lib\site-packages\sqlalchemy\util\langhelpers.py:224: in __exit__
    raise exc_value.with_traceback(exc_tb)
..\..\..\..\AppData\Local\Programs\Python\Python312\Lib\site-packages\sqlalchemy\orm\session.py:4427: in _flush
    flush_context.execute()
..\..\..\..\AppData\Local\Programs\Python\Python312\Lib\site-packages\sqlalchemy\orm\unitofwork.py:466: in execute
    rec.execute(self)
..\..\..\..\AppData\Local\Programs\Python\Python312\Lib\site-packages\sqlalchemy\orm\unitofwork.py:642: in execute
    util.preloaded.orm_persistence.save_obj(
..\..\..\..\AppData\Local\Programs\Python\Python312\Lib\site-packages\sqlalchemy\orm\persistence.py:93: in save_obj
    _emit_insert_statements(
..\..\..\..\AppData\Local\Programs\Python\Python312\Lib\site-packages\sqlalchemy\orm\persistence.py:1233: in _emit_insert_statements
    result = connection.execute(
..\..\..\..\AppData\Local\Programs\Python\Python312\Lib\site-packages\sqlalchemy\engine\base.py:1419: in execute
    return meth(
..\..\..\..\AppData\Local\Programs\Python\Python312\Lib\site-packages\sqlalchemy\sql\elements.py:526: in _execute_on_connection
    return connection._execute_clauseelement(
..\..\..\..\AppData\Local\Programs\Python\Python312\Lib\site-packages\sqlalchemy\engine\base.py:1641: in _execute_clauseelement
    ret = self._execute_context(
..\..\..\..\AppData\Local\Programs\Python\Python312\Lib\site-packages\sqlalchemy\engine\base.py:1846: in _execute_context
    return self._exec_single_context(
..\..\..\..\AppData\Local\Programs\Python\Python312\Lib\site-packages\sqlalchemy\engine\base.py:1986: in _exec_single_context
    self._handle_dbapi_exception(
..\..\..\..\AppData\Local\Programs\Python\Python312\Lib\site-packages\sqlalchemy\engine\base.py:2355: in _handle_dbapi_exception
    raise sqlalchemy_exception.with_traceback(exc_info[2]) from e
..\..\..\..\AppData\Local\Programs\Python\Python312\Lib\site-packages\sqlalchemy\engine\base.py:1967: in _exec_single_context
    self.dialect.do_execute(
_ _ _ _ _ _ _ _ _ _ _ _ _ _ _ _ _ _ _ _ _ _ _ _ _ _ _ _ _ _ _ _ _ _ _ _ _ _ _ _

self = <sqlalchemy.dialects.postgresql.psycopg2.PGDialect_psycopg2 object at 0x000002866602F740>
cursor = <cursor object at 0x0000028668041FC0; closed: -1>
statement = 'INSERT INTO cases (user_id, condition, custom_condition, equipment_needed, ambulance_lat, ambulance_lng, assigned_hos...l_id)s, %(final_score)s, %(distance_km)s, %(eta_minutes)s, %(notes)s, %(status)s) RETURNING cases.id, cases.created_at'
parameters = {'ambulance_lat': 29.86, 'ambulance_lng': 77.89, 'assigned_hospital_id': 28, 'condition': 'cardiac_arrest', ...}
context = <sqlalchemy.dialects.postgresql.psycopg2.PGExecutionContext_psycopg2 object at 0x00000286677E17F0>

    def do_execute(self, cursor, statement, parameters, context=None):
>       cursor.execute(statement, parameters)
E       sqlalchemy.exc.ProgrammingError: (psycopg2.errors.UndefinedColumn) column "status" of relation "cases" does not exist
E       LINE 1: ...id, final_score, distance_km, eta_minutes, notes, status) VA...
E                                                                    ^
E       
E       [SQL: INSERT INTO cases (user_id, condition, custom_condition, equipment_needed, ambulance_lat, ambulance_lng, assigned_hospital_id, final_score, distance_km, eta_minutes, notes, status) VALUES (%(user_id)s, %(condition)s, %(custom_condition)s, %(equipment_needed)s::VARCHAR[], %(ambulance_lat)s, %(ambulance_lng)s, %(assigned_hospital_id)s, %(final_score)s, %(distance_km)s, %(eta_minutes)s, %(notes)s, %(status)s) RETURNING cases.id, cases.created_at]
E       [parameters: {'user_id': 241, 'condition': 'cardiac_arrest', 'custom_condition': None, 'equipment_needed': ['ecg'], 'ambulance_lat': 29.86, 'ambulance_lng': 77.89, 'assigned_hospital_id': 28, 'final_score': 0.4958, 'distance_km': 1.37, 'eta_minutes': 2, 'notes': None, 'status': 'dispatched'}]
E       (Background on this error at: https://sqlalche.me/e/20/f405)

..\..\..\..\AppData\Local\Programs\Python\Python312\Lib\site-packages\sqlalchemy\engine\default.py:951: ProgrammingError
_ TestCaseStatusUpdateEndpoint.test_cancel_from_any_state_succeeds[status_seq2] _

self = <sqlalchemy.engine.base.Connection object at 0x0000028668E46780>
dialect = <sqlalchemy.dialects.postgresql.psycopg2.PGDialect_psycopg2 object at 0x000002866602F740>
context = <sqlalchemy.dialects.postgresql.psycopg2.PGExecutionContext_psycopg2 object at 0x0000028666557410>
statement = <sqlalchemy.dialects.postgresql.base.PGCompiler object at 0x00000286688DB2F0>
parameters = [{'ambulance_lat': 29.86, 'ambulance_lng': 77.89, 'assigned_hospital_id': 28, 'condition': 'cardiac_arrest', ...}]

    def _exec_single_context(
        self,
        dialect: Dialect,
        context: ExecutionContext,
        statement: Union[str, Compiled],
        parameters: Optional[_AnyMultiExecuteParams],
    ) -> CursorResult[Any]:
        """continue the _execute_context() method for a single DBAPI
        cursor.execute() or cursor.executemany() call.
    
        """
        if dialect.bind_typing is BindTyping.SETINPUTSIZES:
            generic_setinputsizes = context._prepare_set_input_sizes()
    
            if generic_setinputsizes:
                try:
                    dialect.do_set_input_sizes(
                        context.cursor, generic_setinputsizes, context
                    )
                except BaseException as e:
                    self._handle_dbapi_exception(
                        e, str(statement), parameters, None, context
                    )
    
        cursor, str_statement, parameters = (
            context.cursor,
            context.statement,
            context.parameters,
        )
    
        effective_parameters: Optional[_AnyExecuteParams]
    
        if not context.executemany:
            effective_parameters = parameters[0]
        else:
            effective_parameters = parameters
    
        if self._has_events or self.engine._has_events:
            for fn in self.dispatch.before_cursor_execute:
                str_statement, effective_parameters = fn(
                    self,
                    cursor,
                    str_statement,
                    effective_parameters,
                    context,
                    context.executemany,
                )
    
        if self._echo:
            self._log_info(str_statement)
    
            stats = context._get_cache_stats()
    
            if not self.engine.hide_parameters:
                self._log_info(
                    "[%s] %r",
                    stats,
                    sql_util._repr_params(
                        effective_parameters,
                        batches=10,
                        ismulti=context.executemany,
                    ),
                )
            else:
                self._log_info(
                    "[%s] [SQL parameters hidden due to hide_parameters=True]",
                    stats,
                )
    
        evt_handled: bool = False
        try:
            if context.execute_style is ExecuteStyle.EXECUTEMANY:
                effective_parameters = cast(
                    "_CoreMultiExecuteParams", effective_parameters
                )
                if self.dialect._has_events:
                    for fn in self.dialect.dispatch.do_executemany:
                        if fn(
                            cursor,
                            str_statement,
                            effective_parameters,
                            context,
                        ):
                            evt_handled = True
                            break
                if not evt_handled:
                    self.dialect.do_executemany(
                        cursor,
                        str_statement,
                        effective_parameters,
                        context,
                    )
            elif not effective_parameters and context.no_parameters:
                if self.dialect._has_events:
                    for fn in self.dialect.dispatch.do_execute_no_params:
                        if fn(cursor, str_statement, context):
                            evt_handled = True
                            break
                if not evt_handled:
                    self.dialect.do_execute_no_params(
                        cursor, str_statement, context
                    )
            else:
                effective_parameters = cast(
                    "_CoreSingleExecuteParams", effective_parameters
                )
                if self.dialect._has_events:
                    for fn in self.dialect.dispatch.do_execute:
                        if fn(
                            cursor,
                            str_statement,
                            effective_parameters,
                            context,
                        ):
                            evt_handled = True
                            break
                if not evt_handled:
>                   self.dialect.do_execute(
                        cursor, str_statement, effective_parameters, context
                    )

..\..\..\..\AppData\Local\Programs\Python\Python312\Lib\site-packages\sqlalchemy\engine\base.py:1967: 
_ _ _ _ _ _ _ _ _ _ _ _ _ _ _ _ _ _ _ _ _ _ _ _ _ _ _ _ _ _ _ _ _ _ _ _ _ _ _ _

self = <sqlalchemy.dialects.postgresql.psycopg2.PGDialect_psycopg2 object at 0x000002866602F740>
cursor = <cursor object at 0x000002866607C740; closed: -1>
statement = 'INSERT INTO cases (user_id, condition, custom_condition, equipment_needed, ambulance_lat, ambulance_lng, assigned_hos...l_id)s, %(final_score)s, %(distance_km)s, %(eta_minutes)s, %(notes)s, %(status)s) RETURNING cases.id, cases.created_at'
parameters = {'ambulance_lat': 29.86, 'ambulance_lng': 77.89, 'assigned_hospital_id': 28, 'condition': 'cardiac_arrest', ...}
context = <sqlalchemy.dialects.postgresql.psycopg2.PGExecutionContext_psycopg2 object at 0x0000028666557410>

    def do_execute(self, cursor, statement, parameters, context=None):
>       cursor.execute(statement, parameters)
E       psycopg2.errors.UndefinedColumn: column "status" of relation "cases" does not exist
E       LINE 1: ...id, final_score, distance_km, eta_minutes, notes, status) VA...
E                                                                    ^

..\..\..\..\AppData\Local\Programs\Python\Python312\Lib\site-packages\sqlalchemy\engine\default.py:951: UndefinedColumn

The above exception was the direct cause of the following exception:

self = <tests.test_cases.TestCaseStatusUpdateEndpoint object at 0x000002866609B3E0>
client = <starlette.testclient.TestClient object at 0x0000028668E46810>
auth_headers = {'Authorization': 'Bearer eyJhbGciOiJIUzI1NiIsInR5cCI6IkpXVCJ9.eyJzdWIiOiJ0ZXN0X2FtYl8wNGE3MTliMkB0ZXN0LmNvbSIsInJvbGUiOiJhbWJ1bGFuY2UiLCJob3NwaXRhbF9pZCI6bnVsbCwiZXhwIjoxNzc0OTYxMjgyfQ.w3nkkKQ2FVna2-jVP9x9_7riQkRZBe572_Tp8mbmwcI'}
status_seq = ['en_route', 'on_scene']

    @pytest.mark.parametrize("status_seq", [
        [],
        ["en_route"],
        ["en_route", "on_scene"],
        ["en_route", "on_scene", "transporting"],
        ["en_route", "on_scene", "transporting", "arrived"]
    ])
    def test_cancel_from_any_state_succeeds(self, client, auth_headers, status_seq):
>       case_id = dispatch_case(client, auth_headers)
                  ^^^^^^^^^^^^^^^^^^^^^^^^^^^^^^^^^^^

tests\test_cases.py:82: 
_ _ _ _ _ _ _ _ _ _ _ _ _ _ _ _ _ _ _ _ _ _ _ _ _ _ _ _ _ _ _ _ _ _ _ _ _ _ _ _
tests\test_cases.py:10: in dispatch_case
    res = client.post("/api/dispatch/", json={
..\..\..\..\AppData\Local\Programs\Python\Python312\Lib\site-packages\starlette\testclient.py:546: in post
    return super().post(
..\..\..\..\AppData\Local\Programs\Python\Python312\Lib\site-packages\httpx\_client.py:1144: in post
    return self.request(
..\..\..\..\AppData\Local\Programs\Python\Python312\Lib\site-packages\starlette\testclient.py:445: in request
    return super().request(
..\..\..\..\AppData\Local\Programs\Python\Python312\Lib\site-packages\httpx\_client.py:825: in request
    return self.send(request, auth=auth, follow_redirects=follow_redirects)
           ^^^^^^^^^^^^^^^^^^^^^^^^^^^^^^^^^^^^^^^^^^^^^^^^^^^^^^^^^^^^^^^^
..\..\..\..\AppData\Local\Programs\Python\Python312\Lib\site-packages\httpx\_client.py:914: in send
    response = self._send_handling_auth(
..\..\..\..\AppData\Local\Programs\Python\Python312\Lib\site-packages\httpx\_client.py:942: in _send_handling_auth
    response = self._send_handling_redirects(
..\..\..\..\AppData\Local\Programs\Python\Python312\Lib\site-packages\httpx\_client.py:979: in _send_handling_redirects
    response = self._send_single_request(request)
               ^^^^^^^^^^^^^^^^^^^^^^^^^^^^^^^^^^
..\..\..\..\AppData\Local\Programs\Python\Python312\Lib\site-packages\httpx\_client.py:1014: in _send_single_request
    response = transport.handle_request(request)
               ^^^^^^^^^^^^^^^^^^^^^^^^^^^^^^^^^
..\..\..\..\AppData\Local\Programs\Python\Python312\Lib\site-packages\starlette\testclient.py:348: in handle_request
    raise exc
..\..\..\..\AppData\Local\Programs\Python\Python312\Lib\site-packages\starlette\testclient.py:345: in handle_request
    portal.call(self.app, scope, receive, send)
..\..\..\..\AppData\Local\Programs\Python\Python312\Lib\site-packages\anyio\from_thread.py:321: in call
    return cast(T_Retval, self.start_task_soon(func, *args).result())
                          ^^^^^^^^^^^^^^^^^^^^^^^^^^^^^^^^^^^^^^^^^^
..\..\..\..\AppData\Local\Programs\Python\Python312\Lib\concurrent\futures\_base.py:456: in result
    return self.__get_result()
           ^^^^^^^^^^^^^^^^^^^
..\..\..\..\AppData\Local\Programs\Python\Python312\Lib\concurrent\futures\_base.py:401: in __get_result
    raise self._exception
..\..\..\..\AppData\Local\Programs\Python\Python312\Lib\site-packages\anyio\from_thread.py:252: in _call_func
    retval = await retval_or_awaitable
             ^^^^^^^^^^^^^^^^^^^^^^^^^
..\..\..\..\AppData\Local\Programs\Python\Python312\Lib\site-packages\fastapi\applications.py:1134: in __call__
    await super().__call__(scope, receive, send)
..\..\..\..\AppData\Local\Programs\Python\Python312\Lib\site-packages\starlette\applications.py:107: in __call__
    await self.middleware_stack(scope, receive, send)
..\..\..\..\AppData\Local\Programs\Python\Python312\Lib\site-packages\starlette\middleware\errors.py:186: in __call__
    raise exc
..\..\..\..\AppData\Local\Programs\Python\Python312\Lib\site-packages\starlette\middleware\errors.py:164: in __call__
    await self.app(scope, receive, _send)
..\..\..\..\AppData\Local\Programs\Python\Python312\Lib\site-packages\starlette\middleware\cors.py:85: in __call__
    await self.app(scope, receive, send)
..\..\..\..\AppData\Local\Programs\Python\Python312\Lib\site-packages\starlette\middleware\exceptions.py:63: in __call__
    await wrap_app_handling_exceptions(self.app, conn)(scope, receive, send)
..\..\..\..\AppData\Local\Programs\Python\Python312\Lib\site-packages\starlette\_exception_handler.py:53: in wrapped_app
    raise exc
..\..\..\..\AppData\Local\Programs\Python\Python312\Lib\site-packages\starlette\_exception_handler.py:42: in wrapped_app
    await app(scope, receive, sender)
..\..\..\..\AppData\Local\Programs\Python\Python312\Lib\site-packages\fastapi\middleware\asyncexitstack.py:18: in __call__
    await self.app(scope, receive, send)
..\..\..\..\AppData\Local\Programs\Python\Python312\Lib\site-packages\starlette\routing.py:716: in __call__
    await self.middleware_stack(scope, receive, send)
..\..\..\..\AppData\Local\Programs\Python\Python312\Lib\site-packages\starlette\routing.py:736: in app
    await route.handle(scope, receive, send)
..\..\..\..\AppData\Local\Programs\Python\Python312\Lib\site-packages\starlette\routing.py:290: in handle
    await self.app(scope, receive, send)
..\..\..\..\AppData\Local\Programs\Python\Python312\Lib\site-packages\fastapi\routing.py:125: in app
    await wrap_app_handling_exceptions(app, request)(scope, receive, send)
..\..\..\..\AppData\Local\Programs\Python\Python312\Lib\site-packages\starlette\_exception_handler.py:53: in wrapped_app
    raise exc
..\..\..\..\AppData\Local\Programs\Python\Python312\Lib\site-packages\starlette\_exception_handler.py:42: in wrapped_app
    await app(scope, receive, sender)
..\..\..\..\AppData\Local\Programs\Python\Python312\Lib\site-packages\fastapi\routing.py:111: in app
    response = await f(request)
               ^^^^^^^^^^^^^^^^
..\..\..\..\AppData\Local\Programs\Python\Python312\Lib\site-packages\fastapi\routing.py:391: in app
    raw_response = await run_endpoint_function(
..\..\..\..\AppData\Local\Programs\Python\Python312\Lib\site-packages\fastapi\routing.py:292: in run_endpoint_function
    return await run_in_threadpool(dependant.call, **values)
           ^^^^^^^^^^^^^^^^^^^^^^^^^^^^^^^^^^^^^^^^^^^^^^^^^
..\..\..\..\AppData\Local\Programs\Python\Python312\Lib\site-packages\starlette\concurrency.py:32: in run_in_threadpool
    return await anyio.to_thread.run_sync(func)
           ^^^^^^^^^^^^^^^^^^^^^^^^^^^^^^^^^^^^
..\..\..\..\AppData\Local\Programs\Python\Python312\Lib\site-packages\anyio\to_thread.py:56: in run_sync
    return await get_async_backend().run_sync_in_worker_thread(
..\..\..\..\AppData\Local\Programs\Python\Python312\Lib\site-packages\anyio\_backends\_asyncio.py:2485: in run_sync_in_worker_thread
    return await future
           ^^^^^^^^^^^^
..\..\..\..\AppData\Local\Programs\Python\Python312\Lib\site-packages\anyio\_backends\_asyncio.py:976: in run
    result = context.run(func, *args)
             ^^^^^^^^^^^^^^^^^^^^^^^^
app\api\endpoints\dispatch.py:101: in dispatch_ambulance
    db.commit()
..\..\..\..\AppData\Local\Programs\Python\Python312\Lib\site-packages\sqlalchemy\orm\session.py:2030: in commit
    trans.commit(_to_root=True)
<string>:2: in commit
    ???
..\..\..\..\AppData\Local\Programs\Python\Python312\Lib\site-packages\sqlalchemy\orm\state_changes.py:137: in _go
    ret_value = fn(self, *arg, **kw)
                ^^^^^^^^^^^^^^^^^^^^
..\..\..\..\AppData\Local\Programs\Python\Python312\Lib\site-packages\sqlalchemy\orm\session.py:1311: in commit
    self._prepare_impl()
<string>:2: in _prepare_impl
    ???
..\..\..\..\AppData\Local\Programs\Python\Python312\Lib\site-packages\sqlalchemy\orm\state_changes.py:137: in _go
    ret_value = fn(self, *arg, **kw)
                ^^^^^^^^^^^^^^^^^^^^
..\..\..\..\AppData\Local\Programs\Python\Python312\Lib\site-packages\sqlalchemy\orm\session.py:1286: in _prepare_impl
    self.session.flush()
..\..\..\..\AppData\Local\Programs\Python\Python312\Lib\site-packages\sqlalchemy\orm\session.py:4331: in flush
    self._flush(objects)
..\..\..\..\AppData\Local\Programs\Python\Python312\Lib\site-packages\sqlalchemy\orm\session.py:4466: in _flush
    with util.safe_reraise():
         ^^^^^^^^^^^^^^^^^^^
..\..\..\..\AppData\Local\Programs\Python\Python312\Lib\site-packages\sqlalchemy\util\langhelpers.py:224: in __exit__
    raise exc_value.with_traceback(exc_tb)
..\..\..\..\AppData\Local\Programs\Python\Python312\Lib\site-packages\sqlalchemy\orm\session.py:4427: in _flush
    flush_context.execute()
..\..\..\..\AppData\Local\Programs\Python\Python312\Lib\site-packages\sqlalchemy\orm\unitofwork.py:466: in execute
    rec.execute(self)
..\..\..\..\AppData\Local\Programs\Python\Python312\Lib\site-packages\sqlalchemy\orm\unitofwork.py:642: in execute
    util.preloaded.orm_persistence.save_obj(
..\..\..\..\AppData\Local\Programs\Python\Python312\Lib\site-packages\sqlalchemy\orm\persistence.py:93: in save_obj
    _emit_insert_statements(
..\..\..\..\AppData\Local\Programs\Python\Python312\Lib\site-packages\sqlalchemy\orm\persistence.py:1233: in _emit_insert_statements
    result = connection.execute(
..\..\..\..\AppData\Local\Programs\Python\Python312\Lib\site-packages\sqlalchemy\engine\base.py:1419: in execute
    return meth(
..\..\..\..\AppData\Local\Programs\Python\Python312\Lib\site-packages\sqlalchemy\sql\elements.py:526: in _execute_on_connection
    return connection._execute_clauseelement(
..\..\..\..\AppData\Local\Programs\Python\Python312\Lib\site-packages\sqlalchemy\engine\base.py:1641: in _execute_clauseelement
    ret = self._execute_context(
..\..\..\..\AppData\Local\Programs\Python\Python312\Lib\site-packages\sqlalchemy\engine\base.py:1846: in _execute_context
    return self._exec_single_context(
..\..\..\..\AppData\Local\Programs\Python\Python312\Lib\site-packages\sqlalchemy\engine\base.py:1986: in _exec_single_context
    self._handle_dbapi_exception(
..\..\..\..\AppData\Local\Programs\Python\Python312\Lib\site-packages\sqlalchemy\engine\base.py:2355: in _handle_dbapi_exception
    raise sqlalchemy_exception.with_traceback(exc_info[2]) from e
..\..\..\..\AppData\Local\Programs\Python\Python312\Lib\site-packages\sqlalchemy\engine\base.py:1967: in _exec_single_context
    self.dialect.do_execute(
_ _ _ _ _ _ _ _ _ _ _ _ _ _ _ _ _ _ _ _ _ _ _ _ _ _ _ _ _ _ _ _ _ _ _ _ _ _ _ _

self = <sqlalchemy.dialects.postgresql.psycopg2.PGDialect_psycopg2 object at 0x000002866602F740>
cursor = <cursor object at 0x000002866607C740; closed: -1>
statement = 'INSERT INTO cases (user_id, condition, custom_condition, equipment_needed, ambulance_lat, ambulance_lng, assigned_hos...l_id)s, %(final_score)s, %(distance_km)s, %(eta_minutes)s, %(notes)s, %(status)s) RETURNING cases.id, cases.created_at'
parameters = {'ambulance_lat': 29.86, 'ambulance_lng': 77.89, 'assigned_hospital_id': 28, 'condition': 'cardiac_arrest', ...}
context = <sqlalchemy.dialects.postgresql.psycopg2.PGExecutionContext_psycopg2 object at 0x0000028666557410>

    def do_execute(self, cursor, statement, parameters, context=None):
>       cursor.execute(statement, parameters)
E       sqlalchemy.exc.ProgrammingError: (psycopg2.errors.UndefinedColumn) column "status" of relation "cases" does not exist
E       LINE 1: ...id, final_score, distance_km, eta_minutes, notes, status) VA...
E                                                                    ^
E       
E       [SQL: INSERT INTO cases (user_id, condition, custom_condition, equipment_needed, ambulance_lat, ambulance_lng, assigned_hospital_id, final_score, distance_km, eta_minutes, notes, status) VALUES (%(user_id)s, %(condition)s, %(custom_condition)s, %(equipment_needed)s::VARCHAR[], %(ambulance_lat)s, %(ambulance_lng)s, %(assigned_hospital_id)s, %(final_score)s, %(distance_km)s, %(eta_minutes)s, %(notes)s, %(status)s) RETURNING cases.id, cases.created_at]
E       [parameters: {'user_id': 242, 'condition': 'cardiac_arrest', 'custom_condition': None, 'equipment_needed': ['ecg'], 'ambulance_lat': 29.86, 'ambulance_lng': 77.89, 'assigned_hospital_id': 28, 'final_score': 0.4958, 'distance_km': 1.37, 'eta_minutes': 2, 'notes': None, 'status': 'dispatched'}]
E       (Background on this error at: https://sqlalche.me/e/20/f405)

..\..\..\..\AppData\Local\Programs\Python\Python312\Lib\site-packages\sqlalchemy\engine\default.py:951: ProgrammingError
_ TestCaseStatusUpdateEndpoint.test_cancel_from_any_state_succeeds[status_seq3] _

self = <sqlalchemy.engine.base.Connection object at 0x0000028668E1AC30>
dialect = <sqlalchemy.dialects.postgresql.psycopg2.PGDialect_psycopg2 object at 0x000002866602F740>
context = <sqlalchemy.dialects.postgresql.psycopg2.PGExecutionContext_psycopg2 object at 0x0000028668E56720>
statement = <sqlalchemy.dialects.postgresql.base.PGCompiler object at 0x00000286688DB2F0>
parameters = [{'ambulance_lat': 29.86, 'ambulance_lng': 77.89, 'assigned_hospital_id': 28, 'condition': 'cardiac_arrest', ...}]

    def _exec_single_context(
        self,
        dialect: Dialect,
        context: ExecutionContext,
        statement: Union[str, Compiled],
        parameters: Optional[_AnyMultiExecuteParams],
    ) -> CursorResult[Any]:
        """continue the _execute_context() method for a single DBAPI
        cursor.execute() or cursor.executemany() call.
    
        """
        if dialect.bind_typing is BindTyping.SETINPUTSIZES:
            generic_setinputsizes = context._prepare_set_input_sizes()
    
            if generic_setinputsizes:
                try:
                    dialect.do_set_input_sizes(
                        context.cursor, generic_setinputsizes, context
                    )
                except BaseException as e:
                    self._handle_dbapi_exception(
                        e, str(statement), parameters, None, context
                    )
    
        cursor, str_statement, parameters = (
            context.cursor,
            context.statement,
            context.parameters,
        )
    
        effective_parameters: Optional[_AnyExecuteParams]
    
        if not context.executemany:
            effective_parameters = parameters[0]
        else:
            effective_parameters = parameters
    
        if self._has_events or self.engine._has_events:
            for fn in self.dispatch.before_cursor_execute:
                str_statement, effective_parameters = fn(
                    self,
                    cursor,
                    str_statement,
                    effective_parameters,
                    context,
                    context.executemany,
                )
    
        if self._echo:
            self._log_info(str_statement)
    
            stats = context._get_cache_stats()
    
            if not self.engine.hide_parameters:
                self._log_info(
                    "[%s] %r",
                    stats,
                    sql_util._repr_params(
                        effective_parameters,
                        batches=10,
                        ismulti=context.executemany,
                    ),
                )
            else:
                self._log_info(
                    "[%s] [SQL parameters hidden due to hide_parameters=True]",
                    stats,
                )
    
        evt_handled: bool = False
        try:
            if context.execute_style is ExecuteStyle.EXECUTEMANY:
                effective_parameters = cast(
                    "_CoreMultiExecuteParams", effective_parameters
                )
                if self.dialect._has_events:
                    for fn in self.dialect.dispatch.do_executemany:
                        if fn(
                            cursor,
                            str_statement,
                            effective_parameters,
                            context,
                        ):
                            evt_handled = True
                            break
                if not evt_handled:
                    self.dialect.do_executemany(
                        cursor,
                        str_statement,
                        effective_parameters,
                        context,
                    )
            elif not effective_parameters and context.no_parameters:
                if self.dialect._has_events:
                    for fn in self.dialect.dispatch.do_execute_no_params:
                        if fn(cursor, str_statement, context):
                            evt_handled = True
                            break
                if not evt_handled:
                    self.dialect.do_execute_no_params(
                        cursor, str_statement, context
                    )
            else:
                effective_parameters = cast(
                    "_CoreSingleExecuteParams", effective_parameters
                )
                if self.dialect._has_events:
                    for fn in self.dialect.dispatch.do_execute:
                        if fn(
                            cursor,
                            str_statement,
                            effective_parameters,
                            context,
                        ):
                            evt_handled = True
                            break
                if not evt_handled:
>                   self.dialect.do_execute(
                        cursor, str_statement, effective_parameters, context
                    )

..\..\..\..\AppData\Local\Programs\Python\Python312\Lib\site-packages\sqlalchemy\engine\base.py:1967: 
_ _ _ _ _ _ _ _ _ _ _ _ _ _ _ _ _ _ _ _ _ _ _ _ _ _ _ _ _ _ _ _ _ _ _ _ _ _ _ _

self = <sqlalchemy.dialects.postgresql.psycopg2.PGDialect_psycopg2 object at 0x000002866602F740>
cursor = <cursor object at 0x00000286688A7BC0; closed: -1>
statement = 'INSERT INTO cases (user_id, condition, custom_condition, equipment_needed, ambulance_lat, ambulance_lng, assigned_hos...l_id)s, %(final_score)s, %(distance_km)s, %(eta_minutes)s, %(notes)s, %(status)s) RETURNING cases.id, cases.created_at'
parameters = {'ambulance_lat': 29.86, 'ambulance_lng': 77.89, 'assigned_hospital_id': 28, 'condition': 'cardiac_arrest', ...}
context = <sqlalchemy.dialects.postgresql.psycopg2.PGExecutionContext_psycopg2 object at 0x0000028668E56720>

    def do_execute(self, cursor, statement, parameters, context=None):
>       cursor.execute(statement, parameters)
E       psycopg2.errors.UndefinedColumn: column "status" of relation "cases" does not exist
E       LINE 1: ...id, final_score, distance_km, eta_minutes, notes, status) VA...
E                                                                    ^

..\..\..\..\AppData\Local\Programs\Python\Python312\Lib\site-packages\sqlalchemy\engine\default.py:951: UndefinedColumn

The above exception was the direct cause of the following exception:

self = <tests.test_cases.TestCaseStatusUpdateEndpoint object at 0x000002866609B4A0>
client = <starlette.testclient.TestClient object at 0x0000028668E197C0>
auth_headers = {'Authorization': 'Bearer eyJhbGciOiJIUzI1NiIsInR5cCI6IkpXVCJ9.eyJzdWIiOiJ0ZXN0X2FtYl9kYWRhMzRkMUB0ZXN0LmNvbSIsInJvbGUiOiJhbWJ1bGFuY2UiLCJob3NwaXRhbF9pZCI6bnVsbCwiZXhwIjoxNzc0OTYxMjg1fQ.Bz5J5DHZ0JbSQCObw0_XR7jnrF6M_p-i8LqNwJN6eHg'}
status_seq = ['en_route', 'on_scene', 'transporting']

    @pytest.mark.parametrize("status_seq", [
        [],
        ["en_route"],
        ["en_route", "on_scene"],
        ["en_route", "on_scene", "transporting"],
        ["en_route", "on_scene", "transporting", "arrived"]
    ])
    def test_cancel_from_any_state_succeeds(self, client, auth_headers, status_seq):
>       case_id = dispatch_case(client, auth_headers)
                  ^^^^^^^^^^^^^^^^^^^^^^^^^^^^^^^^^^^

tests\test_cases.py:82: 
_ _ _ _ _ _ _ _ _ _ _ _ _ _ _ _ _ _ _ _ _ _ _ _ _ _ _ _ _ _ _ _ _ _ _ _ _ _ _ _
tests\test_cases.py:10: in dispatch_case
    res = client.post("/api/dispatch/", json={
..\..\..\..\AppData\Local\Programs\Python\Python312\Lib\site-packages\starlette\testclient.py:546: in post
    return super().post(
..\..\..\..\AppData\Local\Programs\Python\Python312\Lib\site-packages\httpx\_client.py:1144: in post
    return self.request(
..\..\..\..\AppData\Local\Programs\Python\Python312\Lib\site-packages\starlette\testclient.py:445: in request
    return super().request(
..\..\..\..\AppData\Local\Programs\Python\Python312\Lib\site-packages\httpx\_client.py:825: in request
    return self.send(request, auth=auth, follow_redirects=follow_redirects)
           ^^^^^^^^^^^^^^^^^^^^^^^^^^^^^^^^^^^^^^^^^^^^^^^^^^^^^^^^^^^^^^^^
..\..\..\..\AppData\Local\Programs\Python\Python312\Lib\site-packages\httpx\_client.py:914: in send
    response = self._send_handling_auth(
..\..\..\..\AppData\Local\Programs\Python\Python312\Lib\site-packages\httpx\_client.py:942: in _send_handling_auth
    response = self._send_handling_redirects(
..\..\..\..\AppData\Local\Programs\Python\Python312\Lib\site-packages\httpx\_client.py:979: in _send_handling_redirects
    response = self._send_single_request(request)
               ^^^^^^^^^^^^^^^^^^^^^^^^^^^^^^^^^^
..\..\..\..\AppData\Local\Programs\Python\Python312\Lib\site-packages\httpx\_client.py:1014: in _send_single_request
    response = transport.handle_request(request)
               ^^^^^^^^^^^^^^^^^^^^^^^^^^^^^^^^^
..\..\..\..\AppData\Local\Programs\Python\Python312\Lib\site-packages\starlette\testclient.py:348: in handle_request
    raise exc
..\..\..\..\AppData\Local\Programs\Python\Python312\Lib\site-packages\starlette\testclient.py:345: in handle_request
    portal.call(self.app, scope, receive, send)
..\..\..\..\AppData\Local\Programs\Python\Python312\Lib\site-packages\anyio\from_thread.py:321: in call
    return cast(T_Retval, self.start_task_soon(func, *args).result())
                          ^^^^^^^^^^^^^^^^^^^^^^^^^^^^^^^^^^^^^^^^^^
..\..\..\..\AppData\Local\Programs\Python\Python312\Lib\concurrent\futures\_base.py:456: in result
    return self.__get_result()
           ^^^^^^^^^^^^^^^^^^^
..\..\..\..\AppData\Local\Programs\Python\Python312\Lib\concurrent\futures\_base.py:401: in __get_result
    raise self._exception
..\..\..\..\AppData\Local\Programs\Python\Python312\Lib\site-packages\anyio\from_thread.py:252: in _call_func
    retval = await retval_or_awaitable
             ^^^^^^^^^^^^^^^^^^^^^^^^^
..\..\..\..\AppData\Local\Programs\Python\Python312\Lib\site-packages\fastapi\applications.py:1134: in __call__
    await super().__call__(scope, receive, send)
..\..\..\..\AppData\Local\Programs\Python\Python312\Lib\site-packages\starlette\applications.py:107: in __call__
    await self.middleware_stack(scope, receive, send)
..\..\..\..\AppData\Local\Programs\Python\Python312\Lib\site-packages\starlette\middleware\errors.py:186: in __call__
    raise exc
..\..\..\..\AppData\Local\Programs\Python\Python312\Lib\site-packages\starlette\middleware\errors.py:164: in __call__
    await self.app(scope, receive, _send)
..\..\..\..\AppData\Local\Programs\Python\Python312\Lib\site-packages\starlette\middleware\cors.py:85: in __call__
    await self.app(scope, receive, send)
..\..\..\..\AppData\Local\Programs\Python\Python312\Lib\site-packages\starlette\middleware\exceptions.py:63: in __call__
    await wrap_app_handling_exceptions(self.app, conn)(scope, receive, send)
..\..\..\..\AppData\Local\Programs\Python\Python312\Lib\site-packages\starlette\_exception_handler.py:53: in wrapped_app
    raise exc
..\..\..\..\AppData\Local\Programs\Python\Python312\Lib\site-packages\starlette\_exception_handler.py:42: in wrapped_app
    await app(scope, receive, sender)
..\..\..\..\AppData\Local\Programs\Python\Python312\Lib\site-packages\fastapi\middleware\asyncexitstack.py:18: in __call__
    await self.app(scope, receive, send)
..\..\..\..\AppData\Local\Programs\Python\Python312\Lib\site-packages\starlette\routing.py:716: in __call__
    await self.middleware_stack(scope, receive, send)
..\..\..\..\AppData\Local\Programs\Python\Python312\Lib\site-packages\starlette\routing.py:736: in app
    await route.handle(scope, receive, send)
..\..\..\..\AppData\Local\Programs\Python\Python312\Lib\site-packages\starlette\routing.py:290: in handle
    await self.app(scope, receive, send)
..\..\..\..\AppData\Local\Programs\Python\Python312\Lib\site-packages\fastapi\routing.py:125: in app
    await wrap_app_handling_exceptions(app, request)(scope, receive, send)
..\..\..\..\AppData\Local\Programs\Python\Python312\Lib\site-packages\starlette\_exception_handler.py:53: in wrapped_app
    raise exc
..\..\..\..\AppData\Local\Programs\Python\Python312\Lib\site-packages\starlette\_exception_handler.py:42: in wrapped_app
    await app(scope, receive, sender)
..\..\..\..\AppData\Local\Programs\Python\Python312\Lib\site-packages\fastapi\routing.py:111: in app
    response = await f(request)
               ^^^^^^^^^^^^^^^^
..\..\..\..\AppData\Local\Programs\Python\Python312\Lib\site-packages\fastapi\routing.py:391: in app
    raw_response = await run_endpoint_function(
..\..\..\..\AppData\Local\Programs\Python\Python312\Lib\site-packages\fastapi\routing.py:292: in run_endpoint_function
    return await run_in_threadpool(dependant.call, **values)
           ^^^^^^^^^^^^^^^^^^^^^^^^^^^^^^^^^^^^^^^^^^^^^^^^^
..\..\..\..\AppData\Local\Programs\Python\Python312\Lib\site-packages\starlette\concurrency.py:32: in run_in_threadpool
    return await anyio.to_thread.run_sync(func)
           ^^^^^^^^^^^^^^^^^^^^^^^^^^^^^^^^^^^^
..\..\..\..\AppData\Local\Programs\Python\Python312\Lib\site-packages\anyio\to_thread.py:56: in run_sync
    return await get_async_backend().run_sync_in_worker_thread(
..\..\..\..\AppData\Local\Programs\Python\Python312\Lib\site-packages\anyio\_backends\_asyncio.py:2485: in run_sync_in_worker_thread
    return await future
           ^^^^^^^^^^^^
..\..\..\..\AppData\Local\Programs\Python\Python312\Lib\site-packages\anyio\_backends\_asyncio.py:976: in run
    result = context.run(func, *args)
             ^^^^^^^^^^^^^^^^^^^^^^^^
app\api\endpoints\dispatch.py:101: in dispatch_ambulance
    db.commit()
..\..\..\..\AppData\Local\Programs\Python\Python312\Lib\site-packages\sqlalchemy\orm\session.py:2030: in commit
    trans.commit(_to_root=True)
<string>:2: in commit
    ???
..\..\..\..\AppData\Local\Programs\Python\Python312\Lib\site-packages\sqlalchemy\orm\state_changes.py:137: in _go
    ret_value = fn(self, *arg, **kw)
                ^^^^^^^^^^^^^^^^^^^^
..\..\..\..\AppData\Local\Programs\Python\Python312\Lib\site-packages\sqlalchemy\orm\session.py:1311: in commit
    self._prepare_impl()
<string>:2: in _prepare_impl
    ???
..\..\..\..\AppData\Local\Programs\Python\Python312\Lib\site-packages\sqlalchemy\orm\state_changes.py:137: in _go
    ret_value = fn(self, *arg, **kw)
                ^^^^^^^^^^^^^^^^^^^^
..\..\..\..\AppData\Local\Programs\Python\Python312\Lib\site-packages\sqlalchemy\orm\session.py:1286: in _prepare_impl
    self.session.flush()
..\..\..\..\AppData\Local\Programs\Python\Python312\Lib\site-packages\sqlalchemy\orm\session.py:4331: in flush
    self._flush(objects)
..\..\..\..\AppData\Local\Programs\Python\Python312\Lib\site-packages\sqlalchemy\orm\session.py:4466: in _flush
    with util.safe_reraise():
         ^^^^^^^^^^^^^^^^^^^
..\..\..\..\AppData\Local\Programs\Python\Python312\Lib\site-packages\sqlalchemy\util\langhelpers.py:224: in __exit__
    raise exc_value.with_traceback(exc_tb)
..\..\..\..\AppData\Local\Programs\Python\Python312\Lib\site-packages\sqlalchemy\orm\session.py:4427: in _flush
    flush_context.execute()
..\..\..\..\AppData\Local\Programs\Python\Python312\Lib\site-packages\sqlalchemy\orm\unitofwork.py:466: in execute
    rec.execute(self)
..\..\..\..\AppData\Local\Programs\Python\Python312\Lib\site-packages\sqlalchemy\orm\unitofwork.py:642: in execute
    util.preloaded.orm_persistence.save_obj(
..\..\..\..\AppData\Local\Programs\Python\Python312\Lib\site-packages\sqlalchemy\orm\persistence.py:93: in save_obj
    _emit_insert_statements(
..\..\..\..\AppData\Local\Programs\Python\Python312\Lib\site-packages\sqlalchemy\orm\persistence.py:1233: in _emit_insert_statements
    result = connection.execute(
..\..\..\..\AppData\Local\Programs\Python\Python312\Lib\site-packages\sqlalchemy\engine\base.py:1419: in execute
    return meth(
..\..\..\..\AppData\Local\Programs\Python\Python312\Lib\site-packages\sqlalchemy\sql\elements.py:526: in _execute_on_connection
    return connection._execute_clauseelement(
..\..\..\..\AppData\Local\Programs\Python\Python312\Lib\site-packages\sqlalchemy\engine\base.py:1641: in _execute_clauseelement
    ret = self._execute_context(
..\..\..\..\AppData\Local\Programs\Python\Python312\Lib\site-packages\sqlalchemy\engine\base.py:1846: in _execute_context
    return self._exec_single_context(
..\..\..\..\AppData\Local\Programs\Python\Python312\Lib\site-packages\sqlalchemy\engine\base.py:1986: in _exec_single_context
    self._handle_dbapi_exception(
..\..\..\..\AppData\Local\Programs\Python\Python312\Lib\site-packages\sqlalchemy\engine\base.py:2355: in _handle_dbapi_exception
    raise sqlalchemy_exception.with_traceback(exc_info[2]) from e
..\..\..\..\AppData\Local\Programs\Python\Python312\Lib\site-packages\sqlalchemy\engine\base.py:1967: in _exec_single_context
    self.dialect.do_execute(
_ _ _ _ _ _ _ _ _ _ _ _ _ _ _ _ _ _ _ _ _ _ _ _ _ _ _ _ _ _ _ _ _ _ _ _ _ _ _ _

self = <sqlalchemy.dialects.postgresql.psycopg2.PGDialect_psycopg2 object at 0x000002866602F740>
cursor = <cursor object at 0x00000286688A7BC0; closed: -1>
statement = 'INSERT INTO cases (user_id, condition, custom_condition, equipment_needed, ambulance_lat, ambulance_lng, assigned_hos...l_id)s, %(final_score)s, %(distance_km)s, %(eta_minutes)s, %(notes)s, %(status)s) RETURNING cases.id, cases.created_at'
parameters = {'ambulance_lat': 29.86, 'ambulance_lng': 77.89, 'assigned_hospital_id': 28, 'condition': 'cardiac_arrest', ...}
context = <sqlalchemy.dialects.postgresql.psycopg2.PGExecutionContext_psycopg2 object at 0x0000028668E56720>

    def do_execute(self, cursor, statement, parameters, context=None):
>       cursor.execute(statement, parameters)
E       sqlalchemy.exc.ProgrammingError: (psycopg2.errors.UndefinedColumn) column "status" of relation "cases" does not exist
E       LINE 1: ...id, final_score, distance_km, eta_minutes, notes, status) VA...
E                                                                    ^
E       
E       [SQL: INSERT INTO cases (user_id, condition, custom_condition, equipment_needed, ambulance_lat, ambulance_lng, assigned_hospital_id, final_score, distance_km, eta_minutes, notes, status) VALUES (%(user_id)s, %(condition)s, %(custom_condition)s, %(equipment_needed)s::VARCHAR[], %(ambulance_lat)s, %(ambulance_lng)s, %(assigned_hospital_id)s, %(final_score)s, %(distance_km)s, %(eta_minutes)s, %(notes)s, %(status)s) RETURNING cases.id, cases.created_at]
E       [parameters: {'user_id': 243, 'condition': 'cardiac_arrest', 'custom_condition': None, 'equipment_needed': ['ecg'], 'ambulance_lat': 29.86, 'ambulance_lng': 77.89, 'assigned_hospital_id': 28, 'final_score': 0.4958, 'distance_km': 1.37, 'eta_minutes': 2, 'notes': None, 'status': 'dispatched'}]
E       (Background on this error at: https://sqlalche.me/e/20/f405)

..\..\..\..\AppData\Local\Programs\Python\Python312\Lib\site-packages\sqlalchemy\engine\default.py:951: ProgrammingError
_ TestCaseStatusUpdateEndpoint.test_cancel_from_any_state_succeeds[status_seq4] _

self = <sqlalchemy.engine.base.Connection object at 0x0000028668E96D20>
dialect = <sqlalchemy.dialects.postgresql.psycopg2.PGDialect_psycopg2 object at 0x000002866602F740>
context = <sqlalchemy.dialects.postgresql.psycopg2.PGExecutionContext_psycopg2 object at 0x0000028668E945C0>
statement = <sqlalchemy.dialects.postgresql.base.PGCompiler object at 0x00000286688DB2F0>
parameters = [{'ambulance_lat': 29.86, 'ambulance_lng': 77.89, 'assigned_hospital_id': 28, 'condition': 'cardiac_arrest', ...}]

    def _exec_single_context(
        self,
        dialect: Dialect,
        context: ExecutionContext,
        statement: Union[str, Compiled],
        parameters: Optional[_AnyMultiExecuteParams],
    ) -> CursorResult[Any]:
        """continue the _execute_context() method for a single DBAPI
        cursor.execute() or cursor.executemany() call.
    
        """
        if dialect.bind_typing is BindTyping.SETINPUTSIZES:
            generic_setinputsizes = context._prepare_set_input_sizes()
    
            if generic_setinputsizes:
                try:
                    dialect.do_set_input_sizes(
                        context.cursor, generic_setinputsizes, context
                    )
                except BaseException as e:
                    self._handle_dbapi_exception(
                        e, str(statement), parameters, None, context
                    )
    
        cursor, str_statement, parameters = (
            context.cursor,
            context.statement,
            context.parameters,
        )
    
        effective_parameters: Optional[_AnyExecuteParams]
    
        if not context.executemany:
            effective_parameters = parameters[0]
        else:
            effective_parameters = parameters
    
        if self._has_events or self.engine._has_events:
            for fn in self.dispatch.before_cursor_execute:
                str_statement, effective_parameters = fn(
                    self,
                    cursor,
                    str_statement,
                    effective_parameters,
                    context,
                    context.executemany,
                )
    
        if self._echo:
            self._log_info(str_statement)
    
            stats = context._get_cache_stats()
    
            if not self.engine.hide_parameters:
                self._log_info(
                    "[%s] %r",
                    stats,
                    sql_util._repr_params(
                        effective_parameters,
                        batches=10,
                        ismulti=context.executemany,
                    ),
                )
            else:
                self._log_info(
                    "[%s] [SQL parameters hidden due to hide_parameters=True]",
                    stats,
                )
    
        evt_handled: bool = False
        try:
            if context.execute_style is ExecuteStyle.EXECUTEMANY:
                effective_parameters = cast(
                    "_CoreMultiExecuteParams", effective_parameters
                )
                if self.dialect._has_events:
                    for fn in self.dialect.dispatch.do_executemany:
                        if fn(
                            cursor,
                            str_statement,
                            effective_parameters,
                            context,
                        ):
                            evt_handled = True
                            break
                if not evt_handled:
                    self.dialect.do_executemany(
                        cursor,
                        str_statement,
                        effective_parameters,
                        context,
                    )
            elif not effective_parameters and context.no_parameters:
                if self.dialect._has_events:
                    for fn in self.dialect.dispatch.do_execute_no_params:
                        if fn(cursor, str_statement, context):
                            evt_handled = True
                            break
                if not evt_handled:
                    self.dialect.do_execute_no_params(
                        cursor, str_statement, context
                    )
            else:
                effective_parameters = cast(
                    "_CoreSingleExecuteParams", effective_parameters
                )
                if self.dialect._has_events:
                    for fn in self.dialect.dispatch.do_execute:
                        if fn(
                            cursor,
                            str_statement,
                            effective_parameters,
                            context,
                        ):
                            evt_handled = True
                            break
                if not evt_handled:
>                   self.dialect.do_execute(
                        cursor, str_statement, effective_parameters, context
                    )

..\..\..\..\AppData\Local\Programs\Python\Python312\Lib\site-packages\sqlalchemy\engine\base.py:1967: 
_ _ _ _ _ _ _ _ _ _ _ _ _ _ _ _ _ _ _ _ _ _ _ _ _ _ _ _ _ _ _ _ _ _ _ _ _ _ _ _

self = <sqlalchemy.dialects.postgresql.psycopg2.PGDialect_psycopg2 object at 0x000002866602F740>
cursor = <cursor object at 0x00000286688D43C0; closed: -1>
statement = 'INSERT INTO cases (user_id, condition, custom_condition, equipment_needed, ambulance_lat, ambulance_lng, assigned_hos...l_id)s, %(final_score)s, %(distance_km)s, %(eta_minutes)s, %(notes)s, %(status)s) RETURNING cases.id, cases.created_at'
parameters = {'ambulance_lat': 29.86, 'ambulance_lng': 77.89, 'assigned_hospital_id': 28, 'condition': 'cardiac_arrest', ...}
context = <sqlalchemy.dialects.postgresql.psycopg2.PGExecutionContext_psycopg2 object at 0x0000028668E945C0>

    def do_execute(self, cursor, statement, parameters, context=None):
>       cursor.execute(statement, parameters)
E       psycopg2.errors.UndefinedColumn: column "status" of relation "cases" does not exist
E       LINE 1: ...id, final_score, distance_km, eta_minutes, notes, status) VA...
E                                                                    ^

..\..\..\..\AppData\Local\Programs\Python\Python312\Lib\site-packages\sqlalchemy\engine\default.py:951: UndefinedColumn

The above exception was the direct cause of the following exception:

self = <tests.test_cases.TestCaseStatusUpdateEndpoint object at 0x000002866609B560>
client = <starlette.testclient.TestClient object at 0x0000028668E94890>
auth_headers = {'Authorization': 'Bearer eyJhbGciOiJIUzI1NiIsInR5cCI6IkpXVCJ9.eyJzdWIiOiJ0ZXN0X2FtYl82MGJhOWI1N0B0ZXN0LmNvbSIsInJvbGUiOiJhbWJ1bGFuY2UiLCJob3NwaXRhbF9pZCI6bnVsbCwiZXhwIjoxNzc0OTYxMjg3fQ.poXco_yiB_XMCdLrW4UGY9T4Yx9PVujXImRcYOy4PTo'}
status_seq = ['en_route', 'on_scene', 'transporting', 'arrived']

    @pytest.mark.parametrize("status_seq", [
        [],
        ["en_route"],
        ["en_route", "on_scene"],
        ["en_route", "on_scene", "transporting"],
        ["en_route", "on_scene", "transporting", "arrived"]
    ])
    def test_cancel_from_any_state_succeeds(self, client, auth_headers, status_seq):
>       case_id = dispatch_case(client, auth_headers)
                  ^^^^^^^^^^^^^^^^^^^^^^^^^^^^^^^^^^^

tests\test_cases.py:82: 
_ _ _ _ _ _ _ _ _ _ _ _ _ _ _ _ _ _ _ _ _ _ _ _ _ _ _ _ _ _ _ _ _ _ _ _ _ _ _ _
tests\test_cases.py:10: in dispatch_case
    res = client.post("/api/dispatch/", json={
..\..\..\..\AppData\Local\Programs\Python\Python312\Lib\site-packages\starlette\testclient.py:546: in post
    return super().post(
..\..\..\..\AppData\Local\Programs\Python\Python312\Lib\site-packages\httpx\_client.py:1144: in post
    return self.request(
..\..\..\..\AppData\Local\Programs\Python\Python312\Lib\site-packages\starlette\testclient.py:445: in request
    return super().request(
..\..\..\..\AppData\Local\Programs\Python\Python312\Lib\site-packages\httpx\_client.py:825: in request
    return self.send(request, auth=auth, follow_redirects=follow_redirects)
           ^^^^^^^^^^^^^^^^^^^^^^^^^^^^^^^^^^^^^^^^^^^^^^^^^^^^^^^^^^^^^^^^
..\..\..\..\AppData\Local\Programs\Python\Python312\Lib\site-packages\httpx\_client.py:914: in send
    response = self._send_handling_auth(
..\..\..\..\AppData\Local\Programs\Python\Python312\Lib\site-packages\httpx\_client.py:942: in _send_handling_auth
    response = self._send_handling_redirects(
..\..\..\..\AppData\Local\Programs\Python\Python312\Lib\site-packages\httpx\_client.py:979: in _send_handling_redirects
    response = self._send_single_request(request)
               ^^^^^^^^^^^^^^^^^^^^^^^^^^^^^^^^^^
..\..\..\..\AppData\Local\Programs\Python\Python312\Lib\site-packages\httpx\_client.py:1014: in _send_single_request
    response = transport.handle_request(request)
               ^^^^^^^^^^^^^^^^^^^^^^^^^^^^^^^^^
..\..\..\..\AppData\Local\Programs\Python\Python312\Lib\site-packages\starlette\testclient.py:348: in handle_request
    raise exc
..\..\..\..\AppData\Local\Programs\Python\Python312\Lib\site-packages\starlette\testclient.py:345: in handle_request
    portal.call(self.app, scope, receive, send)
..\..\..\..\AppData\Local\Programs\Python\Python312\Lib\site-packages\anyio\from_thread.py:321: in call
    return cast(T_Retval, self.start_task_soon(func, *args).result())
                          ^^^^^^^^^^^^^^^^^^^^^^^^^^^^^^^^^^^^^^^^^^
..\..\..\..\AppData\Local\Programs\Python\Python312\Lib\concurrent\futures\_base.py:456: in result
    return self.__get_result()
           ^^^^^^^^^^^^^^^^^^^
..\..\..\..\AppData\Local\Programs\Python\Python312\Lib\concurrent\futures\_base.py:401: in __get_result
    raise self._exception
..\..\..\..\AppData\Local\Programs\Python\Python312\Lib\site-packages\anyio\from_thread.py:252: in _call_func
    retval = await retval_or_awaitable
             ^^^^^^^^^^^^^^^^^^^^^^^^^
..\..\..\..\AppData\Local\Programs\Python\Python312\Lib\site-packages\fastapi\applications.py:1134: in __call__
    await super().__call__(scope, receive, send)
..\..\..\..\AppData\Local\Programs\Python\Python312\Lib\site-packages\starlette\applications.py:107: in __call__
    await self.middleware_stack(scope, receive, send)
..\..\..\..\AppData\Local\Programs\Python\Python312\Lib\site-packages\starlette\middleware\errors.py:186: in __call__
    raise exc
..\..\..\..\AppData\Local\Programs\Python\Python312\Lib\site-packages\starlette\middleware\errors.py:164: in __call__
    await self.app(scope, receive, _send)
..\..\..\..\AppData\Local\Programs\Python\Python312\Lib\site-packages\starlette\middleware\cors.py:85: in __call__
    await self.app(scope, receive, send)
..\..\..\..\AppData\Local\Programs\Python\Python312\Lib\site-packages\starlette\middleware\exceptions.py:63: in __call__
    await wrap_app_handling_exceptions(self.app, conn)(scope, receive, send)
..\..\..\..\AppData\Local\Programs\Python\Python312\Lib\site-packages\starlette\_exception_handler.py:53: in wrapped_app
    raise exc
..\..\..\..\AppData\Local\Programs\Python\Python312\Lib\site-packages\starlette\_exception_handler.py:42: in wrapped_app
    await app(scope, receive, sender)
..\..\..\..\AppData\Local\Programs\Python\Python312\Lib\site-packages\fastapi\middleware\asyncexitstack.py:18: in __call__
    await self.app(scope, receive, send)
..\..\..\..\AppData\Local\Programs\Python\Python312\Lib\site-packages\starlette\routing.py:716: in __call__
    await self.middleware_stack(scope, receive, send)
..\..\..\..\AppData\Local\Programs\Python\Python312\Lib\site-packages\starlette\routing.py:736: in app
    await route.handle(scope, receive, send)
..\..\..\..\AppData\Local\Programs\Python\Python312\Lib\site-packages\starlette\routing.py:290: in handle
    await self.app(scope, receive, send)
..\..\..\..\AppData\Local\Programs\Python\Python312\Lib\site-packages\fastapi\routing.py:125: in app
    await wrap_app_handling_exceptions(app, request)(scope, receive, send)
..\..\..\..\AppData\Local\Programs\Python\Python312\Lib\site-packages\starlette\_exception_handler.py:53: in wrapped_app
    raise exc
..\..\..\..\AppData\Local\Programs\Python\Python312\Lib\site-packages\starlette\_exception_handler.py:42: in wrapped_app
    await app(scope, receive, sender)
..\..\..\..\AppData\Local\Programs\Python\Python312\Lib\site-packages\fastapi\routing.py:111: in app
    response = await f(request)
               ^^^^^^^^^^^^^^^^
..\..\..\..\AppData\Local\Programs\Python\Python312\Lib\site-packages\fastapi\routing.py:391: in app
    raw_response = await run_endpoint_function(
..\..\..\..\AppData\Local\Programs\Python\Python312\Lib\site-packages\fastapi\routing.py:292: in run_endpoint_function
    return await run_in_threadpool(dependant.call, **values)
           ^^^^^^^^^^^^^^^^^^^^^^^^^^^^^^^^^^^^^^^^^^^^^^^^^
..\..\..\..\AppData\Local\Programs\Python\Python312\Lib\site-packages\starlette\concurrency.py:32: in run_in_threadpool
    return await anyio.to_thread.run_sync(func)
           ^^^^^^^^^^^^^^^^^^^^^^^^^^^^^^^^^^^^
..\..\..\..\AppData\Local\Programs\Python\Python312\Lib\site-packages\anyio\to_thread.py:56: in run_sync
    return await get_async_backend().run_sync_in_worker_thread(
..\..\..\..\AppData\Local\Programs\Python\Python312\Lib\site-packages\anyio\_backends\_asyncio.py:2485: in run_sync_in_worker_thread
    return await future
           ^^^^^^^^^^^^
..\..\..\..\AppData\Local\Programs\Python\Python312\Lib\site-packages\anyio\_backends\_asyncio.py:976: in run
    result = context.run(func, *args)
             ^^^^^^^^^^^^^^^^^^^^^^^^
app\api\endpoints\dispatch.py:101: in dispatch_ambulance
    db.commit()
..\..\..\..\AppData\Local\Programs\Python\Python312\Lib\site-packages\sqlalchemy\orm\session.py:2030: in commit
    trans.commit(_to_root=True)
<string>:2: in commit
    ???
..\..\..\..\AppData\Local\Programs\Python\Python312\Lib\site-packages\sqlalchemy\orm\state_changes.py:137: in _go
    ret_value = fn(self, *arg, **kw)
                ^^^^^^^^^^^^^^^^^^^^
..\..\..\..\AppData\Local\Programs\Python\Python312\Lib\site-packages\sqlalchemy\orm\session.py:1311: in commit
    self._prepare_impl()
<string>:2: in _prepare_impl
    ???
..\..\..\..\AppData\Local\Programs\Python\Python312\Lib\site-packages\sqlalchemy\orm\state_changes.py:137: in _go
    ret_value = fn(self, *arg, **kw)
                ^^^^^^^^^^^^^^^^^^^^
..\..\..\..\AppData\Local\Programs\Python\Python312\Lib\site-packages\sqlalchemy\orm\session.py:1286: in _prepare_impl
    self.session.flush()
..\..\..\..\AppData\Local\Programs\Python\Python312\Lib\site-packages\sqlalchemy\orm\session.py:4331: in flush
    self._flush(objects)
..\..\..\..\AppData\Local\Programs\Python\Python312\Lib\site-packages\sqlalchemy\orm\session.py:4466: in _flush
    with util.safe_reraise():
         ^^^^^^^^^^^^^^^^^^^
..\..\..\..\AppData\Local\Programs\Python\Python312\Lib\site-packages\sqlalchemy\util\langhelpers.py:224: in __exit__
    raise exc_value.with_traceback(exc_tb)
..\..\..\..\AppData\Local\Programs\Python\Python312\Lib\site-packages\sqlalchemy\orm\session.py:4427: in _flush
    flush_context.execute()
..\..\..\..\AppData\Local\Programs\Python\Python312\Lib\site-packages\sqlalchemy\orm\unitofwork.py:466: in execute
    rec.execute(self)
..\..\..\..\AppData\Local\Programs\Python\Python312\Lib\site-packages\sqlalchemy\orm\unitofwork.py:642: in execute
    util.preloaded.orm_persistence.save_obj(
..\..\..\..\AppData\Local\Programs\Python\Python312\Lib\site-packages\sqlalchemy\orm\persistence.py:93: in save_obj
    _emit_insert_statements(
..\..\..\..\AppData\Local\Programs\Python\Python312\Lib\site-packages\sqlalchemy\orm\persistence.py:1233: in _emit_insert_statements
    result = connection.execute(
..\..\..\..\AppData\Local\Programs\Python\Python312\Lib\site-packages\sqlalchemy\engine\base.py:1419: in execute
    return meth(
..\..\..\..\AppData\Local\Programs\Python\Python312\Lib\site-packages\sqlalchemy\sql\elements.py:526: in _execute_on_connection
    return connection._execute_clauseelement(
..\..\..\..\AppData\Local\Programs\Python\Python312\Lib\site-packages\sqlalchemy\engine\base.py:1641: in _execute_clauseelement
    ret = self._execute_context(
..\..\..\..\AppData\Local\Programs\Python\Python312\Lib\site-packages\sqlalchemy\engine\base.py:1846: in _execute_context
    return self._exec_single_context(
..\..\..\..\AppData\Local\Programs\Python\Python312\Lib\site-packages\sqlalchemy\engine\base.py:1986: in _exec_single_context
    self._handle_dbapi_exception(
..\..\..\..\AppData\Local\Programs\Python\Python312\Lib\site-packages\sqlalchemy\engine\base.py:2355: in _handle_dbapi_exception
    raise sqlalchemy_exception.with_traceback(exc_info[2]) from e
..\..\..\..\AppData\Local\Programs\Python\Python312\Lib\site-packages\sqlalchemy\engine\base.py:1967: in _exec_single_context
    self.dialect.do_execute(
_ _ _ _ _ _ _ _ _ _ _ _ _ _ _ _ _ _ _ _ _ _ _ _ _ _ _ _ _ _ _ _ _ _ _ _ _ _ _ _

self = <sqlalchemy.dialects.postgresql.psycopg2.PGDialect_psycopg2 object at 0x000002866602F740>
cursor = <cursor object at 0x00000286688D43C0; closed: -1>
statement = 'INSERT INTO cases (user_id, condition, custom_condition, equipment_needed, ambulance_lat, ambulance_lng, assigned_hos...l_id)s, %(final_score)s, %(distance_km)s, %(eta_minutes)s, %(notes)s, %(status)s) RETURNING cases.id, cases.created_at'
parameters = {'ambulance_lat': 29.86, 'ambulance_lng': 77.89, 'assigned_hospital_id': 28, 'condition': 'cardiac_arrest', ...}
context = <sqlalchemy.dialects.postgresql.psycopg2.PGExecutionContext_psycopg2 object at 0x0000028668E945C0>

    def do_execute(self, cursor, statement, parameters, context=None):
>       cursor.execute(statement, parameters)
E       sqlalchemy.exc.ProgrammingError: (psycopg2.errors.UndefinedColumn) column "status" of relation "cases" does not exist
E       LINE 1: ...id, final_score, distance_km, eta_minutes, notes, status) VA...
E                                                                    ^
E       
E       [SQL: INSERT INTO cases (user_id, condition, custom_condition, equipment_needed, ambulance_lat, ambulance_lng, assigned_hospital_id, final_score, distance_km, eta_minutes, notes, status) VALUES (%(user_id)s, %(condition)s, %(custom_condition)s, %(equipment_needed)s::VARCHAR[], %(ambulance_lat)s, %(ambulance_lng)s, %(assigned_hospital_id)s, %(final_score)s, %(distance_km)s, %(eta_minutes)s, %(notes)s, %(status)s) RETURNING cases.id, cases.created_at]
E       [parameters: {'user_id': 244, 'condition': 'cardiac_arrest', 'custom_condition': None, 'equipment_needed': ['ecg'], 'ambulance_lat': 29.86, 'ambulance_lng': 77.89, 'assigned_hospital_id': 28, 'final_score': 0.4958, 'distance_km': 1.37, 'eta_minutes': 2, 'notes': None, 'status': 'dispatched'}]
E       (Background on this error at: https://sqlalche.me/e/20/f405)

..\..\..\..\AppData\Local\Programs\Python\Python312\Lib\site-packages\sqlalchemy\engine\default.py:951: ProgrammingError
__ TestCaseStatusUpdateEndpoint.test_transition_after_terminal_state_blocked __

self = <sqlalchemy.engine.base.Connection object at 0x0000028668E57BF0>
dialect = <sqlalchemy.dialects.postgresql.psycopg2.PGDialect_psycopg2 object at 0x000002866602F740>
context = <sqlalchemy.dialects.postgresql.psycopg2.PGExecutionContext_psycopg2 object at 0x000002866794BA10>
statement = <sqlalchemy.dialects.postgresql.base.PGCompiler object at 0x00000286688DB2F0>
parameters = [{'ambulance_lat': 29.86, 'ambulance_lng': 77.89, 'assigned_hospital_id': 28, 'condition': 'cardiac_arrest', ...}]

    def _exec_single_context(
        self,
        dialect: Dialect,
        context: ExecutionContext,
        statement: Union[str, Compiled],
        parameters: Optional[_AnyMultiExecuteParams],
    ) -> CursorResult[Any]:
        """continue the _execute_context() method for a single DBAPI
        cursor.execute() or cursor.executemany() call.
    
        """
        if dialect.bind_typing is BindTyping.SETINPUTSIZES:
            generic_setinputsizes = context._prepare_set_input_sizes()
    
            if generic_setinputsizes:
                try:
                    dialect.do_set_input_sizes(
                        context.cursor, generic_setinputsizes, context
                    )
                except BaseException as e:
                    self._handle_dbapi_exception(
                        e, str(statement), parameters, None, context
                    )
    
        cursor, str_statement, parameters = (
            context.cursor,
            context.statement,
            context.parameters,
        )
    
        effective_parameters: Optional[_AnyExecuteParams]
    
        if not context.executemany:
            effective_parameters = parameters[0]
        else:
            effective_parameters = parameters
    
        if self._has_events or self.engine._has_events:
            for fn in self.dispatch.before_cursor_execute:
                str_statement, effective_parameters = fn(
                    self,
                    cursor,
                    str_statement,
                    effective_parameters,
                    context,
                    context.executemany,
                )
    
        if self._echo:
            self._log_info(str_statement)
    
            stats = context._get_cache_stats()
    
            if not self.engine.hide_parameters:
                self._log_info(
                    "[%s] %r",
                    stats,
                    sql_util._repr_params(
                        effective_parameters,
                        batches=10,
                        ismulti=context.executemany,
                    ),
                )
            else:
                self._log_info(
                    "[%s] [SQL parameters hidden due to hide_parameters=True]",
                    stats,
                )
    
        evt_handled: bool = False
        try:
            if context.execute_style is ExecuteStyle.EXECUTEMANY:
                effective_parameters = cast(
                    "_CoreMultiExecuteParams", effective_parameters
                )
                if self.dialect._has_events:
                    for fn in self.dialect.dispatch.do_executemany:
                        if fn(
                            cursor,
                            str_statement,
                            effective_parameters,
                            context,
                        ):
                            evt_handled = True
                            break
                if not evt_handled:
                    self.dialect.do_executemany(
                        cursor,
                        str_statement,
                        effective_parameters,
                        context,
                    )
            elif not effective_parameters and context.no_parameters:
                if self.dialect._has_events:
                    for fn in self.dialect.dispatch.do_execute_no_params:
                        if fn(cursor, str_statement, context):
                            evt_handled = True
                            break
                if not evt_handled:
                    self.dialect.do_execute_no_params(
                        cursor, str_statement, context
                    )
            else:
                effective_parameters = cast(
                    "_CoreSingleExecuteParams", effective_parameters
                )
                if self.dialect._has_events:
                    for fn in self.dialect.dispatch.do_execute:
                        if fn(
                            cursor,
                            str_statement,
                            effective_parameters,
                            context,
                        ):
                            evt_handled = True
                            break
                if not evt_handled:
>                   self.dialect.do_execute(
                        cursor, str_statement, effective_parameters, context
                    )

..\..\..\..\AppData\Local\Programs\Python\Python312\Lib\site-packages\sqlalchemy\engine\base.py:1967: 
_ _ _ _ _ _ _ _ _ _ _ _ _ _ _ _ _ _ _ _ _ _ _ _ _ _ _ _ _ _ _ _ _ _ _ _ _ _ _ _

self = <sqlalchemy.dialects.postgresql.psycopg2.PGDialect_psycopg2 object at 0x000002866602F740>
cursor = <cursor object at 0x00000286688A5620; closed: -1>
statement = 'INSERT INTO cases (user_id, condition, custom_condition, equipment_needed, ambulance_lat, ambulance_lng, assigned_hos...l_id)s, %(final_score)s, %(distance_km)s, %(eta_minutes)s, %(notes)s, %(status)s) RETURNING cases.id, cases.created_at'
parameters = {'ambulance_lat': 29.86, 'ambulance_lng': 77.89, 'assigned_hospital_id': 28, 'condition': 'cardiac_arrest', ...}
context = <sqlalchemy.dialects.postgresql.psycopg2.PGExecutionContext_psycopg2 object at 0x000002866794BA10>

    def do_execute(self, cursor, statement, parameters, context=None):
>       cursor.execute(statement, parameters)
E       psycopg2.errors.UndefinedColumn: column "status" of relation "cases" does not exist
E       LINE 1: ...id, final_score, distance_km, eta_minutes, notes, status) VA...
E                                                                    ^

..\..\..\..\AppData\Local\Programs\Python\Python312\Lib\site-packages\sqlalchemy\engine\default.py:951: UndefinedColumn

The above exception was the direct cause of the following exception:

self = <tests.test_cases.TestCaseStatusUpdateEndpoint object at 0x0000028666063A70>
client = <starlette.testclient.TestClient object at 0x0000028668E55D00>
auth_headers = {'Authorization': 'Bearer eyJhbGciOiJIUzI1NiIsInR5cCI6IkpXVCJ9.eyJzdWIiOiJ0ZXN0X2FtYl81M2VmNmI0NEB0ZXN0LmNvbSIsInJvbGUiOiJhbWJ1bGFuY2UiLCJob3NwaXRhbF9pZCI6bnVsbCwiZXhwIjoxNzc0OTYxMjkwfQ.aKPfy52Tnto9QGKe84fezSr2nWE2SdYDmB4oiiTh3Bs'}

    def test_transition_after_terminal_state_blocked(self, client, auth_headers):
>       case_id = dispatch_case(client, auth_headers)
                  ^^^^^^^^^^^^^^^^^^^^^^^^^^^^^^^^^^^

tests\test_cases.py:89: 
_ _ _ _ _ _ _ _ _ _ _ _ _ _ _ _ _ _ _ _ _ _ _ _ _ _ _ _ _ _ _ _ _ _ _ _ _ _ _ _
tests\test_cases.py:10: in dispatch_case
    res = client.post("/api/dispatch/", json={
..\..\..\..\AppData\Local\Programs\Python\Python312\Lib\site-packages\starlette\testclient.py:546: in post
    return super().post(
..\..\..\..\AppData\Local\Programs\Python\Python312\Lib\site-packages\httpx\_client.py:1144: in post
    return self.request(
..\..\..\..\AppData\Local\Programs\Python\Python312\Lib\site-packages\starlette\testclient.py:445: in request
    return super().request(
..\..\..\..\AppData\Local\Programs\Python\Python312\Lib\site-packages\httpx\_client.py:825: in request
    return self.send(request, auth=auth, follow_redirects=follow_redirects)
           ^^^^^^^^^^^^^^^^^^^^^^^^^^^^^^^^^^^^^^^^^^^^^^^^^^^^^^^^^^^^^^^^
..\..\..\..\AppData\Local\Programs\Python\Python312\Lib\site-packages\httpx\_client.py:914: in send
    response = self._send_handling_auth(
..\..\..\..\AppData\Local\Programs\Python\Python312\Lib\site-packages\httpx\_client.py:942: in _send_handling_auth
    response = self._send_handling_redirects(
..\..\..\..\AppData\Local\Programs\Python\Python312\Lib\site-packages\httpx\_client.py:979: in _send_handling_redirects
    response = self._send_single_request(request)
               ^^^^^^^^^^^^^^^^^^^^^^^^^^^^^^^^^^
..\..\..\..\AppData\Local\Programs\Python\Python312\Lib\site-packages\httpx\_client.py:1014: in _send_single_request
    response = transport.handle_request(request)
               ^^^^^^^^^^^^^^^^^^^^^^^^^^^^^^^^^
..\..\..\..\AppData\Local\Programs\Python\Python312\Lib\site-packages\starlette\testclient.py:348: in handle_request
    raise exc
..\..\..\..\AppData\Local\Programs\Python\Python312\Lib\site-packages\starlette\testclient.py:345: in handle_request
    portal.call(self.app, scope, receive, send)
..\..\..\..\AppData\Local\Programs\Python\Python312\Lib\site-packages\anyio\from_thread.py:321: in call
    return cast(T_Retval, self.start_task_soon(func, *args).result())
                          ^^^^^^^^^^^^^^^^^^^^^^^^^^^^^^^^^^^^^^^^^^
..\..\..\..\AppData\Local\Programs\Python\Python312\Lib\concurrent\futures\_base.py:456: in result
    return self.__get_result()
           ^^^^^^^^^^^^^^^^^^^
..\..\..\..\AppData\Local\Programs\Python\Python312\Lib\concurrent\futures\_base.py:401: in __get_result
    raise self._exception
..\..\..\..\AppData\Local\Programs\Python\Python312\Lib\site-packages\anyio\from_thread.py:252: in _call_func
    retval = await retval_or_awaitable
             ^^^^^^^^^^^^^^^^^^^^^^^^^
..\..\..\..\AppData\Local\Programs\Python\Python312\Lib\site-packages\fastapi\applications.py:1134: in __call__
    await super().__call__(scope, receive, send)
..\..\..\..\AppData\Local\Programs\Python\Python312\Lib\site-packages\starlette\applications.py:107: in __call__
    await self.middleware_stack(scope, receive, send)
..\..\..\..\AppData\Local\Programs\Python\Python312\Lib\site-packages\starlette\middleware\errors.py:186: in __call__
    raise exc
..\..\..\..\AppData\Local\Programs\Python\Python312\Lib\site-packages\starlette\middleware\errors.py:164: in __call__
    await self.app(scope, receive, _send)
..\..\..\..\AppData\Local\Programs\Python\Python312\Lib\site-packages\starlette\middleware\cors.py:85: in __call__
    await self.app(scope, receive, send)
..\..\..\..\AppData\Local\Programs\Python\Python312\Lib\site-packages\starlette\middleware\exceptions.py:63: in __call__
    await wrap_app_handling_exceptions(self.app, conn)(scope, receive, send)
..\..\..\..\AppData\Local\Programs\Python\Python312\Lib\site-packages\starlette\_exception_handler.py:53: in wrapped_app
    raise exc
..\..\..\..\AppData\Local\Programs\Python\Python312\Lib\site-packages\starlette\_exception_handler.py:42: in wrapped_app
    await app(scope, receive, sender)
..\..\..\..\AppData\Local\Programs\Python\Python312\Lib\site-packages\fastapi\middleware\asyncexitstack.py:18: in __call__
    await self.app(scope, receive, send)
..\..\..\..\AppData\Local\Programs\Python\Python312\Lib\site-packages\starlette\routing.py:716: in __call__
    await self.middleware_stack(scope, receive, send)
..\..\..\..\AppData\Local\Programs\Python\Python312\Lib\site-packages\starlette\routing.py:736: in app
    await route.handle(scope, receive, send)
..\..\..\..\AppData\Local\Programs\Python\Python312\Lib\site-packages\starlette\routing.py:290: in handle
    await self.app(scope, receive, send)
..\..\..\..\AppData\Local\Programs\Python\Python312\Lib\site-packages\fastapi\routing.py:125: in app
    await wrap_app_handling_exceptions(app, request)(scope, receive, send)
..\..\..\..\AppData\Local\Programs\Python\Python312\Lib\site-packages\starlette\_exception_handler.py:53: in wrapped_app
    raise exc
..\..\..\..\AppData\Local\Programs\Python\Python312\Lib\site-packages\starlette\_exception_handler.py:42: in wrapped_app
    await app(scope, receive, sender)
..\..\..\..\AppData\Local\Programs\Python\Python312\Lib\site-packages\fastapi\routing.py:111: in app
    response = await f(request)
               ^^^^^^^^^^^^^^^^
..\..\..\..\AppData\Local\Programs\Python\Python312\Lib\site-packages\fastapi\routing.py:391: in app
    raw_response = await run_endpoint_function(
..\..\..\..\AppData\Local\Programs\Python\Python312\Lib\site-packages\fastapi\routing.py:292: in run_endpoint_function
    return await run_in_threadpool(dependant.call, **values)
           ^^^^^^^^^^^^^^^^^^^^^^^^^^^^^^^^^^^^^^^^^^^^^^^^^
..\..\..\..\AppData\Local\Programs\Python\Python312\Lib\site-packages\starlette\concurrency.py:32: in run_in_threadpool
    return await anyio.to_thread.run_sync(func)
           ^^^^^^^^^^^^^^^^^^^^^^^^^^^^^^^^^^^^
..\..\..\..\AppData\Local\Programs\Python\Python312\Lib\site-packages\anyio\to_thread.py:56: in run_sync
    return await get_async_backend().run_sync_in_worker_thread(
..\..\..\..\AppData\Local\Programs\Python\Python312\Lib\site-packages\anyio\_backends\_asyncio.py:2485: in run_sync_in_worker_thread
    return await future
           ^^^^^^^^^^^^
..\..\..\..\AppData\Local\Programs\Python\Python312\Lib\site-packages\anyio\_backends\_asyncio.py:976: in run
    result = context.run(func, *args)
             ^^^^^^^^^^^^^^^^^^^^^^^^
app\api\endpoints\dispatch.py:101: in dispatch_ambulance
    db.commit()
..\..\..\..\AppData\Local\Programs\Python\Python312\Lib\site-packages\sqlalchemy\orm\session.py:2030: in commit
    trans.commit(_to_root=True)
<string>:2: in commit
    ???
..\..\..\..\AppData\Local\Programs\Python\Python312\Lib\site-packages\sqlalchemy\orm\state_changes.py:137: in _go
    ret_value = fn(self, *arg, **kw)
                ^^^^^^^^^^^^^^^^^^^^
..\..\..\..\AppData\Local\Programs\Python\Python312\Lib\site-packages\sqlalchemy\orm\session.py:1311: in commit
    self._prepare_impl()
<string>:2: in _prepare_impl
    ???
..\..\..\..\AppData\Local\Programs\Python\Python312\Lib\site-packages\sqlalchemy\orm\state_changes.py:137: in _go
    ret_value = fn(self, *arg, **kw)
                ^^^^^^^^^^^^^^^^^^^^
..\..\..\..\AppData\Local\Programs\Python\Python312\Lib\site-packages\sqlalchemy\orm\session.py:1286: in _prepare_impl
    self.session.flush()
..\..\..\..\AppData\Local\Programs\Python\Python312\Lib\site-packages\sqlalchemy\orm\session.py:4331: in flush
    self._flush(objects)
..\..\..\..\AppData\Local\Programs\Python\Python312\Lib\site-packages\sqlalchemy\orm\session.py:4466: in _flush
    with util.safe_reraise():
         ^^^^^^^^^^^^^^^^^^^
..\..\..\..\AppData\Local\Programs\Python\Python312\Lib\site-packages\sqlalchemy\util\langhelpers.py:224: in __exit__
    raise exc_value.with_traceback(exc_tb)
..\..\..\..\AppData\Local\Programs\Python\Python312\Lib\site-packages\sqlalchemy\orm\session.py:4427: in _flush
    flush_context.execute()
..\..\..\..\AppData\Local\Programs\Python\Python312\Lib\site-packages\sqlalchemy\orm\unitofwork.py:466: in execute
    rec.execute(self)
..\..\..\..\AppData\Local\Programs\Python\Python312\Lib\site-packages\sqlalchemy\orm\unitofwork.py:642: in execute
    util.preloaded.orm_persistence.save_obj(
..\..\..\..\AppData\Local\Programs\Python\Python312\Lib\site-packages\sqlalchemy\orm\persistence.py:93: in save_obj
    _emit_insert_statements(
..\..\..\..\AppData\Local\Programs\Python\Python312\Lib\site-packages\sqlalchemy\orm\persistence.py:1233: in _emit_insert_statements
    result = connection.execute(
..\..\..\..\AppData\Local\Programs\Python\Python312\Lib\site-packages\sqlalchemy\engine\base.py:1419: in execute
    return meth(
..\..\..\..\AppData\Local\Programs\Python\Python312\Lib\site-packages\sqlalchemy\sql\elements.py:526: in _execute_on_connection
    return connection._execute_clauseelement(
..\..\..\..\AppData\Local\Programs\Python\Python312\Lib\site-packages\sqlalchemy\engine\base.py:1641: in _execute_clauseelement
    ret = self._execute_context(
..\..\..\..\AppData\Local\Programs\Python\Python312\Lib\site-packages\sqlalchemy\engine\base.py:1846: in _execute_context
    return self._exec_single_context(
..\..\..\..\AppData\Local\Programs\Python\Python312\Lib\site-packages\sqlalchemy\engine\base.py:1986: in _exec_single_context
    self._handle_dbapi_exception(
..\..\..\..\AppData\Local\Programs\Python\Python312\Lib\site-packages\sqlalchemy\engine\base.py:2355: in _handle_dbapi_exception
    raise sqlalchemy_exception.with_traceback(exc_info[2]) from e
..\..\..\..\AppData\Local\Programs\Python\Python312\Lib\site-packages\sqlalchemy\engine\base.py:1967: in _exec_single_context
    self.dialect.do_execute(
_ _ _ _ _ _ _ _ _ _ _ _ _ _ _ _ _ _ _ _ _ _ _ _ _ _ _ _ _ _ _ _ _ _ _ _ _ _ _ _

self = <sqlalchemy.dialects.postgresql.psycopg2.PGDialect_psycopg2 object at 0x000002866602F740>
cursor = <cursor object at 0x00000286688A5620; closed: -1>
statement = 'INSERT INTO cases (user_id, condition, custom_condition, equipment_needed, ambulance_lat, ambulance_lng, assigned_hos...l_id)s, %(final_score)s, %(distance_km)s, %(eta_minutes)s, %(notes)s, %(status)s) RETURNING cases.id, cases.created_at'
parameters = {'ambulance_lat': 29.86, 'ambulance_lng': 77.89, 'assigned_hospital_id': 28, 'condition': 'cardiac_arrest', ...}
context = <sqlalchemy.dialects.postgresql.psycopg2.PGExecutionContext_psycopg2 object at 0x000002866794BA10>

    def do_execute(self, cursor, statement, parameters, context=None):
>       cursor.execute(statement, parameters)
E       sqlalchemy.exc.ProgrammingError: (psycopg2.errors.UndefinedColumn) column "status" of relation "cases" does not exist
E       LINE 1: ...id, final_score, distance_km, eta_minutes, notes, status) VA...
E                                                                    ^
E       
E       [SQL: INSERT INTO cases (user_id, condition, custom_condition, equipment_needed, ambulance_lat, ambulance_lng, assigned_hospital_id, final_score, distance_km, eta_minutes, notes, status) VALUES (%(user_id)s, %(condition)s, %(custom_condition)s, %(equipment_needed)s::VARCHAR[], %(ambulance_lat)s, %(ambulance_lng)s, %(assigned_hospital_id)s, %(final_score)s, %(distance_km)s, %(eta_minutes)s, %(notes)s, %(status)s) RETURNING cases.id, cases.created_at]
E       [parameters: {'user_id': 245, 'condition': 'cardiac_arrest', 'custom_condition': None, 'equipment_needed': ['ecg'], 'ambulance_lat': 29.86, 'ambulance_lng': 77.89, 'assigned_hospital_id': 28, 'final_score': 0.4958, 'distance_km': 1.37, 'eta_minutes': 2, 'notes': None, 'status': 'dispatched'}]
E       (Background on this error at: https://sqlalche.me/e/20/f405)

..\..\..\..\AppData\Local\Programs\Python\Python312\Lib\site-packages\sqlalchemy\engine\default.py:951: ProgrammingError
__________ TestCaseStatusUpdateEndpoint.test_completed_restores_beds __________

self = <sqlalchemy.engine.base.Connection object at 0x0000028668E2C830>
dialect = <sqlalchemy.dialects.postgresql.psycopg2.PGDialect_psycopg2 object at 0x000002866602F740>
context = <sqlalchemy.dialects.postgresql.psycopg2.PGExecutionContext_psycopg2 object at 0x0000028668E0EFC0>
statement = <sqlalchemy.dialects.postgresql.base.PGCompiler object at 0x00000286688DB2F0>
parameters = [{'ambulance_lat': 29.86, 'ambulance_lng': 77.89, 'assigned_hospital_id': 28, 'condition': 'cardiac_arrest', ...}]

    def _exec_single_context(
        self,
        dialect: Dialect,
        context: ExecutionContext,
        statement: Union[str, Compiled],
        parameters: Optional[_AnyMultiExecuteParams],
    ) -> CursorResult[Any]:
        """continue the _execute_context() method for a single DBAPI
        cursor.execute() or cursor.executemany() call.
    
        """
        if dialect.bind_typing is BindTyping.SETINPUTSIZES:
            generic_setinputsizes = context._prepare_set_input_sizes()
    
            if generic_setinputsizes:
                try:
                    dialect.do_set_input_sizes(
                        context.cursor, generic_setinputsizes, context
                    )
                except BaseException as e:
                    self._handle_dbapi_exception(
                        e, str(statement), parameters, None, context
                    )
    
        cursor, str_statement, parameters = (
            context.cursor,
            context.statement,
            context.parameters,
        )
    
        effective_parameters: Optional[_AnyExecuteParams]
    
        if not context.executemany:
            effective_parameters = parameters[0]
        else:
            effective_parameters = parameters
    
        if self._has_events or self.engine._has_events:
            for fn in self.dispatch.before_cursor_execute:
                str_statement, effective_parameters = fn(
                    self,
                    cursor,
                    str_statement,
                    effective_parameters,
                    context,
                    context.executemany,
                )
    
        if self._echo:
            self._log_info(str_statement)
    
            stats = context._get_cache_stats()
    
            if not self.engine.hide_parameters:
                self._log_info(
                    "[%s] %r",
                    stats,
                    sql_util._repr_params(
                        effective_parameters,
                        batches=10,
                        ismulti=context.executemany,
                    ),
                )
            else:
                self._log_info(
                    "[%s] [SQL parameters hidden due to hide_parameters=True]",
                    stats,
                )
    
        evt_handled: bool = False
        try:
            if context.execute_style is ExecuteStyle.EXECUTEMANY:
                effective_parameters = cast(
                    "_CoreMultiExecuteParams", effective_parameters
                )
                if self.dialect._has_events:
                    for fn in self.dialect.dispatch.do_executemany:
                        if fn(
                            cursor,
                            str_statement,
                            effective_parameters,
                            context,
                        ):
                            evt_handled = True
                            break
                if not evt_handled:
                    self.dialect.do_executemany(
                        cursor,
                        str_statement,
                        effective_parameters,
                        context,
                    )
            elif not effective_parameters and context.no_parameters:
                if self.dialect._has_events:
                    for fn in self.dialect.dispatch.do_execute_no_params:
                        if fn(cursor, str_statement, context):
                            evt_handled = True
                            break
                if not evt_handled:
                    self.dialect.do_execute_no_params(
                        cursor, str_statement, context
                    )
            else:
                effective_parameters = cast(
                    "_CoreSingleExecuteParams", effective_parameters
                )
                if self.dialect._has_events:
                    for fn in self.dialect.dispatch.do_execute:
                        if fn(
                            cursor,
                            str_statement,
                            effective_parameters,
                            context,
                        ):
                            evt_handled = True
                            break
                if not evt_handled:
>                   self.dialect.do_execute(
                        cursor, str_statement, effective_parameters, context
                    )

..\..\..\..\AppData\Local\Programs\Python\Python312\Lib\site-packages\sqlalchemy\engine\base.py:1967: 
_ _ _ _ _ _ _ _ _ _ _ _ _ _ _ _ _ _ _ _ _ _ _ _ _ _ _ _ _ _ _ _ _ _ _ _ _ _ _ _

self = <sqlalchemy.dialects.postgresql.psycopg2.PGDialect_psycopg2 object at 0x000002866602F740>
cursor = <cursor object at 0x00000286680420A0; closed: -1>
statement = 'INSERT INTO cases (user_id, condition, custom_condition, equipment_needed, ambulance_lat, ambulance_lng, assigned_hos...l_id)s, %(final_score)s, %(distance_km)s, %(eta_minutes)s, %(notes)s, %(status)s) RETURNING cases.id, cases.created_at'
parameters = {'ambulance_lat': 29.86, 'ambulance_lng': 77.89, 'assigned_hospital_id': 28, 'condition': 'cardiac_arrest', ...}
context = <sqlalchemy.dialects.postgresql.psycopg2.PGExecutionContext_psycopg2 object at 0x0000028668E0EFC0>

    def do_execute(self, cursor, statement, parameters, context=None):
>       cursor.execute(statement, parameters)
E       psycopg2.errors.UndefinedColumn: column "status" of relation "cases" does not exist
E       LINE 1: ...id, final_score, distance_km, eta_minutes, notes, status) VA...
E                                                                    ^

..\..\..\..\AppData\Local\Programs\Python\Python312\Lib\site-packages\sqlalchemy\engine\default.py:951: UndefinedColumn

The above exception was the direct cause of the following exception:

self = <tests.test_cases.TestCaseStatusUpdateEndpoint object at 0x000002866609AB10>
client = <starlette.testclient.TestClient object at 0x0000028668E2DF10>
auth_headers = {'Authorization': 'Bearer eyJhbGciOiJIUzI1NiIsInR5cCI6IkpXVCJ9.eyJzdWIiOiJ0ZXN0X2FtYl8zYmU0Nzc2ZkB0ZXN0LmNvbSIsInJvbGUiOiJhbWJ1bGFuY2UiLCJob3NwaXRhbF9pZCI6bnVsbCwiZXhwIjoxNzc0OTYxMjkyfQ.K2QMFM8MHtmu599pOSC4kcjTzoz7NX3_NFrNVo0C5Ak'}
db_session = <sqlalchemy.orm.session.Session object at 0x0000028668E2DC70>

    def test_completed_restores_beds(self, client, auth_headers, db_session):
        before_beds = db_session.query(func.sum(Availability.beds)).scalar() or 0
>       case_id = dispatch_case(client, auth_headers)
                  ^^^^^^^^^^^^^^^^^^^^^^^^^^^^^^^^^^^

tests\test_cases.py:96: 
_ _ _ _ _ _ _ _ _ _ _ _ _ _ _ _ _ _ _ _ _ _ _ _ _ _ _ _ _ _ _ _ _ _ _ _ _ _ _ _
tests\test_cases.py:10: in dispatch_case
    res = client.post("/api/dispatch/", json={
..\..\..\..\AppData\Local\Programs\Python\Python312\Lib\site-packages\starlette\testclient.py:546: in post
    return super().post(
..\..\..\..\AppData\Local\Programs\Python\Python312\Lib\site-packages\httpx\_client.py:1144: in post
    return self.request(
..\..\..\..\AppData\Local\Programs\Python\Python312\Lib\site-packages\starlette\testclient.py:445: in request
    return super().request(
..\..\..\..\AppData\Local\Programs\Python\Python312\Lib\site-packages\httpx\_client.py:825: in request
    return self.send(request, auth=auth, follow_redirects=follow_redirects)
           ^^^^^^^^^^^^^^^^^^^^^^^^^^^^^^^^^^^^^^^^^^^^^^^^^^^^^^^^^^^^^^^^
..\..\..\..\AppData\Local\Programs\Python\Python312\Lib\site-packages\httpx\_client.py:914: in send
    response = self._send_handling_auth(
..\..\..\..\AppData\Local\Programs\Python\Python312\Lib\site-packages\httpx\_client.py:942: in _send_handling_auth
    response = self._send_handling_redirects(
..\..\..\..\AppData\Local\Programs\Python\Python312\Lib\site-packages\httpx\_client.py:979: in _send_handling_redirects
    response = self._send_single_request(request)
               ^^^^^^^^^^^^^^^^^^^^^^^^^^^^^^^^^^
..\..\..\..\AppData\Local\Programs\Python\Python312\Lib\site-packages\httpx\_client.py:1014: in _send_single_request
    response = transport.handle_request(request)
               ^^^^^^^^^^^^^^^^^^^^^^^^^^^^^^^^^
..\..\..\..\AppData\Local\Programs\Python\Python312\Lib\site-packages\starlette\testclient.py:348: in handle_request
    raise exc
..\..\..\..\AppData\Local\Programs\Python\Python312\Lib\site-packages\starlette\testclient.py:345: in handle_request
    portal.call(self.app, scope, receive, send)
..\..\..\..\AppData\Local\Programs\Python\Python312\Lib\site-packages\anyio\from_thread.py:321: in call
    return cast(T_Retval, self.start_task_soon(func, *args).result())
                          ^^^^^^^^^^^^^^^^^^^^^^^^^^^^^^^^^^^^^^^^^^
..\..\..\..\AppData\Local\Programs\Python\Python312\Lib\concurrent\futures\_base.py:456: in result
    return self.__get_result()
           ^^^^^^^^^^^^^^^^^^^
..\..\..\..\AppData\Local\Programs\Python\Python312\Lib\concurrent\futures\_base.py:401: in __get_result
    raise self._exception
..\..\..\..\AppData\Local\Programs\Python\Python312\Lib\site-packages\anyio\from_thread.py:252: in _call_func
    retval = await retval_or_awaitable
             ^^^^^^^^^^^^^^^^^^^^^^^^^
..\..\..\..\AppData\Local\Programs\Python\Python312\Lib\site-packages\fastapi\applications.py:1134: in __call__
    await super().__call__(scope, receive, send)
..\..\..\..\AppData\Local\Programs\Python\Python312\Lib\site-packages\starlette\applications.py:107: in __call__
    await self.middleware_stack(scope, receive, send)
..\..\..\..\AppData\Local\Programs\Python\Python312\Lib\site-packages\starlette\middleware\errors.py:186: in __call__
    raise exc
..\..\..\..\AppData\Local\Programs\Python\Python312\Lib\site-packages\starlette\middleware\errors.py:164: in __call__
    await self.app(scope, receive, _send)
..\..\..\..\AppData\Local\Programs\Python\Python312\Lib\site-packages\starlette\middleware\cors.py:85: in __call__
    await self.app(scope, receive, send)
..\..\..\..\AppData\Local\Programs\Python\Python312\Lib\site-packages\starlette\middleware\exceptions.py:63: in __call__
    await wrap_app_handling_exceptions(self.app, conn)(scope, receive, send)
..\..\..\..\AppData\Local\Programs\Python\Python312\Lib\site-packages\starlette\_exception_handler.py:53: in wrapped_app
    raise exc
..\..\..\..\AppData\Local\Programs\Python\Python312\Lib\site-packages\starlette\_exception_handler.py:42: in wrapped_app
    await app(scope, receive, sender)
..\..\..\..\AppData\Local\Programs\Python\Python312\Lib\site-packages\fastapi\middleware\asyncexitstack.py:18: in __call__
    await self.app(scope, receive, send)
..\..\..\..\AppData\Local\Programs\Python\Python312\Lib\site-packages\starlette\routing.py:716: in __call__
    await self.middleware_stack(scope, receive, send)
..\..\..\..\AppData\Local\Programs\Python\Python312\Lib\site-packages\starlette\routing.py:736: in app
    await route.handle(scope, receive, send)
..\..\..\..\AppData\Local\Programs\Python\Python312\Lib\site-packages\starlette\routing.py:290: in handle
    await self.app(scope, receive, send)
..\..\..\..\AppData\Local\Programs\Python\Python312\Lib\site-packages\fastapi\routing.py:125: in app
    await wrap_app_handling_exceptions(app, request)(scope, receive, send)
..\..\..\..\AppData\Local\Programs\Python\Python312\Lib\site-packages\starlette\_exception_handler.py:53: in wrapped_app
    raise exc
..\..\..\..\AppData\Local\Programs\Python\Python312\Lib\site-packages\starlette\_exception_handler.py:42: in wrapped_app
    await app(scope, receive, sender)
..\..\..\..\AppData\Local\Programs\Python\Python312\Lib\site-packages\fastapi\routing.py:111: in app
    response = await f(request)
               ^^^^^^^^^^^^^^^^
..\..\..\..\AppData\Local\Programs\Python\Python312\Lib\site-packages\fastapi\routing.py:391: in app
    raw_response = await run_endpoint_function(
..\..\..\..\AppData\Local\Programs\Python\Python312\Lib\site-packages\fastapi\routing.py:292: in run_endpoint_function
    return await run_in_threadpool(dependant.call, **values)
           ^^^^^^^^^^^^^^^^^^^^^^^^^^^^^^^^^^^^^^^^^^^^^^^^^
..\..\..\..\AppData\Local\Programs\Python\Python312\Lib\site-packages\starlette\concurrency.py:32: in run_in_threadpool
    return await anyio.to_thread.run_sync(func)
           ^^^^^^^^^^^^^^^^^^^^^^^^^^^^^^^^^^^^
..\..\..\..\AppData\Local\Programs\Python\Python312\Lib\site-packages\anyio\to_thread.py:56: in run_sync
    return await get_async_backend().run_sync_in_worker_thread(
..\..\..\..\AppData\Local\Programs\Python\Python312\Lib\site-packages\anyio\_backends\_asyncio.py:2485: in run_sync_in_worker_thread
    return await future
           ^^^^^^^^^^^^
..\..\..\..\AppData\Local\Programs\Python\Python312\Lib\site-packages\anyio\_backends\_asyncio.py:976: in run
    result = context.run(func, *args)
             ^^^^^^^^^^^^^^^^^^^^^^^^
app\api\endpoints\dispatch.py:101: in dispatch_ambulance
    db.commit()
..\..\..\..\AppData\Local\Programs\Python\Python312\Lib\site-packages\sqlalchemy\orm\session.py:2030: in commit
    trans.commit(_to_root=True)
<string>:2: in commit
    ???
..\..\..\..\AppData\Local\Programs\Python\Python312\Lib\site-packages\sqlalchemy\orm\state_changes.py:137: in _go
    ret_value = fn(self, *arg, **kw)
                ^^^^^^^^^^^^^^^^^^^^
..\..\..\..\AppData\Local\Programs\Python\Python312\Lib\site-packages\sqlalchemy\orm\session.py:1311: in commit
    self._prepare_impl()
<string>:2: in _prepare_impl
    ???
..\..\..\..\AppData\Local\Programs\Python\Python312\Lib\site-packages\sqlalchemy\orm\state_changes.py:137: in _go
    ret_value = fn(self, *arg, **kw)
                ^^^^^^^^^^^^^^^^^^^^
..\..\..\..\AppData\Local\Programs\Python\Python312\Lib\site-packages\sqlalchemy\orm\session.py:1286: in _prepare_impl
    self.session.flush()
..\..\..\..\AppData\Local\Programs\Python\Python312\Lib\site-packages\sqlalchemy\orm\session.py:4331: in flush
    self._flush(objects)
..\..\..\..\AppData\Local\Programs\Python\Python312\Lib\site-packages\sqlalchemy\orm\session.py:4466: in _flush
    with util.safe_reraise():
         ^^^^^^^^^^^^^^^^^^^
..\..\..\..\AppData\Local\Programs\Python\Python312\Lib\site-packages\sqlalchemy\util\langhelpers.py:224: in __exit__
    raise exc_value.with_traceback(exc_tb)
..\..\..\..\AppData\Local\Programs\Python\Python312\Lib\site-packages\sqlalchemy\orm\session.py:4427: in _flush
    flush_context.execute()
..\..\..\..\AppData\Local\Programs\Python\Python312\Lib\site-packages\sqlalchemy\orm\unitofwork.py:466: in execute
    rec.execute(self)
..\..\..\..\AppData\Local\Programs\Python\Python312\Lib\site-packages\sqlalchemy\orm\unitofwork.py:642: in execute
    util.preloaded.orm_persistence.save_obj(
..\..\..\..\AppData\Local\Programs\Python\Python312\Lib\site-packages\sqlalchemy\orm\persistence.py:93: in save_obj
    _emit_insert_statements(
..\..\..\..\AppData\Local\Programs\Python\Python312\Lib\site-packages\sqlalchemy\orm\persistence.py:1233: in _emit_insert_statements
    result = connection.execute(
..\..\..\..\AppData\Local\Programs\Python\Python312\Lib\site-packages\sqlalchemy\engine\base.py:1419: in execute
    return meth(
..\..\..\..\AppData\Local\Programs\Python\Python312\Lib\site-packages\sqlalchemy\sql\elements.py:526: in _execute_on_connection
    return connection._execute_clauseelement(
..\..\..\..\AppData\Local\Programs\Python\Python312\Lib\site-packages\sqlalchemy\engine\base.py:1641: in _execute_clauseelement
    ret = self._execute_context(
..\..\..\..\AppData\Local\Programs\Python\Python312\Lib\site-packages\sqlalchemy\engine\base.py:1846: in _execute_context
    return self._exec_single_context(
..\..\..\..\AppData\Local\Programs\Python\Python312\Lib\site-packages\sqlalchemy\engine\base.py:1986: in _exec_single_context
    self._handle_dbapi_exception(
..\..\..\..\AppData\Local\Programs\Python\Python312\Lib\site-packages\sqlalchemy\engine\base.py:2355: in _handle_dbapi_exception
    raise sqlalchemy_exception.with_traceback(exc_info[2]) from e
..\..\..\..\AppData\Local\Programs\Python\Python312\Lib\site-packages\sqlalchemy\engine\base.py:1967: in _exec_single_context
    self.dialect.do_execute(
_ _ _ _ _ _ _ _ _ _ _ _ _ _ _ _ _ _ _ _ _ _ _ _ _ _ _ _ _ _ _ _ _ _ _ _ _ _ _ _

self = <sqlalchemy.dialects.postgresql.psycopg2.PGDialect_psycopg2 object at 0x000002866602F740>
cursor = <cursor object at 0x00000286680420A0; closed: -1>
statement = 'INSERT INTO cases (user_id, condition, custom_condition, equipment_needed, ambulance_lat, ambulance_lng, assigned_hos...l_id)s, %(final_score)s, %(distance_km)s, %(eta_minutes)s, %(notes)s, %(status)s) RETURNING cases.id, cases.created_at'
parameters = {'ambulance_lat': 29.86, 'ambulance_lng': 77.89, 'assigned_hospital_id': 28, 'condition': 'cardiac_arrest', ...}
context = <sqlalchemy.dialects.postgresql.psycopg2.PGExecutionContext_psycopg2 object at 0x0000028668E0EFC0>

    def do_execute(self, cursor, statement, parameters, context=None):
>       cursor.execute(statement, parameters)
E       sqlalchemy.exc.ProgrammingError: (psycopg2.errors.UndefinedColumn) column "status" of relation "cases" does not exist
E       LINE 1: ...id, final_score, distance_km, eta_minutes, notes, status) VA...
E                                                                    ^
E       
E       [SQL: INSERT INTO cases (user_id, condition, custom_condition, equipment_needed, ambulance_lat, ambulance_lng, assigned_hospital_id, final_score, distance_km, eta_minutes, notes, status) VALUES (%(user_id)s, %(condition)s, %(custom_condition)s, %(equipment_needed)s::VARCHAR[], %(ambulance_lat)s, %(ambulance_lng)s, %(assigned_hospital_id)s, %(final_score)s, %(distance_km)s, %(eta_minutes)s, %(notes)s, %(status)s) RETURNING cases.id, cases.created_at]
E       [parameters: {'user_id': 246, 'condition': 'cardiac_arrest', 'custom_condition': None, 'equipment_needed': ['ecg'], 'ambulance_lat': 29.86, 'ambulance_lng': 77.89, 'assigned_hospital_id': 28, 'final_score': 0.4958, 'distance_km': 1.37, 'eta_minutes': 2, 'notes': None, 'status': 'dispatched'}]
E       (Background on this error at: https://sqlalche.me/e/20/f405)

..\..\..\..\AppData\Local\Programs\Python\Python312\Lib\site-packages\sqlalchemy\engine\default.py:951: ProgrammingError
______ TestCaseStatusUpdateEndpoint.test_cancelled_always_restores_beds _______

self = <sqlalchemy.engine.base.Connection object at 0x00000286677E4980>
dialect = <sqlalchemy.dialects.postgresql.psycopg2.PGDialect_psycopg2 object at 0x000002866602F740>
context = <sqlalchemy.dialects.postgresql.psycopg2.PGExecutionContext_psycopg2 object at 0x000002866763BAA0>
statement = <sqlalchemy.dialects.postgresql.base.PGCompiler object at 0x00000286688DB2F0>
parameters = [{'ambulance_lat': 29.86, 'ambulance_lng': 77.89, 'assigned_hospital_id': 28, 'condition': 'cardiac_arrest', ...}]

    def _exec_single_context(
        self,
        dialect: Dialect,
        context: ExecutionContext,
        statement: Union[str, Compiled],
        parameters: Optional[_AnyMultiExecuteParams],
    ) -> CursorResult[Any]:
        """continue the _execute_context() method for a single DBAPI
        cursor.execute() or cursor.executemany() call.
    
        """
        if dialect.bind_typing is BindTyping.SETINPUTSIZES:
            generic_setinputsizes = context._prepare_set_input_sizes()
    
            if generic_setinputsizes:
                try:
                    dialect.do_set_input_sizes(
                        context.cursor, generic_setinputsizes, context
                    )
                except BaseException as e:
                    self._handle_dbapi_exception(
                        e, str(statement), parameters, None, context
                    )
    
        cursor, str_statement, parameters = (
            context.cursor,
            context.statement,
            context.parameters,
        )
    
        effective_parameters: Optional[_AnyExecuteParams]
    
        if not context.executemany:
            effective_parameters = parameters[0]
        else:
            effective_parameters = parameters
    
        if self._has_events or self.engine._has_events:
            for fn in self.dispatch.before_cursor_execute:
                str_statement, effective_parameters = fn(
                    self,
                    cursor,
                    str_statement,
                    effective_parameters,
                    context,
                    context.executemany,
                )
    
        if self._echo:
            self._log_info(str_statement)
    
            stats = context._get_cache_stats()
    
            if not self.engine.hide_parameters:
                self._log_info(
                    "[%s] %r",
                    stats,
                    sql_util._repr_params(
                        effective_parameters,
                        batches=10,
                        ismulti=context.executemany,
                    ),
                )
            else:
                self._log_info(
                    "[%s] [SQL parameters hidden due to hide_parameters=True]",
                    stats,
                )
    
        evt_handled: bool = False
        try:
            if context.execute_style is ExecuteStyle.EXECUTEMANY:
                effective_parameters = cast(
                    "_CoreMultiExecuteParams", effective_parameters
                )
                if self.dialect._has_events:
                    for fn in self.dialect.dispatch.do_executemany:
                        if fn(
                            cursor,
                            str_statement,
                            effective_parameters,
                            context,
                        ):
                            evt_handled = True
                            break
                if not evt_handled:
                    self.dialect.do_executemany(
                        cursor,
                        str_statement,
                        effective_parameters,
                        context,
                    )
            elif not effective_parameters and context.no_parameters:
                if self.dialect._has_events:
                    for fn in self.dialect.dispatch.do_execute_no_params:
                        if fn(cursor, str_statement, context):
                            evt_handled = True
                            break
                if not evt_handled:
                    self.dialect.do_execute_no_params(
                        cursor, str_statement, context
                    )
            else:
                effective_parameters = cast(
                    "_CoreSingleExecuteParams", effective_parameters
                )
                if self.dialect._has_events:
                    for fn in self.dialect.dispatch.do_execute:
                        if fn(
                            cursor,
                            str_statement,
                            effective_parameters,
                            context,
                        ):
                            evt_handled = True
                            break
                if not evt_handled:
>                   self.dialect.do_execute(
                        cursor, str_statement, effective_parameters, context
                    )

..\..\..\..\AppData\Local\Programs\Python\Python312\Lib\site-packages\sqlalchemy\engine\base.py:1967: 
_ _ _ _ _ _ _ _ _ _ _ _ _ _ _ _ _ _ _ _ _ _ _ _ _ _ _ _ _ _ _ _ _ _ _ _ _ _ _ _

self = <sqlalchemy.dialects.postgresql.psycopg2.PGDialect_psycopg2 object at 0x000002866602F740>
cursor = <cursor object at 0x00000286688A6C00; closed: -1>
statement = 'INSERT INTO cases (user_id, condition, custom_condition, equipment_needed, ambulance_lat, ambulance_lng, assigned_hos...l_id)s, %(final_score)s, %(distance_km)s, %(eta_minutes)s, %(notes)s, %(status)s) RETURNING cases.id, cases.created_at'
parameters = {'ambulance_lat': 29.86, 'ambulance_lng': 77.89, 'assigned_hospital_id': 28, 'condition': 'cardiac_arrest', ...}
context = <sqlalchemy.dialects.postgresql.psycopg2.PGExecutionContext_psycopg2 object at 0x000002866763BAA0>

    def do_execute(self, cursor, statement, parameters, context=None):
>       cursor.execute(statement, parameters)
E       psycopg2.errors.UndefinedColumn: column "status" of relation "cases" does not exist
E       LINE 1: ...id, final_score, distance_km, eta_minutes, notes, status) VA...
E                                                                    ^

..\..\..\..\AppData\Local\Programs\Python\Python312\Lib\site-packages\sqlalchemy\engine\default.py:951: UndefinedColumn

The above exception was the direct cause of the following exception:

self = <tests.test_cases.TestCaseStatusUpdateEndpoint object at 0x000002866609A960>
client = <starlette.testclient.TestClient object at 0x00000286677E6240>
auth_headers = {'Authorization': 'Bearer eyJhbGciOiJIUzI1NiIsInR5cCI6IkpXVCJ9.eyJzdWIiOiJ0ZXN0X2FtYl80NTc3YjFmN0B0ZXN0LmNvbSIsInJvbGUiOiJhbWJ1bGFuY2UiLCJob3NwaXRhbF9pZCI6bnVsbCwiZXhwIjoxNzc0OTYxMjk1fQ.ZW1U0Rh1R0Yzgs6prqJJ3ErVh6vk98NqHMRyv8qw8IU'}
db_session = <sqlalchemy.orm.session.Session object at 0x00000286677E6A50>

    def test_cancelled_always_restores_beds(self, client, auth_headers, db_session):
        before_beds = db_session.query(func.sum(Availability.beds)).scalar() or 0
>       case_id = dispatch_case(client, auth_headers)
                  ^^^^^^^^^^^^^^^^^^^^^^^^^^^^^^^^^^^

tests\test_cases.py:107: 
_ _ _ _ _ _ _ _ _ _ _ _ _ _ _ _ _ _ _ _ _ _ _ _ _ _ _ _ _ _ _ _ _ _ _ _ _ _ _ _
tests\test_cases.py:10: in dispatch_case
    res = client.post("/api/dispatch/", json={
..\..\..\..\AppData\Local\Programs\Python\Python312\Lib\site-packages\starlette\testclient.py:546: in post
    return super().post(
..\..\..\..\AppData\Local\Programs\Python\Python312\Lib\site-packages\httpx\_client.py:1144: in post
    return self.request(
..\..\..\..\AppData\Local\Programs\Python\Python312\Lib\site-packages\starlette\testclient.py:445: in request
    return super().request(
..\..\..\..\AppData\Local\Programs\Python\Python312\Lib\site-packages\httpx\_client.py:825: in request
    return self.send(request, auth=auth, follow_redirects=follow_redirects)
           ^^^^^^^^^^^^^^^^^^^^^^^^^^^^^^^^^^^^^^^^^^^^^^^^^^^^^^^^^^^^^^^^
..\..\..\..\AppData\Local\Programs\Python\Python312\Lib\site-packages\httpx\_client.py:914: in send
    response = self._send_handling_auth(
..\..\..\..\AppData\Local\Programs\Python\Python312\Lib\site-packages\httpx\_client.py:942: in _send_handling_auth
    response = self._send_handling_redirects(
..\..\..\..\AppData\Local\Programs\Python\Python312\Lib\site-packages\httpx\_client.py:979: in _send_handling_redirects
    response = self._send_single_request(request)
               ^^^^^^^^^^^^^^^^^^^^^^^^^^^^^^^^^^
..\..\..\..\AppData\Local\Programs\Python\Python312\Lib\site-packages\httpx\_client.py:1014: in _send_single_request
    response = transport.handle_request(request)
               ^^^^^^^^^^^^^^^^^^^^^^^^^^^^^^^^^
..\..\..\..\AppData\Local\Programs\Python\Python312\Lib\site-packages\starlette\testclient.py:348: in handle_request
    raise exc
..\..\..\..\AppData\Local\Programs\Python\Python312\Lib\site-packages\starlette\testclient.py:345: in handle_request
    portal.call(self.app, scope, receive, send)
..\..\..\..\AppData\Local\Programs\Python\Python312\Lib\site-packages\anyio\from_thread.py:321: in call
    return cast(T_Retval, self.start_task_soon(func, *args).result())
                          ^^^^^^^^^^^^^^^^^^^^^^^^^^^^^^^^^^^^^^^^^^
..\..\..\..\AppData\Local\Programs\Python\Python312\Lib\concurrent\futures\_base.py:456: in result
    return self.__get_result()
           ^^^^^^^^^^^^^^^^^^^
..\..\..\..\AppData\Local\Programs\Python\Python312\Lib\concurrent\futures\_base.py:401: in __get_result
    raise self._exception
..\..\..\..\AppData\Local\Programs\Python\Python312\Lib\site-packages\anyio\from_thread.py:252: in _call_func
    retval = await retval_or_awaitable
             ^^^^^^^^^^^^^^^^^^^^^^^^^
..\..\..\..\AppData\Local\Programs\Python\Python312\Lib\site-packages\fastapi\applications.py:1134: in __call__
    await super().__call__(scope, receive, send)
..\..\..\..\AppData\Local\Programs\Python\Python312\Lib\site-packages\starlette\applications.py:107: in __call__
    await self.middleware_stack(scope, receive, send)
..\..\..\..\AppData\Local\Programs\Python\Python312\Lib\site-packages\starlette\middleware\errors.py:186: in __call__
    raise exc
..\..\..\..\AppData\Local\Programs\Python\Python312\Lib\site-packages\starlette\middleware\errors.py:164: in __call__
    await self.app(scope, receive, _send)
..\..\..\..\AppData\Local\Programs\Python\Python312\Lib\site-packages\starlette\middleware\cors.py:85: in __call__
    await self.app(scope, receive, send)
..\..\..\..\AppData\Local\Programs\Python\Python312\Lib\site-packages\starlette\middleware\exceptions.py:63: in __call__
    await wrap_app_handling_exceptions(self.app, conn)(scope, receive, send)
..\..\..\..\AppData\Local\Programs\Python\Python312\Lib\site-packages\starlette\_exception_handler.py:53: in wrapped_app
    raise exc
..\..\..\..\AppData\Local\Programs\Python\Python312\Lib\site-packages\starlette\_exception_handler.py:42: in wrapped_app
    await app(scope, receive, sender)
..\..\..\..\AppData\Local\Programs\Python\Python312\Lib\site-packages\fastapi\middleware\asyncexitstack.py:18: in __call__
    await self.app(scope, receive, send)
..\..\..\..\AppData\Local\Programs\Python\Python312\Lib\site-packages\starlette\routing.py:716: in __call__
    await self.middleware_stack(scope, receive, send)
..\..\..\..\AppData\Local\Programs\Python\Python312\Lib\site-packages\starlette\routing.py:736: in app
    await route.handle(scope, receive, send)
..\..\..\..\AppData\Local\Programs\Python\Python312\Lib\site-packages\starlette\routing.py:290: in handle
    await self.app(scope, receive, send)
..\..\..\..\AppData\Local\Programs\Python\Python312\Lib\site-packages\fastapi\routing.py:125: in app
    await wrap_app_handling_exceptions(app, request)(scope, receive, send)
..\..\..\..\AppData\Local\Programs\Python\Python312\Lib\site-packages\starlette\_exception_handler.py:53: in wrapped_app
    raise exc
..\..\..\..\AppData\Local\Programs\Python\Python312\Lib\site-packages\starlette\_exception_handler.py:42: in wrapped_app
    await app(scope, receive, sender)
..\..\..\..\AppData\Local\Programs\Python\Python312\Lib\site-packages\fastapi\routing.py:111: in app
    response = await f(request)
               ^^^^^^^^^^^^^^^^
..\..\..\..\AppData\Local\Programs\Python\Python312\Lib\site-packages\fastapi\routing.py:391: in app
    raw_response = await run_endpoint_function(
..\..\..\..\AppData\Local\Programs\Python\Python312\Lib\site-packages\fastapi\routing.py:292: in run_endpoint_function
    return await run_in_threadpool(dependant.call, **values)
           ^^^^^^^^^^^^^^^^^^^^^^^^^^^^^^^^^^^^^^^^^^^^^^^^^
..\..\..\..\AppData\Local\Programs\Python\Python312\Lib\site-packages\starlette\concurrency.py:32: in run_in_threadpool
    return await anyio.to_thread.run_sync(func)
           ^^^^^^^^^^^^^^^^^^^^^^^^^^^^^^^^^^^^
..\..\..\..\AppData\Local\Programs\Python\Python312\Lib\site-packages\anyio\to_thread.py:56: in run_sync
    return await get_async_backend().run_sync_in_worker_thread(
..\..\..\..\AppData\Local\Programs\Python\Python312\Lib\site-packages\anyio\_backends\_asyncio.py:2485: in run_sync_in_worker_thread
    return await future
           ^^^^^^^^^^^^
..\..\..\..\AppData\Local\Programs\Python\Python312\Lib\site-packages\anyio\_backends\_asyncio.py:976: in run
    result = context.run(func, *args)
             ^^^^^^^^^^^^^^^^^^^^^^^^
app\api\endpoints\dispatch.py:101: in dispatch_ambulance
    db.commit()
..\..\..\..\AppData\Local\Programs\Python\Python312\Lib\site-packages\sqlalchemy\orm\session.py:2030: in commit
    trans.commit(_to_root=True)
<string>:2: in commit
    ???
..\..\..\..\AppData\Local\Programs\Python\Python312\Lib\site-packages\sqlalchemy\orm\state_changes.py:137: in _go
    ret_value = fn(self, *arg, **kw)
                ^^^^^^^^^^^^^^^^^^^^
..\..\..\..\AppData\Local\Programs\Python\Python312\Lib\site-packages\sqlalchemy\orm\session.py:1311: in commit
    self._prepare_impl()
<string>:2: in _prepare_impl
    ???
..\..\..\..\AppData\Local\Programs\Python\Python312\Lib\site-packages\sqlalchemy\orm\state_changes.py:137: in _go
    ret_value = fn(self, *arg, **kw)
                ^^^^^^^^^^^^^^^^^^^^
..\..\..\..\AppData\Local\Programs\Python\Python312\Lib\site-packages\sqlalchemy\orm\session.py:1286: in _prepare_impl
    self.session.flush()
..\..\..\..\AppData\Local\Programs\Python\Python312\Lib\site-packages\sqlalchemy\orm\session.py:4331: in flush
    self._flush(objects)
..\..\..\..\AppData\Local\Programs\Python\Python312\Lib\site-packages\sqlalchemy\orm\session.py:4466: in _flush
    with util.safe_reraise():
         ^^^^^^^^^^^^^^^^^^^
..\..\..\..\AppData\Local\Programs\Python\Python312\Lib\site-packages\sqlalchemy\util\langhelpers.py:224: in __exit__
    raise exc_value.with_traceback(exc_tb)
..\..\..\..\AppData\Local\Programs\Python\Python312\Lib\site-packages\sqlalchemy\orm\session.py:4427: in _flush
    flush_context.execute()
..\..\..\..\AppData\Local\Programs\Python\Python312\Lib\site-packages\sqlalchemy\orm\unitofwork.py:466: in execute
    rec.execute(self)
..\..\..\..\AppData\Local\Programs\Python\Python312\Lib\site-packages\sqlalchemy\orm\unitofwork.py:642: in execute
    util.preloaded.orm_persistence.save_obj(
..\..\..\..\AppData\Local\Programs\Python\Python312\Lib\site-packages\sqlalchemy\orm\persistence.py:93: in save_obj
    _emit_insert_statements(
..\..\..\..\AppData\Local\Programs\Python\Python312\Lib\site-packages\sqlalchemy\orm\persistence.py:1233: in _emit_insert_statements
    result = connection.execute(
..\..\..\..\AppData\Local\Programs\Python\Python312\Lib\site-packages\sqlalchemy\engine\base.py:1419: in execute
    return meth(
..\..\..\..\AppData\Local\Programs\Python\Python312\Lib\site-packages\sqlalchemy\sql\elements.py:526: in _execute_on_connection
    return connection._execute_clauseelement(
..\..\..\..\AppData\Local\Programs\Python\Python312\Lib\site-packages\sqlalchemy\engine\base.py:1641: in _execute_clauseelement
    ret = self._execute_context(
..\..\..\..\AppData\Local\Programs\Python\Python312\Lib\site-packages\sqlalchemy\engine\base.py:1846: in _execute_context
    return self._exec_single_context(
..\..\..\..\AppData\Local\Programs\Python\Python312\Lib\site-packages\sqlalchemy\engine\base.py:1986: in _exec_single_context
    self._handle_dbapi_exception(
..\..\..\..\AppData\Local\Programs\Python\Python312\Lib\site-packages\sqlalchemy\engine\base.py:2355: in _handle_dbapi_exception
    raise sqlalchemy_exception.with_traceback(exc_info[2]) from e
..\..\..\..\AppData\Local\Programs\Python\Python312\Lib\site-packages\sqlalchemy\engine\base.py:1967: in _exec_single_context
    self.dialect.do_execute(
_ _ _ _ _ _ _ _ _ _ _ _ _ _ _ _ _ _ _ _ _ _ _ _ _ _ _ _ _ _ _ _ _ _ _ _ _ _ _ _

self = <sqlalchemy.dialects.postgresql.psycopg2.PGDialect_psycopg2 object at 0x000002866602F740>
cursor = <cursor object at 0x00000286688A6C00; closed: -1>
statement = 'INSERT INTO cases (user_id, condition, custom_condition, equipment_needed, ambulance_lat, ambulance_lng, assigned_hos...l_id)s, %(final_score)s, %(distance_km)s, %(eta_minutes)s, %(notes)s, %(status)s) RETURNING cases.id, cases.created_at'
parameters = {'ambulance_lat': 29.86, 'ambulance_lng': 77.89, 'assigned_hospital_id': 28, 'condition': 'cardiac_arrest', ...}
context = <sqlalchemy.dialects.postgresql.psycopg2.PGExecutionContext_psycopg2 object at 0x000002866763BAA0>

    def do_execute(self, cursor, statement, parameters, context=None):
>       cursor.execute(statement, parameters)
E       sqlalchemy.exc.ProgrammingError: (psycopg2.errors.UndefinedColumn) column "status" of relation "cases" does not exist
E       LINE 1: ...id, final_score, distance_km, eta_minutes, notes, status) VA...
E                                                                    ^
E       
E       [SQL: INSERT INTO cases (user_id, condition, custom_condition, equipment_needed, ambulance_lat, ambulance_lng, assigned_hospital_id, final_score, distance_km, eta_minutes, notes, status) VALUES (%(user_id)s, %(condition)s, %(custom_condition)s, %(equipment_needed)s::VARCHAR[], %(ambulance_lat)s, %(ambulance_lng)s, %(assigned_hospital_id)s, %(final_score)s, %(distance_km)s, %(eta_minutes)s, %(notes)s, %(status)s) RETURNING cases.id, cases.created_at]
E       [parameters: {'user_id': 247, 'condition': 'cardiac_arrest', 'custom_condition': None, 'equipment_needed': ['ecg'], 'ambulance_lat': 29.86, 'ambulance_lng': 77.89, 'assigned_hospital_id': 28, 'final_score': 0.4958, 'distance_km': 1.37, 'eta_minutes': 2, 'notes': None, 'status': 'dispatched'}]
E       (Background on this error at: https://sqlalche.me/e/20/f405)

..\..\..\..\AppData\Local\Programs\Python\Python312\Lib\site-packages\sqlalchemy\engine\default.py:951: ProgrammingError
______ TestCaseStatusUpdateEndpoint.test_cancel_mid_route_restores_beds _______

self = <sqlalchemy.engine.base.Connection object at 0x00000286688C88F0>
dialect = <sqlalchemy.dialects.postgresql.psycopg2.PGDialect_psycopg2 object at 0x000002866602F740>
context = <sqlalchemy.dialects.postgresql.psycopg2.PGExecutionContext_psycopg2 object at 0x00000286688EB080>
statement = <sqlalchemy.dialects.postgresql.base.PGCompiler object at 0x00000286688DB2F0>
parameters = [{'ambulance_lat': 29.86, 'ambulance_lng': 77.89, 'assigned_hospital_id': 28, 'condition': 'cardiac_arrest', ...}]

    def _exec_single_context(
        self,
        dialect: Dialect,
        context: ExecutionContext,
        statement: Union[str, Compiled],
        parameters: Optional[_AnyMultiExecuteParams],
    ) -> CursorResult[Any]:
        """continue the _execute_context() method for a single DBAPI
        cursor.execute() or cursor.executemany() call.
    
        """
        if dialect.bind_typing is BindTyping.SETINPUTSIZES:
            generic_setinputsizes = context._prepare_set_input_sizes()
    
            if generic_setinputsizes:
                try:
                    dialect.do_set_input_sizes(
                        context.cursor, generic_setinputsizes, context
                    )
                except BaseException as e:
                    self._handle_dbapi_exception(
                        e, str(statement), parameters, None, context
                    )
    
        cursor, str_statement, parameters = (
            context.cursor,
            context.statement,
            context.parameters,
        )
    
        effective_parameters: Optional[_AnyExecuteParams]
    
        if not context.executemany:
            effective_parameters = parameters[0]
        else:
            effective_parameters = parameters
    
        if self._has_events or self.engine._has_events:
            for fn in self.dispatch.before_cursor_execute:
                str_statement, effective_parameters = fn(
                    self,
                    cursor,
                    str_statement,
                    effective_parameters,
                    context,
                    context.executemany,
                )
    
        if self._echo:
            self._log_info(str_statement)
    
            stats = context._get_cache_stats()
    
            if not self.engine.hide_parameters:
                self._log_info(
                    "[%s] %r",
                    stats,
                    sql_util._repr_params(
                        effective_parameters,
                        batches=10,
                        ismulti=context.executemany,
                    ),
                )
            else:
                self._log_info(
                    "[%s] [SQL parameters hidden due to hide_parameters=True]",
                    stats,
                )
    
        evt_handled: bool = False
        try:
            if context.execute_style is ExecuteStyle.EXECUTEMANY:
                effective_parameters = cast(
                    "_CoreMultiExecuteParams", effective_parameters
                )
                if self.dialect._has_events:
                    for fn in self.dialect.dispatch.do_executemany:
                        if fn(
                            cursor,
                            str_statement,
                            effective_parameters,
                            context,
                        ):
                            evt_handled = True
                            break
                if not evt_handled:
                    self.dialect.do_executemany(
                        cursor,
                        str_statement,
                        effective_parameters,
                        context,
                    )
            elif not effective_parameters and context.no_parameters:
                if self.dialect._has_events:
                    for fn in self.dialect.dispatch.do_execute_no_params:
                        if fn(cursor, str_statement, context):
                            evt_handled = True
                            break
                if not evt_handled:
                    self.dialect.do_execute_no_params(
                        cursor, str_statement, context
                    )
            else:
                effective_parameters = cast(
                    "_CoreSingleExecuteParams", effective_parameters
                )
                if self.dialect._has_events:
                    for fn in self.dialect.dispatch.do_execute:
                        if fn(
                            cursor,
                            str_statement,
                            effective_parameters,
                            context,
                        ):
                            evt_handled = True
                            break
                if not evt_handled:
>                   self.dialect.do_execute(
                        cursor, str_statement, effective_parameters, context
                    )

..\..\..\..\AppData\Local\Programs\Python\Python312\Lib\site-packages\sqlalchemy\engine\base.py:1967: 
_ _ _ _ _ _ _ _ _ _ _ _ _ _ _ _ _ _ _ _ _ _ _ _ _ _ _ _ _ _ _ _ _ _ _ _ _ _ _ _

self = <sqlalchemy.dialects.postgresql.psycopg2.PGDialect_psycopg2 object at 0x000002866602F740>
cursor = <cursor object at 0x0000028668042A40; closed: -1>
statement = 'INSERT INTO cases (user_id, condition, custom_condition, equipment_needed, ambulance_lat, ambulance_lng, assigned_hos...l_id)s, %(final_score)s, %(distance_km)s, %(eta_minutes)s, %(notes)s, %(status)s) RETURNING cases.id, cases.created_at'
parameters = {'ambulance_lat': 29.86, 'ambulance_lng': 77.89, 'assigned_hospital_id': 28, 'condition': 'cardiac_arrest', ...}
context = <sqlalchemy.dialects.postgresql.psycopg2.PGExecutionContext_psycopg2 object at 0x00000286688EB080>

    def do_execute(self, cursor, statement, parameters, context=None):
>       cursor.execute(statement, parameters)
E       psycopg2.errors.UndefinedColumn: column "status" of relation "cases" does not exist
E       LINE 1: ...id, final_score, distance_km, eta_minutes, notes, status) VA...
E                                                                    ^

..\..\..\..\AppData\Local\Programs\Python\Python312\Lib\site-packages\sqlalchemy\engine\default.py:951: UndefinedColumn

The above exception was the direct cause of the following exception:

self = <tests.test_cases.TestCaseStatusUpdateEndpoint object at 0x000002866609A0C0>
client = <starlette.testclient.TestClient object at 0x00000286688CBB60>
auth_headers = {'Authorization': 'Bearer eyJhbGciOiJIUzI1NiIsInR5cCI6IkpXVCJ9.eyJzdWIiOiJ0ZXN0X2FtYl9lZDVlZGE5ZUB0ZXN0LmNvbSIsInJvbGUiOiJhbWJ1bGFuY2UiLCJob3NwaXRhbF9pZCI6bnVsbCwiZXhwIjoxNzc0OTYxMjk3fQ.8sQlqvC6XmIX9gshBQwvoV3rJcR3BWyghhIMngDBHbo'}
db_session = <sqlalchemy.orm.session.Session object at 0x00000286688CB440>

    def test_cancel_mid_route_restores_beds(self, client, auth_headers, db_session):
        before_beds = db_session.query(func.sum(Availability.beds)).scalar() or 0
>       case_id = dispatch_case(client, auth_headers)
                  ^^^^^^^^^^^^^^^^^^^^^^^^^^^^^^^^^^^

tests\test_cases.py:116: 
_ _ _ _ _ _ _ _ _ _ _ _ _ _ _ _ _ _ _ _ _ _ _ _ _ _ _ _ _ _ _ _ _ _ _ _ _ _ _ _
tests\test_cases.py:10: in dispatch_case
    res = client.post("/api/dispatch/", json={
..\..\..\..\AppData\Local\Programs\Python\Python312\Lib\site-packages\starlette\testclient.py:546: in post
    return super().post(
..\..\..\..\AppData\Local\Programs\Python\Python312\Lib\site-packages\httpx\_client.py:1144: in post
    return self.request(
..\..\..\..\AppData\Local\Programs\Python\Python312\Lib\site-packages\starlette\testclient.py:445: in request
    return super().request(
..\..\..\..\AppData\Local\Programs\Python\Python312\Lib\site-packages\httpx\_client.py:825: in request
    return self.send(request, auth=auth, follow_redirects=follow_redirects)
           ^^^^^^^^^^^^^^^^^^^^^^^^^^^^^^^^^^^^^^^^^^^^^^^^^^^^^^^^^^^^^^^^
..\..\..\..\AppData\Local\Programs\Python\Python312\Lib\site-packages\httpx\_client.py:914: in send
    response = self._send_handling_auth(
..\..\..\..\AppData\Local\Programs\Python\Python312\Lib\site-packages\httpx\_client.py:942: in _send_handling_auth
    response = self._send_handling_redirects(
..\..\..\..\AppData\Local\Programs\Python\Python312\Lib\site-packages\httpx\_client.py:979: in _send_handling_redirects
    response = self._send_single_request(request)
               ^^^^^^^^^^^^^^^^^^^^^^^^^^^^^^^^^^
..\..\..\..\AppData\Local\Programs\Python\Python312\Lib\site-packages\httpx\_client.py:1014: in _send_single_request
    response = transport.handle_request(request)
               ^^^^^^^^^^^^^^^^^^^^^^^^^^^^^^^^^
..\..\..\..\AppData\Local\Programs\Python\Python312\Lib\site-packages\starlette\testclient.py:348: in handle_request
    raise exc
..\..\..\..\AppData\Local\Programs\Python\Python312\Lib\site-packages\starlette\testclient.py:345: in handle_request
    portal.call(self.app, scope, receive, send)
..\..\..\..\AppData\Local\Programs\Python\Python312\Lib\site-packages\anyio\from_thread.py:321: in call
    return cast(T_Retval, self.start_task_soon(func, *args).result())
                          ^^^^^^^^^^^^^^^^^^^^^^^^^^^^^^^^^^^^^^^^^^
..\..\..\..\AppData\Local\Programs\Python\Python312\Lib\concurrent\futures\_base.py:456: in result
    return self.__get_result()
           ^^^^^^^^^^^^^^^^^^^
..\..\..\..\AppData\Local\Programs\Python\Python312\Lib\concurrent\futures\_base.py:401: in __get_result
    raise self._exception
..\..\..\..\AppData\Local\Programs\Python\Python312\Lib\site-packages\anyio\from_thread.py:252: in _call_func
    retval = await retval_or_awaitable
             ^^^^^^^^^^^^^^^^^^^^^^^^^
..\..\..\..\AppData\Local\Programs\Python\Python312\Lib\site-packages\fastapi\applications.py:1134: in __call__
    await super().__call__(scope, receive, send)
..\..\..\..\AppData\Local\Programs\Python\Python312\Lib\site-packages\starlette\applications.py:107: in __call__
    await self.middleware_stack(scope, receive, send)
..\..\..\..\AppData\Local\Programs\Python\Python312\Lib\site-packages\starlette\middleware\errors.py:186: in __call__
    raise exc
..\..\..\..\AppData\Local\Programs\Python\Python312\Lib\site-packages\starlette\middleware\errors.py:164: in __call__
    await self.app(scope, receive, _send)
..\..\..\..\AppData\Local\Programs\Python\Python312\Lib\site-packages\starlette\middleware\cors.py:85: in __call__
    await self.app(scope, receive, send)
..\..\..\..\AppData\Local\Programs\Python\Python312\Lib\site-packages\starlette\middleware\exceptions.py:63: in __call__
    await wrap_app_handling_exceptions(self.app, conn)(scope, receive, send)
..\..\..\..\AppData\Local\Programs\Python\Python312\Lib\site-packages\starlette\_exception_handler.py:53: in wrapped_app
    raise exc
..\..\..\..\AppData\Local\Programs\Python\Python312\Lib\site-packages\starlette\_exception_handler.py:42: in wrapped_app
    await app(scope, receive, sender)
..\..\..\..\AppData\Local\Programs\Python\Python312\Lib\site-packages\fastapi\middleware\asyncexitstack.py:18: in __call__
    await self.app(scope, receive, send)
..\..\..\..\AppData\Local\Programs\Python\Python312\Lib\site-packages\starlette\routing.py:716: in __call__
    await self.middleware_stack(scope, receive, send)
..\..\..\..\AppData\Local\Programs\Python\Python312\Lib\site-packages\starlette\routing.py:736: in app
    await route.handle(scope, receive, send)
..\..\..\..\AppData\Local\Programs\Python\Python312\Lib\site-packages\starlette\routing.py:290: in handle
    await self.app(scope, receive, send)
..\..\..\..\AppData\Local\Programs\Python\Python312\Lib\site-packages\fastapi\routing.py:125: in app
    await wrap_app_handling_exceptions(app, request)(scope, receive, send)
..\..\..\..\AppData\Local\Programs\Python\Python312\Lib\site-packages\starlette\_exception_handler.py:53: in wrapped_app
    raise exc
..\..\..\..\AppData\Local\Programs\Python\Python312\Lib\site-packages\starlette\_exception_handler.py:42: in wrapped_app
    await app(scope, receive, sender)
..\..\..\..\AppData\Local\Programs\Python\Python312\Lib\site-packages\fastapi\routing.py:111: in app
    response = await f(request)
               ^^^^^^^^^^^^^^^^
..\..\..\..\AppData\Local\Programs\Python\Python312\Lib\site-packages\fastapi\routing.py:391: in app
    raw_response = await run_endpoint_function(
..\..\..\..\AppData\Local\Programs\Python\Python312\Lib\site-packages\fastapi\routing.py:292: in run_endpoint_function
    return await run_in_threadpool(dependant.call, **values)
           ^^^^^^^^^^^^^^^^^^^^^^^^^^^^^^^^^^^^^^^^^^^^^^^^^
..\..\..\..\AppData\Local\Programs\Python\Python312\Lib\site-packages\starlette\concurrency.py:32: in run_in_threadpool
    return await anyio.to_thread.run_sync(func)
           ^^^^^^^^^^^^^^^^^^^^^^^^^^^^^^^^^^^^
..\..\..\..\AppData\Local\Programs\Python\Python312\Lib\site-packages\anyio\to_thread.py:56: in run_sync
    return await get_async_backend().run_sync_in_worker_thread(
..\..\..\..\AppData\Local\Programs\Python\Python312\Lib\site-packages\anyio\_backends\_asyncio.py:2485: in run_sync_in_worker_thread
    return await future
           ^^^^^^^^^^^^
..\..\..\..\AppData\Local\Programs\Python\Python312\Lib\site-packages\anyio\_backends\_asyncio.py:976: in run
    result = context.run(func, *args)
             ^^^^^^^^^^^^^^^^^^^^^^^^
app\api\endpoints\dispatch.py:101: in dispatch_ambulance
    db.commit()
..\..\..\..\AppData\Local\Programs\Python\Python312\Lib\site-packages\sqlalchemy\orm\session.py:2030: in commit
    trans.commit(_to_root=True)
<string>:2: in commit
    ???
..\..\..\..\AppData\Local\Programs\Python\Python312\Lib\site-packages\sqlalchemy\orm\state_changes.py:137: in _go
    ret_value = fn(self, *arg, **kw)
                ^^^^^^^^^^^^^^^^^^^^
..\..\..\..\AppData\Local\Programs\Python\Python312\Lib\site-packages\sqlalchemy\orm\session.py:1311: in commit
    self._prepare_impl()
<string>:2: in _prepare_impl
    ???
..\..\..\..\AppData\Local\Programs\Python\Python312\Lib\site-packages\sqlalchemy\orm\state_changes.py:137: in _go
    ret_value = fn(self, *arg, **kw)
                ^^^^^^^^^^^^^^^^^^^^
..\..\..\..\AppData\Local\Programs\Python\Python312\Lib\site-packages\sqlalchemy\orm\session.py:1286: in _prepare_impl
    self.session.flush()
..\..\..\..\AppData\Local\Programs\Python\Python312\Lib\site-packages\sqlalchemy\orm\session.py:4331: in flush
    self._flush(objects)
..\..\..\..\AppData\Local\Programs\Python\Python312\Lib\site-packages\sqlalchemy\orm\session.py:4466: in _flush
    with util.safe_reraise():
         ^^^^^^^^^^^^^^^^^^^
..\..\..\..\AppData\Local\Programs\Python\Python312\Lib\site-packages\sqlalchemy\util\langhelpers.py:224: in __exit__
    raise exc_value.with_traceback(exc_tb)
..\..\..\..\AppData\Local\Programs\Python\Python312\Lib\site-packages\sqlalchemy\orm\session.py:4427: in _flush
    flush_context.execute()
..\..\..\..\AppData\Local\Programs\Python\Python312\Lib\site-packages\sqlalchemy\orm\unitofwork.py:466: in execute
    rec.execute(self)
..\..\..\..\AppData\Local\Programs\Python\Python312\Lib\site-packages\sqlalchemy\orm\unitofwork.py:642: in execute
    util.preloaded.orm_persistence.save_obj(
..\..\..\..\AppData\Local\Programs\Python\Python312\Lib\site-packages\sqlalchemy\orm\persistence.py:93: in save_obj
    _emit_insert_statements(
..\..\..\..\AppData\Local\Programs\Python\Python312\Lib\site-packages\sqlalchemy\orm\persistence.py:1233: in _emit_insert_statements
    result = connection.execute(
..\..\..\..\AppData\Local\Programs\Python\Python312\Lib\site-packages\sqlalchemy\engine\base.py:1419: in execute
    return meth(
..\..\..\..\AppData\Local\Programs\Python\Python312\Lib\site-packages\sqlalchemy\sql\elements.py:526: in _execute_on_connection
    return connection._execute_clauseelement(
..\..\..\..\AppData\Local\Programs\Python\Python312\Lib\site-packages\sqlalchemy\engine\base.py:1641: in _execute_clauseelement
    ret = self._execute_context(
..\..\..\..\AppData\Local\Programs\Python\Python312\Lib\site-packages\sqlalchemy\engine\base.py:1846: in _execute_context
    return self._exec_single_context(
..\..\..\..\AppData\Local\Programs\Python\Python312\Lib\site-packages\sqlalchemy\engine\base.py:1986: in _exec_single_context
    self._handle_dbapi_exception(
..\..\..\..\AppData\Local\Programs\Python\Python312\Lib\site-packages\sqlalchemy\engine\base.py:2355: in _handle_dbapi_exception
    raise sqlalchemy_exception.with_traceback(exc_info[2]) from e
..\..\..\..\AppData\Local\Programs\Python\Python312\Lib\site-packages\sqlalchemy\engine\base.py:1967: in _exec_single_context
    self.dialect.do_execute(
_ _ _ _ _ _ _ _ _ _ _ _ _ _ _ _ _ _ _ _ _ _ _ _ _ _ _ _ _ _ _ _ _ _ _ _ _ _ _ _

self = <sqlalchemy.dialects.postgresql.psycopg2.PGDialect_psycopg2 object at 0x000002866602F740>
cursor = <cursor object at 0x0000028668042A40; closed: -1>
statement = 'INSERT INTO cases (user_id, condition, custom_condition, equipment_needed, ambulance_lat, ambulance_lng, assigned_hos...l_id)s, %(final_score)s, %(distance_km)s, %(eta_minutes)s, %(notes)s, %(status)s) RETURNING cases.id, cases.created_at'
parameters = {'ambulance_lat': 29.86, 'ambulance_lng': 77.89, 'assigned_hospital_id': 28, 'condition': 'cardiac_arrest', ...}
context = <sqlalchemy.dialects.postgresql.psycopg2.PGExecutionContext_psycopg2 object at 0x00000286688EB080>

    def do_execute(self, cursor, statement, parameters, context=None):
>       cursor.execute(statement, parameters)
E       sqlalchemy.exc.ProgrammingError: (psycopg2.errors.UndefinedColumn) column "status" of relation "cases" does not exist
E       LINE 1: ...id, final_score, distance_km, eta_minutes, notes, status) VA...
E                                                                    ^
E       
E       [SQL: INSERT INTO cases (user_id, condition, custom_condition, equipment_needed, ambulance_lat, ambulance_lng, assigned_hospital_id, final_score, distance_km, eta_minutes, notes, status) VALUES (%(user_id)s, %(condition)s, %(custom_condition)s, %(equipment_needed)s::VARCHAR[], %(ambulance_lat)s, %(ambulance_lng)s, %(assigned_hospital_id)s, %(final_score)s, %(distance_km)s, %(eta_minutes)s, %(notes)s, %(status)s) RETURNING cases.id, cases.created_at]
E       [parameters: {'user_id': 248, 'condition': 'cardiac_arrest', 'custom_condition': None, 'equipment_needed': ['ecg'], 'ambulance_lat': 29.86, 'ambulance_lng': 77.89, 'assigned_hospital_id': 28, 'final_score': 0.4958, 'distance_km': 1.37, 'eta_minutes': 2, 'notes': None, 'status': 'dispatched'}]
E       (Background on this error at: https://sqlalche.me/e/20/f405)

..\..\..\..\AppData\Local\Programs\Python\Python312\Lib\site-packages\sqlalchemy\engine\default.py:951: ProgrammingError
_ TestCaseStatusUpdateEndpoint.test_double_complete_does_not_double_increment _

self = <sqlalchemy.engine.base.Connection object at 0x00000286688E8E00>
dialect = <sqlalchemy.dialects.postgresql.psycopg2.PGDialect_psycopg2 object at 0x000002866602F740>
context = <sqlalchemy.dialects.postgresql.psycopg2.PGExecutionContext_psycopg2 object at 0x0000028669147590>
statement = <sqlalchemy.dialects.postgresql.base.PGCompiler object at 0x00000286688DB2F0>
parameters = [{'ambulance_lat': 29.86, 'ambulance_lng': 77.89, 'assigned_hospital_id': 28, 'condition': 'cardiac_arrest', ...}]

    def _exec_single_context(
        self,
        dialect: Dialect,
        context: ExecutionContext,
        statement: Union[str, Compiled],
        parameters: Optional[_AnyMultiExecuteParams],
    ) -> CursorResult[Any]:
        """continue the _execute_context() method for a single DBAPI
        cursor.execute() or cursor.executemany() call.
    
        """
        if dialect.bind_typing is BindTyping.SETINPUTSIZES:
            generic_setinputsizes = context._prepare_set_input_sizes()
    
            if generic_setinputsizes:
                try:
                    dialect.do_set_input_sizes(
                        context.cursor, generic_setinputsizes, context
                    )
                except BaseException as e:
                    self._handle_dbapi_exception(
                        e, str(statement), parameters, None, context
                    )
    
        cursor, str_statement, parameters = (
            context.cursor,
            context.statement,
            context.parameters,
        )
    
        effective_parameters: Optional[_AnyExecuteParams]
    
        if not context.executemany:
            effective_parameters = parameters[0]
        else:
            effective_parameters = parameters
    
        if self._has_events or self.engine._has_events:
            for fn in self.dispatch.before_cursor_execute:
                str_statement, effective_parameters = fn(
                    self,
                    cursor,
                    str_statement,
                    effective_parameters,
                    context,
                    context.executemany,
                )
    
        if self._echo:
            self._log_info(str_statement)
    
            stats = context._get_cache_stats()
    
            if not self.engine.hide_parameters:
                self._log_info(
                    "[%s] %r",
                    stats,
                    sql_util._repr_params(
                        effective_parameters,
                        batches=10,
                        ismulti=context.executemany,
                    ),
                )
            else:
                self._log_info(
                    "[%s] [SQL parameters hidden due to hide_parameters=True]",
                    stats,
                )
    
        evt_handled: bool = False
        try:
            if context.execute_style is ExecuteStyle.EXECUTEMANY:
                effective_parameters = cast(
                    "_CoreMultiExecuteParams", effective_parameters
                )
                if self.dialect._has_events:
                    for fn in self.dialect.dispatch.do_executemany:
                        if fn(
                            cursor,
                            str_statement,
                            effective_parameters,
                            context,
                        ):
                            evt_handled = True
                            break
                if not evt_handled:
                    self.dialect.do_executemany(
                        cursor,
                        str_statement,
                        effective_parameters,
                        context,
                    )
            elif not effective_parameters and context.no_parameters:
                if self.dialect._has_events:
                    for fn in self.dialect.dispatch.do_execute_no_params:
                        if fn(cursor, str_statement, context):
                            evt_handled = True
                            break
                if not evt_handled:
                    self.dialect.do_execute_no_params(
                        cursor, str_statement, context
                    )
            else:
                effective_parameters = cast(
                    "_CoreSingleExecuteParams", effective_parameters
                )
                if self.dialect._has_events:
                    for fn in self.dialect.dispatch.do_execute:
                        if fn(
                            cursor,
                            str_statement,
                            effective_parameters,
                            context,
                        ):
                            evt_handled = True
                            break
                if not evt_handled:
>                   self.dialect.do_execute(
                        cursor, str_statement, effective_parameters, context
                    )

..\..\..\..\AppData\Local\Programs\Python\Python312\Lib\site-packages\sqlalchemy\engine\base.py:1967: 
_ _ _ _ _ _ _ _ _ _ _ _ _ _ _ _ _ _ _ _ _ _ _ _ _ _ _ _ _ _ _ _ _ _ _ _ _ _ _ _

self = <sqlalchemy.dialects.postgresql.psycopg2.PGDialect_psycopg2 object at 0x000002866602F740>
cursor = <cursor object at 0x000002866607F920; closed: -1>
statement = 'INSERT INTO cases (user_id, condition, custom_condition, equipment_needed, ambulance_lat, ambulance_lng, assigned_hos...l_id)s, %(final_score)s, %(distance_km)s, %(eta_minutes)s, %(notes)s, %(status)s) RETURNING cases.id, cases.created_at'
parameters = {'ambulance_lat': 29.86, 'ambulance_lng': 77.89, 'assigned_hospital_id': 28, 'condition': 'cardiac_arrest', ...}
context = <sqlalchemy.dialects.postgresql.psycopg2.PGExecutionContext_psycopg2 object at 0x0000028669147590>

    def do_execute(self, cursor, statement, parameters, context=None):
>       cursor.execute(statement, parameters)
E       psycopg2.errors.UndefinedColumn: column "status" of relation "cases" does not exist
E       LINE 1: ...id, final_score, distance_km, eta_minutes, notes, status) VA...
E                                                                    ^

..\..\..\..\AppData\Local\Programs\Python\Python312\Lib\site-packages\sqlalchemy\engine\default.py:951: UndefinedColumn

The above exception was the direct cause of the following exception:

self = <tests.test_cases.TestCaseStatusUpdateEndpoint object at 0x0000028666099AC0>
client = <starlette.testclient.TestClient object at 0x00000286688EAFF0>
auth_headers = {'Authorization': 'Bearer eyJhbGciOiJIUzI1NiIsInR5cCI6IkpXVCJ9.eyJzdWIiOiJ0ZXN0X2FtYl83NTBmNjE0N0B0ZXN0LmNvbSIsInJvbGUiOiJhbWJ1bGFuY2UiLCJob3NwaXRhbF9pZCI6bnVsbCwiZXhwIjoxNzc0OTYxMzAwfQ.TeFQNSKEpRaMqngm6EAh2fM4zLFGEiovsPBHYFtiFL0'}
db_session = <sqlalchemy.orm.session.Session object at 0x00000286688E8770>

    def test_double_complete_does_not_double_increment(self, client, auth_headers, db_session):
>       case_id = dispatch_case(client, auth_headers)
                  ^^^^^^^^^^^^^^^^^^^^^^^^^^^^^^^^^^^

tests\test_cases.py:125: 
_ _ _ _ _ _ _ _ _ _ _ _ _ _ _ _ _ _ _ _ _ _ _ _ _ _ _ _ _ _ _ _ _ _ _ _ _ _ _ _
tests\test_cases.py:10: in dispatch_case
    res = client.post("/api/dispatch/", json={
..\..\..\..\AppData\Local\Programs\Python\Python312\Lib\site-packages\starlette\testclient.py:546: in post
    return super().post(
..\..\..\..\AppData\Local\Programs\Python\Python312\Lib\site-packages\httpx\_client.py:1144: in post
    return self.request(
..\..\..\..\AppData\Local\Programs\Python\Python312\Lib\site-packages\starlette\testclient.py:445: in request
    return super().request(
..\..\..\..\AppData\Local\Programs\Python\Python312\Lib\site-packages\httpx\_client.py:825: in request
    return self.send(request, auth=auth, follow_redirects=follow_redirects)
           ^^^^^^^^^^^^^^^^^^^^^^^^^^^^^^^^^^^^^^^^^^^^^^^^^^^^^^^^^^^^^^^^
..\..\..\..\AppData\Local\Programs\Python\Python312\Lib\site-packages\httpx\_client.py:914: in send
    response = self._send_handling_auth(
..\..\..\..\AppData\Local\Programs\Python\Python312\Lib\site-packages\httpx\_client.py:942: in _send_handling_auth
    response = self._send_handling_redirects(
..\..\..\..\AppData\Local\Programs\Python\Python312\Lib\site-packages\httpx\_client.py:979: in _send_handling_redirects
    response = self._send_single_request(request)
               ^^^^^^^^^^^^^^^^^^^^^^^^^^^^^^^^^^
..\..\..\..\AppData\Local\Programs\Python\Python312\Lib\site-packages\httpx\_client.py:1014: in _send_single_request
    response = transport.handle_request(request)
               ^^^^^^^^^^^^^^^^^^^^^^^^^^^^^^^^^
..\..\..\..\AppData\Local\Programs\Python\Python312\Lib\site-packages\starlette\testclient.py:348: in handle_request
    raise exc
..\..\..\..\AppData\Local\Programs\Python\Python312\Lib\site-packages\starlette\testclient.py:345: in handle_request
    portal.call(self.app, scope, receive, send)
..\..\..\..\AppData\Local\Programs\Python\Python312\Lib\site-packages\anyio\from_thread.py:321: in call
    return cast(T_Retval, self.start_task_soon(func, *args).result())
                          ^^^^^^^^^^^^^^^^^^^^^^^^^^^^^^^^^^^^^^^^^^
..\..\..\..\AppData\Local\Programs\Python\Python312\Lib\concurrent\futures\_base.py:456: in result
    return self.__get_result()
           ^^^^^^^^^^^^^^^^^^^
..\..\..\..\AppData\Local\Programs\Python\Python312\Lib\concurrent\futures\_base.py:401: in __get_result
    raise self._exception
..\..\..\..\AppData\Local\Programs\Python\Python312\Lib\site-packages\anyio\from_thread.py:252: in _call_func
    retval = await retval_or_awaitable
             ^^^^^^^^^^^^^^^^^^^^^^^^^
..\..\..\..\AppData\Local\Programs\Python\Python312\Lib\site-packages\fastapi\applications.py:1134: in __call__
    await super().__call__(scope, receive, send)
..\..\..\..\AppData\Local\Programs\Python\Python312\Lib\site-packages\starlette\applications.py:107: in __call__
    await self.middleware_stack(scope, receive, send)
..\..\..\..\AppData\Local\Programs\Python\Python312\Lib\site-packages\starlette\middleware\errors.py:186: in __call__
    raise exc
..\..\..\..\AppData\Local\Programs\Python\Python312\Lib\site-packages\starlette\middleware\errors.py:164: in __call__
    await self.app(scope, receive, _send)
..\..\..\..\AppData\Local\Programs\Python\Python312\Lib\site-packages\starlette\middleware\cors.py:85: in __call__
    await self.app(scope, receive, send)
..\..\..\..\AppData\Local\Programs\Python\Python312\Lib\site-packages\starlette\middleware\exceptions.py:63: in __call__
    await wrap_app_handling_exceptions(self.app, conn)(scope, receive, send)
..\..\..\..\AppData\Local\Programs\Python\Python312\Lib\site-packages\starlette\_exception_handler.py:53: in wrapped_app
    raise exc
..\..\..\..\AppData\Local\Programs\Python\Python312\Lib\site-packages\starlette\_exception_handler.py:42: in wrapped_app
    await app(scope, receive, sender)
..\..\..\..\AppData\Local\Programs\Python\Python312\Lib\site-packages\fastapi\middleware\asyncexitstack.py:18: in __call__
    await self.app(scope, receive, send)
..\..\..\..\AppData\Local\Programs\Python\Python312\Lib\site-packages\starlette\routing.py:716: in __call__
    await self.middleware_stack(scope, receive, send)
..\..\..\..\AppData\Local\Programs\Python\Python312\Lib\site-packages\starlette\routing.py:736: in app
    await route.handle(scope, receive, send)
..\..\..\..\AppData\Local\Programs\Python\Python312\Lib\site-packages\starlette\routing.py:290: in handle
    await self.app(scope, receive, send)
..\..\..\..\AppData\Local\Programs\Python\Python312\Lib\site-packages\fastapi\routing.py:125: in app
    await wrap_app_handling_exceptions(app, request)(scope, receive, send)
..\..\..\..\AppData\Local\Programs\Python\Python312\Lib\site-packages\starlette\_exception_handler.py:53: in wrapped_app
    raise exc
..\..\..\..\AppData\Local\Programs\Python\Python312\Lib\site-packages\starlette\_exception_handler.py:42: in wrapped_app
    await app(scope, receive, sender)
..\..\..\..\AppData\Local\Programs\Python\Python312\Lib\site-packages\fastapi\routing.py:111: in app
    response = await f(request)
               ^^^^^^^^^^^^^^^^
..\..\..\..\AppData\Local\Programs\Python\Python312\Lib\site-packages\fastapi\routing.py:391: in app
    raw_response = await run_endpoint_function(
..\..\..\..\AppData\Local\Programs\Python\Python312\Lib\site-packages\fastapi\routing.py:292: in run_endpoint_function
    return await run_in_threadpool(dependant.call, **values)
           ^^^^^^^^^^^^^^^^^^^^^^^^^^^^^^^^^^^^^^^^^^^^^^^^^
..\..\..\..\AppData\Local\Programs\Python\Python312\Lib\site-packages\starlette\concurrency.py:32: in run_in_threadpool
    return await anyio.to_thread.run_sync(func)
           ^^^^^^^^^^^^^^^^^^^^^^^^^^^^^^^^^^^^
..\..\..\..\AppData\Local\Programs\Python\Python312\Lib\site-packages\anyio\to_thread.py:56: in run_sync
    return await get_async_backend().run_sync_in_worker_thread(
..\..\..\..\AppData\Local\Programs\Python\Python312\Lib\site-packages\anyio\_backends\_asyncio.py:2485: in run_sync_in_worker_thread
    return await future
           ^^^^^^^^^^^^
..\..\..\..\AppData\Local\Programs\Python\Python312\Lib\site-packages\anyio\_backends\_asyncio.py:976: in run
    result = context.run(func, *args)
             ^^^^^^^^^^^^^^^^^^^^^^^^
app\api\endpoints\dispatch.py:101: in dispatch_ambulance
    db.commit()
..\..\..\..\AppData\Local\Programs\Python\Python312\Lib\site-packages\sqlalchemy\orm\session.py:2030: in commit
    trans.commit(_to_root=True)
<string>:2: in commit
    ???
..\..\..\..\AppData\Local\Programs\Python\Python312\Lib\site-packages\sqlalchemy\orm\state_changes.py:137: in _go
    ret_value = fn(self, *arg, **kw)
                ^^^^^^^^^^^^^^^^^^^^
..\..\..\..\AppData\Local\Programs\Python\Python312\Lib\site-packages\sqlalchemy\orm\session.py:1311: in commit
    self._prepare_impl()
<string>:2: in _prepare_impl
    ???
..\..\..\..\AppData\Local\Programs\Python\Python312\Lib\site-packages\sqlalchemy\orm\state_changes.py:137: in _go
    ret_value = fn(self, *arg, **kw)
                ^^^^^^^^^^^^^^^^^^^^
..\..\..\..\AppData\Local\Programs\Python\Python312\Lib\site-packages\sqlalchemy\orm\session.py:1286: in _prepare_impl
    self.session.flush()
..\..\..\..\AppData\Local\Programs\Python\Python312\Lib\site-packages\sqlalchemy\orm\session.py:4331: in flush
    self._flush(objects)
..\..\..\..\AppData\Local\Programs\Python\Python312\Lib\site-packages\sqlalchemy\orm\session.py:4466: in _flush
    with util.safe_reraise():
         ^^^^^^^^^^^^^^^^^^^
..\..\..\..\AppData\Local\Programs\Python\Python312\Lib\site-packages\sqlalchemy\util\langhelpers.py:224: in __exit__
    raise exc_value.with_traceback(exc_tb)
..\..\..\..\AppData\Local\Programs\Python\Python312\Lib\site-packages\sqlalchemy\orm\session.py:4427: in _flush
    flush_context.execute()
..\..\..\..\AppData\Local\Programs\Python\Python312\Lib\site-packages\sqlalchemy\orm\unitofwork.py:466: in execute
    rec.execute(self)
..\..\..\..\AppData\Local\Programs\Python\Python312\Lib\site-packages\sqlalchemy\orm\unitofwork.py:642: in execute
    util.preloaded.orm_persistence.save_obj(
..\..\..\..\AppData\Local\Programs\Python\Python312\Lib\site-packages\sqlalchemy\orm\persistence.py:93: in save_obj
    _emit_insert_statements(
..\..\..\..\AppData\Local\Programs\Python\Python312\Lib\site-packages\sqlalchemy\orm\persistence.py:1233: in _emit_insert_statements
    result = connection.execute(
..\..\..\..\AppData\Local\Programs\Python\Python312\Lib\site-packages\sqlalchemy\engine\base.py:1419: in execute
    return meth(
..\..\..\..\AppData\Local\Programs\Python\Python312\Lib\site-packages\sqlalchemy\sql\elements.py:526: in _execute_on_connection
    return connection._execute_clauseelement(
..\..\..\..\AppData\Local\Programs\Python\Python312\Lib\site-packages\sqlalchemy\engine\base.py:1641: in _execute_clauseelement
    ret = self._execute_context(
..\..\..\..\AppData\Local\Programs\Python\Python312\Lib\site-packages\sqlalchemy\engine\base.py:1846: in _execute_context
    return self._exec_single_context(
..\..\..\..\AppData\Local\Programs\Python\Python312\Lib\site-packages\sqlalchemy\engine\base.py:1986: in _exec_single_context
    self._handle_dbapi_exception(
..\..\..\..\AppData\Local\Programs\Python\Python312\Lib\site-packages\sqlalchemy\engine\base.py:2355: in _handle_dbapi_exception
    raise sqlalchemy_exception.with_traceback(exc_info[2]) from e
..\..\..\..\AppData\Local\Programs\Python\Python312\Lib\site-packages\sqlalchemy\engine\base.py:1967: in _exec_single_context
    self.dialect.do_execute(
_ _ _ _ _ _ _ _ _ _ _ _ _ _ _ _ _ _ _ _ _ _ _ _ _ _ _ _ _ _ _ _ _ _ _ _ _ _ _ _

self = <sqlalchemy.dialects.postgresql.psycopg2.PGDialect_psycopg2 object at 0x000002866602F740>
cursor = <cursor object at 0x000002866607F920; closed: -1>
statement = 'INSERT INTO cases (user_id, condition, custom_condition, equipment_needed, ambulance_lat, ambulance_lng, assigned_hos...l_id)s, %(final_score)s, %(distance_km)s, %(eta_minutes)s, %(notes)s, %(status)s) RETURNING cases.id, cases.created_at'
parameters = {'ambulance_lat': 29.86, 'ambulance_lng': 77.89, 'assigned_hospital_id': 28, 'condition': 'cardiac_arrest', ...}
context = <sqlalchemy.dialects.postgresql.psycopg2.PGExecutionContext_psycopg2 object at 0x0000028669147590>

    def do_execute(self, cursor, statement, parameters, context=None):
>       cursor.execute(statement, parameters)
E       sqlalchemy.exc.ProgrammingError: (psycopg2.errors.UndefinedColumn) column "status" of relation "cases" does not exist
E       LINE 1: ...id, final_score, distance_km, eta_minutes, notes, status) VA...
E                                                                    ^
E       
E       [SQL: INSERT INTO cases (user_id, condition, custom_condition, equipment_needed, ambulance_lat, ambulance_lng, assigned_hospital_id, final_score, distance_km, eta_minutes, notes, status) VALUES (%(user_id)s, %(condition)s, %(custom_condition)s, %(equipment_needed)s::VARCHAR[], %(ambulance_lat)s, %(ambulance_lng)s, %(assigned_hospital_id)s, %(final_score)s, %(distance_km)s, %(eta_minutes)s, %(notes)s, %(status)s) RETURNING cases.id, cases.created_at]
E       [parameters: {'user_id': 249, 'condition': 'cardiac_arrest', 'custom_condition': None, 'equipment_needed': ['ecg'], 'ambulance_lat': 29.86, 'ambulance_lng': 77.89, 'assigned_hospital_id': 28, 'final_score': 0.4958, 'distance_km': 1.37, 'eta_minutes': 2, 'notes': None, 'status': 'dispatched'}]
E       (Background on this error at: https://sqlalche.me/e/20/f405)

..\..\..\..\AppData\Local\Programs\Python\Python312\Lib\site-packages\sqlalchemy\engine\default.py:951: ProgrammingError
___ TestCaseStatusUpdateEndpoint.test_wrong_ambulance_cannot_update_status ____

self = <sqlalchemy.engine.base.Connection object at 0x0000028668E5A750>
dialect = <sqlalchemy.dialects.postgresql.psycopg2.PGDialect_psycopg2 object at 0x000002866602F740>
context = <sqlalchemy.dialects.postgresql.psycopg2.PGExecutionContext_psycopg2 object at 0x000002866777E900>
statement = <sqlalchemy.dialects.postgresql.base.PGCompiler object at 0x00000286688DB2F0>
parameters = [{'ambulance_lat': 29.86, 'ambulance_lng': 77.89, 'assigned_hospital_id': 28, 'condition': 'cardiac_arrest', ...}]

    def _exec_single_context(
        self,
        dialect: Dialect,
        context: ExecutionContext,
        statement: Union[str, Compiled],
        parameters: Optional[_AnyMultiExecuteParams],
    ) -> CursorResult[Any]:
        """continue the _execute_context() method for a single DBAPI
        cursor.execute() or cursor.executemany() call.
    
        """
        if dialect.bind_typing is BindTyping.SETINPUTSIZES:
            generic_setinputsizes = context._prepare_set_input_sizes()
    
            if generic_setinputsizes:
                try:
                    dialect.do_set_input_sizes(
                        context.cursor, generic_setinputsizes, context
                    )
                except BaseException as e:
                    self._handle_dbapi_exception(
                        e, str(statement), parameters, None, context
                    )
    
        cursor, str_statement, parameters = (
            context.cursor,
            context.statement,
            context.parameters,
        )
    
        effective_parameters: Optional[_AnyExecuteParams]
    
        if not context.executemany:
            effective_parameters = parameters[0]
        else:
            effective_parameters = parameters
    
        if self._has_events or self.engine._has_events:
            for fn in self.dispatch.before_cursor_execute:
                str_statement, effective_parameters = fn(
                    self,
                    cursor,
                    str_statement,
                    effective_parameters,
                    context,
                    context.executemany,
                )
    
        if self._echo:
            self._log_info(str_statement)
    
            stats = context._get_cache_stats()
    
            if not self.engine.hide_parameters:
                self._log_info(
                    "[%s] %r",
                    stats,
                    sql_util._repr_params(
                        effective_parameters,
                        batches=10,
                        ismulti=context.executemany,
                    ),
                )
            else:
                self._log_info(
                    "[%s] [SQL parameters hidden due to hide_parameters=True]",
                    stats,
                )
    
        evt_handled: bool = False
        try:
            if context.execute_style is ExecuteStyle.EXECUTEMANY:
                effective_parameters = cast(
                    "_CoreMultiExecuteParams", effective_parameters
                )
                if self.dialect._has_events:
                    for fn in self.dialect.dispatch.do_executemany:
                        if fn(
                            cursor,
                            str_statement,
                            effective_parameters,
                            context,
                        ):
                            evt_handled = True
                            break
                if not evt_handled:
                    self.dialect.do_executemany(
                        cursor,
                        str_statement,
                        effective_parameters,
                        context,
                    )
            elif not effective_parameters and context.no_parameters:
                if self.dialect._has_events:
                    for fn in self.dialect.dispatch.do_execute_no_params:
                        if fn(cursor, str_statement, context):
                            evt_handled = True
                            break
                if not evt_handled:
                    self.dialect.do_execute_no_params(
                        cursor, str_statement, context
                    )
            else:
                effective_parameters = cast(
                    "_CoreSingleExecuteParams", effective_parameters
                )
                if self.dialect._has_events:
                    for fn in self.dialect.dispatch.do_execute:
                        if fn(
                            cursor,
                            str_statement,
                            effective_parameters,
                            context,
                        ):
                            evt_handled = True
                            break
                if not evt_handled:
>                   self.dialect.do_execute(
                        cursor, str_statement, effective_parameters, context
                    )

..\..\..\..\AppData\Local\Programs\Python\Python312\Lib\site-packages\sqlalchemy\engine\base.py:1967: 
_ _ _ _ _ _ _ _ _ _ _ _ _ _ _ _ _ _ _ _ _ _ _ _ _ _ _ _ _ _ _ _ _ _ _ _ _ _ _ _

self = <sqlalchemy.dialects.postgresql.psycopg2.PGDialect_psycopg2 object at 0x000002866602F740>
cursor = <cursor object at 0x00000286688D43C0; closed: -1>
statement = 'INSERT INTO cases (user_id, condition, custom_condition, equipment_needed, ambulance_lat, ambulance_lng, assigned_hos...l_id)s, %(final_score)s, %(distance_km)s, %(eta_minutes)s, %(notes)s, %(status)s) RETURNING cases.id, cases.created_at'
parameters = {'ambulance_lat': 29.86, 'ambulance_lng': 77.89, 'assigned_hospital_id': 28, 'condition': 'cardiac_arrest', ...}
context = <sqlalchemy.dialects.postgresql.psycopg2.PGExecutionContext_psycopg2 object at 0x000002866777E900>

    def do_execute(self, cursor, statement, parameters, context=None):
>       cursor.execute(statement, parameters)
E       psycopg2.errors.UndefinedColumn: column "status" of relation "cases" does not exist
E       LINE 1: ...id, final_score, distance_km, eta_minutes, notes, status) VA...
E                                                                    ^

..\..\..\..\AppData\Local\Programs\Python\Python312\Lib\site-packages\sqlalchemy\engine\default.py:951: UndefinedColumn

The above exception was the direct cause of the following exception:

self = <tests.test_cases.TestCaseStatusUpdateEndpoint object at 0x0000028666098DA0>
client = <starlette.testclient.TestClient object at 0x0000028668E5A780>
auth_headers = {'Authorization': 'Bearer eyJhbGciOiJIUzI1NiIsInR5cCI6IkpXVCJ9.eyJzdWIiOiJ0ZXN0X2FtYl8yNzVlN2I1NUB0ZXN0LmNvbSIsInJvbGUiOiJhbWJ1bGFuY2UiLCJob3NwaXRhbF9pZCI6bnVsbCwiZXhwIjoxNzc0OTYxMzAzfQ.82LHQJC4UJcgrRix0Z7zG_sAeOvemURil6KRkJWfgXQ'}

    def test_wrong_ambulance_cannot_update_status(self, client, auth_headers):
>       case_id = dispatch_case(client, auth_headers)
                  ^^^^^^^^^^^^^^^^^^^^^^^^^^^^^^^^^^^

tests\test_cases.py:133: 
_ _ _ _ _ _ _ _ _ _ _ _ _ _ _ _ _ _ _ _ _ _ _ _ _ _ _ _ _ _ _ _ _ _ _ _ _ _ _ _
tests\test_cases.py:10: in dispatch_case
    res = client.post("/api/dispatch/", json={
..\..\..\..\AppData\Local\Programs\Python\Python312\Lib\site-packages\starlette\testclient.py:546: in post
    return super().post(
..\..\..\..\AppData\Local\Programs\Python\Python312\Lib\site-packages\httpx\_client.py:1144: in post
    return self.request(
..\..\..\..\AppData\Local\Programs\Python\Python312\Lib\site-packages\starlette\testclient.py:445: in request
    return super().request(
..\..\..\..\AppData\Local\Programs\Python\Python312\Lib\site-packages\httpx\_client.py:825: in request
    return self.send(request, auth=auth, follow_redirects=follow_redirects)
           ^^^^^^^^^^^^^^^^^^^^^^^^^^^^^^^^^^^^^^^^^^^^^^^^^^^^^^^^^^^^^^^^
..\..\..\..\AppData\Local\Programs\Python\Python312\Lib\site-packages\httpx\_client.py:914: in send
    response = self._send_handling_auth(
..\..\..\..\AppData\Local\Programs\Python\Python312\Lib\site-packages\httpx\_client.py:942: in _send_handling_auth
    response = self._send_handling_redirects(
..\..\..\..\AppData\Local\Programs\Python\Python312\Lib\site-packages\httpx\_client.py:979: in _send_handling_redirects
    response = self._send_single_request(request)
               ^^^^^^^^^^^^^^^^^^^^^^^^^^^^^^^^^^
..\..\..\..\AppData\Local\Programs\Python\Python312\Lib\site-packages\httpx\_client.py:1014: in _send_single_request
    response = transport.handle_request(request)
               ^^^^^^^^^^^^^^^^^^^^^^^^^^^^^^^^^
..\..\..\..\AppData\Local\Programs\Python\Python312\Lib\site-packages\starlette\testclient.py:348: in handle_request
    raise exc
..\..\..\..\AppData\Local\Programs\Python\Python312\Lib\site-packages\starlette\testclient.py:345: in handle_request
    portal.call(self.app, scope, receive, send)
..\..\..\..\AppData\Local\Programs\Python\Python312\Lib\site-packages\anyio\from_thread.py:321: in call
    return cast(T_Retval, self.start_task_soon(func, *args).result())
                          ^^^^^^^^^^^^^^^^^^^^^^^^^^^^^^^^^^^^^^^^^^
..\..\..\..\AppData\Local\Programs\Python\Python312\Lib\concurrent\futures\_base.py:456: in result
    return self.__get_result()
           ^^^^^^^^^^^^^^^^^^^
..\..\..\..\AppData\Local\Programs\Python\Python312\Lib\concurrent\futures\_base.py:401: in __get_result
    raise self._exception
..\..\..\..\AppData\Local\Programs\Python\Python312\Lib\site-packages\anyio\from_thread.py:252: in _call_func
    retval = await retval_or_awaitable
             ^^^^^^^^^^^^^^^^^^^^^^^^^
..\..\..\..\AppData\Local\Programs\Python\Python312\Lib\site-packages\fastapi\applications.py:1134: in __call__
    await super().__call__(scope, receive, send)
..\..\..\..\AppData\Local\Programs\Python\Python312\Lib\site-packages\starlette\applications.py:107: in __call__
    await self.middleware_stack(scope, receive, send)
..\..\..\..\AppData\Local\Programs\Python\Python312\Lib\site-packages\starlette\middleware\errors.py:186: in __call__
    raise exc
..\..\..\..\AppData\Local\Programs\Python\Python312\Lib\site-packages\starlette\middleware\errors.py:164: in __call__
    await self.app(scope, receive, _send)
..\..\..\..\AppData\Local\Programs\Python\Python312\Lib\site-packages\starlette\middleware\cors.py:85: in __call__
    await self.app(scope, receive, send)
..\..\..\..\AppData\Local\Programs\Python\Python312\Lib\site-packages\starlette\middleware\exceptions.py:63: in __call__
    await wrap_app_handling_exceptions(self.app, conn)(scope, receive, send)
..\..\..\..\AppData\Local\Programs\Python\Python312\Lib\site-packages\starlette\_exception_handler.py:53: in wrapped_app
    raise exc
..\..\..\..\AppData\Local\Programs\Python\Python312\Lib\site-packages\starlette\_exception_handler.py:42: in wrapped_app
    await app(scope, receive, sender)
..\..\..\..\AppData\Local\Programs\Python\Python312\Lib\site-packages\fastapi\middleware\asyncexitstack.py:18: in __call__
    await self.app(scope, receive, send)
..\..\..\..\AppData\Local\Programs\Python\Python312\Lib\site-packages\starlette\routing.py:716: in __call__
    await self.middleware_stack(scope, receive, send)
..\..\..\..\AppData\Local\Programs\Python\Python312\Lib\site-packages\starlette\routing.py:736: in app
    await route.handle(scope, receive, send)
..\..\..\..\AppData\Local\Programs\Python\Python312\Lib\site-packages\starlette\routing.py:290: in handle
    await self.app(scope, receive, send)
..\..\..\..\AppData\Local\Programs\Python\Python312\Lib\site-packages\fastapi\routing.py:125: in app
    await wrap_app_handling_exceptions(app, request)(scope, receive, send)
..\..\..\..\AppData\Local\Programs\Python\Python312\Lib\site-packages\starlette\_exception_handler.py:53: in wrapped_app
    raise exc
..\..\..\..\AppData\Local\Programs\Python\Python312\Lib\site-packages\starlette\_exception_handler.py:42: in wrapped_app
    await app(scope, receive, sender)
..\..\..\..\AppData\Local\Programs\Python\Python312\Lib\site-packages\fastapi\routing.py:111: in app
    response = await f(request)
               ^^^^^^^^^^^^^^^^
..\..\..\..\AppData\Local\Programs\Python\Python312\Lib\site-packages\fastapi\routing.py:391: in app
    raw_response = await run_endpoint_function(
..\..\..\..\AppData\Local\Programs\Python\Python312\Lib\site-packages\fastapi\routing.py:292: in run_endpoint_function
    return await run_in_threadpool(dependant.call, **values)
           ^^^^^^^^^^^^^^^^^^^^^^^^^^^^^^^^^^^^^^^^^^^^^^^^^
..\..\..\..\AppData\Local\Programs\Python\Python312\Lib\site-packages\starlette\concurrency.py:32: in run_in_threadpool
    return await anyio.to_thread.run_sync(func)
           ^^^^^^^^^^^^^^^^^^^^^^^^^^^^^^^^^^^^
..\..\..\..\AppData\Local\Programs\Python\Python312\Lib\site-packages\anyio\to_thread.py:56: in run_sync
    return await get_async_backend().run_sync_in_worker_thread(
..\..\..\..\AppData\Local\Programs\Python\Python312\Lib\site-packages\anyio\_backends\_asyncio.py:2485: in run_sync_in_worker_thread
    return await future
           ^^^^^^^^^^^^
..\..\..\..\AppData\Local\Programs\Python\Python312\Lib\site-packages\anyio\_backends\_asyncio.py:976: in run
    result = context.run(func, *args)
             ^^^^^^^^^^^^^^^^^^^^^^^^
app\api\endpoints\dispatch.py:101: in dispatch_ambulance
    db.commit()
..\..\..\..\AppData\Local\Programs\Python\Python312\Lib\site-packages\sqlalchemy\orm\session.py:2030: in commit
    trans.commit(_to_root=True)
<string>:2: in commit
    ???
..\..\..\..\AppData\Local\Programs\Python\Python312\Lib\site-packages\sqlalchemy\orm\state_changes.py:137: in _go
    ret_value = fn(self, *arg, **kw)
                ^^^^^^^^^^^^^^^^^^^^
..\..\..\..\AppData\Local\Programs\Python\Python312\Lib\site-packages\sqlalchemy\orm\session.py:1311: in commit
    self._prepare_impl()
<string>:2: in _prepare_impl
    ???
..\..\..\..\AppData\Local\Programs\Python\Python312\Lib\site-packages\sqlalchemy\orm\state_changes.py:137: in _go
    ret_value = fn(self, *arg, **kw)
                ^^^^^^^^^^^^^^^^^^^^
..\..\..\..\AppData\Local\Programs\Python\Python312\Lib\site-packages\sqlalchemy\orm\session.py:1286: in _prepare_impl
    self.session.flush()
..\..\..\..\AppData\Local\Programs\Python\Python312\Lib\site-packages\sqlalchemy\orm\session.py:4331: in flush
    self._flush(objects)
..\..\..\..\AppData\Local\Programs\Python\Python312\Lib\site-packages\sqlalchemy\orm\session.py:4466: in _flush
    with util.safe_reraise():
         ^^^^^^^^^^^^^^^^^^^
..\..\..\..\AppData\Local\Programs\Python\Python312\Lib\site-packages\sqlalchemy\util\langhelpers.py:224: in __exit__
    raise exc_value.with_traceback(exc_tb)
..\..\..\..\AppData\Local\Programs\Python\Python312\Lib\site-packages\sqlalchemy\orm\session.py:4427: in _flush
    flush_context.execute()
..\..\..\..\AppData\Local\Programs\Python\Python312\Lib\site-packages\sqlalchemy\orm\unitofwork.py:466: in execute
    rec.execute(self)
..\..\..\..\AppData\Local\Programs\Python\Python312\Lib\site-packages\sqlalchemy\orm\unitofwork.py:642: in execute
    util.preloaded.orm_persistence.save_obj(
..\..\..\..\AppData\Local\Programs\Python\Python312\Lib\site-packages\sqlalchemy\orm\persistence.py:93: in save_obj
    _emit_insert_statements(
..\..\..\..\AppData\Local\Programs\Python\Python312\Lib\site-packages\sqlalchemy\orm\persistence.py:1233: in _emit_insert_statements
    result = connection.execute(
..\..\..\..\AppData\Local\Programs\Python\Python312\Lib\site-packages\sqlalchemy\engine\base.py:1419: in execute
    return meth(
..\..\..\..\AppData\Local\Programs\Python\Python312\Lib\site-packages\sqlalchemy\sql\elements.py:526: in _execute_on_connection
    return connection._execute_clauseelement(
..\..\..\..\AppData\Local\Programs\Python\Python312\Lib\site-packages\sqlalchemy\engine\base.py:1641: in _execute_clauseelement
    ret = self._execute_context(
..\..\..\..\AppData\Local\Programs\Python\Python312\Lib\site-packages\sqlalchemy\engine\base.py:1846: in _execute_context
    return self._exec_single_context(
..\..\..\..\AppData\Local\Programs\Python\Python312\Lib\site-packages\sqlalchemy\engine\base.py:1986: in _exec_single_context
    self._handle_dbapi_exception(
..\..\..\..\AppData\Local\Programs\Python\Python312\Lib\site-packages\sqlalchemy\engine\base.py:2355: in _handle_dbapi_exception
    raise sqlalchemy_exception.with_traceback(exc_info[2]) from e
..\..\..\..\AppData\Local\Programs\Python\Python312\Lib\site-packages\sqlalchemy\engine\base.py:1967: in _exec_single_context
    self.dialect.do_execute(
_ _ _ _ _ _ _ _ _ _ _ _ _ _ _ _ _ _ _ _ _ _ _ _ _ _ _ _ _ _ _ _ _ _ _ _ _ _ _ _

self = <sqlalchemy.dialects.postgresql.psycopg2.PGDialect_psycopg2 object at 0x000002866602F740>
cursor = <cursor object at 0x00000286688D43C0; closed: -1>
statement = 'INSERT INTO cases (user_id, condition, custom_condition, equipment_needed, ambulance_lat, ambulance_lng, assigned_hos...l_id)s, %(final_score)s, %(distance_km)s, %(eta_minutes)s, %(notes)s, %(status)s) RETURNING cases.id, cases.created_at'
parameters = {'ambulance_lat': 29.86, 'ambulance_lng': 77.89, 'assigned_hospital_id': 28, 'condition': 'cardiac_arrest', ...}
context = <sqlalchemy.dialects.postgresql.psycopg2.PGExecutionContext_psycopg2 object at 0x000002866777E900>

    def do_execute(self, cursor, statement, parameters, context=None):
>       cursor.execute(statement, parameters)
E       sqlalchemy.exc.ProgrammingError: (psycopg2.errors.UndefinedColumn) column "status" of relation "cases" does not exist
E       LINE 1: ...id, final_score, distance_km, eta_minutes, notes, status) VA...
E                                                                    ^
E       
E       [SQL: INSERT INTO cases (user_id, condition, custom_condition, equipment_needed, ambulance_lat, ambulance_lng, assigned_hospital_id, final_score, distance_km, eta_minutes, notes, status) VALUES (%(user_id)s, %(condition)s, %(custom_condition)s, %(equipment_needed)s::VARCHAR[], %(ambulance_lat)s, %(ambulance_lng)s, %(assigned_hospital_id)s, %(final_score)s, %(distance_km)s, %(eta_minutes)s, %(notes)s, %(status)s) RETURNING cases.id, cases.created_at]
E       [parameters: {'user_id': 250, 'condition': 'cardiac_arrest', 'custom_condition': None, 'equipment_needed': ['ecg'], 'ambulance_lat': 29.86, 'ambulance_lng': 77.89, 'assigned_hospital_id': 28, 'final_score': 0.4958, 'distance_km': 1.37, 'eta_minutes': 2, 'notes': None, 'status': 'dispatched'}]
E       (Background on this error at: https://sqlalche.me/e/20/f405)

..\..\..\..\AppData\Local\Programs\Python\Python312\Lib\site-packages\sqlalchemy\engine\default.py:951: ProgrammingError
____ TestCaseStatusUpdateEndpoint.test_wrong_hospital_cannot_update_status ____

self = <sqlalchemy.engine.base.Connection object at 0x00000286677EEB40>
dialect = <sqlalchemy.dialects.postgresql.psycopg2.PGDialect_psycopg2 object at 0x000002866602F740>
context = <sqlalchemy.dialects.postgresql.psycopg2.PGExecutionContext_psycopg2 object at 0x00000286677E0E60>
statement = <sqlalchemy.dialects.postgresql.base.PGCompiler object at 0x00000286688DB2F0>
parameters = [{'ambulance_lat': 29.86, 'ambulance_lng': 77.89, 'assigned_hospital_id': 28, 'condition': 'cardiac_arrest', ...}]

    def _exec_single_context(
        self,
        dialect: Dialect,
        context: ExecutionContext,
        statement: Union[str, Compiled],
        parameters: Optional[_AnyMultiExecuteParams],
    ) -> CursorResult[Any]:
        """continue the _execute_context() method for a single DBAPI
        cursor.execute() or cursor.executemany() call.
    
        """
        if dialect.bind_typing is BindTyping.SETINPUTSIZES:
            generic_setinputsizes = context._prepare_set_input_sizes()
    
            if generic_setinputsizes:
                try:
                    dialect.do_set_input_sizes(
                        context.cursor, generic_setinputsizes, context
                    )
                except BaseException as e:
                    self._handle_dbapi_exception(
                        e, str(statement), parameters, None, context
                    )
    
        cursor, str_statement, parameters = (
            context.cursor,
            context.statement,
            context.parameters,
        )
    
        effective_parameters: Optional[_AnyExecuteParams]
    
        if not context.executemany:
            effective_parameters = parameters[0]
        else:
            effective_parameters = parameters
    
        if self._has_events or self.engine._has_events:
            for fn in self.dispatch.before_cursor_execute:
                str_statement, effective_parameters = fn(
                    self,
                    cursor,
                    str_statement,
                    effective_parameters,
                    context,
                    context.executemany,
                )
    
        if self._echo:
            self._log_info(str_statement)
    
            stats = context._get_cache_stats()
    
            if not self.engine.hide_parameters:
                self._log_info(
                    "[%s] %r",
                    stats,
                    sql_util._repr_params(
                        effective_parameters,
                        batches=10,
                        ismulti=context.executemany,
                    ),
                )
            else:
                self._log_info(
                    "[%s] [SQL parameters hidden due to hide_parameters=True]",
                    stats,
                )
    
        evt_handled: bool = False
        try:
            if context.execute_style is ExecuteStyle.EXECUTEMANY:
                effective_parameters = cast(
                    "_CoreMultiExecuteParams", effective_parameters
                )
                if self.dialect._has_events:
                    for fn in self.dialect.dispatch.do_executemany:
                        if fn(
                            cursor,
                            str_statement,
                            effective_parameters,
                            context,
                        ):
                            evt_handled = True
                            break
                if not evt_handled:
                    self.dialect.do_executemany(
                        cursor,
                        str_statement,
                        effective_parameters,
                        context,
                    )
            elif not effective_parameters and context.no_parameters:
                if self.dialect._has_events:
                    for fn in self.dialect.dispatch.do_execute_no_params:
                        if fn(cursor, str_statement, context):
                            evt_handled = True
                            break
                if not evt_handled:
                    self.dialect.do_execute_no_params(
                        cursor, str_statement, context
                    )
            else:
                effective_parameters = cast(
                    "_CoreSingleExecuteParams", effective_parameters
                )
                if self.dialect._has_events:
                    for fn in self.dialect.dispatch.do_execute:
                        if fn(
                            cursor,
                            str_statement,
                            effective_parameters,
                            context,
                        ):
                            evt_handled = True
                            break
                if not evt_handled:
>                   self.dialect.do_execute(
                        cursor, str_statement, effective_parameters, context
                    )

..\..\..\..\AppData\Local\Programs\Python\Python312\Lib\site-packages\sqlalchemy\engine\base.py:1967: 
_ _ _ _ _ _ _ _ _ _ _ _ _ _ _ _ _ _ _ _ _ _ _ _ _ _ _ _ _ _ _ _ _ _ _ _ _ _ _ _

self = <sqlalchemy.dialects.postgresql.psycopg2.PGDialect_psycopg2 object at 0x000002866602F740>
cursor = <cursor object at 0x00000286665C1FC0; closed: -1>
statement = 'INSERT INTO cases (user_id, condition, custom_condition, equipment_needed, ambulance_lat, ambulance_lng, assigned_hos...l_id)s, %(final_score)s, %(distance_km)s, %(eta_minutes)s, %(notes)s, %(status)s) RETURNING cases.id, cases.created_at'
parameters = {'ambulance_lat': 29.86, 'ambulance_lng': 77.89, 'assigned_hospital_id': 28, 'condition': 'cardiac_arrest', ...}
context = <sqlalchemy.dialects.postgresql.psycopg2.PGExecutionContext_psycopg2 object at 0x00000286677E0E60>

    def do_execute(self, cursor, statement, parameters, context=None):
>       cursor.execute(statement, parameters)
E       psycopg2.errors.UndefinedColumn: column "status" of relation "cases" does not exist
E       LINE 1: ...id, final_score, distance_km, eta_minutes, notes, status) VA...
E                                                                    ^

..\..\..\..\AppData\Local\Programs\Python\Python312\Lib\site-packages\sqlalchemy\engine\default.py:951: UndefinedColumn

The above exception was the direct cause of the following exception:

self = <tests.test_cases.TestCaseStatusUpdateEndpoint object at 0x000002866609B980>
client = <starlette.testclient.TestClient object at 0x00000286677EF350>
auth_headers = {'Authorization': 'Bearer eyJhbGciOiJIUzI1NiIsInR5cCI6IkpXVCJ9.eyJzdWIiOiJ0ZXN0X2FtYl82NmJjNTVjOUB0ZXN0LmNvbSIsInJvbGUiOiJhbWJ1bGFuY2UiLCJob3NwaXRhbF9pZCI6bnVsbCwiZXhwIjoxNzc0OTYxMzA1fQ.6Sifg9WJJXODiugixy1sYqTT8T5Y5KvKeZAws9QZlXU'}
hospital_headers = {'Authorization': 'Bearer eyJhbGciOiJIUzI1NiIsInR5cCI6IkpXVCJ9.eyJzdWIiOiJ0ZXN0X2hvc3BfYWM2OWE3Y2NAdGVzdC5jb20iLCJyb2xlIjoiaG9zcGl0YWwiLCJob3NwaXRhbF9pZCI6bnVsbCwiZXhwIjoxNzc0OTYxMzA2fQ.BCK9TuIieEFJFcKunAPpJycqzK9fT9ytHOjlwFzpPSY'}

    def test_wrong_hospital_cannot_update_status(self, client, auth_headers, hospital_headers):
>       case_id = dispatch_case(client, auth_headers)
                  ^^^^^^^^^^^^^^^^^^^^^^^^^^^^^^^^^^^

tests\test_cases.py:145: 
_ _ _ _ _ _ _ _ _ _ _ _ _ _ _ _ _ _ _ _ _ _ _ _ _ _ _ _ _ _ _ _ _ _ _ _ _ _ _ _
tests\test_cases.py:10: in dispatch_case
    res = client.post("/api/dispatch/", json={
..\..\..\..\AppData\Local\Programs\Python\Python312\Lib\site-packages\starlette\testclient.py:546: in post
    return super().post(
..\..\..\..\AppData\Local\Programs\Python\Python312\Lib\site-packages\httpx\_client.py:1144: in post
    return self.request(
..\..\..\..\AppData\Local\Programs\Python\Python312\Lib\site-packages\starlette\testclient.py:445: in request
    return super().request(
..\..\..\..\AppData\Local\Programs\Python\Python312\Lib\site-packages\httpx\_client.py:825: in request
    return self.send(request, auth=auth, follow_redirects=follow_redirects)
           ^^^^^^^^^^^^^^^^^^^^^^^^^^^^^^^^^^^^^^^^^^^^^^^^^^^^^^^^^^^^^^^^
..\..\..\..\AppData\Local\Programs\Python\Python312\Lib\site-packages\httpx\_client.py:914: in send
    response = self._send_handling_auth(
..\..\..\..\AppData\Local\Programs\Python\Python312\Lib\site-packages\httpx\_client.py:942: in _send_handling_auth
    response = self._send_handling_redirects(
..\..\..\..\AppData\Local\Programs\Python\Python312\Lib\site-packages\httpx\_client.py:979: in _send_handling_redirects
    response = self._send_single_request(request)
               ^^^^^^^^^^^^^^^^^^^^^^^^^^^^^^^^^^
..\..\..\..\AppData\Local\Programs\Python\Python312\Lib\site-packages\httpx\_client.py:1014: in _send_single_request
    response = transport.handle_request(request)
               ^^^^^^^^^^^^^^^^^^^^^^^^^^^^^^^^^
..\..\..\..\AppData\Local\Programs\Python\Python312\Lib\site-packages\starlette\testclient.py:348: in handle_request
    raise exc
..\..\..\..\AppData\Local\Programs\Python\Python312\Lib\site-packages\starlette\testclient.py:345: in handle_request
    portal.call(self.app, scope, receive, send)
..\..\..\..\AppData\Local\Programs\Python\Python312\Lib\site-packages\anyio\from_thread.py:321: in call
    return cast(T_Retval, self.start_task_soon(func, *args).result())
                          ^^^^^^^^^^^^^^^^^^^^^^^^^^^^^^^^^^^^^^^^^^
..\..\..\..\AppData\Local\Programs\Python\Python312\Lib\concurrent\futures\_base.py:456: in result
    return self.__get_result()
           ^^^^^^^^^^^^^^^^^^^
..\..\..\..\AppData\Local\Programs\Python\Python312\Lib\concurrent\futures\_base.py:401: in __get_result
    raise self._exception
..\..\..\..\AppData\Local\Programs\Python\Python312\Lib\site-packages\anyio\from_thread.py:252: in _call_func
    retval = await retval_or_awaitable
             ^^^^^^^^^^^^^^^^^^^^^^^^^
..\..\..\..\AppData\Local\Programs\Python\Python312\Lib\site-packages\fastapi\applications.py:1134: in __call__
    await super().__call__(scope, receive, send)
..\..\..\..\AppData\Local\Programs\Python\Python312\Lib\site-packages\starlette\applications.py:107: in __call__
    await self.middleware_stack(scope, receive, send)
..\..\..\..\AppData\Local\Programs\Python\Python312\Lib\site-packages\starlette\middleware\errors.py:186: in __call__
    raise exc
..\..\..\..\AppData\Local\Programs\Python\Python312\Lib\site-packages\starlette\middleware\errors.py:164: in __call__
    await self.app(scope, receive, _send)
..\..\..\..\AppData\Local\Programs\Python\Python312\Lib\site-packages\starlette\middleware\cors.py:85: in __call__
    await self.app(scope, receive, send)
..\..\..\..\AppData\Local\Programs\Python\Python312\Lib\site-packages\starlette\middleware\exceptions.py:63: in __call__
    await wrap_app_handling_exceptions(self.app, conn)(scope, receive, send)
..\..\..\..\AppData\Local\Programs\Python\Python312\Lib\site-packages\starlette\_exception_handler.py:53: in wrapped_app
    raise exc
..\..\..\..\AppData\Local\Programs\Python\Python312\Lib\site-packages\starlette\_exception_handler.py:42: in wrapped_app
    await app(scope, receive, sender)
..\..\..\..\AppData\Local\Programs\Python\Python312\Lib\site-packages\fastapi\middleware\asyncexitstack.py:18: in __call__
    await self.app(scope, receive, send)
..\..\..\..\AppData\Local\Programs\Python\Python312\Lib\site-packages\starlette\routing.py:716: in __call__
    await self.middleware_stack(scope, receive, send)
..\..\..\..\AppData\Local\Programs\Python\Python312\Lib\site-packages\starlette\routing.py:736: in app
    await route.handle(scope, receive, send)
..\..\..\..\AppData\Local\Programs\Python\Python312\Lib\site-packages\starlette\routing.py:290: in handle
    await self.app(scope, receive, send)
..\..\..\..\AppData\Local\Programs\Python\Python312\Lib\site-packages\fastapi\routing.py:125: in app
    await wrap_app_handling_exceptions(app, request)(scope, receive, send)
..\..\..\..\AppData\Local\Programs\Python\Python312\Lib\site-packages\starlette\_exception_handler.py:53: in wrapped_app
    raise exc
..\..\..\..\AppData\Local\Programs\Python\Python312\Lib\site-packages\starlette\_exception_handler.py:42: in wrapped_app
    await app(scope, receive, sender)
..\..\..\..\AppData\Local\Programs\Python\Python312\Lib\site-packages\fastapi\routing.py:111: in app
    response = await f(request)
               ^^^^^^^^^^^^^^^^
..\..\..\..\AppData\Local\Programs\Python\Python312\Lib\site-packages\fastapi\routing.py:391: in app
    raw_response = await run_endpoint_function(
..\..\..\..\AppData\Local\Programs\Python\Python312\Lib\site-packages\fastapi\routing.py:292: in run_endpoint_function
    return await run_in_threadpool(dependant.call, **values)
           ^^^^^^^^^^^^^^^^^^^^^^^^^^^^^^^^^^^^^^^^^^^^^^^^^
..\..\..\..\AppData\Local\Programs\Python\Python312\Lib\site-packages\starlette\concurrency.py:32: in run_in_threadpool
    return await anyio.to_thread.run_sync(func)
           ^^^^^^^^^^^^^^^^^^^^^^^^^^^^^^^^^^^^
..\..\..\..\AppData\Local\Programs\Python\Python312\Lib\site-packages\anyio\to_thread.py:56: in run_sync
    return await get_async_backend().run_sync_in_worker_thread(
..\..\..\..\AppData\Local\Programs\Python\Python312\Lib\site-packages\anyio\_backends\_asyncio.py:2485: in run_sync_in_worker_thread
    return await future
           ^^^^^^^^^^^^
..\..\..\..\AppData\Local\Programs\Python\Python312\Lib\site-packages\anyio\_backends\_asyncio.py:976: in run
    result = context.run(func, *args)
             ^^^^^^^^^^^^^^^^^^^^^^^^
app\api\endpoints\dispatch.py:101: in dispatch_ambulance
    db.commit()
..\..\..\..\AppData\Local\Programs\Python\Python312\Lib\site-packages\sqlalchemy\orm\session.py:2030: in commit
    trans.commit(_to_root=True)
<string>:2: in commit
    ???
..\..\..\..\AppData\Local\Programs\Python\Python312\Lib\site-packages\sqlalchemy\orm\state_changes.py:137: in _go
    ret_value = fn(self, *arg, **kw)
                ^^^^^^^^^^^^^^^^^^^^
..\..\..\..\AppData\Local\Programs\Python\Python312\Lib\site-packages\sqlalchemy\orm\session.py:1311: in commit
    self._prepare_impl()
<string>:2: in _prepare_impl
    ???
..\..\..\..\AppData\Local\Programs\Python\Python312\Lib\site-packages\sqlalchemy\orm\state_changes.py:137: in _go
    ret_value = fn(self, *arg, **kw)
                ^^^^^^^^^^^^^^^^^^^^
..\..\..\..\AppData\Local\Programs\Python\Python312\Lib\site-packages\sqlalchemy\orm\session.py:1286: in _prepare_impl
    self.session.flush()
..\..\..\..\AppData\Local\Programs\Python\Python312\Lib\site-packages\sqlalchemy\orm\session.py:4331: in flush
    self._flush(objects)
..\..\..\..\AppData\Local\Programs\Python\Python312\Lib\site-packages\sqlalchemy\orm\session.py:4466: in _flush
    with util.safe_reraise():
         ^^^^^^^^^^^^^^^^^^^
..\..\..\..\AppData\Local\Programs\Python\Python312\Lib\site-packages\sqlalchemy\util\langhelpers.py:224: in __exit__
    raise exc_value.with_traceback(exc_tb)
..\..\..\..\AppData\Local\Programs\Python\Python312\Lib\site-packages\sqlalchemy\orm\session.py:4427: in _flush
    flush_context.execute()
..\..\..\..\AppData\Local\Programs\Python\Python312\Lib\site-packages\sqlalchemy\orm\unitofwork.py:466: in execute
    rec.execute(self)
..\..\..\..\AppData\Local\Programs\Python\Python312\Lib\site-packages\sqlalchemy\orm\unitofwork.py:642: in execute
    util.preloaded.orm_persistence.save_obj(
..\..\..\..\AppData\Local\Programs\Python\Python312\Lib\site-packages\sqlalchemy\orm\persistence.py:93: in save_obj
    _emit_insert_statements(
..\..\..\..\AppData\Local\Programs\Python\Python312\Lib\site-packages\sqlalchemy\orm\persistence.py:1233: in _emit_insert_statements
    result = connection.execute(
..\..\..\..\AppData\Local\Programs\Python\Python312\Lib\site-packages\sqlalchemy\engine\base.py:1419: in execute
    return meth(
..\..\..\..\AppData\Local\Programs\Python\Python312\Lib\site-packages\sqlalchemy\sql\elements.py:526: in _execute_on_connection
    return connection._execute_clauseelement(
..\..\..\..\AppData\Local\Programs\Python\Python312\Lib\site-packages\sqlalchemy\engine\base.py:1641: in _execute_clauseelement
    ret = self._execute_context(
..\..\..\..\AppData\Local\Programs\Python\Python312\Lib\site-packages\sqlalchemy\engine\base.py:1846: in _execute_context
    return self._exec_single_context(
..\..\..\..\AppData\Local\Programs\Python\Python312\Lib\site-packages\sqlalchemy\engine\base.py:1986: in _exec_single_context
    self._handle_dbapi_exception(
..\..\..\..\AppData\Local\Programs\Python\Python312\Lib\site-packages\sqlalchemy\engine\base.py:2355: in _handle_dbapi_exception
    raise sqlalchemy_exception.with_traceback(exc_info[2]) from e
..\..\..\..\AppData\Local\Programs\Python\Python312\Lib\site-packages\sqlalchemy\engine\base.py:1967: in _exec_single_context
    self.dialect.do_execute(
_ _ _ _ _ _ _ _ _ _ _ _ _ _ _ _ _ _ _ _ _ _ _ _ _ _ _ _ _ _ _ _ _ _ _ _ _ _ _ _

self = <sqlalchemy.dialects.postgresql.psycopg2.PGDialect_psycopg2 object at 0x000002866602F740>
cursor = <cursor object at 0x00000286665C1FC0; closed: -1>
statement = 'INSERT INTO cases (user_id, condition, custom_condition, equipment_needed, ambulance_lat, ambulance_lng, assigned_hos...l_id)s, %(final_score)s, %(distance_km)s, %(eta_minutes)s, %(notes)s, %(status)s) RETURNING cases.id, cases.created_at'
parameters = {'ambulance_lat': 29.86, 'ambulance_lng': 77.89, 'assigned_hospital_id': 28, 'condition': 'cardiac_arrest', ...}
context = <sqlalchemy.dialects.postgresql.psycopg2.PGExecutionContext_psycopg2 object at 0x00000286677E0E60>

    def do_execute(self, cursor, statement, parameters, context=None):
>       cursor.execute(statement, parameters)
E       sqlalchemy.exc.ProgrammingError: (psycopg2.errors.UndefinedColumn) column "status" of relation "cases" does not exist
E       LINE 1: ...id, final_score, distance_km, eta_minutes, notes, status) VA...
E                                                                    ^
E       
E       [SQL: INSERT INTO cases (user_id, condition, custom_condition, equipment_needed, ambulance_lat, ambulance_lng, assigned_hospital_id, final_score, distance_km, eta_minutes, notes, status) VALUES (%(user_id)s, %(condition)s, %(custom_condition)s, %(equipment_needed)s::VARCHAR[], %(ambulance_lat)s, %(ambulance_lng)s, %(assigned_hospital_id)s, %(final_score)s, %(distance_km)s, %(eta_minutes)s, %(notes)s, %(status)s) RETURNING cases.id, cases.created_at]
E       [parameters: {'user_id': 251, 'condition': 'cardiac_arrest', 'custom_condition': None, 'equipment_needed': ['ecg'], 'ambulance_lat': 29.86, 'ambulance_lng': 77.89, 'assigned_hospital_id': 28, 'final_score': 0.4958, 'distance_km': 1.37, 'eta_minutes': 2, 'notes': None, 'status': 'dispatched'}]
E       (Background on this error at: https://sqlalche.me/e/20/f405)

..\..\..\..\AppData\Local\Programs\Python\Python312\Lib\site-packages\sqlalchemy\engine\default.py:951: ProgrammingError
_____ TestCaseStatusUpdateEndpoint.test_admin_can_update_any_case_status ______

self = <sqlalchemy.engine.base.Connection object at 0x0000028668E98530>
dialect = <sqlalchemy.dialects.postgresql.psycopg2.PGDialect_psycopg2 object at 0x000002866602F740>
context = <sqlalchemy.dialects.postgresql.psycopg2.PGExecutionContext_psycopg2 object at 0x0000028668E598E0>
statement = <sqlalchemy.dialects.postgresql.base.PGCompiler object at 0x00000286688DB2F0>
parameters = [{'ambulance_lat': 29.86, 'ambulance_lng': 77.89, 'assigned_hospital_id': 28, 'condition': 'cardiac_arrest', ...}]

    def _exec_single_context(
        self,
        dialect: Dialect,
        context: ExecutionContext,
        statement: Union[str, Compiled],
        parameters: Optional[_AnyMultiExecuteParams],
    ) -> CursorResult[Any]:
        """continue the _execute_context() method for a single DBAPI
        cursor.execute() or cursor.executemany() call.
    
        """
        if dialect.bind_typing is BindTyping.SETINPUTSIZES:
            generic_setinputsizes = context._prepare_set_input_sizes()
    
            if generic_setinputsizes:
                try:
                    dialect.do_set_input_sizes(
                        context.cursor, generic_setinputsizes, context
                    )
                except BaseException as e:
                    self._handle_dbapi_exception(
                        e, str(statement), parameters, None, context
                    )
    
        cursor, str_statement, parameters = (
            context.cursor,
            context.statement,
            context.parameters,
        )
    
        effective_parameters: Optional[_AnyExecuteParams]
    
        if not context.executemany:
            effective_parameters = parameters[0]
        else:
            effective_parameters = parameters
    
        if self._has_events or self.engine._has_events:
            for fn in self.dispatch.before_cursor_execute:
                str_statement, effective_parameters = fn(
                    self,
                    cursor,
                    str_statement,
                    effective_parameters,
                    context,
                    context.executemany,
                )
    
        if self._echo:
            self._log_info(str_statement)
    
            stats = context._get_cache_stats()
    
            if not self.engine.hide_parameters:
                self._log_info(
                    "[%s] %r",
                    stats,
                    sql_util._repr_params(
                        effective_parameters,
                        batches=10,
                        ismulti=context.executemany,
                    ),
                )
            else:
                self._log_info(
                    "[%s] [SQL parameters hidden due to hide_parameters=True]",
                    stats,
                )
    
        evt_handled: bool = False
        try:
            if context.execute_style is ExecuteStyle.EXECUTEMANY:
                effective_parameters = cast(
                    "_CoreMultiExecuteParams", effective_parameters
                )
                if self.dialect._has_events:
                    for fn in self.dialect.dispatch.do_executemany:
                        if fn(
                            cursor,
                            str_statement,
                            effective_parameters,
                            context,
                        ):
                            evt_handled = True
                            break
                if not evt_handled:
                    self.dialect.do_executemany(
                        cursor,
                        str_statement,
                        effective_parameters,
                        context,
                    )
            elif not effective_parameters and context.no_parameters:
                if self.dialect._has_events:
                    for fn in self.dialect.dispatch.do_execute_no_params:
                        if fn(cursor, str_statement, context):
                            evt_handled = True
                            break
                if not evt_handled:
                    self.dialect.do_execute_no_params(
                        cursor, str_statement, context
                    )
            else:
                effective_parameters = cast(
                    "_CoreSingleExecuteParams", effective_parameters
                )
                if self.dialect._has_events:
                    for fn in self.dialect.dispatch.do_execute:
                        if fn(
                            cursor,
                            str_statement,
                            effective_parameters,
                            context,
                        ):
                            evt_handled = True
                            break
                if not evt_handled:
>                   self.dialect.do_execute(
                        cursor, str_statement, effective_parameters, context
                    )

..\..\..\..\AppData\Local\Programs\Python\Python312\Lib\site-packages\sqlalchemy\engine\base.py:1967: 
_ _ _ _ _ _ _ _ _ _ _ _ _ _ _ _ _ _ _ _ _ _ _ _ _ _ _ _ _ _ _ _ _ _ _ _ _ _ _ _

self = <sqlalchemy.dialects.postgresql.psycopg2.PGDialect_psycopg2 object at 0x000002866602F740>
cursor = <cursor object at 0x00000286688D43C0; closed: -1>
statement = 'INSERT INTO cases (user_id, condition, custom_condition, equipment_needed, ambulance_lat, ambulance_lng, assigned_hos...l_id)s, %(final_score)s, %(distance_km)s, %(eta_minutes)s, %(notes)s, %(status)s) RETURNING cases.id, cases.created_at'
parameters = {'ambulance_lat': 29.86, 'ambulance_lng': 77.89, 'assigned_hospital_id': 28, 'condition': 'cardiac_arrest', ...}
context = <sqlalchemy.dialects.postgresql.psycopg2.PGExecutionContext_psycopg2 object at 0x0000028668E598E0>

    def do_execute(self, cursor, statement, parameters, context=None):
>       cursor.execute(statement, parameters)
E       psycopg2.errors.UndefinedColumn: column "status" of relation "cases" does not exist
E       LINE 1: ...id, final_score, distance_km, eta_minutes, notes, status) VA...
E                                                                    ^

..\..\..\..\AppData\Local\Programs\Python\Python312\Lib\site-packages\sqlalchemy\engine\default.py:951: UndefinedColumn

The above exception was the direct cause of the following exception:

self = <tests.test_cases.TestCaseStatusUpdateEndpoint object at 0x000002866609BCE0>
client = <starlette.testclient.TestClient object at 0x0000028668E9BC50>
auth_headers = {'Authorization': 'Bearer eyJhbGciOiJIUzI1NiIsInR5cCI6IkpXVCJ9.eyJzdWIiOiJ0ZXN0X2FtYl8yYWZhMzM4M0B0ZXN0LmNvbSIsInJvbGUiOiJhbWJ1bGFuY2UiLCJob3NwaXRhbF9pZCI6bnVsbCwiZXhwIjoxNzc0OTYxMzA5fQ.MbW62atAoYwWftsA6oX2478ANb_ScTHcXfNQEQzLkRc'}
admin_headers = {'Authorization': 'Bearer eyJhbGciOiJIUzI1NiIsInR5cCI6IkpXVCJ9.eyJzdWIiOiJ0ZXN0X2FkbWluXzU5Yjc2NTlmQHRlc3QuY29tIiwicm9sZSI6ImFkbWluIiwiaG9zcGl0YWxfaWQiOm51bGwsImV4cCI6MTc3NDk2MTMwOX0.acgUS2lj7d-vRaNS-3Rp_ncwfhT_aKE8AN1EjiC2ovc'}

    def test_admin_can_update_any_case_status(self, client, auth_headers, admin_headers):
>       case_id = dispatch_case(client, auth_headers)
                  ^^^^^^^^^^^^^^^^^^^^^^^^^^^^^^^^^^^

tests\test_cases.py:150: 
_ _ _ _ _ _ _ _ _ _ _ _ _ _ _ _ _ _ _ _ _ _ _ _ _ _ _ _ _ _ _ _ _ _ _ _ _ _ _ _
tests\test_cases.py:10: in dispatch_case
    res = client.post("/api/dispatch/", json={
..\..\..\..\AppData\Local\Programs\Python\Python312\Lib\site-packages\starlette\testclient.py:546: in post
    return super().post(
..\..\..\..\AppData\Local\Programs\Python\Python312\Lib\site-packages\httpx\_client.py:1144: in post
    return self.request(
..\..\..\..\AppData\Local\Programs\Python\Python312\Lib\site-packages\starlette\testclient.py:445: in request
    return super().request(
..\..\..\..\AppData\Local\Programs\Python\Python312\Lib\site-packages\httpx\_client.py:825: in request
    return self.send(request, auth=auth, follow_redirects=follow_redirects)
           ^^^^^^^^^^^^^^^^^^^^^^^^^^^^^^^^^^^^^^^^^^^^^^^^^^^^^^^^^^^^^^^^
..\..\..\..\AppData\Local\Programs\Python\Python312\Lib\site-packages\httpx\_client.py:914: in send
    response = self._send_handling_auth(
..\..\..\..\AppData\Local\Programs\Python\Python312\Lib\site-packages\httpx\_client.py:942: in _send_handling_auth
    response = self._send_handling_redirects(
..\..\..\..\AppData\Local\Programs\Python\Python312\Lib\site-packages\httpx\_client.py:979: in _send_handling_redirects
    response = self._send_single_request(request)
               ^^^^^^^^^^^^^^^^^^^^^^^^^^^^^^^^^^
..\..\..\..\AppData\Local\Programs\Python\Python312\Lib\site-packages\httpx\_client.py:1014: in _send_single_request
    response = transport.handle_request(request)
               ^^^^^^^^^^^^^^^^^^^^^^^^^^^^^^^^^
..\..\..\..\AppData\Local\Programs\Python\Python312\Lib\site-packages\starlette\testclient.py:348: in handle_request
    raise exc
..\..\..\..\AppData\Local\Programs\Python\Python312\Lib\site-packages\starlette\testclient.py:345: in handle_request
    portal.call(self.app, scope, receive, send)
..\..\..\..\AppData\Local\Programs\Python\Python312\Lib\site-packages\anyio\from_thread.py:321: in call
    return cast(T_Retval, self.start_task_soon(func, *args).result())
                          ^^^^^^^^^^^^^^^^^^^^^^^^^^^^^^^^^^^^^^^^^^
..\..\..\..\AppData\Local\Programs\Python\Python312\Lib\concurrent\futures\_base.py:456: in result
    return self.__get_result()
           ^^^^^^^^^^^^^^^^^^^
..\..\..\..\AppData\Local\Programs\Python\Python312\Lib\concurrent\futures\_base.py:401: in __get_result
    raise self._exception
..\..\..\..\AppData\Local\Programs\Python\Python312\Lib\site-packages\anyio\from_thread.py:252: in _call_func
    retval = await retval_or_awaitable
             ^^^^^^^^^^^^^^^^^^^^^^^^^
..\..\..\..\AppData\Local\Programs\Python\Python312\Lib\site-packages\fastapi\applications.py:1134: in __call__
    await super().__call__(scope, receive, send)
..\..\..\..\AppData\Local\Programs\Python\Python312\Lib\site-packages\starlette\applications.py:107: in __call__
    await self.middleware_stack(scope, receive, send)
..\..\..\..\AppData\Local\Programs\Python\Python312\Lib\site-packages\starlette\middleware\errors.py:186: in __call__
    raise exc
..\..\..\..\AppData\Local\Programs\Python\Python312\Lib\site-packages\starlette\middleware\errors.py:164: in __call__
    await self.app(scope, receive, _send)
..\..\..\..\AppData\Local\Programs\Python\Python312\Lib\site-packages\starlette\middleware\cors.py:85: in __call__
    await self.app(scope, receive, send)
..\..\..\..\AppData\Local\Programs\Python\Python312\Lib\site-packages\starlette\middleware\exceptions.py:63: in __call__
    await wrap_app_handling_exceptions(self.app, conn)(scope, receive, send)
..\..\..\..\AppData\Local\Programs\Python\Python312\Lib\site-packages\starlette\_exception_handler.py:53: in wrapped_app
    raise exc
..\..\..\..\AppData\Local\Programs\Python\Python312\Lib\site-packages\starlette\_exception_handler.py:42: in wrapped_app
    await app(scope, receive, sender)
..\..\..\..\AppData\Local\Programs\Python\Python312\Lib\site-packages\fastapi\middleware\asyncexitstack.py:18: in __call__
    await self.app(scope, receive, send)
..\..\..\..\AppData\Local\Programs\Python\Python312\Lib\site-packages\starlette\routing.py:716: in __call__
    await self.middleware_stack(scope, receive, send)
..\..\..\..\AppData\Local\Programs\Python\Python312\Lib\site-packages\starlette\routing.py:736: in app
    await route.handle(scope, receive, send)
..\..\..\..\AppData\Local\Programs\Python\Python312\Lib\site-packages\starlette\routing.py:290: in handle
    await self.app(scope, receive, send)
..\..\..\..\AppData\Local\Programs\Python\Python312\Lib\site-packages\fastapi\routing.py:125: in app
    await wrap_app_handling_exceptions(app, request)(scope, receive, send)
..\..\..\..\AppData\Local\Programs\Python\Python312\Lib\site-packages\starlette\_exception_handler.py:53: in wrapped_app
    raise exc
..\..\..\..\AppData\Local\Programs\Python\Python312\Lib\site-packages\starlette\_exception_handler.py:42: in wrapped_app
    await app(scope, receive, sender)
..\..\..\..\AppData\Local\Programs\Python\Python312\Lib\site-packages\fastapi\routing.py:111: in app
    response = await f(request)
               ^^^^^^^^^^^^^^^^
..\..\..\..\AppData\Local\Programs\Python\Python312\Lib\site-packages\fastapi\routing.py:391: in app
    raw_response = await run_endpoint_function(
..\..\..\..\AppData\Local\Programs\Python\Python312\Lib\site-packages\fastapi\routing.py:292: in run_endpoint_function
    return await run_in_threadpool(dependant.call, **values)
           ^^^^^^^^^^^^^^^^^^^^^^^^^^^^^^^^^^^^^^^^^^^^^^^^^
..\..\..\..\AppData\Local\Programs\Python\Python312\Lib\site-packages\starlette\concurrency.py:32: in run_in_threadpool
    return await anyio.to_thread.run_sync(func)
           ^^^^^^^^^^^^^^^^^^^^^^^^^^^^^^^^^^^^
..\..\..\..\AppData\Local\Programs\Python\Python312\Lib\site-packages\anyio\to_thread.py:56: in run_sync
    return await get_async_backend().run_sync_in_worker_thread(
..\..\..\..\AppData\Local\Programs\Python\Python312\Lib\site-packages\anyio\_backends\_asyncio.py:2485: in run_sync_in_worker_thread
    return await future
           ^^^^^^^^^^^^
..\..\..\..\AppData\Local\Programs\Python\Python312\Lib\site-packages\anyio\_backends\_asyncio.py:976: in run
    result = context.run(func, *args)
             ^^^^^^^^^^^^^^^^^^^^^^^^
app\api\endpoints\dispatch.py:101: in dispatch_ambulance
    db.commit()
..\..\..\..\AppData\Local\Programs\Python\Python312\Lib\site-packages\sqlalchemy\orm\session.py:2030: in commit
    trans.commit(_to_root=True)
<string>:2: in commit
    ???
..\..\..\..\AppData\Local\Programs\Python\Python312\Lib\site-packages\sqlalchemy\orm\state_changes.py:137: in _go
    ret_value = fn(self, *arg, **kw)
                ^^^^^^^^^^^^^^^^^^^^
..\..\..\..\AppData\Local\Programs\Python\Python312\Lib\site-packages\sqlalchemy\orm\session.py:1311: in commit
    self._prepare_impl()
<string>:2: in _prepare_impl
    ???
..\..\..\..\AppData\Local\Programs\Python\Python312\Lib\site-packages\sqlalchemy\orm\state_changes.py:137: in _go
    ret_value = fn(self, *arg, **kw)
                ^^^^^^^^^^^^^^^^^^^^
..\..\..\..\AppData\Local\Programs\Python\Python312\Lib\site-packages\sqlalchemy\orm\session.py:1286: in _prepare_impl
    self.session.flush()
..\..\..\..\AppData\Local\Programs\Python\Python312\Lib\site-packages\sqlalchemy\orm\session.py:4331: in flush
    self._flush(objects)
..\..\..\..\AppData\Local\Programs\Python\Python312\Lib\site-packages\sqlalchemy\orm\session.py:4466: in _flush
    with util.safe_reraise():
         ^^^^^^^^^^^^^^^^^^^
..\..\..\..\AppData\Local\Programs\Python\Python312\Lib\site-packages\sqlalchemy\util\langhelpers.py:224: in __exit__
    raise exc_value.with_traceback(exc_tb)
..\..\..\..\AppData\Local\Programs\Python\Python312\Lib\site-packages\sqlalchemy\orm\session.py:4427: in _flush
    flush_context.execute()
..\..\..\..\AppData\Local\Programs\Python\Python312\Lib\site-packages\sqlalchemy\orm\unitofwork.py:466: in execute
    rec.execute(self)
..\..\..\..\AppData\Local\Programs\Python\Python312\Lib\site-packages\sqlalchemy\orm\unitofwork.py:642: in execute
    util.preloaded.orm_persistence.save_obj(
..\..\..\..\AppData\Local\Programs\Python\Python312\Lib\site-packages\sqlalchemy\orm\persistence.py:93: in save_obj
    _emit_insert_statements(
..\..\..\..\AppData\Local\Programs\Python\Python312\Lib\site-packages\sqlalchemy\orm\persistence.py:1233: in _emit_insert_statements
    result = connection.execute(
..\..\..\..\AppData\Local\Programs\Python\Python312\Lib\site-packages\sqlalchemy\engine\base.py:1419: in execute
    return meth(
..\..\..\..\AppData\Local\Programs\Python\Python312\Lib\site-packages\sqlalchemy\sql\elements.py:526: in _execute_on_connection
    return connection._execute_clauseelement(
..\..\..\..\AppData\Local\Programs\Python\Python312\Lib\site-packages\sqlalchemy\engine\base.py:1641: in _execute_clauseelement
    ret = self._execute_context(
..\..\..\..\AppData\Local\Programs\Python\Python312\Lib\site-packages\sqlalchemy\engine\base.py:1846: in _execute_context
    return self._exec_single_context(
..\..\..\..\AppData\Local\Programs\Python\Python312\Lib\site-packages\sqlalchemy\engine\base.py:1986: in _exec_single_context
    self._handle_dbapi_exception(
..\..\..\..\AppData\Local\Programs\Python\Python312\Lib\site-packages\sqlalchemy\engine\base.py:2355: in _handle_dbapi_exception
    raise sqlalchemy_exception.with_traceback(exc_info[2]) from e
..\..\..\..\AppData\Local\Programs\Python\Python312\Lib\site-packages\sqlalchemy\engine\base.py:1967: in _exec_single_context
    self.dialect.do_execute(
_ _ _ _ _ _ _ _ _ _ _ _ _ _ _ _ _ _ _ _ _ _ _ _ _ _ _ _ _ _ _ _ _ _ _ _ _ _ _ _

self = <sqlalchemy.dialects.postgresql.psycopg2.PGDialect_psycopg2 object at 0x000002866602F740>
cursor = <cursor object at 0x00000286688D43C0; closed: -1>
statement = 'INSERT INTO cases (user_id, condition, custom_condition, equipment_needed, ambulance_lat, ambulance_lng, assigned_hos...l_id)s, %(final_score)s, %(distance_km)s, %(eta_minutes)s, %(notes)s, %(status)s) RETURNING cases.id, cases.created_at'
parameters = {'ambulance_lat': 29.86, 'ambulance_lng': 77.89, 'assigned_hospital_id': 28, 'condition': 'cardiac_arrest', ...}
context = <sqlalchemy.dialects.postgresql.psycopg2.PGExecutionContext_psycopg2 object at 0x0000028668E598E0>

    def do_execute(self, cursor, statement, parameters, context=None):
>       cursor.execute(statement, parameters)
E       sqlalchemy.exc.ProgrammingError: (psycopg2.errors.UndefinedColumn) column "status" of relation "cases" does not exist
E       LINE 1: ...id, final_score, distance_km, eta_minutes, notes, status) VA...
E                                                                    ^
E       
E       [SQL: INSERT INTO cases (user_id, condition, custom_condition, equipment_needed, ambulance_lat, ambulance_lng, assigned_hospital_id, final_score, distance_km, eta_minutes, notes, status) VALUES (%(user_id)s, %(condition)s, %(custom_condition)s, %(equipment_needed)s::VARCHAR[], %(ambulance_lat)s, %(ambulance_lng)s, %(assigned_hospital_id)s, %(final_score)s, %(distance_km)s, %(eta_minutes)s, %(notes)s, %(status)s) RETURNING cases.id, cases.created_at]
E       [parameters: {'user_id': 253, 'condition': 'cardiac_arrest', 'custom_condition': None, 'equipment_needed': ['ecg'], 'ambulance_lat': 29.86, 'ambulance_lng': 77.89, 'assigned_hospital_id': 28, 'final_score': 0.4958, 'distance_km': 1.37, 'eta_minutes': 2, 'notes': None, 'status': 'dispatched'}]
E       (Background on this error at: https://sqlalche.me/e/20/f405)

..\..\..\..\AppData\Local\Programs\Python\Python312\Lib\site-packages\sqlalchemy\engine\default.py:951: ProgrammingError
_________________ TestDispatchEndpoint.test_dispatch_success __________________

self = <sqlalchemy.engine.base.Connection object at 0x0000028669141670>
dialect = <sqlalchemy.dialects.postgresql.psycopg2.PGDialect_psycopg2 object at 0x000002866602F740>
context = <sqlalchemy.dialects.postgresql.psycopg2.PGExecutionContext_psycopg2 object at 0x0000028669183380>
statement = <sqlalchemy.dialects.postgresql.base.PGCompiler object at 0x00000286688DB2F0>
parameters = [{'ambulance_lat': 29.8601, 'ambulance_lng': 77.8868, 'assigned_hospital_id': 26, 'condition': 'cardiac_arrest', ...}]

    def _exec_single_context(
        self,
        dialect: Dialect,
        context: ExecutionContext,
        statement: Union[str, Compiled],
        parameters: Optional[_AnyMultiExecuteParams],
    ) -> CursorResult[Any]:
        """continue the _execute_context() method for a single DBAPI
        cursor.execute() or cursor.executemany() call.
    
        """
        if dialect.bind_typing is BindTyping.SETINPUTSIZES:
            generic_setinputsizes = context._prepare_set_input_sizes()
    
            if generic_setinputsizes:
                try:
                    dialect.do_set_input_sizes(
                        context.cursor, generic_setinputsizes, context
                    )
                except BaseException as e:
                    self._handle_dbapi_exception(
                        e, str(statement), parameters, None, context
                    )
    
        cursor, str_statement, parameters = (
            context.cursor,
            context.statement,
            context.parameters,
        )
    
        effective_parameters: Optional[_AnyExecuteParams]
    
        if not context.executemany:
            effective_parameters = parameters[0]
        else:
            effective_parameters = parameters
    
        if self._has_events or self.engine._has_events:
            for fn in self.dispatch.before_cursor_execute:
                str_statement, effective_parameters = fn(
                    self,
                    cursor,
                    str_statement,
                    effective_parameters,
                    context,
                    context.executemany,
                )
    
        if self._echo:
            self._log_info(str_statement)
    
            stats = context._get_cache_stats()
    
            if not self.engine.hide_parameters:
                self._log_info(
                    "[%s] %r",
                    stats,
                    sql_util._repr_params(
                        effective_parameters,
                        batches=10,
                        ismulti=context.executemany,
                    ),
                )
            else:
                self._log_info(
                    "[%s] [SQL parameters hidden due to hide_parameters=True]",
                    stats,
                )
    
        evt_handled: bool = False
        try:
            if context.execute_style is ExecuteStyle.EXECUTEMANY:
                effective_parameters = cast(
                    "_CoreMultiExecuteParams", effective_parameters
                )
                if self.dialect._has_events:
                    for fn in self.dialect.dispatch.do_executemany:
                        if fn(
                            cursor,
                            str_statement,
                            effective_parameters,
                            context,
                        ):
                            evt_handled = True
                            break
                if not evt_handled:
                    self.dialect.do_executemany(
                        cursor,
                        str_statement,
                        effective_parameters,
                        context,
                    )
            elif not effective_parameters and context.no_parameters:
                if self.dialect._has_events:
                    for fn in self.dialect.dispatch.do_execute_no_params:
                        if fn(cursor, str_statement, context):
                            evt_handled = True
                            break
                if not evt_handled:
                    self.dialect.do_execute_no_params(
                        cursor, str_statement, context
                    )
            else:
                effective_parameters = cast(
                    "_CoreSingleExecuteParams", effective_parameters
                )
                if self.dialect._has_events:
                    for fn in self.dialect.dispatch.do_execute:
                        if fn(
                            cursor,
                            str_statement,
                            effective_parameters,
                            context,
                        ):
                            evt_handled = True
                            break
                if not evt_handled:
>                   self.dialect.do_execute(
                        cursor, str_statement, effective_parameters, context
                    )

..\..\..\..\AppData\Local\Programs\Python\Python312\Lib\site-packages\sqlalchemy\engine\base.py:1967: 
_ _ _ _ _ _ _ _ _ _ _ _ _ _ _ _ _ _ _ _ _ _ _ _ _ _ _ _ _ _ _ _ _ _ _ _ _ _ _ _

self = <sqlalchemy.dialects.postgresql.psycopg2.PGDialect_psycopg2 object at 0x000002866602F740>
cursor = <cursor object at 0x000002866919C3C0; closed: -1>
statement = 'INSERT INTO cases (user_id, condition, custom_condition, equipment_needed, ambulance_lat, ambulance_lng, assigned_hos...l_id)s, %(final_score)s, %(distance_km)s, %(eta_minutes)s, %(notes)s, %(status)s) RETURNING cases.id, cases.created_at'
parameters = {'ambulance_lat': 29.8601, 'ambulance_lng': 77.8868, 'assigned_hospital_id': 26, 'condition': 'cardiac_arrest', ...}
context = <sqlalchemy.dialects.postgresql.psycopg2.PGExecutionContext_psycopg2 object at 0x0000028669183380>

    def do_execute(self, cursor, statement, parameters, context=None):
>       cursor.execute(statement, parameters)
E       psycopg2.errors.UndefinedColumn: column "status" of relation "cases" does not exist
E       LINE 1: ...id, final_score, distance_km, eta_minutes, notes, status) VA...
E                                                                    ^

..\..\..\..\AppData\Local\Programs\Python\Python312\Lib\site-packages\sqlalchemy\engine\default.py:951: UndefinedColumn

The above exception was the direct cause of the following exception:

self = <tests.test_dispatch.TestDispatchEndpoint object at 0x00000286660B8980>
client = <starlette.testclient.TestClient object at 0x0000028669143230>
auth_headers = {'Authorization': 'Bearer eyJhbGciOiJIUzI1NiIsInR5cCI6IkpXVCJ9.eyJzdWIiOiJ0ZXN0X2FtYl9kOGY1MjVkOUB0ZXN0LmNvbSIsInJvbGUiOiJhbWJ1bGFuY2UiLCJob3NwaXRhbF9pZCI6bnVsbCwiZXhwIjoxNzc0OTYxMzEyfQ.1_-6ZdQ5tM_N7nDfkhdufM4dCUjYVRKHzoLgumtVdms'}

    def test_dispatch_success(self, client, auth_headers):
        """Valid dispatch request should return a hospital assignment."""
>       res = client.post("/api/dispatch/", json={
            "condition": "cardiac_arrest",
            "equipment_needed": ["ecg", "defibrillator"],
            "ambulance_lat": 29.8601,
            "ambulance_lng": 77.8868,
        }, headers=auth_headers)

tests\test_dispatch.py:20: 
_ _ _ _ _ _ _ _ _ _ _ _ _ _ _ _ _ _ _ _ _ _ _ _ _ _ _ _ _ _ _ _ _ _ _ _ _ _ _ _
..\..\..\..\AppData\Local\Programs\Python\Python312\Lib\site-packages\starlette\testclient.py:546: in post
    return super().post(
..\..\..\..\AppData\Local\Programs\Python\Python312\Lib\site-packages\httpx\_client.py:1144: in post
    return self.request(
..\..\..\..\AppData\Local\Programs\Python\Python312\Lib\site-packages\starlette\testclient.py:445: in request
    return super().request(
..\..\..\..\AppData\Local\Programs\Python\Python312\Lib\site-packages\httpx\_client.py:825: in request
    return self.send(request, auth=auth, follow_redirects=follow_redirects)
           ^^^^^^^^^^^^^^^^^^^^^^^^^^^^^^^^^^^^^^^^^^^^^^^^^^^^^^^^^^^^^^^^
..\..\..\..\AppData\Local\Programs\Python\Python312\Lib\site-packages\httpx\_client.py:914: in send
    response = self._send_handling_auth(
..\..\..\..\AppData\Local\Programs\Python\Python312\Lib\site-packages\httpx\_client.py:942: in _send_handling_auth
    response = self._send_handling_redirects(
..\..\..\..\AppData\Local\Programs\Python\Python312\Lib\site-packages\httpx\_client.py:979: in _send_handling_redirects
    response = self._send_single_request(request)
               ^^^^^^^^^^^^^^^^^^^^^^^^^^^^^^^^^^
..\..\..\..\AppData\Local\Programs\Python\Python312\Lib\site-packages\httpx\_client.py:1014: in _send_single_request
    response = transport.handle_request(request)
               ^^^^^^^^^^^^^^^^^^^^^^^^^^^^^^^^^
..\..\..\..\AppData\Local\Programs\Python\Python312\Lib\site-packages\starlette\testclient.py:348: in handle_request
    raise exc
..\..\..\..\AppData\Local\Programs\Python\Python312\Lib\site-packages\starlette\testclient.py:345: in handle_request
    portal.call(self.app, scope, receive, send)
..\..\..\..\AppData\Local\Programs\Python\Python312\Lib\site-packages\anyio\from_thread.py:321: in call
    return cast(T_Retval, self.start_task_soon(func, *args).result())
                          ^^^^^^^^^^^^^^^^^^^^^^^^^^^^^^^^^^^^^^^^^^
..\..\..\..\AppData\Local\Programs\Python\Python312\Lib\concurrent\futures\_base.py:456: in result
    return self.__get_result()
           ^^^^^^^^^^^^^^^^^^^
..\..\..\..\AppData\Local\Programs\Python\Python312\Lib\concurrent\futures\_base.py:401: in __get_result
    raise self._exception
..\..\..\..\AppData\Local\Programs\Python\Python312\Lib\site-packages\anyio\from_thread.py:252: in _call_func
    retval = await retval_or_awaitable
             ^^^^^^^^^^^^^^^^^^^^^^^^^
..\..\..\..\AppData\Local\Programs\Python\Python312\Lib\site-packages\fastapi\applications.py:1134: in __call__
    await super().__call__(scope, receive, send)
..\..\..\..\AppData\Local\Programs\Python\Python312\Lib\site-packages\starlette\applications.py:107: in __call__
    await self.middleware_stack(scope, receive, send)
..\..\..\..\AppData\Local\Programs\Python\Python312\Lib\site-packages\starlette\middleware\errors.py:186: in __call__
    raise exc
..\..\..\..\AppData\Local\Programs\Python\Python312\Lib\site-packages\starlette\middleware\errors.py:164: in __call__
    await self.app(scope, receive, _send)
..\..\..\..\AppData\Local\Programs\Python\Python312\Lib\site-packages\starlette\middleware\cors.py:85: in __call__
    await self.app(scope, receive, send)
..\..\..\..\AppData\Local\Programs\Python\Python312\Lib\site-packages\starlette\middleware\exceptions.py:63: in __call__
    await wrap_app_handling_exceptions(self.app, conn)(scope, receive, send)
..\..\..\..\AppData\Local\Programs\Python\Python312\Lib\site-packages\starlette\_exception_handler.py:53: in wrapped_app
    raise exc
..\..\..\..\AppData\Local\Programs\Python\Python312\Lib\site-packages\starlette\_exception_handler.py:42: in wrapped_app
    await app(scope, receive, sender)
..\..\..\..\AppData\Local\Programs\Python\Python312\Lib\site-packages\fastapi\middleware\asyncexitstack.py:18: in __call__
    await self.app(scope, receive, send)
..\..\..\..\AppData\Local\Programs\Python\Python312\Lib\site-packages\starlette\routing.py:716: in __call__
    await self.middleware_stack(scope, receive, send)
..\..\..\..\AppData\Local\Programs\Python\Python312\Lib\site-packages\starlette\routing.py:736: in app
    await route.handle(scope, receive, send)
..\..\..\..\AppData\Local\Programs\Python\Python312\Lib\site-packages\starlette\routing.py:290: in handle
    await self.app(scope, receive, send)
..\..\..\..\AppData\Local\Programs\Python\Python312\Lib\site-packages\fastapi\routing.py:125: in app
    await wrap_app_handling_exceptions(app, request)(scope, receive, send)
..\..\..\..\AppData\Local\Programs\Python\Python312\Lib\site-packages\starlette\_exception_handler.py:53: in wrapped_app
    raise exc
..\..\..\..\AppData\Local\Programs\Python\Python312\Lib\site-packages\starlette\_exception_handler.py:42: in wrapped_app
    await app(scope, receive, sender)
..\..\..\..\AppData\Local\Programs\Python\Python312\Lib\site-packages\fastapi\routing.py:111: in app
    response = await f(request)
               ^^^^^^^^^^^^^^^^
..\..\..\..\AppData\Local\Programs\Python\Python312\Lib\site-packages\fastapi\routing.py:391: in app
    raw_response = await run_endpoint_function(
..\..\..\..\AppData\Local\Programs\Python\Python312\Lib\site-packages\fastapi\routing.py:292: in run_endpoint_function
    return await run_in_threadpool(dependant.call, **values)
           ^^^^^^^^^^^^^^^^^^^^^^^^^^^^^^^^^^^^^^^^^^^^^^^^^
..\..\..\..\AppData\Local\Programs\Python\Python312\Lib\site-packages\starlette\concurrency.py:32: in run_in_threadpool
    return await anyio.to_thread.run_sync(func)
           ^^^^^^^^^^^^^^^^^^^^^^^^^^^^^^^^^^^^
..\..\..\..\AppData\Local\Programs\Python\Python312\Lib\site-packages\anyio\to_thread.py:56: in run_sync
    return await get_async_backend().run_sync_in_worker_thread(
..\..\..\..\AppData\Local\Programs\Python\Python312\Lib\site-packages\anyio\_backends\_asyncio.py:2485: in run_sync_in_worker_thread
    return await future
           ^^^^^^^^^^^^
..\..\..\..\AppData\Local\Programs\Python\Python312\Lib\site-packages\anyio\_backends\_asyncio.py:976: in run
    result = context.run(func, *args)
             ^^^^^^^^^^^^^^^^^^^^^^^^
app\api\endpoints\dispatch.py:101: in dispatch_ambulance
    db.commit()
..\..\..\..\AppData\Local\Programs\Python\Python312\Lib\site-packages\sqlalchemy\orm\session.py:2030: in commit
    trans.commit(_to_root=True)
<string>:2: in commit
    ???
..\..\..\..\AppData\Local\Programs\Python\Python312\Lib\site-packages\sqlalchemy\orm\state_changes.py:137: in _go
    ret_value = fn(self, *arg, **kw)
                ^^^^^^^^^^^^^^^^^^^^
..\..\..\..\AppData\Local\Programs\Python\Python312\Lib\site-packages\sqlalchemy\orm\session.py:1311: in commit
    self._prepare_impl()
<string>:2: in _prepare_impl
    ???
..\..\..\..\AppData\Local\Programs\Python\Python312\Lib\site-packages\sqlalchemy\orm\state_changes.py:137: in _go
    ret_value = fn(self, *arg, **kw)
                ^^^^^^^^^^^^^^^^^^^^
..\..\..\..\AppData\Local\Programs\Python\Python312\Lib\site-packages\sqlalchemy\orm\session.py:1286: in _prepare_impl
    self.session.flush()
..\..\..\..\AppData\Local\Programs\Python\Python312\Lib\site-packages\sqlalchemy\orm\session.py:4331: in flush
    self._flush(objects)
..\..\..\..\AppData\Local\Programs\Python\Python312\Lib\site-packages\sqlalchemy\orm\session.py:4466: in _flush
    with util.safe_reraise():
         ^^^^^^^^^^^^^^^^^^^
..\..\..\..\AppData\Local\Programs\Python\Python312\Lib\site-packages\sqlalchemy\util\langhelpers.py:224: in __exit__
    raise exc_value.with_traceback(exc_tb)
..\..\..\..\AppData\Local\Programs\Python\Python312\Lib\site-packages\sqlalchemy\orm\session.py:4427: in _flush
    flush_context.execute()
..\..\..\..\AppData\Local\Programs\Python\Python312\Lib\site-packages\sqlalchemy\orm\unitofwork.py:466: in execute
    rec.execute(self)
..\..\..\..\AppData\Local\Programs\Python\Python312\Lib\site-packages\sqlalchemy\orm\unitofwork.py:642: in execute
    util.preloaded.orm_persistence.save_obj(
..\..\..\..\AppData\Local\Programs\Python\Python312\Lib\site-packages\sqlalchemy\orm\persistence.py:93: in save_obj
    _emit_insert_statements(
..\..\..\..\AppData\Local\Programs\Python\Python312\Lib\site-packages\sqlalchemy\orm\persistence.py:1233: in _emit_insert_statements
    result = connection.execute(
..\..\..\..\AppData\Local\Programs\Python\Python312\Lib\site-packages\sqlalchemy\engine\base.py:1419: in execute
    return meth(
..\..\..\..\AppData\Local\Programs\Python\Python312\Lib\site-packages\sqlalchemy\sql\elements.py:526: in _execute_on_connection
    return connection._execute_clauseelement(
..\..\..\..\AppData\Local\Programs\Python\Python312\Lib\site-packages\sqlalchemy\engine\base.py:1641: in _execute_clauseelement
    ret = self._execute_context(
..\..\..\..\AppData\Local\Programs\Python\Python312\Lib\site-packages\sqlalchemy\engine\base.py:1846: in _execute_context
    return self._exec_single_context(
..\..\..\..\AppData\Local\Programs\Python\Python312\Lib\site-packages\sqlalchemy\engine\base.py:1986: in _exec_single_context
    self._handle_dbapi_exception(
..\..\..\..\AppData\Local\Programs\Python\Python312\Lib\site-packages\sqlalchemy\engine\base.py:2355: in _handle_dbapi_exception
    raise sqlalchemy_exception.with_traceback(exc_info[2]) from e
..\..\..\..\AppData\Local\Programs\Python\Python312\Lib\site-packages\sqlalchemy\engine\base.py:1967: in _exec_single_context
    self.dialect.do_execute(
_ _ _ _ _ _ _ _ _ _ _ _ _ _ _ _ _ _ _ _ _ _ _ _ _ _ _ _ _ _ _ _ _ _ _ _ _ _ _ _

self = <sqlalchemy.dialects.postgresql.psycopg2.PGDialect_psycopg2 object at 0x000002866602F740>
cursor = <cursor object at 0x000002866919C3C0; closed: -1>
statement = 'INSERT INTO cases (user_id, condition, custom_condition, equipment_needed, ambulance_lat, ambulance_lng, assigned_hos...l_id)s, %(final_score)s, %(distance_km)s, %(eta_minutes)s, %(notes)s, %(status)s) RETURNING cases.id, cases.created_at'
parameters = {'ambulance_lat': 29.8601, 'ambulance_lng': 77.8868, 'assigned_hospital_id': 26, 'condition': 'cardiac_arrest', ...}
context = <sqlalchemy.dialects.postgresql.psycopg2.PGExecutionContext_psycopg2 object at 0x0000028669183380>

    def do_execute(self, cursor, statement, parameters, context=None):
>       cursor.execute(statement, parameters)
E       sqlalchemy.exc.ProgrammingError: (psycopg2.errors.UndefinedColumn) column "status" of relation "cases" does not exist
E       LINE 1: ...id, final_score, distance_km, eta_minutes, notes, status) VA...
E                                                                    ^
E       
E       [SQL: INSERT INTO cases (user_id, condition, custom_condition, equipment_needed, ambulance_lat, ambulance_lng, assigned_hospital_id, final_score, distance_km, eta_minutes, notes, status) VALUES (%(user_id)s, %(condition)s, %(custom_condition)s, %(equipment_needed)s::VARCHAR[], %(ambulance_lat)s, %(ambulance_lng)s, %(assigned_hospital_id)s, %(final_score)s, %(distance_km)s, %(eta_minutes)s, %(notes)s, %(status)s) RETURNING cases.id, cases.created_at]
E       [parameters: {'user_id': 255, 'condition': 'cardiac_arrest', 'custom_condition': None, 'equipment_needed': ['ecg', 'defibrillator'], 'ambulance_lat': 29.8601, 'ambulance_lng': 77.8868, 'assigned_hospital_id': 26, 'final_score': 0.8706, 'distance_km': 0.74, 'eta_minutes': 1, 'notes': None, 'status': 'dispatched'}]
E       (Background on this error at: https://sqlalche.me/e/20/f405)

..\..\..\..\AppData\Local\Programs\Python\Python312\Lib\site-packages\sqlalchemy\engine\default.py:951: ProgrammingError
___________ TestDispatchEndpoint.test_dispatch_with_optional_fields ___________

self = <sqlalchemy.engine.base.Connection object at 0x0000028668E19A00>
dialect = <sqlalchemy.dialects.postgresql.psycopg2.PGDialect_psycopg2 object at 0x000002866602F740>
context = <sqlalchemy.dialects.postgresql.psycopg2.PGExecutionContext_psycopg2 object at 0x00000286688A3B30>
statement = <sqlalchemy.dialects.postgresql.base.PGCompiler object at 0x00000286688DB2F0>
parameters = [{'ambulance_lat': 30.0689, 'ambulance_lng': 78.3001, 'assigned_hospital_id': 136, 'condition': 'trauma', ...}]

    def _exec_single_context(
        self,
        dialect: Dialect,
        context: ExecutionContext,
        statement: Union[str, Compiled],
        parameters: Optional[_AnyMultiExecuteParams],
    ) -> CursorResult[Any]:
        """continue the _execute_context() method for a single DBAPI
        cursor.execute() or cursor.executemany() call.
    
        """
        if dialect.bind_typing is BindTyping.SETINPUTSIZES:
            generic_setinputsizes = context._prepare_set_input_sizes()
    
            if generic_setinputsizes:
                try:
                    dialect.do_set_input_sizes(
                        context.cursor, generic_setinputsizes, context
                    )
                except BaseException as e:
                    self._handle_dbapi_exception(
                        e, str(statement), parameters, None, context
                    )
    
        cursor, str_statement, parameters = (
            context.cursor,
            context.statement,
            context.parameters,
        )
    
        effective_parameters: Optional[_AnyExecuteParams]
    
        if not context.executemany:
            effective_parameters = parameters[0]
        else:
            effective_parameters = parameters
    
        if self._has_events or self.engine._has_events:
            for fn in self.dispatch.before_cursor_execute:
                str_statement, effective_parameters = fn(
                    self,
                    cursor,
                    str_statement,
                    effective_parameters,
                    context,
                    context.executemany,
                )
    
        if self._echo:
            self._log_info(str_statement)
    
            stats = context._get_cache_stats()
    
            if not self.engine.hide_parameters:
                self._log_info(
                    "[%s] %r",
                    stats,
                    sql_util._repr_params(
                        effective_parameters,
                        batches=10,
                        ismulti=context.executemany,
                    ),
                )
            else:
                self._log_info(
                    "[%s] [SQL parameters hidden due to hide_parameters=True]",
                    stats,
                )
    
        evt_handled: bool = False
        try:
            if context.execute_style is ExecuteStyle.EXECUTEMANY:
                effective_parameters = cast(
                    "_CoreMultiExecuteParams", effective_parameters
                )
                if self.dialect._has_events:
                    for fn in self.dialect.dispatch.do_executemany:
                        if fn(
                            cursor,
                            str_statement,
                            effective_parameters,
                            context,
                        ):
                            evt_handled = True
                            break
                if not evt_handled:
                    self.dialect.do_executemany(
                        cursor,
                        str_statement,
                        effective_parameters,
                        context,
                    )
            elif not effective_parameters and context.no_parameters:
                if self.dialect._has_events:
                    for fn in self.dialect.dispatch.do_execute_no_params:
                        if fn(cursor, str_statement, context):
                            evt_handled = True
                            break
                if not evt_handled:
                    self.dialect.do_execute_no_params(
                        cursor, str_statement, context
                    )
            else:
                effective_parameters = cast(
                    "_CoreSingleExecuteParams", effective_parameters
                )
                if self.dialect._has_events:
                    for fn in self.dialect.dispatch.do_execute:
                        if fn(
                            cursor,
                            str_statement,
                            effective_parameters,
                            context,
                        ):
                            evt_handled = True
                            break
                if not evt_handled:
>                   self.dialect.do_execute(
                        cursor, str_statement, effective_parameters, context
                    )

..\..\..\..\AppData\Local\Programs\Python\Python312\Lib\site-packages\sqlalchemy\engine\base.py:1967: 
_ _ _ _ _ _ _ _ _ _ _ _ _ _ _ _ _ _ _ _ _ _ _ _ _ _ _ _ _ _ _ _ _ _ _ _ _ _ _ _

self = <sqlalchemy.dialects.postgresql.psycopg2.PGDialect_psycopg2 object at 0x000002866602F740>
cursor = <cursor object at 0x0000028668043680; closed: -1>
statement = 'INSERT INTO cases (user_id, condition, custom_condition, equipment_needed, ambulance_lat, ambulance_lng, assigned_hos...l_id)s, %(final_score)s, %(distance_km)s, %(eta_minutes)s, %(notes)s, %(status)s) RETURNING cases.id, cases.created_at'
parameters = {'ambulance_lat': 30.0689, 'ambulance_lng': 78.3001, 'assigned_hospital_id': 136, 'condition': 'trauma', ...}
context = <sqlalchemy.dialects.postgresql.psycopg2.PGExecutionContext_psycopg2 object at 0x00000286688A3B30>

    def do_execute(self, cursor, statement, parameters, context=None):
>       cursor.execute(statement, parameters)
E       psycopg2.errors.UndefinedColumn: column "status" of relation "cases" does not exist
E       LINE 1: ...id, final_score, distance_km, eta_minutes, notes, status) VA...
E                                                                    ^

..\..\..\..\AppData\Local\Programs\Python\Python312\Lib\site-packages\sqlalchemy\engine\default.py:951: UndefinedColumn

The above exception was the direct cause of the following exception:

self = <tests.test_dispatch.TestDispatchEndpoint object at 0x000002866609BB90>
client = <starlette.testclient.TestClient object at 0x0000028668E1B740>
auth_headers = {'Authorization': 'Bearer eyJhbGciOiJIUzI1NiIsInR5cCI6IkpXVCJ9.eyJzdWIiOiJ0ZXN0X2FtYl8xMWU3NDVhMkB0ZXN0LmNvbSIsInJvbGUiOiJhbWJ1bGFuY2UiLCJob3NwaXRhbF9pZCI6bnVsbCwiZXhwIjoxNzc0OTYxMzE2fQ.BIqxzuk-qNUv5o2h_KFOM8JXvSeukdgmIIe_3-20a5I'}

    def test_dispatch_with_optional_fields(self, client, auth_headers):
        """Dispatch with all optional fields should work."""
>       res = client.post("/api/dispatch/", json={
            "condition": "trauma",
            "custom_condition": "motorcycle accident",
            "equipment_needed": ["ventilator", "blood_bank"],
            "ambulance_lat": 30.0689,
            "ambulance_lng": 78.3001,
            "severity": 3,
            "patient_age": 35,
            "patient_gender": "male",
            "notes": "Patient conscious, multiple fractures",
        }, headers=auth_headers)

tests\test_dispatch.py:80: 
_ _ _ _ _ _ _ _ _ _ _ _ _ _ _ _ _ _ _ _ _ _ _ _ _ _ _ _ _ _ _ _ _ _ _ _ _ _ _ _
..\..\..\..\AppData\Local\Programs\Python\Python312\Lib\site-packages\starlette\testclient.py:546: in post
    return super().post(
..\..\..\..\AppData\Local\Programs\Python\Python312\Lib\site-packages\httpx\_client.py:1144: in post
    return self.request(
..\..\..\..\AppData\Local\Programs\Python\Python312\Lib\site-packages\starlette\testclient.py:445: in request
    return super().request(
..\..\..\..\AppData\Local\Programs\Python\Python312\Lib\site-packages\httpx\_client.py:825: in request
    return self.send(request, auth=auth, follow_redirects=follow_redirects)
           ^^^^^^^^^^^^^^^^^^^^^^^^^^^^^^^^^^^^^^^^^^^^^^^^^^^^^^^^^^^^^^^^
..\..\..\..\AppData\Local\Programs\Python\Python312\Lib\site-packages\httpx\_client.py:914: in send
    response = self._send_handling_auth(
..\..\..\..\AppData\Local\Programs\Python\Python312\Lib\site-packages\httpx\_client.py:942: in _send_handling_auth
    response = self._send_handling_redirects(
..\..\..\..\AppData\Local\Programs\Python\Python312\Lib\site-packages\httpx\_client.py:979: in _send_handling_redirects
    response = self._send_single_request(request)
               ^^^^^^^^^^^^^^^^^^^^^^^^^^^^^^^^^^
..\..\..\..\AppData\Local\Programs\Python\Python312\Lib\site-packages\httpx\_client.py:1014: in _send_single_request
    response = transport.handle_request(request)
               ^^^^^^^^^^^^^^^^^^^^^^^^^^^^^^^^^
..\..\..\..\AppData\Local\Programs\Python\Python312\Lib\site-packages\starlette\testclient.py:348: in handle_request
    raise exc
..\..\..\..\AppData\Local\Programs\Python\Python312\Lib\site-packages\starlette\testclient.py:345: in handle_request
    portal.call(self.app, scope, receive, send)
..\..\..\..\AppData\Local\Programs\Python\Python312\Lib\site-packages\anyio\from_thread.py:321: in call
    return cast(T_Retval, self.start_task_soon(func, *args).result())
                          ^^^^^^^^^^^^^^^^^^^^^^^^^^^^^^^^^^^^^^^^^^
..\..\..\..\AppData\Local\Programs\Python\Python312\Lib\concurrent\futures\_base.py:456: in result
    return self.__get_result()
           ^^^^^^^^^^^^^^^^^^^
..\..\..\..\AppData\Local\Programs\Python\Python312\Lib\concurrent\futures\_base.py:401: in __get_result
    raise self._exception
..\..\..\..\AppData\Local\Programs\Python\Python312\Lib\site-packages\anyio\from_thread.py:252: in _call_func
    retval = await retval_or_awaitable
             ^^^^^^^^^^^^^^^^^^^^^^^^^
..\..\..\..\AppData\Local\Programs\Python\Python312\Lib\site-packages\fastapi\applications.py:1134: in __call__
    await super().__call__(scope, receive, send)
..\..\..\..\AppData\Local\Programs\Python\Python312\Lib\site-packages\starlette\applications.py:107: in __call__
    await self.middleware_stack(scope, receive, send)
..\..\..\..\AppData\Local\Programs\Python\Python312\Lib\site-packages\starlette\middleware\errors.py:186: in __call__
    raise exc
..\..\..\..\AppData\Local\Programs\Python\Python312\Lib\site-packages\starlette\middleware\errors.py:164: in __call__
    await self.app(scope, receive, _send)
..\..\..\..\AppData\Local\Programs\Python\Python312\Lib\site-packages\starlette\middleware\cors.py:85: in __call__
    await self.app(scope, receive, send)
..\..\..\..\AppData\Local\Programs\Python\Python312\Lib\site-packages\starlette\middleware\exceptions.py:63: in __call__
    await wrap_app_handling_exceptions(self.app, conn)(scope, receive, send)
..\..\..\..\AppData\Local\Programs\Python\Python312\Lib\site-packages\starlette\_exception_handler.py:53: in wrapped_app
    raise exc
..\..\..\..\AppData\Local\Programs\Python\Python312\Lib\site-packages\starlette\_exception_handler.py:42: in wrapped_app
    await app(scope, receive, sender)
..\..\..\..\AppData\Local\Programs\Python\Python312\Lib\site-packages\fastapi\middleware\asyncexitstack.py:18: in __call__
    await self.app(scope, receive, send)
..\..\..\..\AppData\Local\Programs\Python\Python312\Lib\site-packages\starlette\routing.py:716: in __call__
    await self.middleware_stack(scope, receive, send)
..\..\..\..\AppData\Local\Programs\Python\Python312\Lib\site-packages\starlette\routing.py:736: in app
    await route.handle(scope, receive, send)
..\..\..\..\AppData\Local\Programs\Python\Python312\Lib\site-packages\starlette\routing.py:290: in handle
    await self.app(scope, receive, send)
..\..\..\..\AppData\Local\Programs\Python\Python312\Lib\site-packages\fastapi\routing.py:125: in app
    await wrap_app_handling_exceptions(app, request)(scope, receive, send)
..\..\..\..\AppData\Local\Programs\Python\Python312\Lib\site-packages\starlette\_exception_handler.py:53: in wrapped_app
    raise exc
..\..\..\..\AppData\Local\Programs\Python\Python312\Lib\site-packages\starlette\_exception_handler.py:42: in wrapped_app
    await app(scope, receive, sender)
..\..\..\..\AppData\Local\Programs\Python\Python312\Lib\site-packages\fastapi\routing.py:111: in app
    response = await f(request)
               ^^^^^^^^^^^^^^^^
..\..\..\..\AppData\Local\Programs\Python\Python312\Lib\site-packages\fastapi\routing.py:391: in app
    raw_response = await run_endpoint_function(
..\..\..\..\AppData\Local\Programs\Python\Python312\Lib\site-packages\fastapi\routing.py:292: in run_endpoint_function
    return await run_in_threadpool(dependant.call, **values)
           ^^^^^^^^^^^^^^^^^^^^^^^^^^^^^^^^^^^^^^^^^^^^^^^^^
..\..\..\..\AppData\Local\Programs\Python\Python312\Lib\site-packages\starlette\concurrency.py:32: in run_in_threadpool
    return await anyio.to_thread.run_sync(func)
           ^^^^^^^^^^^^^^^^^^^^^^^^^^^^^^^^^^^^
..\..\..\..\AppData\Local\Programs\Python\Python312\Lib\site-packages\anyio\to_thread.py:56: in run_sync
    return await get_async_backend().run_sync_in_worker_thread(
..\..\..\..\AppData\Local\Programs\Python\Python312\Lib\site-packages\anyio\_backends\_asyncio.py:2485: in run_sync_in_worker_thread
    return await future
           ^^^^^^^^^^^^
..\..\..\..\AppData\Local\Programs\Python\Python312\Lib\site-packages\anyio\_backends\_asyncio.py:976: in run
    result = context.run(func, *args)
             ^^^^^^^^^^^^^^^^^^^^^^^^
app\api\endpoints\dispatch.py:101: in dispatch_ambulance
    db.commit()
..\..\..\..\AppData\Local\Programs\Python\Python312\Lib\site-packages\sqlalchemy\orm\session.py:2030: in commit
    trans.commit(_to_root=True)
<string>:2: in commit
    ???
..\..\..\..\AppData\Local\Programs\Python\Python312\Lib\site-packages\sqlalchemy\orm\state_changes.py:137: in _go
    ret_value = fn(self, *arg, **kw)
                ^^^^^^^^^^^^^^^^^^^^
..\..\..\..\AppData\Local\Programs\Python\Python312\Lib\site-packages\sqlalchemy\orm\session.py:1311: in commit
    self._prepare_impl()
<string>:2: in _prepare_impl
    ???
..\..\..\..\AppData\Local\Programs\Python\Python312\Lib\site-packages\sqlalchemy\orm\state_changes.py:137: in _go
    ret_value = fn(self, *arg, **kw)
                ^^^^^^^^^^^^^^^^^^^^
..\..\..\..\AppData\Local\Programs\Python\Python312\Lib\site-packages\sqlalchemy\orm\session.py:1286: in _prepare_impl
    self.session.flush()
..\..\..\..\AppData\Local\Programs\Python\Python312\Lib\site-packages\sqlalchemy\orm\session.py:4331: in flush
    self._flush(objects)
..\..\..\..\AppData\Local\Programs\Python\Python312\Lib\site-packages\sqlalchemy\orm\session.py:4466: in _flush
    with util.safe_reraise():
         ^^^^^^^^^^^^^^^^^^^
..\..\..\..\AppData\Local\Programs\Python\Python312\Lib\site-packages\sqlalchemy\util\langhelpers.py:224: in __exit__
    raise exc_value.with_traceback(exc_tb)
..\..\..\..\AppData\Local\Programs\Python\Python312\Lib\site-packages\sqlalchemy\orm\session.py:4427: in _flush
    flush_context.execute()
..\..\..\..\AppData\Local\Programs\Python\Python312\Lib\site-packages\sqlalchemy\orm\unitofwork.py:466: in execute
    rec.execute(self)
..\..\..\..\AppData\Local\Programs\Python\Python312\Lib\site-packages\sqlalchemy\orm\unitofwork.py:642: in execute
    util.preloaded.orm_persistence.save_obj(
..\..\..\..\AppData\Local\Programs\Python\Python312\Lib\site-packages\sqlalchemy\orm\persistence.py:93: in save_obj
    _emit_insert_statements(
..\..\..\..\AppData\Local\Programs\Python\Python312\Lib\site-packages\sqlalchemy\orm\persistence.py:1233: in _emit_insert_statements
    result = connection.execute(
..\..\..\..\AppData\Local\Programs\Python\Python312\Lib\site-packages\sqlalchemy\engine\base.py:1419: in execute
    return meth(
..\..\..\..\AppData\Local\Programs\Python\Python312\Lib\site-packages\sqlalchemy\sql\elements.py:526: in _execute_on_connection
    return connection._execute_clauseelement(
..\..\..\..\AppData\Local\Programs\Python\Python312\Lib\site-packages\sqlalchemy\engine\base.py:1641: in _execute_clauseelement
    ret = self._execute_context(
..\..\..\..\AppData\Local\Programs\Python\Python312\Lib\site-packages\sqlalchemy\engine\base.py:1846: in _execute_context
    return self._exec_single_context(
..\..\..\..\AppData\Local\Programs\Python\Python312\Lib\site-packages\sqlalchemy\engine\base.py:1986: in _exec_single_context
    self._handle_dbapi_exception(
..\..\..\..\AppData\Local\Programs\Python\Python312\Lib\site-packages\sqlalchemy\engine\base.py:2355: in _handle_dbapi_exception
    raise sqlalchemy_exception.with_traceback(exc_info[2]) from e
..\..\..\..\AppData\Local\Programs\Python\Python312\Lib\site-packages\sqlalchemy\engine\base.py:1967: in _exec_single_context
    self.dialect.do_execute(
_ _ _ _ _ _ _ _ _ _ _ _ _ _ _ _ _ _ _ _ _ _ _ _ _ _ _ _ _ _ _ _ _ _ _ _ _ _ _ _

self = <sqlalchemy.dialects.postgresql.psycopg2.PGDialect_psycopg2 object at 0x000002866602F740>
cursor = <cursor object at 0x0000028668043680; closed: -1>
statement = 'INSERT INTO cases (user_id, condition, custom_condition, equipment_needed, ambulance_lat, ambulance_lng, assigned_hos...l_id)s, %(final_score)s, %(distance_km)s, %(eta_minutes)s, %(notes)s, %(status)s) RETURNING cases.id, cases.created_at'
parameters = {'ambulance_lat': 30.0689, 'ambulance_lng': 78.3001, 'assigned_hospital_id': 136, 'condition': 'trauma', ...}
context = <sqlalchemy.dialects.postgresql.psycopg2.PGExecutionContext_psycopg2 object at 0x00000286688A3B30>

    def do_execute(self, cursor, statement, parameters, context=None):
>       cursor.execute(statement, parameters)
E       sqlalchemy.exc.ProgrammingError: (psycopg2.errors.UndefinedColumn) column "status" of relation "cases" does not exist
E       LINE 1: ...id, final_score, distance_km, eta_minutes, notes, status) VA...
E                                                                    ^
E       
E       [SQL: INSERT INTO cases (user_id, condition, custom_condition, equipment_needed, ambulance_lat, ambulance_lng, assigned_hospital_id, final_score, distance_km, eta_minutes, notes, status) VALUES (%(user_id)s, %(condition)s, %(custom_condition)s, %(equipment_needed)s::VARCHAR[], %(ambulance_lat)s, %(ambulance_lng)s, %(assigned_hospital_id)s, %(final_score)s, %(distance_km)s, %(eta_minutes)s, %(notes)s, %(status)s) RETURNING cases.id, cases.created_at]
E       [parameters: {'user_id': 259, 'condition': 'trauma', 'custom_condition': 'motorcycle accident', 'equipment_needed': ['ventilator', 'blood_bank'], 'ambulance_lat': 30.0689, 'ambulance_lng': 78.3001, 'assigned_hospital_id': 136, 'final_score': 0.5976, 'distance_km': 4.83, 'eta_minutes': 7, 'notes': 'Patient conscious, multiple fractures', 'status': 'dispatched'}]
E       (Background on this error at: https://sqlalche.me/e/20/f405)

..\..\..\..\AppData\Local\Programs\Python\Python312\Lib\site-packages\sqlalchemy\engine\default.py:951: ProgrammingError
_______________ TestDispatchEndpoint.test_dispatch_creates_case _______________

self = <sqlalchemy.engine.base.Connection object at 0x00000286688A33E0>
dialect = <sqlalchemy.dialects.postgresql.psycopg2.PGDialect_psycopg2 object at 0x000002866602F740>
context = <sqlalchemy.dialects.postgresql.psycopg2.PGExecutionContext_psycopg2 object at 0x0000028669183CB0>
statement = <sqlalchemy.dialects.postgresql.base.PGCompiler object at 0x00000286688DB2F0>
parameters = [{'ambulance_lat': 29.86, 'ambulance_lng': 77.89, 'assigned_hospital_id': 25, 'condition': 'fracture', ...}]

    def _exec_single_context(
        self,
        dialect: Dialect,
        context: ExecutionContext,
        statement: Union[str, Compiled],
        parameters: Optional[_AnyMultiExecuteParams],
    ) -> CursorResult[Any]:
        """continue the _execute_context() method for a single DBAPI
        cursor.execute() or cursor.executemany() call.
    
        """
        if dialect.bind_typing is BindTyping.SETINPUTSIZES:
            generic_setinputsizes = context._prepare_set_input_sizes()
    
            if generic_setinputsizes:
                try:
                    dialect.do_set_input_sizes(
                        context.cursor, generic_setinputsizes, context
                    )
                except BaseException as e:
                    self._handle_dbapi_exception(
                        e, str(statement), parameters, None, context
                    )
    
        cursor, str_statement, parameters = (
            context.cursor,
            context.statement,
            context.parameters,
        )
    
        effective_parameters: Optional[_AnyExecuteParams]
    
        if not context.executemany:
            effective_parameters = parameters[0]
        else:
            effective_parameters = parameters
    
        if self._has_events or self.engine._has_events:
            for fn in self.dispatch.before_cursor_execute:
                str_statement, effective_parameters = fn(
                    self,
                    cursor,
                    str_statement,
                    effective_parameters,
                    context,
                    context.executemany,
                )
    
        if self._echo:
            self._log_info(str_statement)
    
            stats = context._get_cache_stats()
    
            if not self.engine.hide_parameters:
                self._log_info(
                    "[%s] %r",
                    stats,
                    sql_util._repr_params(
                        effective_parameters,
                        batches=10,
                        ismulti=context.executemany,
                    ),
                )
            else:
                self._log_info(
                    "[%s] [SQL parameters hidden due to hide_parameters=True]",
                    stats,
                )
    
        evt_handled: bool = False
        try:
            if context.execute_style is ExecuteStyle.EXECUTEMANY:
                effective_parameters = cast(
                    "_CoreMultiExecuteParams", effective_parameters
                )
                if self.dialect._has_events:
                    for fn in self.dialect.dispatch.do_executemany:
                        if fn(
                            cursor,
                            str_statement,
                            effective_parameters,
                            context,
                        ):
                            evt_handled = True
                            break
                if not evt_handled:
                    self.dialect.do_executemany(
                        cursor,
                        str_statement,
                        effective_parameters,
                        context,
                    )
            elif not effective_parameters and context.no_parameters:
                if self.dialect._has_events:
                    for fn in self.dialect.dispatch.do_execute_no_params:
                        if fn(cursor, str_statement, context):
                            evt_handled = True
                            break
                if not evt_handled:
                    self.dialect.do_execute_no_params(
                        cursor, str_statement, context
                    )
            else:
                effective_parameters = cast(
                    "_CoreSingleExecuteParams", effective_parameters
                )
                if self.dialect._has_events:
                    for fn in self.dialect.dispatch.do_execute:
                        if fn(
                            cursor,
                            str_statement,
                            effective_parameters,
                            context,
                        ):
                            evt_handled = True
                            break
                if not evt_handled:
>                   self.dialect.do_execute(
                        cursor, str_statement, effective_parameters, context
                    )

..\..\..\..\AppData\Local\Programs\Python\Python312\Lib\site-packages\sqlalchemy\engine\base.py:1967: 
_ _ _ _ _ _ _ _ _ _ _ _ _ _ _ _ _ _ _ _ _ _ _ _ _ _ _ _ _ _ _ _ _ _ _ _ _ _ _ _

self = <sqlalchemy.dialects.postgresql.psycopg2.PGDialect_psycopg2 object at 0x000002866602F740>
cursor = <cursor object at 0x000002866919C9E0; closed: -1>
statement = 'INSERT INTO cases (user_id, condition, custom_condition, equipment_needed, ambulance_lat, ambulance_lng, assigned_hos...l_id)s, %(final_score)s, %(distance_km)s, %(eta_minutes)s, %(notes)s, %(status)s) RETURNING cases.id, cases.created_at'
parameters = {'ambulance_lat': 29.86, 'ambulance_lng': 77.89, 'assigned_hospital_id': 25, 'condition': 'fracture', ...}
context = <sqlalchemy.dialects.postgresql.psycopg2.PGExecutionContext_psycopg2 object at 0x0000028669183CB0>

    def do_execute(self, cursor, statement, parameters, context=None):
>       cursor.execute(statement, parameters)
E       psycopg2.errors.UndefinedColumn: column "status" of relation "cases" does not exist
E       LINE 1: ...id, final_score, distance_km, eta_minutes, notes, status) VA...
E                                                                    ^

..\..\..\..\AppData\Local\Programs\Python\Python312\Lib\site-packages\sqlalchemy\engine\default.py:951: UndefinedColumn

The above exception was the direct cause of the following exception:

self = <tests.test_dispatch.TestDispatchEndpoint object at 0x0000028666098B90>
client = <starlette.testclient.TestClient object at 0x00000286688A2960>
auth_headers = {'Authorization': 'Bearer eyJhbGciOiJIUzI1NiIsInR5cCI6IkpXVCJ9.eyJzdWIiOiJ0ZXN0X2FtYl8wMzY4NDA0OEB0ZXN0LmNvbSIsInJvbGUiOiJhbWJ1bGFuY2UiLCJob3NwaXRhbF9pZCI6bnVsbCwiZXhwIjoxNzc0OTYxMzE3fQ.hJ9jHsc1PYk6GIRvq22eh0gmXNVYnM_ycjZXakjVZ5U'}

    def test_dispatch_creates_case(self, client, auth_headers):
        """Successful dispatch should create a case visible in /api/cases/."""
        # Dispatch
>       dispatch_res = client.post("/api/dispatch/", json={
            "condition": "fracture",
            "ambulance_lat": 29.86,
            "ambulance_lng": 77.89,
        }, headers=auth_headers)

tests\test_dispatch.py:97: 
_ _ _ _ _ _ _ _ _ _ _ _ _ _ _ _ _ _ _ _ _ _ _ _ _ _ _ _ _ _ _ _ _ _ _ _ _ _ _ _
..\..\..\..\AppData\Local\Programs\Python\Python312\Lib\site-packages\starlette\testclient.py:546: in post
    return super().post(
..\..\..\..\AppData\Local\Programs\Python\Python312\Lib\site-packages\httpx\_client.py:1144: in post
    return self.request(
..\..\..\..\AppData\Local\Programs\Python\Python312\Lib\site-packages\starlette\testclient.py:445: in request
    return super().request(
..\..\..\..\AppData\Local\Programs\Python\Python312\Lib\site-packages\httpx\_client.py:825: in request
    return self.send(request, auth=auth, follow_redirects=follow_redirects)
           ^^^^^^^^^^^^^^^^^^^^^^^^^^^^^^^^^^^^^^^^^^^^^^^^^^^^^^^^^^^^^^^^
..\..\..\..\AppData\Local\Programs\Python\Python312\Lib\site-packages\httpx\_client.py:914: in send
    response = self._send_handling_auth(
..\..\..\..\AppData\Local\Programs\Python\Python312\Lib\site-packages\httpx\_client.py:942: in _send_handling_auth
    response = self._send_handling_redirects(
..\..\..\..\AppData\Local\Programs\Python\Python312\Lib\site-packages\httpx\_client.py:979: in _send_handling_redirects
    response = self._send_single_request(request)
               ^^^^^^^^^^^^^^^^^^^^^^^^^^^^^^^^^^
..\..\..\..\AppData\Local\Programs\Python\Python312\Lib\site-packages\httpx\_client.py:1014: in _send_single_request
    response = transport.handle_request(request)
               ^^^^^^^^^^^^^^^^^^^^^^^^^^^^^^^^^
..\..\..\..\AppData\Local\Programs\Python\Python312\Lib\site-packages\starlette\testclient.py:348: in handle_request
    raise exc
..\..\..\..\AppData\Local\Programs\Python\Python312\Lib\site-packages\starlette\testclient.py:345: in handle_request
    portal.call(self.app, scope, receive, send)
..\..\..\..\AppData\Local\Programs\Python\Python312\Lib\site-packages\anyio\from_thread.py:321: in call
    return cast(T_Retval, self.start_task_soon(func, *args).result())
                          ^^^^^^^^^^^^^^^^^^^^^^^^^^^^^^^^^^^^^^^^^^
..\..\..\..\AppData\Local\Programs\Python\Python312\Lib\concurrent\futures\_base.py:456: in result
    return self.__get_result()
           ^^^^^^^^^^^^^^^^^^^
..\..\..\..\AppData\Local\Programs\Python\Python312\Lib\concurrent\futures\_base.py:401: in __get_result
    raise self._exception
..\..\..\..\AppData\Local\Programs\Python\Python312\Lib\site-packages\anyio\from_thread.py:252: in _call_func
    retval = await retval_or_awaitable
             ^^^^^^^^^^^^^^^^^^^^^^^^^
..\..\..\..\AppData\Local\Programs\Python\Python312\Lib\site-packages\fastapi\applications.py:1134: in __call__
    await super().__call__(scope, receive, send)
..\..\..\..\AppData\Local\Programs\Python\Python312\Lib\site-packages\starlette\applications.py:107: in __call__
    await self.middleware_stack(scope, receive, send)
..\..\..\..\AppData\Local\Programs\Python\Python312\Lib\site-packages\starlette\middleware\errors.py:186: in __call__
    raise exc
..\..\..\..\AppData\Local\Programs\Python\Python312\Lib\site-packages\starlette\middleware\errors.py:164: in __call__
    await self.app(scope, receive, _send)
..\..\..\..\AppData\Local\Programs\Python\Python312\Lib\site-packages\starlette\middleware\cors.py:85: in __call__
    await self.app(scope, receive, send)
..\..\..\..\AppData\Local\Programs\Python\Python312\Lib\site-packages\starlette\middleware\exceptions.py:63: in __call__
    await wrap_app_handling_exceptions(self.app, conn)(scope, receive, send)
..\..\..\..\AppData\Local\Programs\Python\Python312\Lib\site-packages\starlette\_exception_handler.py:53: in wrapped_app
    raise exc
..\..\..\..\AppData\Local\Programs\Python\Python312\Lib\site-packages\starlette\_exception_handler.py:42: in wrapped_app
    await app(scope, receive, sender)
..\..\..\..\AppData\Local\Programs\Python\Python312\Lib\site-packages\fastapi\middleware\asyncexitstack.py:18: in __call__
    await self.app(scope, receive, send)
..\..\..\..\AppData\Local\Programs\Python\Python312\Lib\site-packages\starlette\routing.py:716: in __call__
    await self.middleware_stack(scope, receive, send)
..\..\..\..\AppData\Local\Programs\Python\Python312\Lib\site-packages\starlette\routing.py:736: in app
    await route.handle(scope, receive, send)
..\..\..\..\AppData\Local\Programs\Python\Python312\Lib\site-packages\starlette\routing.py:290: in handle
    await self.app(scope, receive, send)
..\..\..\..\AppData\Local\Programs\Python\Python312\Lib\site-packages\fastapi\routing.py:125: in app
    await wrap_app_handling_exceptions(app, request)(scope, receive, send)
..\..\..\..\AppData\Local\Programs\Python\Python312\Lib\site-packages\starlette\_exception_handler.py:53: in wrapped_app
    raise exc
..\..\..\..\AppData\Local\Programs\Python\Python312\Lib\site-packages\starlette\_exception_handler.py:42: in wrapped_app
    await app(scope, receive, sender)
..\..\..\..\AppData\Local\Programs\Python\Python312\Lib\site-packages\fastapi\routing.py:111: in app
    response = await f(request)
               ^^^^^^^^^^^^^^^^
..\..\..\..\AppData\Local\Programs\Python\Python312\Lib\site-packages\fastapi\routing.py:391: in app
    raw_response = await run_endpoint_function(
..\..\..\..\AppData\Local\Programs\Python\Python312\Lib\site-packages\fastapi\routing.py:292: in run_endpoint_function
    return await run_in_threadpool(dependant.call, **values)
           ^^^^^^^^^^^^^^^^^^^^^^^^^^^^^^^^^^^^^^^^^^^^^^^^^
..\..\..\..\AppData\Local\Programs\Python\Python312\Lib\site-packages\starlette\concurrency.py:32: in run_in_threadpool
    return await anyio.to_thread.run_sync(func)
           ^^^^^^^^^^^^^^^^^^^^^^^^^^^^^^^^^^^^
..\..\..\..\AppData\Local\Programs\Python\Python312\Lib\site-packages\anyio\to_thread.py:56: in run_sync
    return await get_async_backend().run_sync_in_worker_thread(
..\..\..\..\AppData\Local\Programs\Python\Python312\Lib\site-packages\anyio\_backends\_asyncio.py:2485: in run_sync_in_worker_thread
    return await future
           ^^^^^^^^^^^^
..\..\..\..\AppData\Local\Programs\Python\Python312\Lib\site-packages\anyio\_backends\_asyncio.py:976: in run
    result = context.run(func, *args)
             ^^^^^^^^^^^^^^^^^^^^^^^^
app\api\endpoints\dispatch.py:101: in dispatch_ambulance
    db.commit()
..\..\..\..\AppData\Local\Programs\Python\Python312\Lib\site-packages\sqlalchemy\orm\session.py:2030: in commit
    trans.commit(_to_root=True)
<string>:2: in commit
    ???
..\..\..\..\AppData\Local\Programs\Python\Python312\Lib\site-packages\sqlalchemy\orm\state_changes.py:137: in _go
    ret_value = fn(self, *arg, **kw)
                ^^^^^^^^^^^^^^^^^^^^
..\..\..\..\AppData\Local\Programs\Python\Python312\Lib\site-packages\sqlalchemy\orm\session.py:1311: in commit
    self._prepare_impl()
<string>:2: in _prepare_impl
    ???
..\..\..\..\AppData\Local\Programs\Python\Python312\Lib\site-packages\sqlalchemy\orm\state_changes.py:137: in _go
    ret_value = fn(self, *arg, **kw)
                ^^^^^^^^^^^^^^^^^^^^
..\..\..\..\AppData\Local\Programs\Python\Python312\Lib\site-packages\sqlalchemy\orm\session.py:1286: in _prepare_impl
    self.session.flush()
..\..\..\..\AppData\Local\Programs\Python\Python312\Lib\site-packages\sqlalchemy\orm\session.py:4331: in flush
    self._flush(objects)
..\..\..\..\AppData\Local\Programs\Python\Python312\Lib\site-packages\sqlalchemy\orm\session.py:4466: in _flush
    with util.safe_reraise():
         ^^^^^^^^^^^^^^^^^^^
..\..\..\..\AppData\Local\Programs\Python\Python312\Lib\site-packages\sqlalchemy\util\langhelpers.py:224: in __exit__
    raise exc_value.with_traceback(exc_tb)
..\..\..\..\AppData\Local\Programs\Python\Python312\Lib\site-packages\sqlalchemy\orm\session.py:4427: in _flush
    flush_context.execute()
..\..\..\..\AppData\Local\Programs\Python\Python312\Lib\site-packages\sqlalchemy\orm\unitofwork.py:466: in execute
    rec.execute(self)
..\..\..\..\AppData\Local\Programs\Python\Python312\Lib\site-packages\sqlalchemy\orm\unitofwork.py:642: in execute
    util.preloaded.orm_persistence.save_obj(
..\..\..\..\AppData\Local\Programs\Python\Python312\Lib\site-packages\sqlalchemy\orm\persistence.py:93: in save_obj
    _emit_insert_statements(
..\..\..\..\AppData\Local\Programs\Python\Python312\Lib\site-packages\sqlalchemy\orm\persistence.py:1233: in _emit_insert_statements
    result = connection.execute(
..\..\..\..\AppData\Local\Programs\Python\Python312\Lib\site-packages\sqlalchemy\engine\base.py:1419: in execute
    return meth(
..\..\..\..\AppData\Local\Programs\Python\Python312\Lib\site-packages\sqlalchemy\sql\elements.py:526: in _execute_on_connection
    return connection._execute_clauseelement(
..\..\..\..\AppData\Local\Programs\Python\Python312\Lib\site-packages\sqlalchemy\engine\base.py:1641: in _execute_clauseelement
    ret = self._execute_context(
..\..\..\..\AppData\Local\Programs\Python\Python312\Lib\site-packages\sqlalchemy\engine\base.py:1846: in _execute_context
    return self._exec_single_context(
..\..\..\..\AppData\Local\Programs\Python\Python312\Lib\site-packages\sqlalchemy\engine\base.py:1986: in _exec_single_context
    self._handle_dbapi_exception(
..\..\..\..\AppData\Local\Programs\Python\Python312\Lib\site-packages\sqlalchemy\engine\base.py:2355: in _handle_dbapi_exception
    raise sqlalchemy_exception.with_traceback(exc_info[2]) from e
..\..\..\..\AppData\Local\Programs\Python\Python312\Lib\site-packages\sqlalchemy\engine\base.py:1967: in _exec_single_context
    self.dialect.do_execute(
_ _ _ _ _ _ _ _ _ _ _ _ _ _ _ _ _ _ _ _ _ _ _ _ _ _ _ _ _ _ _ _ _ _ _ _ _ _ _ _

self = <sqlalchemy.dialects.postgresql.psycopg2.PGDialect_psycopg2 object at 0x000002866602F740>
cursor = <cursor object at 0x000002866919C9E0; closed: -1>
statement = 'INSERT INTO cases (user_id, condition, custom_condition, equipment_needed, ambulance_lat, ambulance_lng, assigned_hos...l_id)s, %(final_score)s, %(distance_km)s, %(eta_minutes)s, %(notes)s, %(status)s) RETURNING cases.id, cases.created_at'
parameters = {'ambulance_lat': 29.86, 'ambulance_lng': 77.89, 'assigned_hospital_id': 25, 'condition': 'fracture', ...}
context = <sqlalchemy.dialects.postgresql.psycopg2.PGExecutionContext_psycopg2 object at 0x0000028669183CB0>

    def do_execute(self, cursor, statement, parameters, context=None):
>       cursor.execute(statement, parameters)
E       sqlalchemy.exc.ProgrammingError: (psycopg2.errors.UndefinedColumn) column "status" of relation "cases" does not exist
E       LINE 1: ...id, final_score, distance_km, eta_minutes, notes, status) VA...
E                                                                    ^
E       
E       [SQL: INSERT INTO cases (user_id, condition, custom_condition, equipment_needed, ambulance_lat, ambulance_lng, assigned_hospital_id, final_score, distance_km, eta_minutes, notes, status) VALUES (%(user_id)s, %(condition)s, %(custom_condition)s, %(equipment_needed)s::VARCHAR[], %(ambulance_lat)s, %(ambulance_lng)s, %(assigned_hospital_id)s, %(final_score)s, %(distance_km)s, %(eta_minutes)s, %(notes)s, %(status)s) RETURNING cases.id, cases.created_at]
E       [parameters: {'user_id': 260, 'condition': 'fracture', 'custom_condition': None, 'equipment_needed': [], 'ambulance_lat': 29.86, 'ambulance_lng': 77.89, 'assigned_hospital_id': 25, 'final_score': 0.4175, 'distance_km': 0.95, 'eta_minutes': 1, 'notes': None, 'status': 'dispatched'}]
E       (Background on this error at: https://sqlalche.me/e/20/f405)

..\..\..\..\AppData\Local\Programs\Python\Python312\Lib\site-packages\sqlalchemy\engine\default.py:951: ProgrammingError
_____________ TestDispatchEndpoint.test_dispatch_response_schema ______________

self = <sqlalchemy.engine.base.Connection object at 0x000002866794A900>
dialect = <sqlalchemy.dialects.postgresql.psycopg2.PGDialect_psycopg2 object at 0x000002866602F740>
context = <sqlalchemy.dialects.postgresql.psycopg2.PGExecutionContext_psycopg2 object at 0x0000028668A5D370>
statement = <sqlalchemy.dialects.postgresql.base.PGCompiler object at 0x00000286688DB2F0>
parameters = [{'ambulance_lat': 29.86, 'ambulance_lng': 77.89, 'assigned_hospital_id': 25, 'condition': 'stroke', ...}]

    def _exec_single_context(
        self,
        dialect: Dialect,
        context: ExecutionContext,
        statement: Union[str, Compiled],
        parameters: Optional[_AnyMultiExecuteParams],
    ) -> CursorResult[Any]:
        """continue the _execute_context() method for a single DBAPI
        cursor.execute() or cursor.executemany() call.
    
        """
        if dialect.bind_typing is BindTyping.SETINPUTSIZES:
            generic_setinputsizes = context._prepare_set_input_sizes()
    
            if generic_setinputsizes:
                try:
                    dialect.do_set_input_sizes(
                        context.cursor, generic_setinputsizes, context
                    )
                except BaseException as e:
                    self._handle_dbapi_exception(
                        e, str(statement), parameters, None, context
                    )
    
        cursor, str_statement, parameters = (
            context.cursor,
            context.statement,
            context.parameters,
        )
    
        effective_parameters: Optional[_AnyExecuteParams]
    
        if not context.executemany:
            effective_parameters = parameters[0]
        else:
            effective_parameters = parameters
    
        if self._has_events or self.engine._has_events:
            for fn in self.dispatch.before_cursor_execute:
                str_statement, effective_parameters = fn(
                    self,
                    cursor,
                    str_statement,
                    effective_parameters,
                    context,
                    context.executemany,
                )
    
        if self._echo:
            self._log_info(str_statement)
    
            stats = context._get_cache_stats()
    
            if not self.engine.hide_parameters:
                self._log_info(
                    "[%s] %r",
                    stats,
                    sql_util._repr_params(
                        effective_parameters,
                        batches=10,
                        ismulti=context.executemany,
                    ),
                )
            else:
                self._log_info(
                    "[%s] [SQL parameters hidden due to hide_parameters=True]",
                    stats,
                )
    
        evt_handled: bool = False
        try:
            if context.execute_style is ExecuteStyle.EXECUTEMANY:
                effective_parameters = cast(
                    "_CoreMultiExecuteParams", effective_parameters
                )
                if self.dialect._has_events:
                    for fn in self.dialect.dispatch.do_executemany:
                        if fn(
                            cursor,
                            str_statement,
                            effective_parameters,
                            context,
                        ):
                            evt_handled = True
                            break
                if not evt_handled:
                    self.dialect.do_executemany(
                        cursor,
                        str_statement,
                        effective_parameters,
                        context,
                    )
            elif not effective_parameters and context.no_parameters:
                if self.dialect._has_events:
                    for fn in self.dialect.dispatch.do_execute_no_params:
                        if fn(cursor, str_statement, context):
                            evt_handled = True
                            break
                if not evt_handled:
                    self.dialect.do_execute_no_params(
                        cursor, str_statement, context
                    )
            else:
                effective_parameters = cast(
                    "_CoreSingleExecuteParams", effective_parameters
                )
                if self.dialect._has_events:
                    for fn in self.dialect.dispatch.do_execute:
                        if fn(
                            cursor,
                            str_statement,
                            effective_parameters,
                            context,
                        ):
                            evt_handled = True
                            break
                if not evt_handled:
>                   self.dialect.do_execute(
                        cursor, str_statement, effective_parameters, context
                    )

..\..\..\..\AppData\Local\Programs\Python\Python312\Lib\site-packages\sqlalchemy\engine\base.py:1967: 
_ _ _ _ _ _ _ _ _ _ _ _ _ _ _ _ _ _ _ _ _ _ _ _ _ _ _ _ _ _ _ _ _ _ _ _ _ _ _ _

self = <sqlalchemy.dialects.postgresql.psycopg2.PGDialect_psycopg2 object at 0x000002866602F740>
cursor = <cursor object at 0x0000028669150900; closed: -1>
statement = 'INSERT INTO cases (user_id, condition, custom_condition, equipment_needed, ambulance_lat, ambulance_lng, assigned_hos...l_id)s, %(final_score)s, %(distance_km)s, %(eta_minutes)s, %(notes)s, %(status)s) RETURNING cases.id, cases.created_at'
parameters = {'ambulance_lat': 29.86, 'ambulance_lng': 77.89, 'assigned_hospital_id': 25, 'condition': 'stroke', ...}
context = <sqlalchemy.dialects.postgresql.psycopg2.PGExecutionContext_psycopg2 object at 0x0000028668A5D370>

    def do_execute(self, cursor, statement, parameters, context=None):
>       cursor.execute(statement, parameters)
E       psycopg2.errors.UndefinedColumn: column "status" of relation "cases" does not exist
E       LINE 1: ...id, final_score, distance_km, eta_minutes, notes, status) VA...
E                                                                    ^

..\..\..\..\AppData\Local\Programs\Python\Python312\Lib\site-packages\sqlalchemy\engine\default.py:951: UndefinedColumn

The above exception was the direct cause of the following exception:

self = <tests.test_dispatch.TestDispatchEndpoint object at 0x0000028666099E80>
client = <starlette.testclient.TestClient object at 0x00000286688A3140>
auth_headers = {'Authorization': 'Bearer eyJhbGciOiJIUzI1NiIsInR5cCI6IkpXVCJ9.eyJzdWIiOiJ0ZXN0X2FtYl83YTgwNDllOEB0ZXN0LmNvbSIsInJvbGUiOiJhbWJ1bGFuY2UiLCJob3NwaXRhbF9pZCI6bnVsbCwiZXhwIjoxNzc0OTYxMzE5fQ.UZpuOVHvND2ivJQkSU-MXv6XBcwuMICS5VCWCEcNTTI'}

    def test_dispatch_response_schema(self, client, auth_headers):
        """Dispatch response should contain all required fields."""
>       res = client.post("/api/dispatch/", json={
            "condition": "stroke",
            "equipment_needed": ["ventilator"],
            "ambulance_lat": 29.86,
            "ambulance_lng": 77.89,
        }, headers=auth_headers)

tests\test_dispatch.py:116: 
_ _ _ _ _ _ _ _ _ _ _ _ _ _ _ _ _ _ _ _ _ _ _ _ _ _ _ _ _ _ _ _ _ _ _ _ _ _ _ _
..\..\..\..\AppData\Local\Programs\Python\Python312\Lib\site-packages\starlette\testclient.py:546: in post
    return super().post(
..\..\..\..\AppData\Local\Programs\Python\Python312\Lib\site-packages\httpx\_client.py:1144: in post
    return self.request(
..\..\..\..\AppData\Local\Programs\Python\Python312\Lib\site-packages\starlette\testclient.py:445: in request
    return super().request(
..\..\..\..\AppData\Local\Programs\Python\Python312\Lib\site-packages\httpx\_client.py:825: in request
    return self.send(request, auth=auth, follow_redirects=follow_redirects)
           ^^^^^^^^^^^^^^^^^^^^^^^^^^^^^^^^^^^^^^^^^^^^^^^^^^^^^^^^^^^^^^^^
..\..\..\..\AppData\Local\Programs\Python\Python312\Lib\site-packages\httpx\_client.py:914: in send
    response = self._send_handling_auth(
..\..\..\..\AppData\Local\Programs\Python\Python312\Lib\site-packages\httpx\_client.py:942: in _send_handling_auth
    response = self._send_handling_redirects(
..\..\..\..\AppData\Local\Programs\Python\Python312\Lib\site-packages\httpx\_client.py:979: in _send_handling_redirects
    response = self._send_single_request(request)
               ^^^^^^^^^^^^^^^^^^^^^^^^^^^^^^^^^^
..\..\..\..\AppData\Local\Programs\Python\Python312\Lib\site-packages\httpx\_client.py:1014: in _send_single_request
    response = transport.handle_request(request)
               ^^^^^^^^^^^^^^^^^^^^^^^^^^^^^^^^^
..\..\..\..\AppData\Local\Programs\Python\Python312\Lib\site-packages\starlette\testclient.py:348: in handle_request
    raise exc
..\..\..\..\AppData\Local\Programs\Python\Python312\Lib\site-packages\starlette\testclient.py:345: in handle_request
    portal.call(self.app, scope, receive, send)
..\..\..\..\AppData\Local\Programs\Python\Python312\Lib\site-packages\anyio\from_thread.py:321: in call
    return cast(T_Retval, self.start_task_soon(func, *args).result())
                          ^^^^^^^^^^^^^^^^^^^^^^^^^^^^^^^^^^^^^^^^^^
..\..\..\..\AppData\Local\Programs\Python\Python312\Lib\concurrent\futures\_base.py:456: in result
    return self.__get_result()
           ^^^^^^^^^^^^^^^^^^^
..\..\..\..\AppData\Local\Programs\Python\Python312\Lib\concurrent\futures\_base.py:401: in __get_result
    raise self._exception
..\..\..\..\AppData\Local\Programs\Python\Python312\Lib\site-packages\anyio\from_thread.py:252: in _call_func
    retval = await retval_or_awaitable
             ^^^^^^^^^^^^^^^^^^^^^^^^^
..\..\..\..\AppData\Local\Programs\Python\Python312\Lib\site-packages\fastapi\applications.py:1134: in __call__
    await super().__call__(scope, receive, send)
..\..\..\..\AppData\Local\Programs\Python\Python312\Lib\site-packages\starlette\applications.py:107: in __call__
    await self.middleware_stack(scope, receive, send)
..\..\..\..\AppData\Local\Programs\Python\Python312\Lib\site-packages\starlette\middleware\errors.py:186: in __call__
    raise exc
..\..\..\..\AppData\Local\Programs\Python\Python312\Lib\site-packages\starlette\middleware\errors.py:164: in __call__
    await self.app(scope, receive, _send)
..\..\..\..\AppData\Local\Programs\Python\Python312\Lib\site-packages\starlette\middleware\cors.py:85: in __call__
    await self.app(scope, receive, send)
..\..\..\..\AppData\Local\Programs\Python\Python312\Lib\site-packages\starlette\middleware\exceptions.py:63: in __call__
    await wrap_app_handling_exceptions(self.app, conn)(scope, receive, send)
..\..\..\..\AppData\Local\Programs\Python\Python312\Lib\site-packages\starlette\_exception_handler.py:53: in wrapped_app
    raise exc
..\..\..\..\AppData\Local\Programs\Python\Python312\Lib\site-packages\starlette\_exception_handler.py:42: in wrapped_app
    await app(scope, receive, sender)
..\..\..\..\AppData\Local\Programs\Python\Python312\Lib\site-packages\fastapi\middleware\asyncexitstack.py:18: in __call__
    await self.app(scope, receive, send)
..\..\..\..\AppData\Local\Programs\Python\Python312\Lib\site-packages\starlette\routing.py:716: in __call__
    await self.middleware_stack(scope, receive, send)
..\..\..\..\AppData\Local\Programs\Python\Python312\Lib\site-packages\starlette\routing.py:736: in app
    await route.handle(scope, receive, send)
..\..\..\..\AppData\Local\Programs\Python\Python312\Lib\site-packages\starlette\routing.py:290: in handle
    await self.app(scope, receive, send)
..\..\..\..\AppData\Local\Programs\Python\Python312\Lib\site-packages\fastapi\routing.py:125: in app
    await wrap_app_handling_exceptions(app, request)(scope, receive, send)
..\..\..\..\AppData\Local\Programs\Python\Python312\Lib\site-packages\starlette\_exception_handler.py:53: in wrapped_app
    raise exc
..\..\..\..\AppData\Local\Programs\Python\Python312\Lib\site-packages\starlette\_exception_handler.py:42: in wrapped_app
    await app(scope, receive, sender)
..\..\..\..\AppData\Local\Programs\Python\Python312\Lib\site-packages\fastapi\routing.py:111: in app
    response = await f(request)
               ^^^^^^^^^^^^^^^^
..\..\..\..\AppData\Local\Programs\Python\Python312\Lib\site-packages\fastapi\routing.py:391: in app
    raw_response = await run_endpoint_function(
..\..\..\..\AppData\Local\Programs\Python\Python312\Lib\site-packages\fastapi\routing.py:292: in run_endpoint_function
    return await run_in_threadpool(dependant.call, **values)
           ^^^^^^^^^^^^^^^^^^^^^^^^^^^^^^^^^^^^^^^^^^^^^^^^^
..\..\..\..\AppData\Local\Programs\Python\Python312\Lib\site-packages\starlette\concurrency.py:32: in run_in_threadpool
    return await anyio.to_thread.run_sync(func)
           ^^^^^^^^^^^^^^^^^^^^^^^^^^^^^^^^^^^^
..\..\..\..\AppData\Local\Programs\Python\Python312\Lib\site-packages\anyio\to_thread.py:56: in run_sync
    return await get_async_backend().run_sync_in_worker_thread(
..\..\..\..\AppData\Local\Programs\Python\Python312\Lib\site-packages\anyio\_backends\_asyncio.py:2485: in run_sync_in_worker_thread
    return await future
           ^^^^^^^^^^^^
..\..\..\..\AppData\Local\Programs\Python\Python312\Lib\site-packages\anyio\_backends\_asyncio.py:976: in run
    result = context.run(func, *args)
             ^^^^^^^^^^^^^^^^^^^^^^^^
app\api\endpoints\dispatch.py:101: in dispatch_ambulance
    db.commit()
..\..\..\..\AppData\Local\Programs\Python\Python312\Lib\site-packages\sqlalchemy\orm\session.py:2030: in commit
    trans.commit(_to_root=True)
<string>:2: in commit
    ???
..\..\..\..\AppData\Local\Programs\Python\Python312\Lib\site-packages\sqlalchemy\orm\state_changes.py:137: in _go
    ret_value = fn(self, *arg, **kw)
                ^^^^^^^^^^^^^^^^^^^^
..\..\..\..\AppData\Local\Programs\Python\Python312\Lib\site-packages\sqlalchemy\orm\session.py:1311: in commit
    self._prepare_impl()
<string>:2: in _prepare_impl
    ???
..\..\..\..\AppData\Local\Programs\Python\Python312\Lib\site-packages\sqlalchemy\orm\state_changes.py:137: in _go
    ret_value = fn(self, *arg, **kw)
                ^^^^^^^^^^^^^^^^^^^^
..\..\..\..\AppData\Local\Programs\Python\Python312\Lib\site-packages\sqlalchemy\orm\session.py:1286: in _prepare_impl
    self.session.flush()
..\..\..\..\AppData\Local\Programs\Python\Python312\Lib\site-packages\sqlalchemy\orm\session.py:4331: in flush
    self._flush(objects)
..\..\..\..\AppData\Local\Programs\Python\Python312\Lib\site-packages\sqlalchemy\orm\session.py:4466: in _flush
    with util.safe_reraise():
         ^^^^^^^^^^^^^^^^^^^
..\..\..\..\AppData\Local\Programs\Python\Python312\Lib\site-packages\sqlalchemy\util\langhelpers.py:224: in __exit__
    raise exc_value.with_traceback(exc_tb)
..\..\..\..\AppData\Local\Programs\Python\Python312\Lib\site-packages\sqlalchemy\orm\session.py:4427: in _flush
    flush_context.execute()
..\..\..\..\AppData\Local\Programs\Python\Python312\Lib\site-packages\sqlalchemy\orm\unitofwork.py:466: in execute
    rec.execute(self)
..\..\..\..\AppData\Local\Programs\Python\Python312\Lib\site-packages\sqlalchemy\orm\unitofwork.py:642: in execute
    util.preloaded.orm_persistence.save_obj(
..\..\..\..\AppData\Local\Programs\Python\Python312\Lib\site-packages\sqlalchemy\orm\persistence.py:93: in save_obj
    _emit_insert_statements(
..\..\..\..\AppData\Local\Programs\Python\Python312\Lib\site-packages\sqlalchemy\orm\persistence.py:1233: in _emit_insert_statements
    result = connection.execute(
..\..\..\..\AppData\Local\Programs\Python\Python312\Lib\site-packages\sqlalchemy\engine\base.py:1419: in execute
    return meth(
..\..\..\..\AppData\Local\Programs\Python\Python312\Lib\site-packages\sqlalchemy\sql\elements.py:526: in _execute_on_connection
    return connection._execute_clauseelement(
..\..\..\..\AppData\Local\Programs\Python\Python312\Lib\site-packages\sqlalchemy\engine\base.py:1641: in _execute_clauseelement
    ret = self._execute_context(
..\..\..\..\AppData\Local\Programs\Python\Python312\Lib\site-packages\sqlalchemy\engine\base.py:1846: in _execute_context
    return self._exec_single_context(
..\..\..\..\AppData\Local\Programs\Python\Python312\Lib\site-packages\sqlalchemy\engine\base.py:1986: in _exec_single_context
    self._handle_dbapi_exception(
..\..\..\..\AppData\Local\Programs\Python\Python312\Lib\site-packages\sqlalchemy\engine\base.py:2355: in _handle_dbapi_exception
    raise sqlalchemy_exception.with_traceback(exc_info[2]) from e
..\..\..\..\AppData\Local\Programs\Python\Python312\Lib\site-packages\sqlalchemy\engine\base.py:1967: in _exec_single_context
    self.dialect.do_execute(
_ _ _ _ _ _ _ _ _ _ _ _ _ _ _ _ _ _ _ _ _ _ _ _ _ _ _ _ _ _ _ _ _ _ _ _ _ _ _ _

self = <sqlalchemy.dialects.postgresql.psycopg2.PGDialect_psycopg2 object at 0x000002866602F740>
cursor = <cursor object at 0x0000028669150900; closed: -1>
statement = 'INSERT INTO cases (user_id, condition, custom_condition, equipment_needed, ambulance_lat, ambulance_lng, assigned_hos...l_id)s, %(final_score)s, %(distance_km)s, %(eta_minutes)s, %(notes)s, %(status)s) RETURNING cases.id, cases.created_at'
parameters = {'ambulance_lat': 29.86, 'ambulance_lng': 77.89, 'assigned_hospital_id': 25, 'condition': 'stroke', ...}
context = <sqlalchemy.dialects.postgresql.psycopg2.PGExecutionContext_psycopg2 object at 0x0000028668A5D370>

    def do_execute(self, cursor, statement, parameters, context=None):
>       cursor.execute(statement, parameters)
E       sqlalchemy.exc.ProgrammingError: (psycopg2.errors.UndefinedColumn) column "status" of relation "cases" does not exist
E       LINE 1: ...id, final_score, distance_km, eta_minutes, notes, status) VA...
E                                                                    ^
E       
E       [SQL: INSERT INTO cases (user_id, condition, custom_condition, equipment_needed, ambulance_lat, ambulance_lng, assigned_hospital_id, final_score, distance_km, eta_minutes, notes, status) VALUES (%(user_id)s, %(condition)s, %(custom_condition)s, %(equipment_needed)s::VARCHAR[], %(ambulance_lat)s, %(ambulance_lng)s, %(assigned_hospital_id)s, %(final_score)s, %(distance_km)s, %(eta_minutes)s, %(notes)s, %(status)s) RETURNING cases.id, cases.created_at]
E       [parameters: {'user_id': 261, 'condition': 'stroke', 'custom_condition': None, 'equipment_needed': ['ventilator'], 'ambulance_lat': 29.86, 'ambulance_lng': 77.89, 'assigned_hospital_id': 25, 'final_score': 0.4081, 'distance_km': 0.95, 'eta_minutes': 1, 'notes': None, 'status': 'dispatched'}]
E       (Background on this error at: https://sqlalche.me/e/20/f405)

..\..\..\..\AppData\Local\Programs\Python\Python312\Lib\site-packages\sqlalchemy\engine\default.py:951: ProgrammingError
_______________ TestCasesEndpoint.test_cases_empty_for_new_user _______________

self = <sqlalchemy.engine.base.Connection object at 0x000002866917A8D0>
dialect = <sqlalchemy.dialects.postgresql.psycopg2.PGDialect_psycopg2 object at 0x000002866602F740>
context = <sqlalchemy.dialects.postgresql.psycopg2.PGExecutionContext_psycopg2 object at 0x000002866771F8C0>
statement = <sqlalchemy.dialects.postgresql.base.PGCompiler object at 0x0000028668A36F30>
parameters = [{'user_id_1': 262}]

    def _exec_single_context(
        self,
        dialect: Dialect,
        context: ExecutionContext,
        statement: Union[str, Compiled],
        parameters: Optional[_AnyMultiExecuteParams],
    ) -> CursorResult[Any]:
        """continue the _execute_context() method for a single DBAPI
        cursor.execute() or cursor.executemany() call.
    
        """
        if dialect.bind_typing is BindTyping.SETINPUTSIZES:
            generic_setinputsizes = context._prepare_set_input_sizes()
    
            if generic_setinputsizes:
                try:
                    dialect.do_set_input_sizes(
                        context.cursor, generic_setinputsizes, context
                    )
                except BaseException as e:
                    self._handle_dbapi_exception(
                        e, str(statement), parameters, None, context
                    )
    
        cursor, str_statement, parameters = (
            context.cursor,
            context.statement,
            context.parameters,
        )
    
        effective_parameters: Optional[_AnyExecuteParams]
    
        if not context.executemany:
            effective_parameters = parameters[0]
        else:
            effective_parameters = parameters
    
        if self._has_events or self.engine._has_events:
            for fn in self.dispatch.before_cursor_execute:
                str_statement, effective_parameters = fn(
                    self,
                    cursor,
                    str_statement,
                    effective_parameters,
                    context,
                    context.executemany,
                )
    
        if self._echo:
            self._log_info(str_statement)
    
            stats = context._get_cache_stats()
    
            if not self.engine.hide_parameters:
                self._log_info(
                    "[%s] %r",
                    stats,
                    sql_util._repr_params(
                        effective_parameters,
                        batches=10,
                        ismulti=context.executemany,
                    ),
                )
            else:
                self._log_info(
                    "[%s] [SQL parameters hidden due to hide_parameters=True]",
                    stats,
                )
    
        evt_handled: bool = False
        try:
            if context.execute_style is ExecuteStyle.EXECUTEMANY:
                effective_parameters = cast(
                    "_CoreMultiExecuteParams", effective_parameters
                )
                if self.dialect._has_events:
                    for fn in self.dialect.dispatch.do_executemany:
                        if fn(
                            cursor,
                            str_statement,
                            effective_parameters,
                            context,
                        ):
                            evt_handled = True
                            break
                if not evt_handled:
                    self.dialect.do_executemany(
                        cursor,
                        str_statement,
                        effective_parameters,
                        context,
                    )
            elif not effective_parameters and context.no_parameters:
                if self.dialect._has_events:
                    for fn in self.dialect.dispatch.do_execute_no_params:
                        if fn(cursor, str_statement, context):
                            evt_handled = True
                            break
                if not evt_handled:
                    self.dialect.do_execute_no_params(
                        cursor, str_statement, context
                    )
            else:
                effective_parameters = cast(
                    "_CoreSingleExecuteParams", effective_parameters
                )
                if self.dialect._has_events:
                    for fn in self.dialect.dispatch.do_execute:
                        if fn(
                            cursor,
                            str_statement,
                            effective_parameters,
                            context,
                        ):
                            evt_handled = True
                            break
                if not evt_handled:
>                   self.dialect.do_execute(
                        cursor, str_statement, effective_parameters, context
                    )

..\..\..\..\AppData\Local\Programs\Python\Python312\Lib\site-packages\sqlalchemy\engine\base.py:1967: 
_ _ _ _ _ _ _ _ _ _ _ _ _ _ _ _ _ _ _ _ _ _ _ _ _ _ _ _ _ _ _ _ _ _ _ _ _ _ _ _

self = <sqlalchemy.dialects.postgresql.psycopg2.PGDialect_psycopg2 object at 0x000002866602F740>
cursor = <cursor object at 0x0000028666594BA0; closed: -1>
statement = 'SELECT cases.id AS cases_id, cases.user_id AS cases_user_id, cases.condition AS cases_condition, cases.custom_conditi...cases.created_at AS cases_created_at \nFROM cases \nWHERE cases.user_id = %(user_id_1)s ORDER BY cases.created_at DESC'
parameters = {'user_id_1': 262}
context = <sqlalchemy.dialects.postgresql.psycopg2.PGExecutionContext_psycopg2 object at 0x000002866771F8C0>

    def do_execute(self, cursor, statement, parameters, context=None):
>       cursor.execute(statement, parameters)
E       psycopg2.errors.UndefinedColumn: column cases.status does not exist
E       LINE 1: ...AS cases_eta_minutes, cases.notes AS cases_notes, cases.stat...
E                                                                    ^

..\..\..\..\AppData\Local\Programs\Python\Python312\Lib\site-packages\sqlalchemy\engine\default.py:951: UndefinedColumn

The above exception was the direct cause of the following exception:

self = <tests.test_dispatch.TestCasesEndpoint object at 0x000002866609AB40>
client = <starlette.testclient.TestClient object at 0x000002866917A9C0>
auth_headers = {'Authorization': 'Bearer eyJhbGciOiJIUzI1NiIsInR5cCI6IkpXVCJ9.eyJzdWIiOiJ0ZXN0X2FtYl9mZDE5YjNhZkB0ZXN0LmNvbSIsInJvbGUiOiJhbWJ1bGFuY2UiLCJob3NwaXRhbF9pZCI6bnVsbCwiZXhwIjoxNzc0OTYxMzIwfQ.KCZQh7ZfkiWa-K7WaZMG3V3pDvbeVPZuxBy9QT0oRDw'}

    def test_cases_empty_for_new_user(self, client, auth_headers):
        """New user should have no cases."""
>       res = client.get("/api/cases/", headers=auth_headers)
              ^^^^^^^^^^^^^^^^^^^^^^^^^^^^^^^^^^^^^^^^^^^^^^^

tests\test_dispatch.py:142: 
_ _ _ _ _ _ _ _ _ _ _ _ _ _ _ _ _ _ _ _ _ _ _ _ _ _ _ _ _ _ _ _ _ _ _ _ _ _ _ _
..\..\..\..\AppData\Local\Programs\Python\Python312\Lib\site-packages\starlette\testclient.py:473: in get
    return super().get(
..\..\..\..\AppData\Local\Programs\Python\Python312\Lib\site-packages\httpx\_client.py:1053: in get
    return self.request(
..\..\..\..\AppData\Local\Programs\Python\Python312\Lib\site-packages\starlette\testclient.py:445: in request
    return super().request(
..\..\..\..\AppData\Local\Programs\Python\Python312\Lib\site-packages\httpx\_client.py:825: in request
    return self.send(request, auth=auth, follow_redirects=follow_redirects)
           ^^^^^^^^^^^^^^^^^^^^^^^^^^^^^^^^^^^^^^^^^^^^^^^^^^^^^^^^^^^^^^^^
..\..\..\..\AppData\Local\Programs\Python\Python312\Lib\site-packages\httpx\_client.py:914: in send
    response = self._send_handling_auth(
..\..\..\..\AppData\Local\Programs\Python\Python312\Lib\site-packages\httpx\_client.py:942: in _send_handling_auth
    response = self._send_handling_redirects(
..\..\..\..\AppData\Local\Programs\Python\Python312\Lib\site-packages\httpx\_client.py:979: in _send_handling_redirects
    response = self._send_single_request(request)
               ^^^^^^^^^^^^^^^^^^^^^^^^^^^^^^^^^^
..\..\..\..\AppData\Local\Programs\Python\Python312\Lib\site-packages\httpx\_client.py:1014: in _send_single_request
    response = transport.handle_request(request)
               ^^^^^^^^^^^^^^^^^^^^^^^^^^^^^^^^^
..\..\..\..\AppData\Local\Programs\Python\Python312\Lib\site-packages\starlette\testclient.py:348: in handle_request
    raise exc
..\..\..\..\AppData\Local\Programs\Python\Python312\Lib\site-packages\starlette\testclient.py:345: in handle_request
    portal.call(self.app, scope, receive, send)
..\..\..\..\AppData\Local\Programs\Python\Python312\Lib\site-packages\anyio\from_thread.py:321: in call
    return cast(T_Retval, self.start_task_soon(func, *args).result())
                          ^^^^^^^^^^^^^^^^^^^^^^^^^^^^^^^^^^^^^^^^^^
..\..\..\..\AppData\Local\Programs\Python\Python312\Lib\concurrent\futures\_base.py:456: in result
    return self.__get_result()
           ^^^^^^^^^^^^^^^^^^^
..\..\..\..\AppData\Local\Programs\Python\Python312\Lib\concurrent\futures\_base.py:401: in __get_result
    raise self._exception
..\..\..\..\AppData\Local\Programs\Python\Python312\Lib\site-packages\anyio\from_thread.py:252: in _call_func
    retval = await retval_or_awaitable
             ^^^^^^^^^^^^^^^^^^^^^^^^^
..\..\..\..\AppData\Local\Programs\Python\Python312\Lib\site-packages\fastapi\applications.py:1134: in __call__
    await super().__call__(scope, receive, send)
..\..\..\..\AppData\Local\Programs\Python\Python312\Lib\site-packages\starlette\applications.py:107: in __call__
    await self.middleware_stack(scope, receive, send)
..\..\..\..\AppData\Local\Programs\Python\Python312\Lib\site-packages\starlette\middleware\errors.py:186: in __call__
    raise exc
..\..\..\..\AppData\Local\Programs\Python\Python312\Lib\site-packages\starlette\middleware\errors.py:164: in __call__
    await self.app(scope, receive, _send)
..\..\..\..\AppData\Local\Programs\Python\Python312\Lib\site-packages\starlette\middleware\cors.py:85: in __call__
    await self.app(scope, receive, send)
..\..\..\..\AppData\Local\Programs\Python\Python312\Lib\site-packages\starlette\middleware\exceptions.py:63: in __call__
    await wrap_app_handling_exceptions(self.app, conn)(scope, receive, send)
..\..\..\..\AppData\Local\Programs\Python\Python312\Lib\site-packages\starlette\_exception_handler.py:53: in wrapped_app
    raise exc
..\..\..\..\AppData\Local\Programs\Python\Python312\Lib\site-packages\starlette\_exception_handler.py:42: in wrapped_app
    await app(scope, receive, sender)
..\..\..\..\AppData\Local\Programs\Python\Python312\Lib\site-packages\fastapi\middleware\asyncexitstack.py:18: in __call__
    await self.app(scope, receive, send)
..\..\..\..\AppData\Local\Programs\Python\Python312\Lib\site-packages\starlette\routing.py:716: in __call__
    await self.middleware_stack(scope, receive, send)
..\..\..\..\AppData\Local\Programs\Python\Python312\Lib\site-packages\starlette\routing.py:736: in app
    await route.handle(scope, receive, send)
..\..\..\..\AppData\Local\Programs\Python\Python312\Lib\site-packages\starlette\routing.py:290: in handle
    await self.app(scope, receive, send)
..\..\..\..\AppData\Local\Programs\Python\Python312\Lib\site-packages\fastapi\routing.py:125: in app
    await wrap_app_handling_exceptions(app, request)(scope, receive, send)
..\..\..\..\AppData\Local\Programs\Python\Python312\Lib\site-packages\starlette\_exception_handler.py:53: in wrapped_app
    raise exc
..\..\..\..\AppData\Local\Programs\Python\Python312\Lib\site-packages\starlette\_exception_handler.py:42: in wrapped_app
    await app(scope, receive, sender)
..\..\..\..\AppData\Local\Programs\Python\Python312\Lib\site-packages\fastapi\routing.py:111: in app
    response = await f(request)
               ^^^^^^^^^^^^^^^^
..\..\..\..\AppData\Local\Programs\Python\Python312\Lib\site-packages\fastapi\routing.py:391: in app
    raw_response = await run_endpoint_function(
..\..\..\..\AppData\Local\Programs\Python\Python312\Lib\site-packages\fastapi\routing.py:292: in run_endpoint_function
    return await run_in_threadpool(dependant.call, **values)
           ^^^^^^^^^^^^^^^^^^^^^^^^^^^^^^^^^^^^^^^^^^^^^^^^^
..\..\..\..\AppData\Local\Programs\Python\Python312\Lib\site-packages\starlette\concurrency.py:32: in run_in_threadpool
    return await anyio.to_thread.run_sync(func)
           ^^^^^^^^^^^^^^^^^^^^^^^^^^^^^^^^^^^^
..\..\..\..\AppData\Local\Programs\Python\Python312\Lib\site-packages\anyio\to_thread.py:56: in run_sync
    return await get_async_backend().run_sync_in_worker_thread(
..\..\..\..\AppData\Local\Programs\Python\Python312\Lib\site-packages\anyio\_backends\_asyncio.py:2485: in run_sync_in_worker_thread
    return await future
           ^^^^^^^^^^^^
..\..\..\..\AppData\Local\Programs\Python\Python312\Lib\site-packages\anyio\_backends\_asyncio.py:976: in run
    result = context.run(func, *args)
             ^^^^^^^^^^^^^^^^^^^^^^^^
app\api\endpoints\cases.py:23: in get_cases
    .all()
     ^^^^^
..\..\..\..\AppData\Local\Programs\Python\Python312\Lib\site-packages\sqlalchemy\orm\query.py:2704: in all
    return self._iter().all()  # type: ignore
           ^^^^^^^^^^^^
..\..\..\..\AppData\Local\Programs\Python\Python312\Lib\site-packages\sqlalchemy\orm\query.py:2857: in _iter
    result: Union[ScalarResult[_T], Result[_T]] = self.session.execute(
..\..\..\..\AppData\Local\Programs\Python\Python312\Lib\site-packages\sqlalchemy\orm\session.py:2351: in execute
    return self._execute_internal(
..\..\..\..\AppData\Local\Programs\Python\Python312\Lib\site-packages\sqlalchemy\orm\session.py:2249: in _execute_internal
    result: Result[Any] = compile_state_cls.orm_execute_statement(
..\..\..\..\AppData\Local\Programs\Python\Python312\Lib\site-packages\sqlalchemy\orm\context.py:306: in orm_execute_statement
    result = conn.execute(
..\..\..\..\AppData\Local\Programs\Python\Python312\Lib\site-packages\sqlalchemy\engine\base.py:1419: in execute
    return meth(
..\..\..\..\AppData\Local\Programs\Python\Python312\Lib\site-packages\sqlalchemy\sql\elements.py:526: in _execute_on_connection
    return connection._execute_clauseelement(
..\..\..\..\AppData\Local\Programs\Python\Python312\Lib\site-packages\sqlalchemy\engine\base.py:1641: in _execute_clauseelement
    ret = self._execute_context(
..\..\..\..\AppData\Local\Programs\Python\Python312\Lib\site-packages\sqlalchemy\engine\base.py:1846: in _execute_context
    return self._exec_single_context(
..\..\..\..\AppData\Local\Programs\Python\Python312\Lib\site-packages\sqlalchemy\engine\base.py:1986: in _exec_single_context
    self._handle_dbapi_exception(
..\..\..\..\AppData\Local\Programs\Python\Python312\Lib\site-packages\sqlalchemy\engine\base.py:2355: in _handle_dbapi_exception
    raise sqlalchemy_exception.with_traceback(exc_info[2]) from e
..\..\..\..\AppData\Local\Programs\Python\Python312\Lib\site-packages\sqlalchemy\engine\base.py:1967: in _exec_single_context
    self.dialect.do_execute(
_ _ _ _ _ _ _ _ _ _ _ _ _ _ _ _ _ _ _ _ _ _ _ _ _ _ _ _ _ _ _ _ _ _ _ _ _ _ _ _

self = <sqlalchemy.dialects.postgresql.psycopg2.PGDialect_psycopg2 object at 0x000002866602F740>
cursor = <cursor object at 0x0000028666594BA0; closed: -1>
statement = 'SELECT cases.id AS cases_id, cases.user_id AS cases_user_id, cases.condition AS cases_condition, cases.custom_conditi...cases.created_at AS cases_created_at \nFROM cases \nWHERE cases.user_id = %(user_id_1)s ORDER BY cases.created_at DESC'
parameters = {'user_id_1': 262}
context = <sqlalchemy.dialects.postgresql.psycopg2.PGExecutionContext_psycopg2 object at 0x000002866771F8C0>

    def do_execute(self, cursor, statement, parameters, context=None):
>       cursor.execute(statement, parameters)
E       sqlalchemy.exc.ProgrammingError: (psycopg2.errors.UndefinedColumn) column cases.status does not exist
E       LINE 1: ...AS cases_eta_minutes, cases.notes AS cases_notes, cases.stat...
E                                                                    ^
E       
E       [SQL: SELECT cases.id AS cases_id, cases.user_id AS cases_user_id, cases.condition AS cases_condition, cases.custom_condition AS cases_custom_condition, cases.equipment_needed AS cases_equipment_needed, cases.ambulance_lat AS cases_ambulance_lat, cases.ambulance_lng AS cases_ambulance_lng, cases.assigned_hospital_id AS cases_assigned_hospital_id, cases.final_score AS cases_final_score, cases.distance_km AS cases_distance_km, cases.eta_minutes AS cases_eta_minutes, cases.notes AS cases_notes, cases.status AS cases_status, cases.created_at AS cases_created_at 
E       FROM cases 
E       WHERE cases.user_id = %(user_id_1)s ORDER BY cases.created_at DESC]
E       [parameters: {'user_id_1': 262}]
E       (Background on this error at: https://sqlalche.me/e/20/f405)

..\..\..\..\AppData\Local\Programs\Python\Python312\Lib\site-packages\sqlalchemy\engine\default.py:951: ProgrammingError
____________________ TestHealthEndpoint.test_root_endpoint ____________________

self = <tests.test_dispatch.TestHealthEndpoint object at 0x00000286660B8EF0>
client = <starlette.testclient.TestClient object at 0x0000028668A6D3A0>

    def test_root_endpoint(self, client):
        """Root endpoint should return API status."""
>       assert "running" in res.json()["status"].lower()
                            ^^^
E       NameError: name 'res' is not defined

tests\test_dispatch.py:165: NameError
______________ TestHealthEndpoint.test_dispatch_decrements_beds _______________

self = <sqlalchemy.engine.base.Connection object at 0x0000028668A6DF40>
dialect = <sqlalchemy.dialects.postgresql.psycopg2.PGDialect_psycopg2 object at 0x000002866602F740>
context = <sqlalchemy.dialects.postgresql.psycopg2.PGExecutionContext_psycopg2 object at 0x0000028668A2DD30>
statement = <sqlalchemy.dialects.postgresql.base.PGCompiler object at 0x00000286688DB2F0>
parameters = [{'ambulance_lat': 29.86, 'ambulance_lng': 77.89, 'assigned_hospital_id': 25, 'condition': 'fracture', ...}]

    def _exec_single_context(
        self,
        dialect: Dialect,
        context: ExecutionContext,
        statement: Union[str, Compiled],
        parameters: Optional[_AnyMultiExecuteParams],
    ) -> CursorResult[Any]:
        """continue the _execute_context() method for a single DBAPI
        cursor.execute() or cursor.executemany() call.
    
        """
        if dialect.bind_typing is BindTyping.SETINPUTSIZES:
            generic_setinputsizes = context._prepare_set_input_sizes()
    
            if generic_setinputsizes:
                try:
                    dialect.do_set_input_sizes(
                        context.cursor, generic_setinputsizes, context
                    )
                except BaseException as e:
                    self._handle_dbapi_exception(
                        e, str(statement), parameters, None, context
                    )
    
        cursor, str_statement, parameters = (
            context.cursor,
            context.statement,
            context.parameters,
        )
    
        effective_parameters: Optional[_AnyExecuteParams]
    
        if not context.executemany:
            effective_parameters = parameters[0]
        else:
            effective_parameters = parameters
    
        if self._has_events or self.engine._has_events:
            for fn in self.dispatch.before_cursor_execute:
                str_statement, effective_parameters = fn(
                    self,
                    cursor,
                    str_statement,
                    effective_parameters,
                    context,
                    context.executemany,
                )
    
        if self._echo:
            self._log_info(str_statement)
    
            stats = context._get_cache_stats()
    
            if not self.engine.hide_parameters:
                self._log_info(
                    "[%s] %r",
                    stats,
                    sql_util._repr_params(
                        effective_parameters,
                        batches=10,
                        ismulti=context.executemany,
                    ),
                )
            else:
                self._log_info(
                    "[%s] [SQL parameters hidden due to hide_parameters=True]",
                    stats,
                )
    
        evt_handled: bool = False
        try:
            if context.execute_style is ExecuteStyle.EXECUTEMANY:
                effective_parameters = cast(
                    "_CoreMultiExecuteParams", effective_parameters
                )
                if self.dialect._has_events:
                    for fn in self.dialect.dispatch.do_executemany:
                        if fn(
                            cursor,
                            str_statement,
                            effective_parameters,
                            context,
                        ):
                            evt_handled = True
                            break
                if not evt_handled:
                    self.dialect.do_executemany(
                        cursor,
                        str_statement,
                        effective_parameters,
                        context,
                    )
            elif not effective_parameters and context.no_parameters:
                if self.dialect._has_events:
                    for fn in self.dialect.dispatch.do_execute_no_params:
                        if fn(cursor, str_statement, context):
                            evt_handled = True
                            break
                if not evt_handled:
                    self.dialect.do_execute_no_params(
                        cursor, str_statement, context
                    )
            else:
                effective_parameters = cast(
                    "_CoreSingleExecuteParams", effective_parameters
                )
                if self.dialect._has_events:
                    for fn in self.dialect.dispatch.do_execute:
                        if fn(
                            cursor,
                            str_statement,
                            effective_parameters,
                            context,
                        ):
                            evt_handled = True
                            break
                if not evt_handled:
>                   self.dialect.do_execute(
                        cursor, str_statement, effective_parameters, context
                    )

..\..\..\..\AppData\Local\Programs\Python\Python312\Lib\site-packages\sqlalchemy\engine\base.py:1967: 
_ _ _ _ _ _ _ _ _ _ _ _ _ _ _ _ _ _ _ _ _ _ _ _ _ _ _ _ _ _ _ _ _ _ _ _ _ _ _ _

self = <sqlalchemy.dialects.postgresql.psycopg2.PGDialect_psycopg2 object at 0x000002866602F740>
cursor = <cursor object at 0x0000028668A4B920; closed: -1>
statement = 'INSERT INTO cases (user_id, condition, custom_condition, equipment_needed, ambulance_lat, ambulance_lng, assigned_hos...l_id)s, %(final_score)s, %(distance_km)s, %(eta_minutes)s, %(notes)s, %(status)s) RETURNING cases.id, cases.created_at'
parameters = {'ambulance_lat': 29.86, 'ambulance_lng': 77.89, 'assigned_hospital_id': 25, 'condition': 'fracture', ...}
context = <sqlalchemy.dialects.postgresql.psycopg2.PGExecutionContext_psycopg2 object at 0x0000028668A2DD30>

    def do_execute(self, cursor, statement, parameters, context=None):
>       cursor.execute(statement, parameters)
E       psycopg2.errors.UndefinedColumn: column "status" of relation "cases" does not exist
E       LINE 1: ...id, final_score, distance_km, eta_minutes, notes, status) VA...
E                                                                    ^

..\..\..\..\AppData\Local\Programs\Python\Python312\Lib\site-packages\sqlalchemy\engine\default.py:951: UndefinedColumn

The above exception was the direct cause of the following exception:

self = <tests.test_dispatch.TestHealthEndpoint object at 0x00000286660B8770>
client = <starlette.testclient.TestClient object at 0x0000028668A6D910>
auth_headers = {'Authorization': 'Bearer eyJhbGciOiJIUzI1NiIsInR5cCI6IkpXVCJ9.eyJzdWIiOiJ0ZXN0X2FtYl8zZGY1ODVkY0B0ZXN0LmNvbSIsInJvbGUiOiJhbWJ1bGFuY2UiLCJob3NwaXRhbF9pZCI6bnVsbCwiZXhwIjoxNzc0OTYxMzIxfQ.yobWsDmkFPUmxdaJooBOkF7rbpD7uuoMvzsjDJOaPoo'}
db_session = <sqlalchemy.orm.session.Session object at 0x0000028668A6F620>

    def test_dispatch_decrements_beds(self, client, auth_headers, db_session):
        from app.db.models import Availability
        from sqlalchemy import func
        before_beds = db_session.query(func.sum(Availability.beds)).scalar() or 0
    
>       res = client.post("/api/dispatch/", json={
            "condition": "fracture",
            "ambulance_lat": 29.86,
            "ambulance_lng": 77.89,
        }, headers=auth_headers)

tests\test_dispatch.py:172: 
_ _ _ _ _ _ _ _ _ _ _ _ _ _ _ _ _ _ _ _ _ _ _ _ _ _ _ _ _ _ _ _ _ _ _ _ _ _ _ _
..\..\..\..\AppData\Local\Programs\Python\Python312\Lib\site-packages\starlette\testclient.py:546: in post
    return super().post(
..\..\..\..\AppData\Local\Programs\Python\Python312\Lib\site-packages\httpx\_client.py:1144: in post
    return self.request(
..\..\..\..\AppData\Local\Programs\Python\Python312\Lib\site-packages\starlette\testclient.py:445: in request
    return super().request(
..\..\..\..\AppData\Local\Programs\Python\Python312\Lib\site-packages\httpx\_client.py:825: in request
    return self.send(request, auth=auth, follow_redirects=follow_redirects)
           ^^^^^^^^^^^^^^^^^^^^^^^^^^^^^^^^^^^^^^^^^^^^^^^^^^^^^^^^^^^^^^^^
..\..\..\..\AppData\Local\Programs\Python\Python312\Lib\site-packages\httpx\_client.py:914: in send
    response = self._send_handling_auth(
..\..\..\..\AppData\Local\Programs\Python\Python312\Lib\site-packages\httpx\_client.py:942: in _send_handling_auth
    response = self._send_handling_redirects(
..\..\..\..\AppData\Local\Programs\Python\Python312\Lib\site-packages\httpx\_client.py:979: in _send_handling_redirects
    response = self._send_single_request(request)
               ^^^^^^^^^^^^^^^^^^^^^^^^^^^^^^^^^^
..\..\..\..\AppData\Local\Programs\Python\Python312\Lib\site-packages\httpx\_client.py:1014: in _send_single_request
    response = transport.handle_request(request)
               ^^^^^^^^^^^^^^^^^^^^^^^^^^^^^^^^^
..\..\..\..\AppData\Local\Programs\Python\Python312\Lib\site-packages\starlette\testclient.py:348: in handle_request
    raise exc
..\..\..\..\AppData\Local\Programs\Python\Python312\Lib\site-packages\starlette\testclient.py:345: in handle_request
    portal.call(self.app, scope, receive, send)
..\..\..\..\AppData\Local\Programs\Python\Python312\Lib\site-packages\anyio\from_thread.py:321: in call
    return cast(T_Retval, self.start_task_soon(func, *args).result())
                          ^^^^^^^^^^^^^^^^^^^^^^^^^^^^^^^^^^^^^^^^^^
..\..\..\..\AppData\Local\Programs\Python\Python312\Lib\concurrent\futures\_base.py:456: in result
    return self.__get_result()
           ^^^^^^^^^^^^^^^^^^^
..\..\..\..\AppData\Local\Programs\Python\Python312\Lib\concurrent\futures\_base.py:401: in __get_result
    raise self._exception
..\..\..\..\AppData\Local\Programs\Python\Python312\Lib\site-packages\anyio\from_thread.py:252: in _call_func
    retval = await retval_or_awaitable
             ^^^^^^^^^^^^^^^^^^^^^^^^^
..\..\..\..\AppData\Local\Programs\Python\Python312\Lib\site-packages\fastapi\applications.py:1134: in __call__
    await super().__call__(scope, receive, send)
..\..\..\..\AppData\Local\Programs\Python\Python312\Lib\site-packages\starlette\applications.py:107: in __call__
    await self.middleware_stack(scope, receive, send)
..\..\..\..\AppData\Local\Programs\Python\Python312\Lib\site-packages\starlette\middleware\errors.py:186: in __call__
    raise exc
..\..\..\..\AppData\Local\Programs\Python\Python312\Lib\site-packages\starlette\middleware\errors.py:164: in __call__
    await self.app(scope, receive, _send)
..\..\..\..\AppData\Local\Programs\Python\Python312\Lib\site-packages\starlette\middleware\cors.py:85: in __call__
    await self.app(scope, receive, send)
..\..\..\..\AppData\Local\Programs\Python\Python312\Lib\site-packages\starlette\middleware\exceptions.py:63: in __call__
    await wrap_app_handling_exceptions(self.app, conn)(scope, receive, send)
..\..\..\..\AppData\Local\Programs\Python\Python312\Lib\site-packages\starlette\_exception_handler.py:53: in wrapped_app
    raise exc
..\..\..\..\AppData\Local\Programs\Python\Python312\Lib\site-packages\starlette\_exception_handler.py:42: in wrapped_app
    await app(scope, receive, sender)
..\..\..\..\AppData\Local\Programs\Python\Python312\Lib\site-packages\fastapi\middleware\asyncexitstack.py:18: in __call__
    await self.app(scope, receive, send)
..\..\..\..\AppData\Local\Programs\Python\Python312\Lib\site-packages\starlette\routing.py:716: in __call__
    await self.middleware_stack(scope, receive, send)
..\..\..\..\AppData\Local\Programs\Python\Python312\Lib\site-packages\starlette\routing.py:736: in app
    await route.handle(scope, receive, send)
..\..\..\..\AppData\Local\Programs\Python\Python312\Lib\site-packages\starlette\routing.py:290: in handle
    await self.app(scope, receive, send)
..\..\..\..\AppData\Local\Programs\Python\Python312\Lib\site-packages\fastapi\routing.py:125: in app
    await wrap_app_handling_exceptions(app, request)(scope, receive, send)
..\..\..\..\AppData\Local\Programs\Python\Python312\Lib\site-packages\starlette\_exception_handler.py:53: in wrapped_app
    raise exc
..\..\..\..\AppData\Local\Programs\Python\Python312\Lib\site-packages\starlette\_exception_handler.py:42: in wrapped_app
    await app(scope, receive, sender)
..\..\..\..\AppData\Local\Programs\Python\Python312\Lib\site-packages\fastapi\routing.py:111: in app
    response = await f(request)
               ^^^^^^^^^^^^^^^^
..\..\..\..\AppData\Local\Programs\Python\Python312\Lib\site-packages\fastapi\routing.py:391: in app
    raw_response = await run_endpoint_function(
..\..\..\..\AppData\Local\Programs\Python\Python312\Lib\site-packages\fastapi\routing.py:292: in run_endpoint_function
    return await run_in_threadpool(dependant.call, **values)
           ^^^^^^^^^^^^^^^^^^^^^^^^^^^^^^^^^^^^^^^^^^^^^^^^^
..\..\..\..\AppData\Local\Programs\Python\Python312\Lib\site-packages\starlette\concurrency.py:32: in run_in_threadpool
    return await anyio.to_thread.run_sync(func)
           ^^^^^^^^^^^^^^^^^^^^^^^^^^^^^^^^^^^^
..\..\..\..\AppData\Local\Programs\Python\Python312\Lib\site-packages\anyio\to_thread.py:56: in run_sync
    return await get_async_backend().run_sync_in_worker_thread(
..\..\..\..\AppData\Local\Programs\Python\Python312\Lib\site-packages\anyio\_backends\_asyncio.py:2485: in run_sync_in_worker_thread
    return await future
           ^^^^^^^^^^^^
..\..\..\..\AppData\Local\Programs\Python\Python312\Lib\site-packages\anyio\_backends\_asyncio.py:976: in run
    result = context.run(func, *args)
             ^^^^^^^^^^^^^^^^^^^^^^^^
app\api\endpoints\dispatch.py:101: in dispatch_ambulance
    db.commit()
..\..\..\..\AppData\Local\Programs\Python\Python312\Lib\site-packages\sqlalchemy\orm\session.py:2030: in commit
    trans.commit(_to_root=True)
<string>:2: in commit
    ???
..\..\..\..\AppData\Local\Programs\Python\Python312\Lib\site-packages\sqlalchemy\orm\state_changes.py:137: in _go
    ret_value = fn(self, *arg, **kw)
                ^^^^^^^^^^^^^^^^^^^^
..\..\..\..\AppData\Local\Programs\Python\Python312\Lib\site-packages\sqlalchemy\orm\session.py:1311: in commit
    self._prepare_impl()
<string>:2: in _prepare_impl
    ???
..\..\..\..\AppData\Local\Programs\Python\Python312\Lib\site-packages\sqlalchemy\orm\state_changes.py:137: in _go
    ret_value = fn(self, *arg, **kw)
                ^^^^^^^^^^^^^^^^^^^^
..\..\..\..\AppData\Local\Programs\Python\Python312\Lib\site-packages\sqlalchemy\orm\session.py:1286: in _prepare_impl
    self.session.flush()
..\..\..\..\AppData\Local\Programs\Python\Python312\Lib\site-packages\sqlalchemy\orm\session.py:4331: in flush
    self._flush(objects)
..\..\..\..\AppData\Local\Programs\Python\Python312\Lib\site-packages\sqlalchemy\orm\session.py:4466: in _flush
    with util.safe_reraise():
         ^^^^^^^^^^^^^^^^^^^
..\..\..\..\AppData\Local\Programs\Python\Python312\Lib\site-packages\sqlalchemy\util\langhelpers.py:224: in __exit__
    raise exc_value.with_traceback(exc_tb)
..\..\..\..\AppData\Local\Programs\Python\Python312\Lib\site-packages\sqlalchemy\orm\session.py:4427: in _flush
    flush_context.execute()
..\..\..\..\AppData\Local\Programs\Python\Python312\Lib\site-packages\sqlalchemy\orm\unitofwork.py:466: in execute
    rec.execute(self)
..\..\..\..\AppData\Local\Programs\Python\Python312\Lib\site-packages\sqlalchemy\orm\unitofwork.py:642: in execute
    util.preloaded.orm_persistence.save_obj(
..\..\..\..\AppData\Local\Programs\Python\Python312\Lib\site-packages\sqlalchemy\orm\persistence.py:93: in save_obj
    _emit_insert_statements(
..\..\..\..\AppData\Local\Programs\Python\Python312\Lib\site-packages\sqlalchemy\orm\persistence.py:1233: in _emit_insert_statements
    result = connection.execute(
..\..\..\..\AppData\Local\Programs\Python\Python312\Lib\site-packages\sqlalchemy\engine\base.py:1419: in execute
    return meth(
..\..\..\..\AppData\Local\Programs\Python\Python312\Lib\site-packages\sqlalchemy\sql\elements.py:526: in _execute_on_connection
    return connection._execute_clauseelement(
..\..\..\..\AppData\Local\Programs\Python\Python312\Lib\site-packages\sqlalchemy\engine\base.py:1641: in _execute_clauseelement
    ret = self._execute_context(
..\..\..\..\AppData\Local\Programs\Python\Python312\Lib\site-packages\sqlalchemy\engine\base.py:1846: in _execute_context
    return self._exec_single_context(
..\..\..\..\AppData\Local\Programs\Python\Python312\Lib\site-packages\sqlalchemy\engine\base.py:1986: in _exec_single_context
    self._handle_dbapi_exception(
..\..\..\..\AppData\Local\Programs\Python\Python312\Lib\site-packages\sqlalchemy\engine\base.py:2355: in _handle_dbapi_exception
    raise sqlalchemy_exception.with_traceback(exc_info[2]) from e
..\..\..\..\AppData\Local\Programs\Python\Python312\Lib\site-packages\sqlalchemy\engine\base.py:1967: in _exec_single_context
    self.dialect.do_execute(
_ _ _ _ _ _ _ _ _ _ _ _ _ _ _ _ _ _ _ _ _ _ _ _ _ _ _ _ _ _ _ _ _ _ _ _ _ _ _ _

self = <sqlalchemy.dialects.postgresql.psycopg2.PGDialect_psycopg2 object at 0x000002866602F740>
cursor = <cursor object at 0x0000028668A4B920; closed: -1>
statement = 'INSERT INTO cases (user_id, condition, custom_condition, equipment_needed, ambulance_lat, ambulance_lng, assigned_hos...l_id)s, %(final_score)s, %(distance_km)s, %(eta_minutes)s, %(notes)s, %(status)s) RETURNING cases.id, cases.created_at'
parameters = {'ambulance_lat': 29.86, 'ambulance_lng': 77.89, 'assigned_hospital_id': 25, 'condition': 'fracture', ...}
context = <sqlalchemy.dialects.postgresql.psycopg2.PGExecutionContext_psycopg2 object at 0x0000028668A2DD30>

    def do_execute(self, cursor, statement, parameters, context=None):
>       cursor.execute(statement, parameters)
E       sqlalchemy.exc.ProgrammingError: (psycopg2.errors.UndefinedColumn) column "status" of relation "cases" does not exist
E       LINE 1: ...id, final_score, distance_km, eta_minutes, notes, status) VA...
E                                                                    ^
E       
E       [SQL: INSERT INTO cases (user_id, condition, custom_condition, equipment_needed, ambulance_lat, ambulance_lng, assigned_hospital_id, final_score, distance_km, eta_minutes, notes, status) VALUES (%(user_id)s, %(condition)s, %(custom_condition)s, %(equipment_needed)s::VARCHAR[], %(ambulance_lat)s, %(ambulance_lng)s, %(assigned_hospital_id)s, %(final_score)s, %(distance_km)s, %(eta_minutes)s, %(notes)s, %(status)s) RETURNING cases.id, cases.created_at]
E       [parameters: {'user_id': 264, 'condition': 'fracture', 'custom_condition': None, 'equipment_needed': [], 'ambulance_lat': 29.86, 'ambulance_lng': 77.89, 'assigned_hospital_id': 25, 'final_score': 0.4175, 'distance_km': 0.95, 'eta_minutes': 1, 'notes': None, 'status': 'dispatched'}]
E       (Background on this error at: https://sqlalche.me/e/20/f405)

..\..\..\..\AppData\Local\Programs\Python\Python312\Lib\site-packages\sqlalchemy\engine\default.py:951: ProgrammingError
___________ TestHealthEndpoint.test_dispatch_creates_initial_event ____________

self = <sqlalchemy.engine.base.Connection object at 0x0000028668AE3DA0>
dialect = <sqlalchemy.dialects.postgresql.psycopg2.PGDialect_psycopg2 object at 0x000002866602F740>
context = <sqlalchemy.dialects.postgresql.psycopg2.PGExecutionContext_psycopg2 object at 0x00000286679496A0>
statement = <sqlalchemy.dialects.postgresql.base.PGCompiler object at 0x00000286688DB2F0>
parameters = [{'ambulance_lat': 29.86, 'ambulance_lng': 77.89, 'assigned_hospital_id': 25, 'condition': 'fracture', ...}]

    def _exec_single_context(
        self,
        dialect: Dialect,
        context: ExecutionContext,
        statement: Union[str, Compiled],
        parameters: Optional[_AnyMultiExecuteParams],
    ) -> CursorResult[Any]:
        """continue the _execute_context() method for a single DBAPI
        cursor.execute() or cursor.executemany() call.
    
        """
        if dialect.bind_typing is BindTyping.SETINPUTSIZES:
            generic_setinputsizes = context._prepare_set_input_sizes()
    
            if generic_setinputsizes:
                try:
                    dialect.do_set_input_sizes(
                        context.cursor, generic_setinputsizes, context
                    )
                except BaseException as e:
                    self._handle_dbapi_exception(
                        e, str(statement), parameters, None, context
                    )
    
        cursor, str_statement, parameters = (
            context.cursor,
            context.statement,
            context.parameters,
        )
    
        effective_parameters: Optional[_AnyExecuteParams]
    
        if not context.executemany:
            effective_parameters = parameters[0]
        else:
            effective_parameters = parameters
    
        if self._has_events or self.engine._has_events:
            for fn in self.dispatch.before_cursor_execute:
                str_statement, effective_parameters = fn(
                    self,
                    cursor,
                    str_statement,
                    effective_parameters,
                    context,
                    context.executemany,
                )
    
        if self._echo:
            self._log_info(str_statement)
    
            stats = context._get_cache_stats()
    
            if not self.engine.hide_parameters:
                self._log_info(
                    "[%s] %r",
                    stats,
                    sql_util._repr_params(
                        effective_parameters,
                        batches=10,
                        ismulti=context.executemany,
                    ),
                )
            else:
                self._log_info(
                    "[%s] [SQL parameters hidden due to hide_parameters=True]",
                    stats,
                )
    
        evt_handled: bool = False
        try:
            if context.execute_style is ExecuteStyle.EXECUTEMANY:
                effective_parameters = cast(
                    "_CoreMultiExecuteParams", effective_parameters
                )
                if self.dialect._has_events:
                    for fn in self.dialect.dispatch.do_executemany:
                        if fn(
                            cursor,
                            str_statement,
                            effective_parameters,
                            context,
                        ):
                            evt_handled = True
                            break
                if not evt_handled:
                    self.dialect.do_executemany(
                        cursor,
                        str_statement,
                        effective_parameters,
                        context,
                    )
            elif not effective_parameters and context.no_parameters:
                if self.dialect._has_events:
                    for fn in self.dialect.dispatch.do_execute_no_params:
                        if fn(cursor, str_statement, context):
                            evt_handled = True
                            break
                if not evt_handled:
                    self.dialect.do_execute_no_params(
                        cursor, str_statement, context
                    )
            else:
                effective_parameters = cast(
                    "_CoreSingleExecuteParams", effective_parameters
                )
                if self.dialect._has_events:
                    for fn in self.dialect.dispatch.do_execute:
                        if fn(
                            cursor,
                            str_statement,
                            effective_parameters,
                            context,
                        ):
                            evt_handled = True
                            break
                if not evt_handled:
>                   self.dialect.do_execute(
                        cursor, str_statement, effective_parameters, context
                    )

..\..\..\..\AppData\Local\Programs\Python\Python312\Lib\site-packages\sqlalchemy\engine\base.py:1967: 
_ _ _ _ _ _ _ _ _ _ _ _ _ _ _ _ _ _ _ _ _ _ _ _ _ _ _ _ _ _ _ _ _ _ _ _ _ _ _ _

self = <sqlalchemy.dialects.postgresql.psycopg2.PGDialect_psycopg2 object at 0x000002866602F740>
cursor = <cursor object at 0x000002866919DB60; closed: -1>
statement = 'INSERT INTO cases (user_id, condition, custom_condition, equipment_needed, ambulance_lat, ambulance_lng, assigned_hos...l_id)s, %(final_score)s, %(distance_km)s, %(eta_minutes)s, %(notes)s, %(status)s) RETURNING cases.id, cases.created_at'
parameters = {'ambulance_lat': 29.86, 'ambulance_lng': 77.89, 'assigned_hospital_id': 25, 'condition': 'fracture', ...}
context = <sqlalchemy.dialects.postgresql.psycopg2.PGExecutionContext_psycopg2 object at 0x00000286679496A0>

    def do_execute(self, cursor, statement, parameters, context=None):
>       cursor.execute(statement, parameters)
E       psycopg2.errors.UndefinedColumn: column "status" of relation "cases" does not exist
E       LINE 1: ...id, final_score, distance_km, eta_minutes, notes, status) VA...
E                                                                    ^

..\..\..\..\AppData\Local\Programs\Python\Python312\Lib\site-packages\sqlalchemy\engine\default.py:951: UndefinedColumn

The above exception was the direct cause of the following exception:

self = <tests.test_dispatch.TestHealthEndpoint object at 0x00000286660B9BE0>
client = <starlette.testclient.TestClient object at 0x0000028668A6D670>
auth_headers = {'Authorization': 'Bearer eyJhbGciOiJIUzI1NiIsInR5cCI6IkpXVCJ9.eyJzdWIiOiJ0ZXN0X2FtYl9iZjg3OTBmNUB0ZXN0LmNvbSIsInJvbGUiOiJhbWJ1bGFuY2UiLCJob3NwaXRhbF9pZCI6bnVsbCwiZXhwIjoxNzc0OTYxMzIzfQ.q0E50uvcPejMcDF32fbJo9ZPsag5QBxxn_9It0JAOus'}
db_session = <sqlalchemy.orm.session.Session object at 0x0000028668A6D5E0>

    def test_dispatch_creates_initial_event(self, client, auth_headers, db_session):
        from app.db.models import CaseEvent
>       res = client.post("/api/dispatch/", json={
            "condition": "fracture",
            "ambulance_lat": 29.86,
            "ambulance_lng": 77.89,
        }, headers=auth_headers)

tests\test_dispatch.py:187: 
_ _ _ _ _ _ _ _ _ _ _ _ _ _ _ _ _ _ _ _ _ _ _ _ _ _ _ _ _ _ _ _ _ _ _ _ _ _ _ _
..\..\..\..\AppData\Local\Programs\Python\Python312\Lib\site-packages\starlette\testclient.py:546: in post
    return super().post(
..\..\..\..\AppData\Local\Programs\Python\Python312\Lib\site-packages\httpx\_client.py:1144: in post
    return self.request(
..\..\..\..\AppData\Local\Programs\Python\Python312\Lib\site-packages\starlette\testclient.py:445: in request
    return super().request(
..\..\..\..\AppData\Local\Programs\Python\Python312\Lib\site-packages\httpx\_client.py:825: in request
    return self.send(request, auth=auth, follow_redirects=follow_redirects)
           ^^^^^^^^^^^^^^^^^^^^^^^^^^^^^^^^^^^^^^^^^^^^^^^^^^^^^^^^^^^^^^^^
..\..\..\..\AppData\Local\Programs\Python\Python312\Lib\site-packages\httpx\_client.py:914: in send
    response = self._send_handling_auth(
..\..\..\..\AppData\Local\Programs\Python\Python312\Lib\site-packages\httpx\_client.py:942: in _send_handling_auth
    response = self._send_handling_redirects(
..\..\..\..\AppData\Local\Programs\Python\Python312\Lib\site-packages\httpx\_client.py:979: in _send_handling_redirects
    response = self._send_single_request(request)
               ^^^^^^^^^^^^^^^^^^^^^^^^^^^^^^^^^^
..\..\..\..\AppData\Local\Programs\Python\Python312\Lib\site-packages\httpx\_client.py:1014: in _send_single_request
    response = transport.handle_request(request)
               ^^^^^^^^^^^^^^^^^^^^^^^^^^^^^^^^^
..\..\..\..\AppData\Local\Programs\Python\Python312\Lib\site-packages\starlette\testclient.py:348: in handle_request
    raise exc
..\..\..\..\AppData\Local\Programs\Python\Python312\Lib\site-packages\starlette\testclient.py:345: in handle_request
    portal.call(self.app, scope, receive, send)
..\..\..\..\AppData\Local\Programs\Python\Python312\Lib\site-packages\anyio\from_thread.py:321: in call
    return cast(T_Retval, self.start_task_soon(func, *args).result())
                          ^^^^^^^^^^^^^^^^^^^^^^^^^^^^^^^^^^^^^^^^^^
..\..\..\..\AppData\Local\Programs\Python\Python312\Lib\concurrent\futures\_base.py:456: in result
    return self.__get_result()
           ^^^^^^^^^^^^^^^^^^^
..\..\..\..\AppData\Local\Programs\Python\Python312\Lib\concurrent\futures\_base.py:401: in __get_result
    raise self._exception
..\..\..\..\AppData\Local\Programs\Python\Python312\Lib\site-packages\anyio\from_thread.py:252: in _call_func
    retval = await retval_or_awaitable
             ^^^^^^^^^^^^^^^^^^^^^^^^^
..\..\..\..\AppData\Local\Programs\Python\Python312\Lib\site-packages\fastapi\applications.py:1134: in __call__
    await super().__call__(scope, receive, send)
..\..\..\..\AppData\Local\Programs\Python\Python312\Lib\site-packages\starlette\applications.py:107: in __call__
    await self.middleware_stack(scope, receive, send)
..\..\..\..\AppData\Local\Programs\Python\Python312\Lib\site-packages\starlette\middleware\errors.py:186: in __call__
    raise exc
..\..\..\..\AppData\Local\Programs\Python\Python312\Lib\site-packages\starlette\middleware\errors.py:164: in __call__
    await self.app(scope, receive, _send)
..\..\..\..\AppData\Local\Programs\Python\Python312\Lib\site-packages\starlette\middleware\cors.py:85: in __call__
    await self.app(scope, receive, send)
..\..\..\..\AppData\Local\Programs\Python\Python312\Lib\site-packages\starlette\middleware\exceptions.py:63: in __call__
    await wrap_app_handling_exceptions(self.app, conn)(scope, receive, send)
..\..\..\..\AppData\Local\Programs\Python\Python312\Lib\site-packages\starlette\_exception_handler.py:53: in wrapped_app
    raise exc
..\..\..\..\AppData\Local\Programs\Python\Python312\Lib\site-packages\starlette\_exception_handler.py:42: in wrapped_app
    await app(scope, receive, sender)
..\..\..\..\AppData\Local\Programs\Python\Python312\Lib\site-packages\fastapi\middleware\asyncexitstack.py:18: in __call__
    await self.app(scope, receive, send)
..\..\..\..\AppData\Local\Programs\Python\Python312\Lib\site-packages\starlette\routing.py:716: in __call__
    await self.middleware_stack(scope, receive, send)
..\..\..\..\AppData\Local\Programs\Python\Python312\Lib\site-packages\starlette\routing.py:736: in app
    await route.handle(scope, receive, send)
..\..\..\..\AppData\Local\Programs\Python\Python312\Lib\site-packages\starlette\routing.py:290: in handle
    await self.app(scope, receive, send)
..\..\..\..\AppData\Local\Programs\Python\Python312\Lib\site-packages\fastapi\routing.py:125: in app
    await wrap_app_handling_exceptions(app, request)(scope, receive, send)
..\..\..\..\AppData\Local\Programs\Python\Python312\Lib\site-packages\starlette\_exception_handler.py:53: in wrapped_app
    raise exc
..\..\..\..\AppData\Local\Programs\Python\Python312\Lib\site-packages\starlette\_exception_handler.py:42: in wrapped_app
    await app(scope, receive, sender)
..\..\..\..\AppData\Local\Programs\Python\Python312\Lib\site-packages\fastapi\routing.py:111: in app
    response = await f(request)
               ^^^^^^^^^^^^^^^^
..\..\..\..\AppData\Local\Programs\Python\Python312\Lib\site-packages\fastapi\routing.py:391: in app
    raw_response = await run_endpoint_function(
..\..\..\..\AppData\Local\Programs\Python\Python312\Lib\site-packages\fastapi\routing.py:292: in run_endpoint_function
    return await run_in_threadpool(dependant.call, **values)
           ^^^^^^^^^^^^^^^^^^^^^^^^^^^^^^^^^^^^^^^^^^^^^^^^^
..\..\..\..\AppData\Local\Programs\Python\Python312\Lib\site-packages\starlette\concurrency.py:32: in run_in_threadpool
    return await anyio.to_thread.run_sync(func)
           ^^^^^^^^^^^^^^^^^^^^^^^^^^^^^^^^^^^^
..\..\..\..\AppData\Local\Programs\Python\Python312\Lib\site-packages\anyio\to_thread.py:56: in run_sync
    return await get_async_backend().run_sync_in_worker_thread(
..\..\..\..\AppData\Local\Programs\Python\Python312\Lib\site-packages\anyio\_backends\_asyncio.py:2485: in run_sync_in_worker_thread
    return await future
           ^^^^^^^^^^^^
..\..\..\..\AppData\Local\Programs\Python\Python312\Lib\site-packages\anyio\_backends\_asyncio.py:976: in run
    result = context.run(func, *args)
             ^^^^^^^^^^^^^^^^^^^^^^^^
app\api\endpoints\dispatch.py:101: in dispatch_ambulance
    db.commit()
..\..\..\..\AppData\Local\Programs\Python\Python312\Lib\site-packages\sqlalchemy\orm\session.py:2030: in commit
    trans.commit(_to_root=True)
<string>:2: in commit
    ???
..\..\..\..\AppData\Local\Programs\Python\Python312\Lib\site-packages\sqlalchemy\orm\state_changes.py:137: in _go
    ret_value = fn(self, *arg, **kw)
                ^^^^^^^^^^^^^^^^^^^^
..\..\..\..\AppData\Local\Programs\Python\Python312\Lib\site-packages\sqlalchemy\orm\session.py:1311: in commit
    self._prepare_impl()
<string>:2: in _prepare_impl
    ???
..\..\..\..\AppData\Local\Programs\Python\Python312\Lib\site-packages\sqlalchemy\orm\state_changes.py:137: in _go
    ret_value = fn(self, *arg, **kw)
                ^^^^^^^^^^^^^^^^^^^^
..\..\..\..\AppData\Local\Programs\Python\Python312\Lib\site-packages\sqlalchemy\orm\session.py:1286: in _prepare_impl
    self.session.flush()
..\..\..\..\AppData\Local\Programs\Python\Python312\Lib\site-packages\sqlalchemy\orm\session.py:4331: in flush
    self._flush(objects)
..\..\..\..\AppData\Local\Programs\Python\Python312\Lib\site-packages\sqlalchemy\orm\session.py:4466: in _flush
    with util.safe_reraise():
         ^^^^^^^^^^^^^^^^^^^
..\..\..\..\AppData\Local\Programs\Python\Python312\Lib\site-packages\sqlalchemy\util\langhelpers.py:224: in __exit__
    raise exc_value.with_traceback(exc_tb)
..\..\..\..\AppData\Local\Programs\Python\Python312\Lib\site-packages\sqlalchemy\orm\session.py:4427: in _flush
    flush_context.execute()
..\..\..\..\AppData\Local\Programs\Python\Python312\Lib\site-packages\sqlalchemy\orm\unitofwork.py:466: in execute
    rec.execute(self)
..\..\..\..\AppData\Local\Programs\Python\Python312\Lib\site-packages\sqlalchemy\orm\unitofwork.py:642: in execute
    util.preloaded.orm_persistence.save_obj(
..\..\..\..\AppData\Local\Programs\Python\Python312\Lib\site-packages\sqlalchemy\orm\persistence.py:93: in save_obj
    _emit_insert_statements(
..\..\..\..\AppData\Local\Programs\Python\Python312\Lib\site-packages\sqlalchemy\orm\persistence.py:1233: in _emit_insert_statements
    result = connection.execute(
..\..\..\..\AppData\Local\Programs\Python\Python312\Lib\site-packages\sqlalchemy\engine\base.py:1419: in execute
    return meth(
..\..\..\..\AppData\Local\Programs\Python\Python312\Lib\site-packages\sqlalchemy\sql\elements.py:526: in _execute_on_connection
    return connection._execute_clauseelement(
..\..\..\..\AppData\Local\Programs\Python\Python312\Lib\site-packages\sqlalchemy\engine\base.py:1641: in _execute_clauseelement
    ret = self._execute_context(
..\..\..\..\AppData\Local\Programs\Python\Python312\Lib\site-packages\sqlalchemy\engine\base.py:1846: in _execute_context
    return self._exec_single_context(
..\..\..\..\AppData\Local\Programs\Python\Python312\Lib\site-packages\sqlalchemy\engine\base.py:1986: in _exec_single_context
    self._handle_dbapi_exception(
..\..\..\..\AppData\Local\Programs\Python\Python312\Lib\site-packages\sqlalchemy\engine\base.py:2355: in _handle_dbapi_exception
    raise sqlalchemy_exception.with_traceback(exc_info[2]) from e
..\..\..\..\AppData\Local\Programs\Python\Python312\Lib\site-packages\sqlalchemy\engine\base.py:1967: in _exec_single_context
    self.dialect.do_execute(
_ _ _ _ _ _ _ _ _ _ _ _ _ _ _ _ _ _ _ _ _ _ _ _ _ _ _ _ _ _ _ _ _ _ _ _ _ _ _ _

self = <sqlalchemy.dialects.postgresql.psycopg2.PGDialect_psycopg2 object at 0x000002866602F740>
cursor = <cursor object at 0x000002866919DB60; closed: -1>
statement = 'INSERT INTO cases (user_id, condition, custom_condition, equipment_needed, ambulance_lat, ambulance_lng, assigned_hos...l_id)s, %(final_score)s, %(distance_km)s, %(eta_minutes)s, %(notes)s, %(status)s) RETURNING cases.id, cases.created_at'
parameters = {'ambulance_lat': 29.86, 'ambulance_lng': 77.89, 'assigned_hospital_id': 25, 'condition': 'fracture', ...}
context = <sqlalchemy.dialects.postgresql.psycopg2.PGExecutionContext_psycopg2 object at 0x00000286679496A0>

    def do_execute(self, cursor, statement, parameters, context=None):
>       cursor.execute(statement, parameters)
E       sqlalchemy.exc.ProgrammingError: (psycopg2.errors.UndefinedColumn) column "status" of relation "cases" does not exist
E       LINE 1: ...id, final_score, distance_km, eta_minutes, notes, status) VA...
E                                                                    ^
E       
E       [SQL: INSERT INTO cases (user_id, condition, custom_condition, equipment_needed, ambulance_lat, ambulance_lng, assigned_hospital_id, final_score, distance_km, eta_minutes, notes, status) VALUES (%(user_id)s, %(condition)s, %(custom_condition)s, %(equipment_needed)s::VARCHAR[], %(ambulance_lat)s, %(ambulance_lng)s, %(assigned_hospital_id)s, %(final_score)s, %(distance_km)s, %(eta_minutes)s, %(notes)s, %(status)s) RETURNING cases.id, cases.created_at]
E       [parameters: {'user_id': 265, 'condition': 'fracture', 'custom_condition': None, 'equipment_needed': [], 'ambulance_lat': 29.86, 'ambulance_lng': 77.89, 'assigned_hospital_id': 25, 'final_score': 0.4175, 'distance_km': 0.95, 'eta_minutes': 1, 'notes': None, 'status': 'dispatched'}]
E       (Background on this error at: https://sqlalche.me/e/20/f405)

..\..\..\..\AppData\Local\Programs\Python\Python312\Lib\site-packages\sqlalchemy\engine\default.py:951: ProgrammingError
________ TestHealthEndpoint.test_dispatch_default_status_is_dispatched ________

self = <sqlalchemy.engine.base.Connection object at 0x0000028668A346E0>
dialect = <sqlalchemy.dialects.postgresql.psycopg2.PGDialect_psycopg2 object at 0x000002866602F740>
context = <sqlalchemy.dialects.postgresql.psycopg2.PGExecutionContext_psycopg2 object at 0x0000028668E58440>
statement = <sqlalchemy.dialects.postgresql.base.PGCompiler object at 0x00000286688DB2F0>
parameters = [{'ambulance_lat': 29.86, 'ambulance_lng': 77.89, 'assigned_hospital_id': 25, 'condition': 'fracture', ...}]

    def _exec_single_context(
        self,
        dialect: Dialect,
        context: ExecutionContext,
        statement: Union[str, Compiled],
        parameters: Optional[_AnyMultiExecuteParams],
    ) -> CursorResult[Any]:
        """continue the _execute_context() method for a single DBAPI
        cursor.execute() or cursor.executemany() call.
    
        """
        if dialect.bind_typing is BindTyping.SETINPUTSIZES:
            generic_setinputsizes = context._prepare_set_input_sizes()
    
            if generic_setinputsizes:
                try:
                    dialect.do_set_input_sizes(
                        context.cursor, generic_setinputsizes, context
                    )
                except BaseException as e:
                    self._handle_dbapi_exception(
                        e, str(statement), parameters, None, context
                    )
    
        cursor, str_statement, parameters = (
            context.cursor,
            context.statement,
            context.parameters,
        )
    
        effective_parameters: Optional[_AnyExecuteParams]
    
        if not context.executemany:
            effective_parameters = parameters[0]
        else:
            effective_parameters = parameters
    
        if self._has_events or self.engine._has_events:
            for fn in self.dispatch.before_cursor_execute:
                str_statement, effective_parameters = fn(
                    self,
                    cursor,
                    str_statement,
                    effective_parameters,
                    context,
                    context.executemany,
                )
    
        if self._echo:
            self._log_info(str_statement)
    
            stats = context._get_cache_stats()
    
            if not self.engine.hide_parameters:
                self._log_info(
                    "[%s] %r",
                    stats,
                    sql_util._repr_params(
                        effective_parameters,
                        batches=10,
                        ismulti=context.executemany,
                    ),
                )
            else:
                self._log_info(
                    "[%s] [SQL parameters hidden due to hide_parameters=True]",
                    stats,
                )
    
        evt_handled: bool = False
        try:
            if context.execute_style is ExecuteStyle.EXECUTEMANY:
                effective_parameters = cast(
                    "_CoreMultiExecuteParams", effective_parameters
                )
                if self.dialect._has_events:
                    for fn in self.dialect.dispatch.do_executemany:
                        if fn(
                            cursor,
                            str_statement,
                            effective_parameters,
                            context,
                        ):
                            evt_handled = True
                            break
                if not evt_handled:
                    self.dialect.do_executemany(
                        cursor,
                        str_statement,
                        effective_parameters,
                        context,
                    )
            elif not effective_parameters and context.no_parameters:
                if self.dialect._has_events:
                    for fn in self.dialect.dispatch.do_execute_no_params:
                        if fn(cursor, str_statement, context):
                            evt_handled = True
                            break
                if not evt_handled:
                    self.dialect.do_execute_no_params(
                        cursor, str_statement, context
                    )
            else:
                effective_parameters = cast(
                    "_CoreSingleExecuteParams", effective_parameters
                )
                if self.dialect._has_events:
                    for fn in self.dialect.dispatch.do_execute:
                        if fn(
                            cursor,
                            str_statement,
                            effective_parameters,
                            context,
                        ):
                            evt_handled = True
                            break
                if not evt_handled:
>                   self.dialect.do_execute(
                        cursor, str_statement, effective_parameters, context
                    )

..\..\..\..\AppData\Local\Programs\Python\Python312\Lib\site-packages\sqlalchemy\engine\base.py:1967: 
_ _ _ _ _ _ _ _ _ _ _ _ _ _ _ _ _ _ _ _ _ _ _ _ _ _ _ _ _ _ _ _ _ _ _ _ _ _ _ _

self = <sqlalchemy.dialects.postgresql.psycopg2.PGDialect_psycopg2 object at 0x000002866602F740>
cursor = <cursor object at 0x0000028668041540; closed: -1>
statement = 'INSERT INTO cases (user_id, condition, custom_condition, equipment_needed, ambulance_lat, ambulance_lng, assigned_hos...l_id)s, %(final_score)s, %(distance_km)s, %(eta_minutes)s, %(notes)s, %(status)s) RETURNING cases.id, cases.created_at'
parameters = {'ambulance_lat': 29.86, 'ambulance_lng': 77.89, 'assigned_hospital_id': 25, 'condition': 'fracture', ...}
context = <sqlalchemy.dialects.postgresql.psycopg2.PGExecutionContext_psycopg2 object at 0x0000028668E58440>

    def do_execute(self, cursor, statement, parameters, context=None):
>       cursor.execute(statement, parameters)
E       psycopg2.errors.UndefinedColumn: column "status" of relation "cases" does not exist
E       LINE 1: ...id, final_score, distance_km, eta_minutes, notes, status) VA...
E                                                                    ^

..\..\..\..\AppData\Local\Programs\Python\Python312\Lib\site-packages\sqlalchemy\engine\default.py:951: UndefinedColumn

The above exception was the direct cause of the following exception:

self = <tests.test_dispatch.TestHealthEndpoint object at 0x00000286660B9F10>
client = <starlette.testclient.TestClient object at 0x0000028668A34E60>
auth_headers = {'Authorization': 'Bearer eyJhbGciOiJIUzI1NiIsInR5cCI6IkpXVCJ9.eyJzdWIiOiJ0ZXN0X2FtYl8yZWEyNmYwYkB0ZXN0LmNvbSIsInJvbGUiOiJhbWJ1bGFuY2UiLCJob3NwaXRhbF9pZCI6bnVsbCwiZXhwIjoxNzc0OTYxMzI0fQ.zIlzD0kZmk7A4yoWbO9tp4aasdiuXup7147LAJmFV6I'}

    def test_dispatch_default_status_is_dispatched(self, client, auth_headers):
>       res = client.post("/api/dispatch/", json={
            "condition": "fracture",
            "ambulance_lat": 29.86,
            "ambulance_lng": 77.89,
        }, headers=auth_headers)

tests\test_dispatch.py:203: 
_ _ _ _ _ _ _ _ _ _ _ _ _ _ _ _ _ _ _ _ _ _ _ _ _ _ _ _ _ _ _ _ _ _ _ _ _ _ _ _
..\..\..\..\AppData\Local\Programs\Python\Python312\Lib\site-packages\starlette\testclient.py:546: in post
    return super().post(
..\..\..\..\AppData\Local\Programs\Python\Python312\Lib\site-packages\httpx\_client.py:1144: in post
    return self.request(
..\..\..\..\AppData\Local\Programs\Python\Python312\Lib\site-packages\starlette\testclient.py:445: in request
    return super().request(
..\..\..\..\AppData\Local\Programs\Python\Python312\Lib\site-packages\httpx\_client.py:825: in request
    return self.send(request, auth=auth, follow_redirects=follow_redirects)
           ^^^^^^^^^^^^^^^^^^^^^^^^^^^^^^^^^^^^^^^^^^^^^^^^^^^^^^^^^^^^^^^^
..\..\..\..\AppData\Local\Programs\Python\Python312\Lib\site-packages\httpx\_client.py:914: in send
    response = self._send_handling_auth(
..\..\..\..\AppData\Local\Programs\Python\Python312\Lib\site-packages\httpx\_client.py:942: in _send_handling_auth
    response = self._send_handling_redirects(
..\..\..\..\AppData\Local\Programs\Python\Python312\Lib\site-packages\httpx\_client.py:979: in _send_handling_redirects
    response = self._send_single_request(request)
               ^^^^^^^^^^^^^^^^^^^^^^^^^^^^^^^^^^
..\..\..\..\AppData\Local\Programs\Python\Python312\Lib\site-packages\httpx\_client.py:1014: in _send_single_request
    response = transport.handle_request(request)
               ^^^^^^^^^^^^^^^^^^^^^^^^^^^^^^^^^
..\..\..\..\AppData\Local\Programs\Python\Python312\Lib\site-packages\starlette\testclient.py:348: in handle_request
    raise exc
..\..\..\..\AppData\Local\Programs\Python\Python312\Lib\site-packages\starlette\testclient.py:345: in handle_request
    portal.call(self.app, scope, receive, send)
..\..\..\..\AppData\Local\Programs\Python\Python312\Lib\site-packages\anyio\from_thread.py:321: in call
    return cast(T_Retval, self.start_task_soon(func, *args).result())
                          ^^^^^^^^^^^^^^^^^^^^^^^^^^^^^^^^^^^^^^^^^^
..\..\..\..\AppData\Local\Programs\Python\Python312\Lib\concurrent\futures\_base.py:456: in result
    return self.__get_result()
           ^^^^^^^^^^^^^^^^^^^
..\..\..\..\AppData\Local\Programs\Python\Python312\Lib\concurrent\futures\_base.py:401: in __get_result
    raise self._exception
..\..\..\..\AppData\Local\Programs\Python\Python312\Lib\site-packages\anyio\from_thread.py:252: in _call_func
    retval = await retval_or_awaitable
             ^^^^^^^^^^^^^^^^^^^^^^^^^
..\..\..\..\AppData\Local\Programs\Python\Python312\Lib\site-packages\fastapi\applications.py:1134: in __call__
    await super().__call__(scope, receive, send)
..\..\..\..\AppData\Local\Programs\Python\Python312\Lib\site-packages\starlette\applications.py:107: in __call__
    await self.middleware_stack(scope, receive, send)
..\..\..\..\AppData\Local\Programs\Python\Python312\Lib\site-packages\starlette\middleware\errors.py:186: in __call__
    raise exc
..\..\..\..\AppData\Local\Programs\Python\Python312\Lib\site-packages\starlette\middleware\errors.py:164: in __call__
    await self.app(scope, receive, _send)
..\..\..\..\AppData\Local\Programs\Python\Python312\Lib\site-packages\starlette\middleware\cors.py:85: in __call__
    await self.app(scope, receive, send)
..\..\..\..\AppData\Local\Programs\Python\Python312\Lib\site-packages\starlette\middleware\exceptions.py:63: in __call__
    await wrap_app_handling_exceptions(self.app, conn)(scope, receive, send)
..\..\..\..\AppData\Local\Programs\Python\Python312\Lib\site-packages\starlette\_exception_handler.py:53: in wrapped_app
    raise exc
..\..\..\..\AppData\Local\Programs\Python\Python312\Lib\site-packages\starlette\_exception_handler.py:42: in wrapped_app
    await app(scope, receive, sender)
..\..\..\..\AppData\Local\Programs\Python\Python312\Lib\site-packages\fastapi\middleware\asyncexitstack.py:18: in __call__
    await self.app(scope, receive, send)
..\..\..\..\AppData\Local\Programs\Python\Python312\Lib\site-packages\starlette\routing.py:716: in __call__
    await self.middleware_stack(scope, receive, send)
..\..\..\..\AppData\Local\Programs\Python\Python312\Lib\site-packages\starlette\routing.py:736: in app
    await route.handle(scope, receive, send)
..\..\..\..\AppData\Local\Programs\Python\Python312\Lib\site-packages\starlette\routing.py:290: in handle
    await self.app(scope, receive, send)
..\..\..\..\AppData\Local\Programs\Python\Python312\Lib\site-packages\fastapi\routing.py:125: in app
    await wrap_app_handling_exceptions(app, request)(scope, receive, send)
..\..\..\..\AppData\Local\Programs\Python\Python312\Lib\site-packages\starlette\_exception_handler.py:53: in wrapped_app
    raise exc
..\..\..\..\AppData\Local\Programs\Python\Python312\Lib\site-packages\starlette\_exception_handler.py:42: in wrapped_app
    await app(scope, receive, sender)
..\..\..\..\AppData\Local\Programs\Python\Python312\Lib\site-packages\fastapi\routing.py:111: in app
    response = await f(request)
               ^^^^^^^^^^^^^^^^
..\..\..\..\AppData\Local\Programs\Python\Python312\Lib\site-packages\fastapi\routing.py:391: in app
    raw_response = await run_endpoint_function(
..\..\..\..\AppData\Local\Programs\Python\Python312\Lib\site-packages\fastapi\routing.py:292: in run_endpoint_function
    return await run_in_threadpool(dependant.call, **values)
           ^^^^^^^^^^^^^^^^^^^^^^^^^^^^^^^^^^^^^^^^^^^^^^^^^
..\..\..\..\AppData\Local\Programs\Python\Python312\Lib\site-packages\starlette\concurrency.py:32: in run_in_threadpool
    return await anyio.to_thread.run_sync(func)
           ^^^^^^^^^^^^^^^^^^^^^^^^^^^^^^^^^^^^
..\..\..\..\AppData\Local\Programs\Python\Python312\Lib\site-packages\anyio\to_thread.py:56: in run_sync
    return await get_async_backend().run_sync_in_worker_thread(
..\..\..\..\AppData\Local\Programs\Python\Python312\Lib\site-packages\anyio\_backends\_asyncio.py:2485: in run_sync_in_worker_thread
    return await future
           ^^^^^^^^^^^^
..\..\..\..\AppData\Local\Programs\Python\Python312\Lib\site-packages\anyio\_backends\_asyncio.py:976: in run
    result = context.run(func, *args)
             ^^^^^^^^^^^^^^^^^^^^^^^^
app\api\endpoints\dispatch.py:101: in dispatch_ambulance
    db.commit()
..\..\..\..\AppData\Local\Programs\Python\Python312\Lib\site-packages\sqlalchemy\orm\session.py:2030: in commit
    trans.commit(_to_root=True)
<string>:2: in commit
    ???
..\..\..\..\AppData\Local\Programs\Python\Python312\Lib\site-packages\sqlalchemy\orm\state_changes.py:137: in _go
    ret_value = fn(self, *arg, **kw)
                ^^^^^^^^^^^^^^^^^^^^
..\..\..\..\AppData\Local\Programs\Python\Python312\Lib\site-packages\sqlalchemy\orm\session.py:1311: in commit
    self._prepare_impl()
<string>:2: in _prepare_impl
    ???
..\..\..\..\AppData\Local\Programs\Python\Python312\Lib\site-packages\sqlalchemy\orm\state_changes.py:137: in _go
    ret_value = fn(self, *arg, **kw)
                ^^^^^^^^^^^^^^^^^^^^
..\..\..\..\AppData\Local\Programs\Python\Python312\Lib\site-packages\sqlalchemy\orm\session.py:1286: in _prepare_impl
    self.session.flush()
..\..\..\..\AppData\Local\Programs\Python\Python312\Lib\site-packages\sqlalchemy\orm\session.py:4331: in flush
    self._flush(objects)
..\..\..\..\AppData\Local\Programs\Python\Python312\Lib\site-packages\sqlalchemy\orm\session.py:4466: in _flush
    with util.safe_reraise():
         ^^^^^^^^^^^^^^^^^^^
..\..\..\..\AppData\Local\Programs\Python\Python312\Lib\site-packages\sqlalchemy\util\langhelpers.py:224: in __exit__
    raise exc_value.with_traceback(exc_tb)
..\..\..\..\AppData\Local\Programs\Python\Python312\Lib\site-packages\sqlalchemy\orm\session.py:4427: in _flush
    flush_context.execute()
..\..\..\..\AppData\Local\Programs\Python\Python312\Lib\site-packages\sqlalchemy\orm\unitofwork.py:466: in execute
    rec.execute(self)
..\..\..\..\AppData\Local\Programs\Python\Python312\Lib\site-packages\sqlalchemy\orm\unitofwork.py:642: in execute
    util.preloaded.orm_persistence.save_obj(
..\..\..\..\AppData\Local\Programs\Python\Python312\Lib\site-packages\sqlalchemy\orm\persistence.py:93: in save_obj
    _emit_insert_statements(
..\..\..\..\AppData\Local\Programs\Python\Python312\Lib\site-packages\sqlalchemy\orm\persistence.py:1233: in _emit_insert_statements
    result = connection.execute(
..\..\..\..\AppData\Local\Programs\Python\Python312\Lib\site-packages\sqlalchemy\engine\base.py:1419: in execute
    return meth(
..\..\..\..\AppData\Local\Programs\Python\Python312\Lib\site-packages\sqlalchemy\sql\elements.py:526: in _execute_on_connection
    return connection._execute_clauseelement(
..\..\..\..\AppData\Local\Programs\Python\Python312\Lib\site-packages\sqlalchemy\engine\base.py:1641: in _execute_clauseelement
    ret = self._execute_context(
..\..\..\..\AppData\Local\Programs\Python\Python312\Lib\site-packages\sqlalchemy\engine\base.py:1846: in _execute_context
    return self._exec_single_context(
..\..\..\..\AppData\Local\Programs\Python\Python312\Lib\site-packages\sqlalchemy\engine\base.py:1986: in _exec_single_context
    self._handle_dbapi_exception(
..\..\..\..\AppData\Local\Programs\Python\Python312\Lib\site-packages\sqlalchemy\engine\base.py:2355: in _handle_dbapi_exception
    raise sqlalchemy_exception.with_traceback(exc_info[2]) from e
..\..\..\..\AppData\Local\Programs\Python\Python312\Lib\site-packages\sqlalchemy\engine\base.py:1967: in _exec_single_context
    self.dialect.do_execute(
_ _ _ _ _ _ _ _ _ _ _ _ _ _ _ _ _ _ _ _ _ _ _ _ _ _ _ _ _ _ _ _ _ _ _ _ _ _ _ _

self = <sqlalchemy.dialects.postgresql.psycopg2.PGDialect_psycopg2 object at 0x000002866602F740>
cursor = <cursor object at 0x0000028668041540; closed: -1>
statement = 'INSERT INTO cases (user_id, condition, custom_condition, equipment_needed, ambulance_lat, ambulance_lng, assigned_hos...l_id)s, %(final_score)s, %(distance_km)s, %(eta_minutes)s, %(notes)s, %(status)s) RETURNING cases.id, cases.created_at'
parameters = {'ambulance_lat': 29.86, 'ambulance_lng': 77.89, 'assigned_hospital_id': 25, 'condition': 'fracture', ...}
context = <sqlalchemy.dialects.postgresql.psycopg2.PGExecutionContext_psycopg2 object at 0x0000028668E58440>

    def do_execute(self, cursor, statement, parameters, context=None):
>       cursor.execute(statement, parameters)
E       sqlalchemy.exc.ProgrammingError: (psycopg2.errors.UndefinedColumn) column "status" of relation "cases" does not exist
E       LINE 1: ...id, final_score, distance_km, eta_minutes, notes, status) VA...
E                                                                    ^
E       
E       [SQL: INSERT INTO cases (user_id, condition, custom_condition, equipment_needed, ambulance_lat, ambulance_lng, assigned_hospital_id, final_score, distance_km, eta_minutes, notes, status) VALUES (%(user_id)s, %(condition)s, %(custom_condition)s, %(equipment_needed)s::VARCHAR[], %(ambulance_lat)s, %(ambulance_lng)s, %(assigned_hospital_id)s, %(final_score)s, %(distance_km)s, %(eta_minutes)s, %(notes)s, %(status)s) RETURNING cases.id, cases.created_at]
E       [parameters: {'user_id': 266, 'condition': 'fracture', 'custom_condition': None, 'equipment_needed': [], 'ambulance_lat': 29.86, 'ambulance_lng': 77.89, 'assigned_hospital_id': 25, 'final_score': 0.4175, 'distance_km': 0.95, 'eta_minutes': 1, 'notes': None, 'status': 'dispatched'}]
E       (Background on this error at: https://sqlalche.me/e/20/f405)

..\..\..\..\AppData\Local\Programs\Python\Python312\Lib\site-packages\sqlalchemy\engine\default.py:951: ProgrammingError
============================== warnings summary ===============================
tests/test_cases.py: 570 warnings
tests/test_dispatch.py: 39 warnings
tests/test_ml_scorer.py: 7 warnings
  C:\Users\ARYAN\AppData\Local\Programs\Python\Python312\Lib\site-packages\sklearn\utils\validation.py:2691: UserWarning: X does not have valid feature names, but RandomForestClassifier was fitted with feature names
    warnings.warn(

tests/test_cases.py: 19 warnings
tests/test_dispatch.py: 7 warnings
  C:\Users\ARYAN\OneDrive\Desktop(1)\team tech\backend\tests\conftest.py:35: SAWarning: transaction already deassociated from connection
    transaction.rollback()

-- Docs: https://docs.pytest.org/en/stable/how-to/capture-warnings.html
=========================== short test summary info ===========================
FAILED tests/test_auth.py::TestProtectedEndpoints::test_admin_stats_with_admin
FAILED tests/test_cases.py::TestCaseTimelineEndpoint::test_timeline_empty_before_any_updates
FAILED tests/test_cases.py::TestCaseTimelineEndpoint::test_timeline_returns_events_in_order
FAILED tests/test_cases.py::TestCaseTimelineEndpoint::test_timeline_unauthorized_user_blocked
FAILED tests/test_cases.py::TestCaseStatusUpdateEndpoint::test_valid_linear_transition_succeeds
FAILED tests/test_cases.py::TestCaseStatusUpdateEndpoint::test_invalid_skip_transition_rejected
FAILED tests/test_cases.py::TestCaseStatusUpdateEndpoint::test_backwards_transition_rejected
FAILED tests/test_cases.py::TestCaseStatusUpdateEndpoint::test_cancel_from_any_state_succeeds[status_seq0]
FAILED tests/test_cases.py::TestCaseStatusUpdateEndpoint::test_cancel_from_any_state_succeeds[status_seq1]
FAILED tests/test_cases.py::TestCaseStatusUpdateEndpoint::test_cancel_from_any_state_succeeds[status_seq2]
FAILED tests/test_cases.py::TestCaseStatusUpdateEndpoint::test_cancel_from_any_state_succeeds[status_seq3]
FAILED tests/test_cases.py::TestCaseStatusUpdateEndpoint::test_cancel_from_any_state_succeeds[status_seq4]
FAILED tests/test_cases.py::TestCaseStatusUpdateEndpoint::test_transition_after_terminal_state_blocked
FAILED tests/test_cases.py::TestCaseStatusUpdateEndpoint::test_completed_restores_beds
FAILED tests/test_cases.py::TestCaseStatusUpdateEndpoint::test_cancelled_always_restores_beds
FAILED tests/test_cases.py::TestCaseStatusUpdateEndpoint::test_cancel_mid_route_restores_beds
FAILED tests/test_cases.py::TestCaseStatusUpdateEndpoint::test_double_complete_does_not_double_increment
FAILED tests/test_cases.py::TestCaseStatusUpdateEndpoint::test_wrong_ambulance_cannot_update_status
FAILED tests/test_cases.py::TestCaseStatusUpdateEndpoint::test_wrong_hospital_cannot_update_status
FAILED tests/test_cases.py::TestCaseStatusUpdateEndpoint::test_admin_can_update_any_case_status
FAILED tests/test_dispatch.py::TestDispatchEndpoint::test_dispatch_success - ...
FAILED tests/test_dispatch.py::TestDispatchEndpoint::test_dispatch_with_optional_fields
FAILED tests/test_dispatch.py::TestDispatchEndpoint::test_dispatch_creates_case
FAILED tests/test_dispatch.py::TestDispatchEndpoint::test_dispatch_response_schema
FAILED tests/test_dispatch.py::TestCasesEndpoint::test_cases_empty_for_new_user
FAILED tests/test_dispatch.py::TestHealthEndpoint::test_root_endpoint - NameE...
FAILED tests/test_dispatch.py::TestHealthEndpoint::test_dispatch_decrements_beds
FAILED tests/test_dispatch.py::TestHealthEndpoint::test_dispatch_creates_initial_event
FAILED tests/test_dispatch.py::TestHealthEndpoint::test_dispatch_default_status_is_dispatched
=========== 29 failed, 54 passed, 642 warnings in 69.11s (0:01:09) ============
